../Example/User/CM7/engine/client/cl_frame.c:971:10:CL_AddVisibleEntity.part.0	16	static
../Example/User/CM7/engine/client/cl_frame.c:36:10:CL_IsPlayerIndex	0	static
../Example/User/CM7/engine/client/cl_frame.c:55:6:CL_UpdatePositions	8	static
../Example/User/CM7/engine/client/cl_frame.c:77:6:CL_ResetPositions	48	static
../Example/User/CM7/engine/client/cl_frame.c:99:10:CL_EntityTeleported	0	static
../Example/User/CM7/engine/client/cl_frame.c:120:10:CL_CompareTimestamps	0	static
../Example/User/CM7/engine/client/cl_frame.c:135:10:CL_EntityIgnoreLerp	0	static
../Example/User/CM7/engine/client/cl_frame.c:152:10:CL_EntityCustomLerp	0	static
../Example/User/CM7/engine/client/cl_frame.c:174:10:CL_ParametricMove	24	static
../Example/User/CM7/engine/client/cl_frame.c:211:6:CL_UpdateLatchedVars	4	static
../Example/User/CM7/engine/client/cl_frame.c:271:6:CL_ResetLatchedVars	16	static
../Example/User/CM7/engine/client/cl_frame.c:306:6:CL_ProcessEntityUpdate	24	static
../Example/User/CM7/engine/client/cl_frame.c:352:10:CL_FindInterpolationUpdates	16	static
../Example/User/CM7/engine/client/cl_frame.c:390:6:CL_PureOrigin	80	static
../Example/User/CM7/engine/client/cl_frame.c:440:5:CL_InterpolateModel	128	static
../Example/User/CM7/engine/client/cl_frame.c:530:6:CL_ComputePlayerOrigin	64	static
../Example/User/CM7/engine/client/cl_frame.c:572:6:CL_ProcessPlayerState	16	static
../Example/User/CM7/engine/client/cl_frame.c:592:6:CL_ResetLatchedState	48	static
../Example/User/CM7/engine/client/cl_frame.c:615:6:CL_ProcessPacket	80	static
../Example/User/CM7/engine/client/cl_frame.c:664:6:CL_FlushEntityPacket	720	static
../Example/User/CM7/engine/client/cl_frame.c:694:6:CL_DeltaEntity	56	static
../Example/User/CM7/engine/client/cl_frame.c:757:5:CL_ParsePacketEntities	80	static
../Example/User/CM7/engine/client/cl_frame.c:971:10:CL_AddVisibleEntity	16	static
../Example/User/CM7/engine/client/cl_frame.c:1035:6:CL_LinkCustomEntity	16	static
../Example/User/CM7/engine/client/cl_frame.c:1058:6:CL_LinkPlayers	80	static
../Example/User/CM7/engine/client/cl_frame.c:1141:6:CL_LinkPacketEntities	112	static
../Example/User/CM7/engine/client/cl_frame.c:1306:6:CL_MoveThirdpersonCamera	0	static
../Example/User/CM7/engine/client/cl_frame.c:1323:6:CL_EmitEntities	16	static
../Example/User/CM7/engine/client/cl_frame.c:1378:10:CL_GetEntitySpatialization	16	static
../Example/User/CM7/engine/client/cl_frame.c:1416:10:CL_GetMovieSpatialization	16	static
../Example/User/CM7/engine/client/cl_frame.c:1442:6:CL_ExtraUpdate	8	static
