../Example/User/CM7/engine/client/cl_gameui.c:200:24:UI_GetLogoWidth	0	static
../Example/User/CM7/engine/client/cl_gameui.c:205:24:UI_GetLogoHeight	0	static
../Example/User/CM7/engine/client/cl_gameui.c:210:26:UI_GetLogoLength	0	static
../Example/User/CM7/engine/client/cl_gameui.c:379:18:pfnPIC_Set	12	static
../Example/User/CM7/engine/client/cl_gameui.c:471:25:pfnFillRGBA	32	static
../Example/User/CM7/engine/client/cl_gameui.c:583:25:UI_DrawSetTextColor	8	static
../Example/User/CM7/engine/client/cl_gameui.c:599:33:pfnGetPlayerModel	0	static
../Example/User/CM7/engine/client/cl_gameui.c:624:25:pfnClearScene	8	static
../Example/User/CM7/engine/client/cl_gameui.c:663:24:pfnAddEntity	8	static
../Example/User/CM7/engine/client/cl_gameui.c:689:24:pfnKeyGetOverstrikeMode	0	static
../Example/User/CM7/engine/client/cl_gameui.c:701:25:pfnKeySetOverstrikeMode	0	static
../Example/User/CM7/engine/client/cl_gameui.c:713:14:pfnKeyGetState	0	static
../Example/User/CM7/engine/client/cl_gameui.c:748:24:pfnGetGameInfo	8	static
../Example/User/CM7/engine/client/cl_gameui.c:762:32:pfnGetGamesList	0	static
../Example/User/CM7/engine/client/cl_gameui.c:810:17:pfnCheckGameDll	0	static
../Example/User/CM7/engine/client/cl_gameui.c:874:25:GL_ProcessTexture	0	static
../Example/User/CM7/engine/client/cl_gameui.c:364:24:pfnPIC_Height	16	static
../Example/User/CM7/engine/client/cl_gameui.c:349:24:pfnPIC_Width	16	static
../Example/User/CM7/engine/client/cl_gameui.c:269:13:PIC_DrawGeneric	80	static
../Example/User/CM7/engine/client/cl_gameui.c:395:18:pfnPIC_Draw	32	static
../Example/User/CM7/engine/client/cl_gameui.c:407:18:pfnPIC_DrawTrans	32	static
../Example/User/CM7/engine/client/cl_gameui.c:419:18:pfnPIC_DrawHoles	32	static
../Example/User/CM7/engine/client/cl_gameui.c:431:18:pfnPIC_DrawAdditive	32	static
../Example/User/CM7/engine/client/cl_gameui.c:520:25:pfnDrawCharacter	72	static
../Example/User/CM7/engine/client/cl_gameui.c:726:14:pfnMemAlloc	24	static
../Example/User/CM7/engine/client/cl_gameui.c:1036:14:pfnParseFileSafe	16	static
../Example/User/CM7/engine/client/cl_gameui.c:900:14:pfnParseFile	16	static
../Example/User/CM7/engine/client/cl_gameui.c:1017:13:pfnEnableTextInput	0	static
../Example/User/CM7/engine/client/cl_gameui.c:924:12:pfnDelete	8	static
../Example/User/CM7/engine/client/cl_gameui.c:857:25:pfnHostEndGame	0	static
../Example/User/CM7/engine/client/cl_gameui.c:869:25:pfnStartBackgroundTrack	0	static
../Example/User/CM7/engine/client/cl_gameui.c:846:25:pfnChangeInstance	0	static
../Example/User/CM7/engine/client/cl_gameui.c:885:25:UI_ShellExecute	8	static
../Example/User/CM7/engine/client/cl_gameui.c:799:14:pfnGetClipboardData	0	static
../Example/User/CM7/engine/client/cl_gameui.c:737:25:pfnMemFree	0	static
../Example/User/CM7/engine/client/cl_gameui.c:775:28:pfnGetFilesList	24	static
../Example/User/CM7/engine/client/cl_gameui.c:677:25:pfnClientJoin	16	static
../Example/User/CM7/engine/client/cl_gameui.c:912:12:pfnFileExists	0	static
../Example/User/CM7/engine/client/cl_gameui.c:611:25:pfnSetPlayerModel	8	static
../Example/User/CM7/engine/client/cl_gameui.c:460:25:pfnPIC_DisableScissor	0	static
../Example/User/CM7/engine/client/cl_gameui.c:443:25:pfnPIC_EnableScissor	16	static
../Example/User/CM7/engine/client/cl_gameui.c:238:13:UI_ConvertGameInfo	24	static
../Example/User/CM7/engine/client/cl_gameui.c:489:25:pfnClientCmd	8	static
../Example/User/CM7/engine/client/cl_gameui.c:1022:12:pfnGetRenderers	16	static
../Example/User/CM7/engine/client/cl_gameui.c:637:25:pfnRenderScene	72	static
../Example/User/CM7/engine/client/cl_gameui.c:565:24:UI_DrawConsoleString	16	static
../Example/User/CM7/engine/client/cl_gameui.c:131:25:UI_DrawLogo	296	static
../Example/User/CM7/engine/client/cl_gameui.c:507:25:pfnPlaySound	0	static
../Example/User/CM7/engine/client/cl_gameui.c:323:27:pfnPIC_Load	24	static
../Example/User/CM7/engine/client/cl_gameui.c:28:6:UI_UpdateMenu	24	static
../Example/User/CM7/engine/client/cl_gameui.c:63:6:UI_AddTouchButtonToList	0	static
../Example/User/CM7/engine/client/cl_gameui.c:78:6:UI_ResetPing	0	static
../Example/User/CM7/engine/client/cl_gameui.c:93:6:UI_ShowConnectionWarning	8	static
../Example/User/CM7/engine/client/cl_gameui.c:120:6:UI_ShowUpdateDialog	8	static
../Example/User/CM7/engine/client/cl_gameui.c:232:6:Host_Credits	0	static
../Example/User/CM7/engine/client/cl_gameui.c:1054:6:UI_UnloadProgs	8	static
../Example/User/CM7/engine/client/cl_gameui.c:1071:10:UI_LoadProgs	40	static
