../Example/User/CM7/engine/client/cl_parse.c:34:5:CL_UserMsgStub	0	static
../Example/User/CM7/engine/client/cl_parse.c:1480:6:CL_SendConsistencyInfo.part.0	344	static
../Example/User/CM7/engine/client/cl_parse.c:2665:6:CL_LegacyParseResourceList.part.0	1040	static
../Example/User/CM7/engine/client/cl_parse.c:1163:6:CL_ParseBaseline.constprop	384	static
../Example/User/CM7/engine/client/cl_parse.c:45:6:CL_ParseViewEntity	8	static
../Example/User/CM7/engine/client/cl_parse.c:60:6:CL_ParseSoundPacket	88	static
../Example/User/CM7/engine/client/cl_parse.c:122:6:CL_ParseRestoreSoundPacket	128	static
../Example/User/CM7/engine/client/cl_parse.c:184:6:CL_ParseServerTime	8	static
../Example/User/CM7/engine/client/cl_parse.c:219:6:CL_ParseSignon	8	static
../Example/User/CM7/engine/client/cl_parse.c:240:6:CL_ParseMovevars	16	static
../Example/User/CM7/engine/client/cl_parse.c:267:6:CL_ParseParticles	48	static
../Example/User/CM7/engine/client/cl_parse.c:307:6:CL_ParseStaticEntity	712	static
../Example/User/CM7/engine/client/cl_parse.c:363:18:CL_WeaponAnim	0	static
../Example/User/CM7/engine/client/cl_parse.c:387:6:CL_ParseStaticDecal	56	static
../Example/User/CM7/engine/client/cl_parse.c:414:6:CL_ParseSoundFade	24	static
../Example/User/CM7/engine/client/cl_parse.c:433:10:CL_RequestMissingResources	8	static
../Example/User/CM7/engine/client/cl_parse.c:542:5:CL_EstimateNeededResources	32	static
../Example/User/CM7/engine/client/cl_parse.c:619:18:CL_PlayerHasCustomization	0	static
../Example/User/CM7/engine/client/cl_parse.c:631:6:CL_RemoveCustomization	24	static
../Example/User/CM7/engine/client/cl_parse.c:756:6:CL_ParseResourceRequest	32824	static
../Example/User/CM7/engine/client/cl_parse.c:802:6:CL_CreateCustomizationList	40	static
../Example/User/CM7/engine/client/cl_parse.c:826:6:CL_ParseFileTransferFailed	8	static
../Example/User/CM7/engine/client/cl_parse.c:846:6:CL_ParseServerData	96	static
../Example/User/CM7/engine/client/cl_parse.c:1002:6:CL_ParseClientData	6176	static
../Example/User/CM7/engine/client/cl_parse.c:1163:6:CL_ParseBaseline	392	static
../Example/User/CM7/engine/client/cl_parse.c:1219:6:CL_ParseLightStyle	24	static
../Example/User/CM7/engine/client/cl_parse.c:1239:6:CL_ParseSetAngle	16	static
../Example/User/CM7/engine/client/cl_parse.c:1253:6:CL_ParseAddAngle	8	static
../Example/User/CM7/engine/client/cl_parse.c:1282:6:CL_ParseCrosshairAngle	24	static
../Example/User/CM7/engine/client/cl_parse.c:1296:6:CL_ParseRestore	280	static
../Example/User/CM7/engine/client/cl_parse.c:1323:6:CL_RegisterUserMessage	24	static
../Example/User/CM7/engine/client/cl_parse.c:1358:6:CL_UpdateUserinfo	40	static
../Example/User/CM7/engine/client/cl_parse.c:1402:6:CL_ParseResource	24	static
../Example/User/CM7/engine/client/cl_parse.c:1460:6:CL_UpdateUserPings	16	static
../Example/User/CM7/engine/client/cl_parse.c:1480:6:CL_SendConsistencyInfo	0	static
../Example/User/CM7/engine/client/cl_parse.c:1551:6:CL_RegisterResources	24	static
../Example/User/CM7/engine/client/cl_parse.c:456:6:CL_BatchResourceRequest	32832	static
../Example/User/CM7/engine/client/cl_parse.c:590:6:CL_StartResourceDownloading	48	static
../Example/User/CM7/engine/client/cl_parse.c:668:6:CL_ParseCustomization	64	static
../Example/User/CM7/engine/client/cl_parse.c:1620:6:CL_ParseConsistencyInfo	72	static
../Example/User/CM7/engine/client/cl_parse.c:1685:6:CL_ParseResourceList	80	static
../Example/User/CM7/engine/client/cl_parse.c:1722:6:CL_ParseVoiceInit	16	static
../Example/User/CM7/engine/client/cl_parse.c:1736:6:CL_ParseVoiceData	8216	static
../Example/User/CM7/engine/client/cl_parse.c:1771:6:CL_ParseResLocation	288	static
../Example/User/CM7/engine/client/cl_parse.c:1801:6:CL_ParseHLTV	16	static
../Example/User/CM7/engine/client/cl_parse.c:1836:6:CL_ParseDirector	272	static
../Example/User/CM7/engine/client/cl_parse.c:1853:6:CL_ParseScreenShake	24	static
../Example/User/CM7/engine/client/cl_parse.c:1869:6:CL_ParseScreenFade	32	static
../Example/User/CM7/engine/client/cl_parse.c:1923:6:CL_ParseCvarValue	24	static
../Example/User/CM7/engine/client/cl_parse.c:1968:6:CL_ParseExec	320	static
../Example/User/CM7/engine/client/cl_parse.c:2015:10:CL_DispatchUserMessage	24	static
../Example/User/CM7/engine/client/cl_parse.c:2054:6:CL_ParseUserMessage	2088	static
../Example/User/CM7/engine/client/cl_parse.c:2149:6:CL_ParseServerMessage	336	static
../Example/User/CM7/engine/client/cl_parse.c:2453:6:CL_LegacyParseStaticEntity	368	static
../Example/User/CM7/engine/client/cl_parse.c:2521:6:CL_LegacyParseSoundPacket	96	static
../Example/User/CM7/engine/client/cl_parse.c:2590:6:CL_LegacyPrecacheSound	24	static
../Example/User/CM7/engine/client/cl_parse.c:2607:6:CL_LegacyPrecacheModel	272	static
../Example/User/CM7/engine/client/cl_parse.c:2637:6:CL_LegacyPrecacheEvent	16	static
../Example/User/CM7/engine/client/cl_parse.c:2665:6:CL_LegacyParseResourceList	24	static
../Example/User/CM7/engine/client/cl_parse.c:2729:6:CL_ParseLegacyServerMessage	336	static
../Example/User/CM7/engine/client/cl_parse.c:3041:6:CL_LegacyPrecache_f	16	static
../Example/User/CM7/engine/client/cl_parse.c:3090:6:CL_LegacyUpdateInfo	8	static
../Example/User/CM7/engine/client/cl_parse.c:3102:10:CL_LegacyMode	0	static
