../Example/User/CM7/engine/client/cl_scrn.c:676:6:SCR_SizeUp_f	0	static
../Example/User/CM7/engine/client/cl_scrn.c:689:6:SCR_SizeDown_f	0	static
../Example/User/CM7/engine/client/cl_scrn.c:49:6:SCR_DrawFPS	96	static
../Example/User/CM7/engine/client/cl_scrn.c:115:6:SCR_DrawPos	72	static
../Example/User/CM7/engine/client/cl_scrn.c:150:6:SCR_NetSpeeds	104	static
../Example/User/CM7/engine/client/cl_scrn.c:211:6:SCR_RSpeeds	2064	static
../Example/User/CM7/engine/client/cl_scrn.c:239:6:SCR_MakeLevelShot	0	static
../Example/User/CM7/engine/client/cl_scrn.c:255:6:VID_WriteOverviewScript	288	static
../Example/User/CM7/engine/client/cl_scrn.c:286:6:SCR_MakeScreenShot	16	static
../Example/User/CM7/engine/client/cl_scrn.c:345:6:SCR_DrawPlaque	16	static
../Example/User/CM7/engine/client/cl_scrn.c:361:6:SCR_BeginLoadingPlaque	24	static
../Example/User/CM7/engine/client/cl_scrn.c:404:6:SCR_EndLoadingPlaque	0	static
../Example/User/CM7/engine/client/cl_scrn.c:416:6:SCR_AddDirtyPoint	0	static
../Example/User/CM7/engine/client/cl_scrn.c:429:6:SCR_DirtyScreen	12	static
../Example/User/CM7/engine/client/cl_scrn.c:440:6:SCR_TileClear	64	static
../Example/User/CM7/engine/client/cl_scrn.c:521:6:SCR_UpdateScreen	8	static
../Example/User/CM7/engine/client/cl_scrn.c:557:6:SCR_LoadCreditsFont	280	static
../Example/User/CM7/engine/client/cl_scrn.c:603:6:SCR_InstallParticlePalette	16	static
../Example/User/CM7/engine/client/cl_scrn.c:644:6:SCR_RegisterTextures	16	static
../Example/User/CM7/engine/client/cl_scrn.c:699:6:SCR_VidInit	8	static
../Example/User/CM7/engine/client/cl_scrn.c:736:6:SCR_Init	16	static
../Example/User/CM7/engine/client/cl_scrn.c:780:6:SCR_Shutdown	8	static
