../Example/User/CM7/engine/client/console.c:155:6:Con_Clear_f	0	static
../Example/User/CM7/engine/client/console.c:255:6:Con_MessageMode_f	8	static
../Example/User/CM7/engine/client/console.c:271:6:Con_MessageMode2_f	8	static
../Example/User/CM7/engine/client/console.c:316:6:Con_SetTimes_f	8	static
../Example/User/CM7/engine/client/console.c:572:13:Con_LoadConsoleFont.constprop	288	static
../Example/User/CM7/engine/client/console.c:284:6:Con_ToggleConsole_f	16	static
../Example/User/CM7/engine/client/console.c:434:6:Con_AddLine.part.0	48	static
../Example/User/CM7/engine/client/console.c:198:6:Con_ClearNotify	4	static
../Example/User/CM7/engine/client/console.c:211:6:Con_ClearTyping	8	static
../Example/User/CM7/engine/client/console.c:226:5:Con_StringLength	0	static
../Example/User/CM7/engine/client/console.c:339:6:Con_FixTimes	4	static
../Example/User/CM7/engine/client/console.c:360:6:Con_DeleteLine	0	static
../Example/User/CM7/engine/client/console.c:375:6:Con_DeleteLastLine	0	static
../Example/User/CM7/engine/client/console.c:434:6:Con_AddLine	4	static
../Example/User/CM7/engine/client/console.c:480:6:Con_CheckResize	12	static
../Example/User/CM7/engine/client/console.c:509:6:Con_PageUp	0	static
../Example/User/CM7/engine/client/console.c:519:6:Con_PageDown	0	static
../Example/User/CM7/engine/client/console.c:529:6:Con_Top	0	static
../Example/User/CM7/engine/client/console.c:539:6:Con_Bottom	0	static
../Example/User/CM7/engine/client/console.c:549:17:Con_Visible	0	static
../Example/User/CM7/engine/client/console.c:559:10:Con_FixedFont	0	static
../Example/User/CM7/engine/client/console.c:665:5:Con_UtfProcessCharForce	16	static
../Example/User/CM7/engine/client/console.c:738:17:Con_UtfProcessChar	16	static
../Example/User/CM7/engine/client/console.c:752:5:Con_UtfMoveLeft	36	static
../Example/User/CM7/engine/client/console.c:774:5:Con_UtfMoveRight	28	static
../Example/User/CM7/engine/client/console.c:819:12:Con_GetFont	0	static
../Example/User/CM7/engine/client/console.c:831:12:Con_GetCurFont	0	static
../Example/User/CM7/engine/client/console.c:843:18:Con_DrawStringLen	24	static
../Example/User/CM7/engine/client/console.c:855:5:Con_DrawString	4	static
../Example/User/CM7/engine/client/console.c:865:6:Con_Init	32	static
../Example/User/CM7/engine/client/console.c:912:6:Con_Shutdown	32	static
../Example/User/CM7/engine/client/console.c:936:6:Con_Print	48	static
../Example/User/CM7/engine/client/console.c:1040:18:Con_NPrintf	28	static
../Example/User/CM7/engine/client/console.c:1067:18:Con_NXPrintf	28	static
../Example/User/CM7/engine/client/console.c:1096:18:UI_NPrintf	28	static
../Example/User/CM7/engine/client/console.c:1123:18:UI_NXPrintf	28	static
../Example/User/CM7/engine/client/console.c:1157:6:Con_ClearField	8	static
../Example/User/CM7/engine/client/console.c:1287:6:Field_CharEvent	56	static
../Example/User/CM7/engine/client/console.c:1216:6:Field_KeyDownEvent	24	static
../Example/User/CM7/engine/client/console.c:1180:6:Field_Paste	48	static
../Example/User/CM7/engine/client/console.c:1348:6:Field_DrawInputLine	1080	static
../Example/User/CM7/engine/client/console.c:1544:6:Key_Console	24	static
../Example/User/CM7/engine/client/console.c:1672:6:Key_Message	1040	static
../Example/User/CM7/engine/client/console.c:1716:6:Con_DrawInput	16	static
../Example/User/CM7/engine/client/console.c:1736:5:Con_DrawDebugLines	64	static
../Example/User/CM7/engine/client/console.c:1781:6:Con_DrawDebug	304	static
../Example/User/CM7/engine/client/console.c:1817:6:Con_DrawNotify	320	static
../Example/User/CM7/engine/client/console.c:1869:5:Con_DrawConsoleLine	16	static
../Example/User/CM7/engine/client/console.c:1924:6:Con_DrawSolidConsole	344	static
../Example/User/CM7/engine/client/console.c:2003:6:Con_DrawConsole	16	static
../Example/User/CM7/engine/client/console.c:2072:6:Con_DrawVersion	312	static
../Example/User/CM7/engine/client/console.c:2117:6:Con_RunConsole	56	static
../Example/User/CM7/engine/client/console.c:2193:6:Con_CharEvent	24	static
../Example/User/CM7/engine/client/console.c:2213:6:Con_VidInit	48	static
../Example/User/CM7/engine/client/console.c:2308:6:Con_InvalidateFonts	8	static
../Example/User/CM7/engine/client/console.c:2323:6:Con_FastClose	16	static
../Example/User/CM7/engine/client/console.c:2338:18:Con_DefaultColor	0	static
