../Example/User/CM7/engine/client/console.c:152:6:Con_Clear_f	0	static
../Example/User/CM7/engine/client/console.c:252:6:Con_MessageMode_f	8	static
../Example/User/CM7/engine/client/console.c:268:6:Con_MessageMode2_f	8	static
../Example/User/CM7/engine/client/console.c:313:6:Con_SetTimes_f	8	static
../Example/User/CM7/engine/client/console.c:569:13:Con_LoadConsoleFont.constprop	288	static
../Example/User/CM7/engine/client/console.c:281:6:Con_ToggleConsole_f	16	static
../Example/User/CM7/engine/client/console.c:431:6:Con_AddLine.part.0	48	static
../Example/User/CM7/engine/client/console.c:195:6:Con_ClearNotify	4	static
../Example/User/CM7/engine/client/console.c:208:6:Con_ClearTyping	8	static
../Example/User/CM7/engine/client/console.c:223:5:Con_StringLength	0	static
../Example/User/CM7/engine/client/console.c:336:6:Con_FixTimes	4	static
../Example/User/CM7/engine/client/console.c:357:6:Con_DeleteLine	0	static
../Example/User/CM7/engine/client/console.c:372:6:Con_DeleteLastLine	0	static
../Example/User/CM7/engine/client/console.c:431:6:Con_AddLine	4	static
../Example/User/CM7/engine/client/console.c:477:6:Con_CheckResize	12	static
../Example/User/CM7/engine/client/console.c:506:6:Con_PageUp	0	static
../Example/User/CM7/engine/client/console.c:516:6:Con_PageDown	0	static
../Example/User/CM7/engine/client/console.c:526:6:Con_Top	0	static
../Example/User/CM7/engine/client/console.c:536:6:Con_Bottom	0	static
../Example/User/CM7/engine/client/console.c:546:17:Con_Visible	0	static
../Example/User/CM7/engine/client/console.c:556:10:Con_FixedFont	0	static
../Example/User/CM7/engine/client/console.c:662:5:Con_UtfProcessCharForce	16	static
../Example/User/CM7/engine/client/console.c:735:17:Con_UtfProcessChar	16	static
../Example/User/CM7/engine/client/console.c:749:5:Con_UtfMoveLeft	36	static
../Example/User/CM7/engine/client/console.c:771:5:Con_UtfMoveRight	28	static
../Example/User/CM7/engine/client/console.c:816:12:Con_GetFont	0	static
../Example/User/CM7/engine/client/console.c:828:12:Con_GetCurFont	0	static
../Example/User/CM7/engine/client/console.c:840:18:Con_DrawStringLen	24	static
../Example/User/CM7/engine/client/console.c:852:5:Con_DrawString	4	static
../Example/User/CM7/engine/client/console.c:862:6:Con_Init	32	static
../Example/User/CM7/engine/client/console.c:909:6:Con_Shutdown	32	static
../Example/User/CM7/engine/client/console.c:933:6:Con_Print	48	static
../Example/User/CM7/engine/client/console.c:1037:18:Con_NPrintf	28	static
../Example/User/CM7/engine/client/console.c:1064:18:Con_NXPrintf	28	static
../Example/User/CM7/engine/client/console.c:1093:18:UI_NPrintf	28	static
../Example/User/CM7/engine/client/console.c:1120:18:UI_NXPrintf	28	static
../Example/User/CM7/engine/client/console.c:1154:6:Con_ClearField	8	static
../Example/User/CM7/engine/client/console.c:1284:6:Field_CharEvent	56	static
../Example/User/CM7/engine/client/console.c:1213:6:Field_KeyDownEvent	24	static
../Example/User/CM7/engine/client/console.c:1177:6:Field_Paste	48	static
../Example/User/CM7/engine/client/console.c:1345:6:Field_DrawInputLine	1080	static
../Example/User/CM7/engine/client/console.c:1541:6:Key_Console	24	static
../Example/User/CM7/engine/client/console.c:1669:6:Key_Message	1040	static
../Example/User/CM7/engine/client/console.c:1713:6:Con_DrawInput	16	static
../Example/User/CM7/engine/client/console.c:1733:5:Con_DrawDebugLines	64	static
../Example/User/CM7/engine/client/console.c:1778:6:Con_DrawDebug	304	static
../Example/User/CM7/engine/client/console.c:1814:6:Con_DrawNotify	320	static
../Example/User/CM7/engine/client/console.c:1866:5:Con_DrawConsoleLine	16	static
../Example/User/CM7/engine/client/console.c:1921:6:Con_DrawSolidConsole	344	static
../Example/User/CM7/engine/client/console.c:2000:6:Con_DrawConsole	16	static
../Example/User/CM7/engine/client/console.c:2069:6:Con_DrawVersion	312	static
../Example/User/CM7/engine/client/console.c:2114:6:Con_RunConsole	56	static
../Example/User/CM7/engine/client/console.c:2190:6:Con_CharEvent	24	static
../Example/User/CM7/engine/client/console.c:2210:6:Con_VidInit	48	static
../Example/User/CM7/engine/client/console.c:2305:6:Con_InvalidateFonts	8	static
../Example/User/CM7/engine/client/console.c:2320:6:Con_FastClose	16	static
../Example/User/CM7/engine/client/console.c:2335:18:Con_DefaultColor	0	static
