../Example/User/CM7/engine/client/input.c:57:6:IN_CollectInputDevices	24	static
../Example/User/CM7/engine/client/input.c:87:6:IN_LockInputDevices	0	static
../Example/User/CM7/engine/client/input.c:111:6:IN_StartupMouse	8	static
../Example/User/CM7/engine/client/input.c:127:18:IN_SetCursor	0	static
../Example/User/CM7/engine/client/input.c:139:6:IN_MouseSavePos	8	static
../Example/User/CM7/engine/client/input.c:155:6:IN_MouseRestorePos	8	static
../Example/User/CM7/engine/client/input.c:172:6:IN_ToggleClientMouse	16	static
../Example/User/CM7/engine/client/input.c:212:6:IN_CheckMouseState	0	static
../Example/User/CM7/engine/client/input.c:280:6:IN_ActivateMouse	8	static
../Example/User/CM7/engine/client/input.c:298:6:IN_DeactivateMouse	8	static
../Example/User/CM7/engine/client/input.c:316:6:IN_MouseMove	16	static
../Example/User/CM7/engine/client/input.c:344:6:IN_MouseEvent	8	static
../Example/User/CM7/engine/client/input.c:383:6:IN_MWheelEvent	8	static
../Example/User/CM7/engine/client/input.c:398:6:IN_Shutdown	8	static
../Example/User/CM7/engine/client/input.c:415:6:IN_Init	8	static
../Example/User/CM7/engine/client/input.c:560:6:IN_EngineAppendMove	40	static
../Example/User/CM7/engine/client/input.c:591:6:IN_Commands	40	static
../Example/User/CM7/engine/client/input.c:623:6:Host_InputFrame	16	static
