../Example/User/CM7/engine/client/s_mix.c:44:6:S_InitScaletable	4	static
../Example/User/CM7/engine/client/s_mix.c:61:6:S_TransferPaintBuffer	36	static
../Example/User/CM7/engine/client/s_mix.c:191:6:MIX_FreeAllPaintbuffers	0	static
../Example/User/CM7/engine/client/s_mix.c:198:6:MIX_InitAllPaintbuffers	8	static
../Example/User/CM7/engine/client/s_mix.c:217:6:S_PaintMonoFrom8	20	static
../Example/User/CM7/engine/client/s_mix.c:233:6:S_PaintStereoFrom8	24	static
../Example/User/CM7/engine/client/s_mix.c:253:6:S_PaintMonoFrom16	16	static
../Example/User/CM7/engine/client/s_mix.c:268:6:S_PaintStereoFrom16	16	static
../Example/User/CM7/engine/client/s_mix.c:289:6:S_Mix8MonoTimeCompress	0	static
../Example/User/CM7/engine/client/s_mix.c:293:6:S_Mix8Mono	32	static
../Example/User/CM7/engine/client/s_mix.c:325:6:S_Mix8Stereo	32	static
../Example/User/CM7/engine/client/s_mix.c:351:6:S_Mix16Mono	32	static
../Example/User/CM7/engine/client/s_mix.c:373:6:S_Mix16Stereo	40	static
../Example/User/CM7/engine/client/s_mix.c:395:6:S_MixChannel	40	static
../Example/User/CM7/engine/client/s_mix.c:422:5:S_MixDataToDevice	104	static
../Example/User/CM7/engine/client/s_mix.c:512:10:S_ShouldContinueMixing	0	static
../Example/User/CM7/engine/client/s_mix.c:533:6:MIX_MixChannelsToPaintbuffer	64	static
../Example/User/CM7/engine/client/s_mix.c:663:6:S_Interpolate2xCubic	64	static
../Example/User/CM7/engine/client/s_mix.c:756:6:S_Interpolate2xLinear	20	static
../Example/User/CM7/engine/client/s_mix.c:785:6:S_MixBufferUpsample2x	28	static
../Example/User/CM7/engine/client/s_mix.c:812:6:MIX_ClearAllPaintBuffers	16	static
../Example/User/CM7/engine/client/s_mix.c:838:6:MIX_MixPaintbuffers	32	static
../Example/User/CM7/engine/client/s_mix.c:871:6:MIX_CompressPaintbuffer	8	static
../Example/User/CM7/engine/client/s_mix.c:887:6:S_MixUpsample	24	static
../Example/User/CM7/engine/client/s_mix.c:900:6:MIX_MixRawSamplesBuffer	56	static
../Example/User/CM7/engine/client/s_mix.c:944:6:MIX_UpsampleAllPaintbuffers	40	static
../Example/User/CM7/engine/client/s_mix.c:993:6:MIX_PaintChannels	48	static
