../Example/User/CM7/engine/server/sv_custom.c:19:6:SV_CreateCustomizationList	56	static
../Example/User/CM7/engine/server/sv_custom.c:64:10:SV_FileInConsistencyList	24	static
../Example/User/CM7/engine/server/sv_custom.c:89:6:SV_ParseConsistencyResponse	456	static
../Example/User/CM7/engine/server/sv_custom.c:194:6:SV_TransferConsistencyInfo	328	static
../Example/User/CM7/engine/server/sv_custom.c:247:6:SV_SendConsistencyList	24	static
../Example/User/CM7/engine/server/sv_custom.c:289:10:SV_CheckFile	120	static
../Example/User/CM7/engine/server/sv_custom.c:312:6:SV_MoveToOnHandList	4	static
../Example/User/CM7/engine/server/sv_custom.c:324:6:SV_AddToResourceList	0	static
../Example/User/CM7/engine/server/sv_custom.c:338:6:SV_SendCustomization	16	static
../Example/User/CM7/engine/server/sv_custom.c:352:6:SV_RemoveFromResourceList	0	static
../Example/User/CM7/engine/server/sv_custom.c:360:6:SV_ClearResourceList	24	static
../Example/User/CM7/engine/server/sv_custom.c:377:6:SV_ClearResourceLists	32	static
../Example/User/CM7/engine/server/sv_custom.c:383:5:SV_EstimateNeededResources	24	static
../Example/User/CM7/engine/server/sv_custom.c:411:6:SV_Customization	48	static
../Example/User/CM7/engine/server/sv_custom.c:436:6:SV_PropagateCustomizations	32	static
../Example/User/CM7/engine/server/sv_custom.c:460:6:SV_RegisterResources	48	static
../Example/User/CM7/engine/server/sv_custom.c:471:10:SV_UploadComplete	8	static
../Example/User/CM7/engine/server/sv_custom.c:486:6:SV_RequestMissingResources	32	static
../Example/User/CM7/engine/server/sv_custom.c:501:6:SV_BatchUploadRequest	296	static
../Example/User/CM7/engine/server/sv_custom.c:534:6:SV_SendResource	16	static
../Example/User/CM7/engine/server/sv_custom.c:555:6:SV_SendResources	24	static
