../Example/User/CM7/engine/server/sv_game.c:1487:18:pfnGetSpawnParms	0	static
../Example/User/CM7/engine/server/sv_game.c:2359:18:pfnTraceSphere	0	static
../Example/User/CM7/engine/server/sv_game.c:2974:25:pfnEngineFprintf	0	static
../Example/User/CM7/engine/server/sv_game.c:3020:7:pfnPvEntPrivateData	0	static
../Example/User/CM7/engine/server/sv_game.c:3311:13:SV_GetString	0	static
../Example/User/CM7/engine/server/sv_game.c:3324:12:pfnGetVarsOfEnt	0	static
../Example/User/CM7/engine/server/sv_game.c:3337:22:pfnPEntityOfEntOffset	0	static
../Example/User/CM7/engine/server/sv_game.c:3348:17:pfnEntOffsetOfPEntity	0	static
../Example/User/CM7/engine/server/sv_game.c:3522:18:pfnAnimationAutomove	0	static
../Example/User/CM7/engine/server/sv_game.c:3700:17:pfnIsDedicatedServer	0	static
../Example/User/CM7/engine/server/sv_game.c:3712:18:pfnGetPlayerWONId	0	static
../Example/User/CM7/engine/server/sv_game.c:3823:17:pfnNumberOfEntities	0	static
../Example/User/CM7/engine/server/sv_game.c:4355:17:pfnGetCurrentPlayer	0	static
../Example/User/CM7/engine/server/sv_game.c:4370:18:pfnSetGroupMask	0	static
../Example/User/CM7/engine/server/sv_game.c:4496:22:pfnVoice_GetClientListening	8	static
../Example/User/CM7/engine/server/sv_game.c:4513:22:pfnVoice_SetClientListening	4	static
../Example/User/CM7/engine/server/sv_game.c:4603:24:pfnGetLocalizedStringLength	0	static
../Example/User/CM7/engine/server/sv_game.c:2772:18:pfnWriteShort	16	static
../Example/User/CM7/engine/server/sv_game.c:2745:18:pfnWriteByte	16	static
../Example/User/CM7/engine/server/sv_game.c:1391:17:pfnModelIndex	48	static
../Example/User/CM7/engine/server/sv_game.c:2570:18:pfnMessageBegin	40	static
../Example/User/CM7/engine/server/sv_game.c:2904:18:pfnWriteEntity	16	static
../Example/User/CM7/engine/server/sv_game.c:3359:17:pfnIndexOfEdict	8	static
../Example/User/CM7/engine/server/sv_game.c:1352:17:pfnPrecacheModel	16	static
../Example/User/CM7/engine/server/sv_game.c:1419:17:pfnModelFrames	8	static
../Example/User/CM7/engine/server/sv_game.c:1508:19:pfnVecToYaw	0	static
../Example/User/CM7/engine/server/sv_game.c:1871:18:pfnMakeVectors	0	static
../Example/User/CM7/engine/server/sv_game.c:2456:18:pfnServerExecute	0	static
../Example/User/CM7/engine/server/sv_game.c:2759:18:pfnWriteChar	16	static
../Example/User/CM7/engine/server/sv_game.c:2799:18:pfnWriteAngle	24	static
../Example/User/CM7/engine/server/sv_game.c:2840:18:pfnWriteString	24	static
../Example/User/CM7/engine/server/sv_game.c:2531:18:pfnLightStyle	16	static
../Example/User/CM7/engine/server/sv_game.c:2785:18:pfnWriteLong	16	static
../Example/User/CM7/engine/server/sv_game.c:2814:18:pfnWriteCoord	16	static
../Example/User/CM7/engine/server/sv_game.c:3545:7:pfnFunctionFromName	0	static
../Example/User/CM7/engine/server/sv_game.c:3556:13:pfnNameForFunction	0	static
../Example/User/CM7/engine/server/sv_game.c:3974:18:pfnPrecacheEvent	8	static
../Example/User/CM7/engine/server/sv_game.c:2920:25:pfnAlertMessage	2068	static
../Example/User/CM7/engine/server/sv_game.c:4190:7:pfnSetFatPVS	48	static
../Example/User/CM7/engine/server/sv_game.c:4240:7:pfnSetFatPAS	48	static
../Example/User/CM7/engine/server/sv_game.c:4401:18:pfnEndSection	8	static
../Example/User/CM7/engine/server/sv_game.c:2505:18:pfnParticleEffect	24	static
../Example/User/CM7/engine/server/sv_game.c:3219:22:SV_AllocString	8	static
../Example/User/CM7/engine/server/sv_game.c:4382:17:pfnCreateInstancedBaseline	24	static
../Example/User/CM7/engine/server/sv_game.c:4449:18:pfnForceUnmodified	40	static
../Example/User/CM7/engine/server/sv_game.c:3600:18:pfnServerPrint	0	static
../Example/User/CM7/engine/server/sv_game.c:3868:18:pfnSetValueForKey	4	static
../Example/User/CM7/engine/server/sv_game.c:3883:18:pfnSetClientKeyValue	24	static
../Example/User/CM7/engine/server/sv_game.c:3403:22:pfnFindEntityByVars	8	static
../Example/User/CM7/engine/server/sv_game.c:580:10:SV_CreateStaticEntity.part.0	376	static
../Example/User/CM7/engine/server/sv_game.c:5049:6:SV_UnloadProgs.part.0	16	static
../Example/User/CM7/engine/server/sv_game.c:1498:18:pfnSaveSpawnParms	0	static
../Example/User/CM7/engine/server/sv_game.c:2548:17:pfnDecalIndex	16	static
../Example/User/CM7/engine/server/sv_game.c:2443:18:pfnServerCommand	8	static
../Example/User/CM7/engine/server/sv_game.c:3689:18:pfnStaticDecal	24	static
../Example/User/CM7/engine/server/sv_game.c:2255:25:pfnTraceHull	80	static
../Example/User/CM7/engine/server/sv_game.c:1036:18:SV_FreePrivateData	16	static
../Example/User/CM7/engine/server/sv_game.c:2998:7:pfnPvAllocEntPrivateData	24	static
../Example/User/CM7/engine/server/sv_game.c:1079:6:SV_FreeEdict.part.0	16	static
../Example/User/CM7/engine/server/sv_game.c:1116:10:SV_AllocEdict	24	static
../Example/User/CM7/engine/server/sv_game.c:1642:17:pfnGetEntityIllum	8	static
../Example/User/CM7/engine/server/sv_game.c:1942:24:pfnEntIsOnFloor	8	static
../Example/User/CM7/engine/server/sv_game.c:3613:25:pfnGetAttachment	12	static
../Example/User/CM7/engine/server/sv_game.c:3532:25:pfnGetBonePosition	12	static
../Example/User/CM7/engine/server/sv_game.c:2344:20:pfnTraceTexture	16	static
../Example/User/CM7/engine/server/sv_game.c:2022:18:pfnSetOrigin	4	static
../Example/User/CM7/engine/server/sv_game.c:3430:14:pfnGetModelPtr	8	static
../Example/User/CM7/engine/server/sv_game.c:4536:13:pfnGetPlayerAuthId	8	static
../Example/User/CM7/engine/server/sv_game.c:4414:17:pfnGetPlayerUserId	8	static
../Example/User/CM7/engine/server/sv_game.c:3952:13:pfnGetPhysicsInfoString	8	static
../Example/User/CM7/engine/server/sv_game.c:4339:17:pfnCanSkipPlayer	8	static
../Example/User/CM7/engine/server/sv_game.c:1318:14:SV_ClientFromEdict.constprop	8	static
../Example/User/CM7/engine/server/sv_game.c:3912:13:pfnGetPhysicsKeyValue	8	static
../Example/User/CM7/engine/server/sv_game.c:1883:18:pfnRemoveEntity	8	static
../Example/User/CM7/engine/server/sv_game.c:1519:18:pfnMoveToOrigin	8	static
../Example/User/CM7/engine/server/sv_game.c:3932:18:pfnSetPhysicsKeyValue	8	static
../Example/User/CM7/engine/server/sv_game.c:2238:25:pfnTraceToss	64	static
../Example/User/CM7/engine/server/sv_game.c:1533:18:pfnChangeYaw	16	static
../Example/User/CM7/engine/server/sv_game.c:1547:18:pfnChangePitch	16	static
../Example/User/CM7/engine/server/sv_game.c:3763:18:pfnSetClientMaxspeed	24	static
../Example/User/CM7/engine/server/sv_game.c:1561:10:SV_FindEntityByString.part.0	56	static
../Example/User/CM7/engine/server/sv_game.c:1561:10:SV_FindEntityByString	0	static
../Example/User/CM7/engine/server/sv_game.c:4429:18:pfnGetPlayerStats	4	static
../Example/User/CM7/engine/server/sv_game.c:2222:25:pfnTraceLine	80	static
../Example/User/CM7/engine/server/sv_game.c:1956:17:pfnDropToFloor	80	static
../Example/User/CM7/engine/server/sv_game.c:2272:24:pfnTraceMonsterHull	88	static
../Example/User/CM7/engine/server/sv_game.c:3567:18:pfnClientPrintf	16	static
../Example/User/CM7/engine/server/sv_game.c:1991:17:pfnWalkMove	48	static
../Example/User/CM7/engine/server/sv_game.c:1916:25:pfnMakeStatic	40	static
../Example/User/CM7/engine/server/sv_game.c:2295:25:pfnTraceModel	88	static
../Example/User/CM7/engine/server/sv_game.c:4287:17:pfnCheckVisibility	24	static
../Example/User/CM7/engine/server/sv_game.c:3739:18:pfnFadeClientVolume	32	static
../Example/User/CM7/engine/server/sv_game.c:1831:10:pfnEntitiesInPVS	64	static
../Example/User/CM7/engine/server/sv_game.c:1657:10:pfnFindEntityInSphere	40	static
../Example/User/CM7/engine/server/sv_game.c:3626:18:pfnCrosshairAngle	32	static
../Example/User/CM7/engine/server/sv_game.c:3843:7:pfnGetInfoKeyBuffer	8	static
../Example/User/CM7/engine/server/sv_game.c:1904:22:pfnCreateNamedEntity	24	static
../Example/User/CM7/engine/server/sv_game.c:3782:18:pfnRunPlayerMove	112	static
../Example/User/CM7/engine/server/sv_game.c:2370:18:pfnGetAimVector	160	static
../Example/User/CM7/engine/server/sv_game.c:1434:18:pfnSetSize	16	static
../Example/User/CM7/engine/server/sv_game.c:3653:18:pfnSetView	32	static
../Example/User/CM7/engine/server/sv_game.c:4548:18:pfnQueryClientCvarValue	24	static
../Example/User/CM7/engine/server/sv_game.c:4575:18:pfnQueryClientCvarValue2	32	static
../Example/User/CM7/engine/server/sv_game.c:2468:18:pfnClientCommand	284	static
../Example/User/CM7/engine/server/sv_game.c:3391:17:pfnPEntityOfEntIndexAllEntities	32	static
../Example/User/CM7/engine/server/sv_game.c:3377:17:pfnPEntityOfEntIndex	32	static
../Example/User/CM7/engine/server/sv_game.c:39:10:SV_EdictNum	0	static
../Example/User/CM7/engine/server/sv_game.c:47:10:SV_CheckEdict	8	static
../Example/User/CM7/engine/server/sv_game.c:116:18:SV_GetEntvarsDescirption	0	static
../Example/User/CM7/engine/server/sv_game.c:130:6:SV_SysError	8	static
../Example/User/CM7/engine/server/sv_game.c:145:7:SV_Serverinfo	0	static
../Example/User/CM7/engine/server/sv_game.c:157:7:SV_Localinfo	0	static
../Example/User/CM7/engine/server/sv_game.c:169:7:SV_AngleMod	16	static
../Example/User/CM7/engine/server/sv_game.c:212:6:SV_SetMinMaxSize	24	static
../Example/User/CM7/engine/server/sv_game.c:1380:18:pfnSetModel	48	static
../Example/User/CM7/engine/server/sv_game.c:242:6:SV_CopyTraceToGlobal	16	static
../Example/User/CM7/engine/server/sv_game.c:265:6:SV_SetModel	48	static
../Example/User/CM7/engine/server/sv_game.c:324:6:SV_ConvertTrace	8	static
../Example/User/CM7/engine/server/sv_game.c:350:10:SV_CheckClientVisiblity	64	static
../Example/User/CM7/engine/server/sv_game.c:3985:18:SV_PlaybackEventFull	256	static
../Example/User/CM7/engine/server/sv_game.c:403:12:SV_Multicast.isra	64	static
../Example/User/CM7/engine/server/sv_game.c:3461:17:pfnRegUserMsg	40	static
../Example/User/CM7/engine/server/sv_game.c:2642:18:pfnMessageEnd	24	static
../Example/User/CM7/engine/server/sv_game.c:520:12:SV_GetReliableDatagram	0	static
../Example/User/CM7/engine/server/sv_game.c:532:10:SV_RestoreCustomDecal	16	static
../Example/User/CM7/engine/server/sv_game.c:550:6:SV_CreateDecal	40	static
../Example/User/CM7/engine/server/sv_game.c:580:10:SV_CreateStaticEntity	8	static
../Example/User/CM7/engine/server/sv_game.c:630:6:SV_RestartStaticEnts	24	static
../Example/User/CM7/engine/server/sv_game.c:687:6:SV_RestartDecals	64	static
../Example/User/CM7/engine/server/sv_game.c:747:10:SV_BoxInPVS	16	static
../Example/User/CM7/engine/server/sv_game.c:846:6:SV_WriteEntityPatch	2344	static
../Example/User/CM7/engine/server/sv_game.c:964:6:SV_MapIsValid	2624	static
../Example/User/CM7/engine/server/sv_game.c:761:6:SV_QueueChangeLevel	56	static
../Example/User/CM7/engine/server/sv_game.c:1448:18:pfnChangeLevel	40	static
../Example/User/CM7/engine/server/sv_game.c:3724:17:pfnIsMapValid	8	static
../Example/User/CM7/engine/server/sv_game.c:1058:6:SV_InitEdict	16	static
../Example/User/CM7/engine/server/sv_game.c:1079:6:SV_FreeEdict	16	static
../Example/User/CM7/engine/server/sv_game.c:1150:18:SV_GetEntityClass	0	static
../Example/User/CM7/engine/server/sv_game.c:1164:10:SV_AllocPrivateData	24	static
../Example/User/CM7/engine/server/sv_game.c:1220:10:SV_CreateNamedEntity	24	static
../Example/User/CM7/engine/server/sv_game.c:1237:6:SV_FreeEdicts	40	static
../Example/User/CM7/engine/server/sv_game.c:1257:6:SV_PlaybackReliableEvent	96	static
../Example/User/CM7/engine/server/sv_game.c:1287:13:SV_ClassName	0	static
../Example/User/CM7/engine/server/sv_game.c:1318:14:SV_ClientFromEdict	8	static
../Example/User/CM7/engine/server/sv_game.c:1621:10:SV_FindGlobalEntity	24	static
../Example/User/CM7/engine/server/sv_game.c:1707:5:SV_CheckClientPVS	64	static
../Example/User/CM7/engine/server/sv_game.c:1772:22:pfnFindClientInPVS	40	static
../Example/User/CM7/engine/server/sv_game.c:2037:5:SV_BuildSoundMsg	56	static
../Example/User/CM7/engine/server/sv_game.c:2147:18:SV_StartSound	56	static
../Example/User/CM7/engine/server/sv_game.c:2184:18:pfnEmitAmbientSound	32	static
../Example/User/CM7/engine/server/sv_game.c:2985:18:pfnBuildSoundMsg	64	static
../Example/User/CM7/engine/server/sv_game.c:649:6:SV_RestartAmbientSounds	21072	static
../Example/User/CM7/engine/server/sv_game.c:2209:6:SV_StartMusic	40	static
../Example/User/CM7/engine/server/sv_game.c:2827:6:pfnWriteBytes	16	static
../Example/User/CM7/engine/server/sv_game.c:3054:6:SV_EmptyStringPool	0	static
../Example/User/CM7/engine/server/sv_game.c:3078:6:SV_SetStringArrayMode	0	static
../Example/User/CM7/engine/server/sv_game.c:3107:6:SV_AllocStringPool	8	static
../Example/User/CM7/engine/server/sv_game.c:3193:6:SV_FreeStringPool	0	static
../Example/User/CM7/engine/server/sv_game.c:3288:10:SV_MakeString	0	static
../Example/User/CM7/engine/server/sv_game.c:3447:6:SV_SendUserReg	16	static
../Example/User/CM7/engine/server/sv_game.c:4780:10:SV_ParseEdict	7272	static
../Example/User/CM7/engine/server/sv_game.c:4957:6:SV_LoadFromFile	2104	static
../Example/User/CM7/engine/server/sv_game.c:5014:6:SV_SpawnEntities	32	static
../Example/User/CM7/engine/server/sv_game.c:5049:6:SV_UnloadProgs	0	static
../Example/User/CM7/engine/server/sv_game.c:5102:10:SV_LoadProgs	48	static
