../Example/User/CM7/engine/server/sv_log.c:100:6:Log_Printf	56	static
../Example/User/CM7/engine/server/sv_log.c:83:6:Log_Close	8	static
../Example/User/CM7/engine/server/sv_log.c:139:13:Log_PrintServerCvar	0	static
../Example/User/CM7/engine/server/sv_log.c:19:6:Log_Open	568	static
../Example/User/CM7/engine/server/sv_log.c:150:6:Log_PrintServerVars	8	static
../Example/User/CM7/engine/server/sv_log.c:166:6:SV_SetLogAddress_f	272	static
../Example/User/CM7/engine/server/sv_log.c:213:6:SV_ServerLog_f	8	static
