../Example/User/CM7/engine/server/sv_phys.c:120:6:SV_CheckVelocity	32	static
../Example/User/CM7/engine/server/sv_phys.c:68:6:SV_CheckAllEnts	40	static
../Example/User/CM7/engine/server/sv_phys.c:162:6:SV_UpdateBaseVelocity	16	static
../Example/User/CM7/engine/server/sv_phys.c:196:10:SV_RunThink	8	static
../Example/User/CM7/engine/server/sv_phys.c:231:10:SV_PlayerRunThink	8	static
../Example/User/CM7/engine/server/sv_phys.c:267:6:SV_Impact	24	static
../Example/User/CM7/engine/server/sv_phys.c:303:6:SV_AngularMove	0	static
../Example/User/CM7/engine/server/sv_phys.c:337:6:SV_LinearMove	0	static
../Example/User/CM7/engine/server/sv_phys.c:371:7:SV_RecursiveWaterLevel	80	static
../Example/User/CM7/engine/server/sv_phys.c:393:7:SV_Submerged	104	static
../Example/User/CM7/engine/server/sv_phys.c:426:10:SV_CheckWater	40	static
../Example/User/CM7/engine/server/sv_phys.c:494:10:SV_CheckMover	8	static
../Example/User/CM7/engine/server/sv_phys.c:517:5:SV_ClipVelocity	0	static
../Example/User/CM7/engine/server/sv_phys.c:560:5:SV_FlyMove	280	static
../Example/User/CM7/engine/server/sv_phys.c:704:6:SV_AddGravity	32	static
../Example/User/CM7/engine/server/sv_phys.c:727:6:SV_AddHalfGravity	32	static
../Example/User/CM7/engine/server/sv_phys.c:758:10:SV_AllowPushRotate	8	static
../Example/User/CM7/engine/server/sv_phys.c:783:9:SV_PushEntity	152	static
../Example/User/CM7/engine/server/sv_phys.c:1006:17:SV_PushRotate	304	static
../Example/User/CM7/engine/server/sv_phys.c:889:17:SV_PushMove	144	static
../Example/User/CM7/engine/server/sv_phys.c:845:10:SV_CanPushed	0	static
../Example/User/CM7/engine/server/sv_phys.c:1144:6:SV_Physics_Pusher	32	static
../Example/User/CM7/engine/server/sv_phys.c:1218:6:SV_Physics_Follow	16	static
../Example/User/CM7/engine/server/sv_phys.c:1246:6:SV_Physics_Compound	280	static
../Example/User/CM7/engine/server/sv_phys.c:1326:6:SV_Physics_Noclip	16	static
../Example/User/CM7/engine/server/sv_phys.c:1353:6:SV_CheckWaterTransition	48	static
../Example/User/CM7/engine/server/sv_phys.c:1426:6:SV_Physics_Toss	88	static
../Example/User/CM7/engine/server/sv_phys.c:1572:6:SV_Physics_Step	176	static
../Example/User/CM7/engine/server/sv_phys.c:1704:6:SV_Physics_None	8	static
../Example/User/CM7/engine/server/sv_phys.c:1778:6:SV_Physics	48	static
../Example/User/CM7/engine/server/sv_phys.c:1827:8:SV_GetServerTime	0	static
../Example/User/CM7/engine/server/sv_phys.c:1839:8:SV_GetFrameTime	0	static
../Example/User/CM7/engine/server/sv_phys.c:1851:13:SV_GetHeadNode	0	static
../Example/User/CM7/engine/server/sv_phys.c:1863:5:SV_ServerState	0	static
../Example/User/CM7/engine/server/sv_phys.c:1875:6:SV_DrawDebugTriangles	8	static
../Example/User/CM7/engine/server/sv_phys.c:1911:6:SV_DrawOrthoTriangles	0	static
../Example/User/CM7/engine/server/sv_phys.c:1923:6:SV_UpdateFogSettings	0	static
../Example/User/CM7/engine/server/sv_phys.c:1984:13:pfnLoadImagePixels	32	static
../Example/User/CM7/engine/server/sv_phys.c:2000:13:pfnGetModelName	0	static
../Example/User/CM7/engine/server/sv_phys.c:2065:10:SV_InitPhysicsAPI	0	static
