../Example/User/CM7/engine/server/sv_save.c:1024:13:EntityPatchWrite	64	static
../Example/User/CM7/engine/server/sv_save.c:1413:13:CreateEntitiesInRestoreList.part.0	48	static
../Example/User/CM7/engine/server/sv_save.c:980:13:ParseSaveTables	328	static
../Example/User/CM7/engine/server/sv_save.c:1192:13:SaveClientState.constprop	4744	static
../Example/User/CM7/engine/server/sv_save.c:1295:13:LoadClientState	584	static
../Example/User/CM7/engine/server/sv_save.c:909:25:LoadSaveData	376	static
../Example/User/CM7/engine/server/sv_save.c:1623:12:LoadGameState	192	static
../Example/User/CM7/engine/server/sv_save.c:1921:13:LoadAdjacentEnts	2272	static
../Example/User/CM7/engine/server/sv_save.c:1472:25:SaveGameState	480	static
../Example/User/CM7/engine/server/sv_save.c:2005:5:SV_LoadGameState	0	static
../Example/User/CM7/engine/server/sv_save.c:2017:6:SV_ClearGameState	16	static
../Example/User/CM7/engine/server/sv_save.c:2030:6:SV_ChangeLevel	120	static
../Example/User/CM7/engine/server/sv_save.c:2096:10:SV_LoadGame	688	static
../Example/User/CM7/engine/server/sv_save.c:2173:10:SV_SaveGame	1624	static
../Example/User/CM7/engine/server/sv_save.c:2222:13:SV_GetLatestSave	32	static
../Example/User/CM7/engine/server/sv_save.c:2263:17:SV_GetSaveComment	864	static
../Example/User/CM7/engine/server/sv_save.c:2450:6:SV_InitSaveRestore	0	static
