../Example/User/CM7/engine/mainui/controls/ItemsHolder.h:81:15:virtual void CMenuItemsHolder::_Init()	0	static
../Example/User/CM7/engine/mainui/controls/ItemsHolder.h:82:15:virtual void CMenuItemsHolder::_VidInit()	0	static
../Example/User/CM7/engine/mainui/controls/BaseWindow.h:56:15:virtual bool CMenuBaseWindow::IsRoot() const	0	static
../Example/User/CM7/engine/mainui/controls/BaseWindow.h:61:7:virtual bool CMenuBaseWindow::IsWindow()	0	static
../Example/User/CM7/engine/mainui/controls/BaseWindow.h:101:7:virtual bool CMenuBaseWindow::IsAbsolutePositioned() const	0	static
../Example/User/CM7/engine/mainui/controls/BaseClientWindow.cpp:23:6:virtual bool CMenuBaseClientWindow::KeyDown(int)	16	static
../Example/User/CM7/engine/mainui/controls/ItemsHolder.h:21:7:CMenuItemsHolder::~CMenuItemsHolder()	24	static
../Example/User/CM7/engine/mainui/controls/ItemsHolder.h:21:7:virtual CMenuItemsHolder::~CMenuItemsHolder()	8	static
../Example/User/CM7/engine/mainui/controls/BaseWindow.h:23:7:CMenuBaseWindow::~CMenuBaseWindow()	8	static
../Example/User/CM7/engine/mainui/controls/BaseClientWindow.h:20:7:CMenuBaseClientWindow::~CMenuBaseClientWindow()	8	static
../Example/User/CM7/engine/mainui/controls/BaseClientWindow.h:20:7:virtual CMenuBaseClientWindow::~CMenuBaseClientWindow()	8	static
../Example/User/CM7/engine/mainui/controls/BaseWindow.h:23:7:virtual CMenuBaseWindow::~CMenuBaseWindow()	8	static
../Example/User/CM7/engine/mainui/controls/BaseClientWindow.cpp:18:1:CMenuBaseClientWindow::CMenuBaseClientWindow(const char*)	8	static
