../Example/User/CM7/engine/mainui/controls/ItemsHolder.h:81:15:virtual void CMenuItemsHolder::_Init()	0	static
../Example/User/CM7/engine/mainui/controls/ItemsHolder.h:82:15:virtual void CMenuItemsHolder::_VidInit()	0	static
../Example/User/CM7/engine/mainui/controls/BaseWindow.h:56:15:virtual bool CMenuBaseWindow::IsRoot() const	0	static
../Example/User/CM7/engine/mainui/controls/BaseWindow.h:61:7:virtual bool CMenuBaseWindow::IsWindow()	0	static
../Example/User/CM7/engine/mainui/controls/BaseWindow.h:101:7:virtual bool CMenuBaseWindow::IsAbsolutePositioned() const	0	static
../Example/User/CM7/engine/mainui/controls/BaseWindow.cpp:80:6:virtual void CMenuBaseWindow::SaveAndPopMenu()	8	static
../Example/User/CM7/engine/mainui/controls/BaseWindow.cpp:31:6:virtual void CMenuBaseWindow::Show()	16	static
../Example/User/CM7/engine/mainui/controls/BaseWindow.cpp:64:6:virtual void CMenuBaseWindow::Hide()	16	static
../Example/User/CM7/engine/mainui/controls/BaseWindow.cpp:75:6:virtual bool CMenuBaseWindow::IsVisible() const	0	static
../Example/User/CM7/engine/mainui/controls/BaseWindow.cpp:116:6:virtual void CMenuBaseWindow::Draw()	8	static
../Example/User/CM7/engine/mainui/controls/BaseWindow.cpp:132:6:virtual bool CMenuBaseWindow::DrawAnimation()	8	static
../Example/User/CM7/engine/mainui/controls/BaseWindow.cpp:160:6:virtual bool CMenuBaseWindow::KeyValueData(const char*, const char*)	16	static
../Example/User/CM7/engine/mainui/controls/ItemsHolder.h:21:7:CMenuItemsHolder::~CMenuItemsHolder()	24	static
../Example/User/CM7/engine/mainui/controls/BaseWindow.h:23:7:CMenuBaseWindow::~CMenuBaseWindow()	8	static
../Example/User/CM7/engine/mainui/controls/BaseWindow.h:23:7:virtual CMenuBaseWindow::~CMenuBaseWindow()	8	static
../Example/User/CM7/engine/mainui/controls/ItemsHolder.h:21:7:virtual CMenuItemsHolder::~CMenuItemsHolder()	8	static
../Example/User/CM7/engine/mainui/controls/BaseWindow.cpp:22:1:CMenuBaseWindow::CMenuBaseWindow(const char*, CWindowStack*)	16	static
../Example/User/CM7/engine/mainui/controls/BaseWindow.cpp:86:6:void CMenuBaseWindow::DragDrop(int)	0	static
../Example/User/CM7/engine/mainui/controls/BaseWindow.cpp:93:6:virtual bool CMenuBaseWindow::KeyDown(int)	16	static
../Example/User/CM7/engine/mainui/controls/BaseWindow.cpp:108:6:virtual bool CMenuBaseWindow::KeyUp(int)	16	static
../Example/User/CM7/engine/mainui/controls/BaseWindow.cpp:182:6:void CMenuBaseWindow::EnableTransition(CMenuBaseWindow::EAnimation)	0	static
