../Example/User/CM7/engine/mainui/controls/BaseItem.h:59:15:virtual bool CMenuBaseItem::MouseMove(int, int)	0	static
../Example/User/CM7/engine/mainui/controls/BaseItem.h:62:15:virtual void CMenuBaseItem::ToggleInactive()	0	static
../Example/User/CM7/engine/mainui/controls/BaseItem.h:68:15:virtual void CMenuBaseItem::SetInactive(bool)	0	static
../Example/User/CM7/engine/mainui/controls/BaseItem.h:77:15:virtual void CMenuBaseItem::Show()	0	static
../Example/User/CM7/engine/mainui/controls/BaseItem.h:82:15:virtual void CMenuBaseItem::Hide()	0	static
../Example/User/CM7/engine/mainui/controls/BaseItem.h:85:15:virtual bool CMenuBaseItem::IsVisible() const	0	static
../Example/User/CM7/engine/mainui/controls/BaseItem.h:201:15:virtual bool CMenuBaseItem::IsAbsolutePositioned() const	0	static
../Example/User/CM7/engine/mainui/controls/Bitmap.cpp:82:6:virtual void CMenuBitmap::Draw()	48	static
../Example/User/CM7/engine/mainui/controls/Bitmap.h:22:7:CMenuBitmap::~CMenuBitmap()	8	static
../Example/User/CM7/engine/mainui/controls/Bitmap.h:22:7:virtual CMenuBitmap::~CMenuBitmap()	8	static
../Example/User/CM7/engine/mainui/Utils.h:245:13:bool UI::Key::IsEnter(int)	0	static
../Example/User/CM7/engine/mainui/controls/Bitmap.cpp:62:6:virtual bool CMenuBitmap::KeyDown(int)	16	static
../Example/User/CM7/engine/mainui/controls/Bitmap.cpp:44:6:virtual bool CMenuBitmap::KeyUp(int)	16	static
../Example/User/CM7/engine/mainui/controls/Bitmap.cpp:24:1:CMenuBitmap::CMenuBitmap()	8	static
../Example/User/CM7/engine/mainui/controls/Bitmap.cpp:34:6:virtual void CMenuBitmap::VidInit()	8	static
