../Example/User/CM7/engine/mainui/controls/BaseItem.h:59:15:virtual bool CMenuBaseItem::MouseMove(int, int)	0	static
../Example/User/CM7/engine/mainui/controls/BaseItem.h:62:15:virtual void CMenuBaseItem::ToggleInactive()	0	static
../Example/User/CM7/engine/mainui/controls/BaseItem.h:68:15:virtual void CMenuBaseItem::SetInactive(bool)	0	static
../Example/User/CM7/engine/mainui/controls/BaseItem.h:77:15:virtual void CMenuBaseItem::Show()	0	static
../Example/User/CM7/engine/mainui/controls/BaseItem.h:82:15:virtual void CMenuBaseItem::Hide()	0	static
../Example/User/CM7/engine/mainui/controls/BaseItem.h:85:15:virtual bool CMenuBaseItem::IsVisible() const	0	static
../Example/User/CM7/engine/mainui/controls/BaseItem.h:201:15:virtual bool CMenuBaseItem::IsAbsolutePositioned() const	0	static
../Example/User/CM7/engine/mainui/controls/ItemsHolder.h:81:15:virtual void CMenuItemsHolder::_Init()	0	static
../Example/User/CM7/engine/mainui/controls/ItemsHolder.h:82:15:virtual void CMenuItemsHolder::_VidInit()	0	static
../Example/User/CM7/engine/mainui/controls/BaseWindow.h:61:7:virtual bool CMenuBaseWindow::IsWindow()	0	static
../Example/User/CM7/engine/mainui/controls/BaseWindow.h:101:7:virtual bool CMenuBaseWindow::IsAbsolutePositioned() const	0	static
../Example/User/CM7/engine/mainui/controls/Framework.h:40:7:virtual bool CMenuFramework::IsRoot() const	0	static
../Example/User/CM7/engine/mainui/controls/Framework.h:54:8:CMenuFramework::CMenuBannerBitmap::~CMenuBannerBitmap()	8	static
../Example/User/CM7/engine/mainui/controls/Framework.h:54:8:virtual CMenuFramework::CMenuBannerBitmap::~CMenuBannerBitmap()	8	static
../Example/User/CM7/engine/mainui/controls/Framework.cpp:88:6:virtual void CMenuFramework::Init()	8	static
../Example/User/CM7/engine/mainui/controls/Framework.cpp:97:6:virtual void CMenuFramework::VidInit()	0	static
../Example/User/CM7/engine/mainui/controls/Framework.cpp:41:6:virtual void CMenuFramework::Show()	0	static
../Example/User/CM7/engine/mainui/controls/Framework.cpp:83:6:virtual void CMenuFramework::Hide()	0	static
../Example/User/CM7/engine/mainui/controls/Framework.cpp:46:6:virtual void CMenuFramework::Draw()	32	static
../Example/User/CM7/engine/mainui/controls/ItemsHolder.h:21:7:CMenuItemsHolder::~CMenuItemsHolder()	24	static
../Example/User/CM7/engine/mainui/controls/ItemsHolder.h:21:7:virtual CMenuItemsHolder::~CMenuItemsHolder()	8	static
../Example/User/CM7/engine/mainui/controls/BaseWindow.h:23:7:CMenuBaseWindow::~CMenuBaseWindow()	8	static
../Example/User/CM7/engine/mainui/controls/Framework.cpp:31:1:CMenuFramework::~CMenuFramework()	24	static
../Example/User/CM7/engine/mainui/controls/Framework.cpp:31:1:virtual CMenuFramework::~CMenuFramework()	8	static
../Example/User/CM7/engine/mainui/controls/BaseWindow.h:23:7:virtual CMenuBaseWindow::~CMenuBaseWindow()	8	static
../Example/User/CM7/engine/mainui/controls/Framework.cpp:106:18:CMenuPicButton* CMenuFramework::AddButton(const char*, const char*, EDefaultBtns, CEventCallback, int)	32	static
../Example/User/CM7/engine/mainui/controls/Framework.cpp:128:18:CMenuPicButton* CMenuFramework::AddButton(const char*, const char*, const char*, CEventCallback, int)	32	static
../Example/User/CM7/engine/mainui/controls/Framework.cpp:167:6:void CMenuFramework::PrepareBannerAnimation(CMenuBaseWindow::EAnimation, CMenuPicButton*)	0	static
../Example/User/CM7/engine/mainui/controls/Framework.cpp:209:1:CMenuFramework::CMenuBannerBitmap::CMenuBannerBitmap()	8	static
../Example/User/CM7/engine/mainui/controls/Framework.cpp:24:1:CMenuFramework::CMenuFramework(const char*)	16	static
../Example/User/CM7/engine/mainui/controls/Framework.cpp:214:6:void CMenuFramework::CMenuBannerBitmap::SetPicture(const char*)	0	static
../Example/User/CM7/engine/mainui/controls/Framework.cpp:219:6:void CMenuFramework::CMenuBannerBitmap::Draw(Point, Size)	72	static
../Example/User/CM7/engine/mainui/controls/Framework.cpp:186:6:virtual bool CMenuFramework::DrawAnimation()	48	static
../Example/User/CM7/engine/mainui/controls/Framework.cpp:241:6:virtual void CMenuFramework::CMenuBannerBitmap::Draw()	16	static
../Example/User/CM7/engine/mainui/miniutl/utlmemory.h:231:17:const T& CUtlMemory<T>::operator[](int) const [with T = CUtlLinkedList<CMenuBaseWindow*>::ListElem_t]	16	static
../Example/User/CM7/engine/mainui/controls/Framework.cpp:150:6:virtual bool CMenuFramework::KeyDown(int)	24	static
