../Example/User/CM7/engine/mainui/controls/BaseItem.h:77:15:virtual void CMenuBaseItem::Show()	0	static
../Example/User/CM7/engine/mainui/controls/BaseItem.h:82:15:virtual void CMenuBaseItem::Hide()	0	static
../Example/User/CM7/engine/mainui/controls/BaseItem.h:85:15:virtual bool CMenuBaseItem::IsVisible() const	0	static
../Example/User/CM7/engine/mainui/controls/BaseItem.h:201:15:virtual bool CMenuBaseItem::IsAbsolutePositioned() const	0	static
../Example/User/CM7/engine/mainui/controls/ItemsHolder.h:47:15:virtual bool CMenuItemsHolder::IsWindow()	0	static
../Example/User/CM7/engine/mainui/controls/ItemsHolder.h:81:15:virtual void CMenuItemsHolder::_Init()	0	static
../Example/User/CM7/engine/mainui/controls/ItemsHolder.h:82:15:virtual void CMenuItemsHolder::_VidInit()	0	static
../Example/User/CM7/engine/mainui/controls/ItemsHolder.cpp:603:7:virtual Point CMenuItemsHolder::GetPositionOffset() const	0	static
../Example/User/CM7/engine/mainui/controls/ItemsHolder.h:21:7:CMenuItemsHolder::~CMenuItemsHolder()	24	static
../Example/User/CM7/engine/mainui/controls/ItemsHolder.h:21:7:virtual CMenuItemsHolder::~CMenuItemsHolder()	8	static
../Example/User/CM7/engine/mainui/enginecallback_menu.h:321:21:static void EngFuncs::COM_FreeFile(void*)	0	static
../Example/User/CM7/engine/mainui/enginecallback_menu.h:515:22:static char* EngFuncs::COM_ParseFile(char*, char*, int)	16	static
../Example/User/CM7/engine/mainui/Utils.h:318:13:bool UI::Key::IsUpArrow(int)	0	static
../Example/User/CM7/engine/mainui/Utils.h:342:13:bool UI::Key::IsLeftArrow(int)	0	static
../Example/User/CM7/engine/mainui/Utils.h:366:13:bool UI::Key::IsNavigationKey(int)	8	static
../Example/User/CM7/engine/mainui/controls/BaseItem.h:125:7:void CMenuBaseItem::PlayLocalSound(const char*)	0	static
../Example/User/CM7/engine/mainui/controls/ItemsHolder.cpp:23:1:CMenuItemsHolder::CMenuItemsHolder()	16	static
../Example/User/CM7/engine/mainui/controls/ItemsHolder.cpp:471:6:bool RES_ExpectString(char**, const char*, bool)	1048	static
../Example/User/CM7/engine/mainui/controls/ItemsHolder.cpp:587:16:CEventCallback CMenuItemsHolder::FindEventByName(const char*)	32	static
../Example/User/CM7/engine/mainui/miniutl/utlvector.h:263:11:T& CUtlVector<T, A>::operator[](int) [with T = CMenuBaseItem*; A = CUtlMemory<CMenuBaseItem*>]	8	static
../Example/User/CM7/engine/mainui/controls/ItemsHolder.cpp:231:6:virtual void CMenuItemsHolder::Reload()	16	static
../Example/User/CM7/engine/mainui/controls/ItemsHolder.cpp:237:6:void CMenuItemsHolder::VidInitItems()	16	static
../Example/User/CM7/engine/mainui/controls/ItemsHolder.cpp:222:6:virtual void CMenuItemsHolder::VidInit()	8	static
../Example/User/CM7/engine/mainui/controls/ItemsHolder.cpp:243:6:virtual void CMenuItemsHolder::ToggleInactive()	16	static
../Example/User/CM7/engine/mainui/controls/ItemsHolder.cpp:249:6:virtual void CMenuItemsHolder::SetInactive(bool)	24	static
../Example/User/CM7/engine/mainui/controls/ItemsHolder.cpp:255:6:virtual void CMenuItemsHolder::Draw()	48	static
../Example/User/CM7/engine/mainui/controls/ItemsHolder.cpp:277:6:virtual void CMenuItemsHolder::Think()	16	static
../Example/User/CM7/engine/mainui/controls/ItemsHolder.cpp:293:6:bool CMenuItemsHolder::AdjustCursor(int)	24	static
../Example/User/CM7/engine/mainui/controls/ItemsHolder.cpp:343:16:CMenuBaseItem* CMenuItemsHolder::ItemAtCursor()	8	static
../Example/User/CM7/engine/mainui/controls/ItemsHolder.cpp:136:6:virtual void CMenuItemsHolder::Char(int)	16	static
../Example/User/CM7/engine/mainui/controls/ItemsHolder.cpp:355:16:CMenuBaseItem* CMenuItemsHolder::ItemAtCursorPrev()	8	static
../Example/User/CM7/engine/mainui/controls/ItemsHolder.cpp:367:16:CMenuBaseItem* CMenuItemsHolder::FindItemByTag(const char*)	24	static
../Example/User/CM7/engine/mainui/controls/ItemsHolder.cpp:502:6:bool CMenuItemsHolder::LoadRES(const char*)	3120	static
../Example/User/CM7/engine/mainui/controls/ItemsHolder.cpp:208:6:virtual void CMenuItemsHolder::Init()	8	static
../Example/User/CM7/engine/mainui/controls/ItemsHolder.cpp:399:6:void CMenuItemsHolder::CalcItemsPositions()	16	static
../Example/User/CM7/engine/mainui/controls/ItemsHolder.cpp:405:6:void CMenuItemsHolder::CalcItemsSizes()	16	static
../Example/User/CM7/engine/mainui/controls/ItemsHolder.cpp:426:6:void CMenuItemsHolder::CursorMoved()	16	static
../Example/User/CM7/engine/mainui/controls/ItemsHolder.cpp:31:6:bool CMenuItemsHolder::Key(int, bool)	32	static
../Example/User/CM7/engine/mainui/controls/ItemsHolder.cpp:126:6:virtual bool CMenuItemsHolder::KeyDown(int)	0	static
../Example/User/CM7/engine/mainui/controls/ItemsHolder.cpp:131:6:virtual bool CMenuItemsHolder::KeyUp(int)	0	static
../Example/User/CM7/engine/mainui/controls/ItemsHolder.cpp:411:6:void CMenuItemsHolder::SetCursor(int, bool)	24	static
../Example/User/CM7/engine/mainui/controls/ItemsHolder.cpp:147:6:virtual bool CMenuItemsHolder::MouseMove(int, int)	48	static
../Example/User/CM7/engine/mainui/controls/ItemsHolder.cpp:387:6:void CMenuItemsHolder::SetCursorToItem(CMenuBaseItem&, bool)	32	static
../Example/User/CM7/engine/mainui/miniutl/utlvector.h:277:11:T& CUtlVector<T, A>::Element(int) [with T = CMenuBaseItem*; A = CUtlMemory<CMenuBaseItem*>]	8	static
../Example/User/CM7/engine/mainui/controls/ItemsHolder.cpp:463:6:void CMenuItemsHolder::RemoveItem(CMenuBaseItem&)	32	static
../Example/User/CM7/engine/mainui/controls/ItemsHolder.cpp:454:6:void CMenuItemsHolder::AddItem(CMenuBaseItem&)	40	static
../Example/User/CM7/engine/mainui/miniutl/utlvector.h:277:11:T& CUtlVector<T, A>::Element(int) [with T = CEventCallback; A = CUtlMemory<CEventCallback>]	8	static
../Example/User/CM7/engine/mainui/controls/ItemsHolder.cpp:578:6:void CMenuItemsHolder::RegisterNamedEvent(CEventCallback, const char*)	24	static
../Example/User/CM7/engine/mainui/controls/ItemsHolder.cpp:598:6:virtual bool CMenuItemsHolder::KeyValueData(const char*, const char*)	0	static
