../Example/User/CM7/engine/mainui/controls/BaseItem.h:59:15:virtual bool CMenuBaseItem::MouseMove(int, int)	0	static
../Example/User/CM7/engine/mainui/controls/BaseItem.h:62:15:virtual void CMenuBaseItem::ToggleInactive()	0	static
../Example/User/CM7/engine/mainui/controls/BaseItem.h:68:15:virtual void CMenuBaseItem::SetInactive(bool)	0	static
../Example/User/CM7/engine/mainui/controls/BaseItem.h:77:15:virtual void CMenuBaseItem::Show()	0	static
../Example/User/CM7/engine/mainui/controls/BaseItem.h:82:15:virtual void CMenuBaseItem::Hide()	0	static
../Example/User/CM7/engine/mainui/controls/BaseItem.h:85:15:virtual bool CMenuBaseItem::IsVisible() const	0	static
../Example/User/CM7/engine/mainui/controls/BaseItem.h:201:15:virtual bool CMenuBaseItem::IsAbsolutePositioned() const	0	static
../Example/User/CM7/engine/mainui/controls/PicButton.h:31:7:CMenuPicButton::~CMenuPicButton()	8	static
../Example/User/CM7/engine/mainui/controls/PicButton.h:31:7:virtual CMenuPicButton::~CMenuPicButton()	8	static
../Example/User/CM7/engine/mainui/Utils.h:142:21:unsigned int InterpColor(unsigned int, unsigned int, float)	0	static
../Example/User/CM7/engine/mainui/Utils.h:245:13:bool UI::Key::IsEnter(int)	0	static
../Example/User/CM7/engine/mainui/controls/PicButton.cpp:115:6:virtual bool CMenuPicButton::KeyDown(int)	16	static
../Example/User/CM7/engine/mainui/controls/PicButton.cpp:27:1:CMenuPicButton::CMenuPicButton()	8	static
../Example/User/CM7/engine/mainui/controls/PicButton.cpp:138:6:void CMenuPicButton::DrawButton(int, int, int, int, wrect_t*, int)	24	static
../Example/User/CM7/engine/mainui/controls/PicButton.cpp:156:6:virtual void CMenuPicButton::Draw()	136	static
../Example/User/CM7/engine/mainui/controls/PicButton.cpp:330:6:void CMenuPicButton::SetPicture(EDefaultBtns)	0	static
../Example/User/CM7/engine/mainui/controls/PicButton.cpp:340:6:void CMenuPicButton::SetPicture(const char*)	16	static
../Example/User/CM7/engine/mainui/miniutl/utlmemory.h:231:17:const T& CUtlMemory<T>::operator[](int) const [with T = CUtlLinkedList<CMenuBaseWindow*>::ListElem_t]	16	static
../Example/User/CM7/engine/mainui/controls/PicButton.cpp:73:6:void CMenuPicButton::CheckWindowChanged()	24	static
../Example/User/CM7/engine/mainui/controls/PicButton.cpp:53:6:virtual bool CMenuPicButton::KeyUp(int)	16	static
