../Example/User/CM7/engine/mainui/controls/BaseItem.h:59:15:virtual bool CMenuBaseItem::MouseMove(int, int)	0	static
../Example/User/CM7/engine/mainui/controls/BaseItem.h:62:15:virtual void CMenuBaseItem::ToggleInactive()	0	static
../Example/User/CM7/engine/mainui/controls/BaseItem.h:68:15:virtual void CMenuBaseItem::SetInactive(bool)	0	static
../Example/User/CM7/engine/mainui/controls/BaseItem.h:77:15:virtual void CMenuBaseItem::Show()	0	static
../Example/User/CM7/engine/mainui/controls/BaseItem.h:82:15:virtual void CMenuBaseItem::Hide()	0	static
../Example/User/CM7/engine/mainui/controls/BaseItem.h:85:15:virtual bool CMenuBaseItem::IsVisible() const	0	static
../Example/User/CM7/engine/mainui/controls/BaseItem.h:201:15:virtual bool CMenuBaseItem::IsAbsolutePositioned() const	0	static
../Example/User/CM7/engine/mainui/controls/ProgressBar.h:20:7:CMenuProgressBar::~CMenuProgressBar()	8	static
../Example/User/CM7/engine/mainui/controls/ProgressBar.h:20:7:virtual CMenuProgressBar::~CMenuProgressBar()	8	static
../Example/User/CM7/engine/mainui/enginecallback_menu.h:160:22:static float EngFuncs::GetCvarFloat(const char*)	0	static
../Example/User/CM7/engine/mainui/controls/ProgressBar.cpp:44:6:virtual void CMenuProgressBar::Draw()	32	static
../Example/User/CM7/engine/mainui/controls/ProgressBar.cpp:20:1:CMenuProgressBar::CMenuProgressBar()	8	static
../Example/User/CM7/engine/mainui/controls/ProgressBar.cpp:28:6:void CMenuProgressBar::LinkCvar(const char*, float, float)	0	static
../Example/User/CM7/engine/mainui/controls/ProgressBar.cpp:36:6:void CMenuProgressBar::SetValue(float)	0	static
