../Example/User/CM7/engine/mainui/controls/BaseItem.h:59:15:virtual bool CMenuBaseItem::MouseMove(int, int)	0	static
../Example/User/CM7/engine/mainui/controls/BaseItem.h:62:15:virtual void CMenuBaseItem::ToggleInactive()	0	static
../Example/User/CM7/engine/mainui/controls/BaseItem.h:68:15:virtual void CMenuBaseItem::SetInactive(bool)	0	static
../Example/User/CM7/engine/mainui/controls/BaseItem.h:77:15:virtual void CMenuBaseItem::Show()	0	static
../Example/User/CM7/engine/mainui/controls/BaseItem.h:82:15:virtual void CMenuBaseItem::Hide()	0	static
../Example/User/CM7/engine/mainui/controls/BaseItem.h:85:15:virtual bool CMenuBaseItem::IsVisible() const	0	static
../Example/User/CM7/engine/mainui/controls/BaseItem.h:201:15:virtual bool CMenuBaseItem::IsAbsolutePositioned() const	0	static
../Example/User/CM7/engine/mainui/controls/Slider.cpp:210:6:virtual void CMenuSlider::UpdateEditable()	8	static
../Example/User/CM7/engine/mainui/controls/Slider.cpp:151:6:virtual void CMenuSlider::Draw()	64	static
../Example/User/CM7/engine/mainui/controls/Slider.h:34:7:virtual void CMenuSlider::LinkCvar(const char*)	0	static
../Example/User/CM7/engine/mainui/controls/Slider.cpp:64:6:virtual bool CMenuSlider::KeyUp(int)	8	static
../Example/User/CM7/engine/mainui/controls/Slider.h:23:7:CMenuSlider::~CMenuSlider()	8	static
../Example/User/CM7/engine/mainui/controls/Slider.h:23:7:virtual CMenuSlider::~CMenuSlider()	8	static
../Example/User/CM7/engine/mainui/controls/Slider.cpp:46:6:virtual void CMenuSlider::VidInit()	8	static
../Example/User/CM7/engine/mainui/controls/BaseItem.h:125:7:void CMenuBaseItem::PlayLocalSound(const char*)	0	static
../Example/User/CM7/engine/mainui/controls/Slider.cpp:82:6:virtual bool CMenuSlider::KeyDown(int)	16	static
../Example/User/CM7/engine/mainui/controls/Slider.cpp:22:1:CMenuSlider::CMenuSlider()	16	static
