../Example/User/CM7/engine/mainui/controls/BaseItem.h:59:15:virtual bool CMenuBaseItem::MouseMove(int, int)	0	static
../Example/User/CM7/engine/mainui/controls/BaseItem.h:62:15:virtual void CMenuBaseItem::ToggleInactive()	0	static
../Example/User/CM7/engine/mainui/controls/BaseItem.h:68:15:virtual void CMenuBaseItem::SetInactive(bool)	0	static
../Example/User/CM7/engine/mainui/controls/BaseItem.h:77:15:virtual void CMenuBaseItem::Show()	0	static
../Example/User/CM7/engine/mainui/controls/BaseItem.h:82:15:virtual void CMenuBaseItem::Hide()	0	static
../Example/User/CM7/engine/mainui/controls/BaseItem.h:85:15:virtual bool CMenuBaseItem::IsVisible() const	0	static
../Example/User/CM7/engine/mainui/controls/BaseItem.h:201:15:virtual bool CMenuBaseItem::IsAbsolutePositioned() const	0	static
../Example/User/CM7/engine/mainui/controls/SpinControl.cpp:45:6:virtual void CMenuSpinControl::VidInit()	0	static
../Example/User/CM7/engine/mainui/Utils.h:178:15:size_t Q_strncpy(char*, const char*, size_t)	0	static
../Example/User/CM7/engine/mainui/controls/SpinControl.h:23:7:CMenuSpinControl::~CMenuSpinControl()	8	static
../Example/User/CM7/engine/mainui/controls/SpinControl.h:23:7:virtual CMenuSpinControl::~CMenuSpinControl()	8	static
../Example/User/CM7/engine/mainui/controls/SpinControl.cpp:121:6:virtual void CMenuSpinControl::Draw()	88	static
../Example/User/CM7/engine/mainui/controls/BaseItem.h:125:7:void CMenuBaseItem::PlayLocalSound(const char*)	0	static
../Example/User/CM7/engine/mainui/controls/SpinControl.cpp:23:1:CMenuSpinControl::CMenuSpinControl()	8	static
../Example/User/CM7/engine/mainui/controls/SpinControl.cpp:222:13:const char* CMenuSpinControl::MoveLeft()	0	static
../Example/User/CM7/engine/mainui/controls/SpinControl.cpp:238:13:const char* CMenuSpinControl::MoveRight()	0	static
../Example/User/CM7/engine/mainui/controls/SpinControl.cpp:267:6:void CMenuSpinControl::Setup(float, float, float)	0	static
../Example/User/CM7/engine/mainui/controls/SpinControl.cpp:274:6:void CMenuSpinControl::Setup(CMenuBaseArrayModel*)	8	static
../Example/User/CM7/engine/mainui/controls/SpinControl.cpp:315:6:void CMenuSpinControl::SetDisplayPrecision(short int)	0	static
../Example/User/CM7/engine/mainui/controls/SpinControl.cpp:320:6:void CMenuSpinControl::Display()	32	static
../Example/User/CM7/engine/mainui/controls/SpinControl.cpp:52:6:virtual bool CMenuSpinControl::KeyDown(int)	16	static
../Example/User/CM7/engine/mainui/controls/SpinControl.cpp:79:6:virtual bool CMenuSpinControl::KeyUp(int)	40	static
../Example/User/CM7/engine/mainui/controls/SpinControl.cpp:282:6:void CMenuSpinControl::SetCurrentValue(float)	0	static
../Example/User/CM7/engine/mainui/controls/SpinControl.cpp:288:6:void CMenuSpinControl::SetCurrentValue(const char*)	16	static
../Example/User/CM7/engine/mainui/controls/SpinControl.cpp:254:6:virtual void CMenuSpinControl::UpdateEditable()	0	static
../Example/User/CM7/engine/mainui/controls/SpinControl.cpp:343:6:void CMenuSpinControl::ForceDisplayString(const char*)	0	static
