../Example/User/CM7/engine/mainui/controls/BaseItem.h:59:15:virtual bool CMenuBaseItem::MouseMove(int, int)	0	static
../Example/User/CM7/engine/mainui/controls/BaseItem.h:62:15:virtual void CMenuBaseItem::ToggleInactive()	0	static
../Example/User/CM7/engine/mainui/controls/BaseItem.h:68:15:virtual void CMenuBaseItem::SetInactive(bool)	0	static
../Example/User/CM7/engine/mainui/controls/BaseItem.h:77:15:virtual void CMenuBaseItem::Show()	0	static
../Example/User/CM7/engine/mainui/controls/BaseItem.h:82:15:virtual void CMenuBaseItem::Hide()	0	static
../Example/User/CM7/engine/mainui/controls/BaseItem.h:85:15:virtual bool CMenuBaseItem::IsVisible() const	0	static
../Example/User/CM7/engine/mainui/controls/BaseItem.h:201:15:virtual bool CMenuBaseItem::IsAbsolutePositioned() const	0	static
../Example/User/CM7/engine/mainui/controls/Switch.cpp:246:6:virtual void CMenuSwitch::UpdateEditable()	8	static
../Example/User/CM7/engine/mainui/controls/Switch.h:37:7:virtual void CMenuSwitch::LinkCvar(const char*)	0	static
../Example/User/CM7/engine/mainui/controls/Switch.h:25:7:CMenuSwitch::~CMenuSwitch()	8	static
../Example/User/CM7/engine/mainui/controls/Switch.h:25:7:virtual CMenuSwitch::~CMenuSwitch()	8	static
../Example/User/CM7/engine/mainui/controls/Switch.cpp:78:6:virtual void CMenuSwitch::VidInit()	304	static
../Example/User/CM7/engine/mainui/controls/Switch.cpp:182:6:virtual void CMenuSwitch::Draw()	88	static
../Example/User/CM7/engine/mainui/Utils.h:245:13:bool UI::Key::IsEnter(int)	0	static
../Example/User/CM7/engine/mainui/Color.h:23:2:CColor::CColor()	0	static
../Example/User/CM7/engine/mainui/controls/BaseItem.h:125:7:void CMenuBaseItem::PlayLocalSound(const char*)	0	static
../Example/User/CM7/engine/mainui/controls/Switch.cpp:24:1:CMenuSwitch::CMenuSwitch()	24	static
../Example/User/CM7/engine/mainui/controls/Switch.cpp:48:6:void CMenuSwitch::AddSwitch(const char*)	0	static
../Example/User/CM7/engine/mainui/controls/Switch.cpp:53:5:int CMenuSwitch::IsNewStateByMouseClick()	24	static
../Example/User/CM7/engine/mainui/controls/Switch.cpp:120:6:virtual bool CMenuSwitch::KeyUp(int)	16	static
../Example/User/CM7/engine/mainui/controls/Switch.cpp:151:6:virtual bool CMenuSwitch::KeyDown(int)	16	static
