../Example/User/CM7/engine/mainui/EventSystem.h:126:14:static void CEventCallback::NoopCb(CMenuBaseItem*, void*)	0	static
../Example/User/CM7/engine/mainui/controls/BaseWindow.h:56:15:virtual bool CMenuBaseWindow::IsRoot() const	0	static
../Example/User/CM7/engine/mainui/controls/BaseWindow.h:61:7:virtual bool CMenuBaseWindow::IsWindow()	0	static
../Example/User/CM7/engine/mainui/controls/BaseWindow.h:101:7:virtual bool CMenuBaseWindow::IsAbsolutePositioned() const	0	static
../Example/User/CM7/engine/mainui/controls/YesNoMessageBox.cpp:104:6:virtual void CMenuYesNoMessageBox::_VidInit()	16	static
../Example/User/CM7/engine/mainui/controls/YesNoMessageBox.cpp:122:6:virtual void CMenuYesNoMessageBox::Draw()	16	static
../Example/User/CM7/engine/mainui/controls/YesNoMessageBox.cpp:133:6:virtual bool CMenuYesNoMessageBox::KeyDown(int)	8	static
../Example/User/CM7/engine/mainui/controls/YesNoMessageBox.cpp:211:6:static void CMenuYesNoMessageBox::OpenCb(CMenuBaseItem*, void*)	8	static
../Example/User/CM7/engine/mainui/controls/YesNoMessageBox.cpp:55:2:static void CMenuYesNoMessageBox::CMenuYesNoMessageBox(bool)::<lambda(CMenuBaseItem*, void*)>::_FUN(CMenuBaseItem*, void*)	8	static
../Example/User/CM7/engine/mainui/controls/YesNoMessageBox.cpp:46:2:static void CMenuYesNoMessageBox::CMenuYesNoMessageBox(bool)::<lambda(CMenuBaseItem*, void*)>::_FUN(CMenuBaseItem*, void*)	8	static
../Example/User/CM7/engine/mainui/EventSystem.h:98:2:CEventCallback::operator bool()	0	static
../Example/User/CM7/engine/mainui/controls/ItemsHolder.h:21:7:CMenuItemsHolder::~CMenuItemsHolder()	24	static
../Example/User/CM7/engine/mainui/controls/ItemsHolder.h:21:7:virtual CMenuItemsHolder::~CMenuItemsHolder()	8	static
../Example/User/CM7/engine/mainui/controls/BaseWindow.h:23:7:CMenuBaseWindow::~CMenuBaseWindow()	8	static
../Example/User/CM7/engine/mainui/controls/YesNoMessageBox.h:24:7:CMenuYesNoMessageBox::~CMenuYesNoMessageBox()	16	static
../Example/User/CM7/engine/mainui/controls/YesNoMessageBox.cpp:241:53:void __tcf_1()	8	static
../Example/User/CM7/engine/mainui/controls/YesNoMessageBox.h:24:7:virtual CMenuYesNoMessageBox::~CMenuYesNoMessageBox()	8	static
../Example/User/CM7/engine/mainui/controls/YesNoMessageBox.cpp:229:43:void __tcf_0()	8	static
../Example/User/CM7/engine/mainui/controls/BaseWindow.h:23:7:virtual CMenuBaseWindow::~CMenuBaseWindow()	8	static
../Example/User/CM7/engine/mainui/controls/YesNoMessageBox.cpp:25:1:CMenuYesNoMessageBox::CMenuYesNoMessageBox(bool)	16	static
../Example/User/CM7/engine/mainui/controls/YesNoMessageBox.cpp:151:6:void CMenuYesNoMessageBox::SetMessage(const char*)	0	static
../Example/User/CM7/engine/mainui/controls/YesNoMessageBox.cpp:161:6:void CMenuYesNoMessageBox::SetPositiveButton(const char*, EDefaultBtns, int)	16	static
../Example/User/CM7/engine/mainui/controls/YesNoMessageBox.cpp:174:6:void CMenuYesNoMessageBox::SetNegativeButton(const char*, EDefaultBtns, int)	16	static
../Example/User/CM7/engine/mainui/controls/YesNoMessageBox.cpp:74:6:virtual void CMenuYesNoMessageBox::_Init()	16	static
../Example/User/CM7/engine/mainui/controls/YesNoMessageBox.cpp:187:6:void CMenuYesNoMessageBox::HighlightChoice(CMenuYesNoMessageBox::EHighlight)	0	static
../Example/User/CM7/engine/mainui/controls/YesNoMessageBox.cpp:200:16:CEventCallback CMenuYesNoMessageBox::MakeOpenEvent()	8	static
../Example/User/CM7/engine/mainui/controls/YesNoMessageBox.cpp:226:6:void UI_ShowMessageBox(const char*)	24	static
../Example/User/CM7/engine/mainui/controls/YesNoMessageBox.cpp:264:6:void UI_ShowMessageBox_f()	8	static
../Example/User/CM7/engine/mainui/controls/YesNoMessageBox.cpp:269:56:cpp)	16	static
