../Example/User/CM7/engine/sdk/dlls/cbase.h:151:15:virtual void CBaseEntity::Precache()	0	static
../Example/User/CM7/engine/sdk/dlls/cbase.h:155:14:virtual int CBaseEntity::ObjectCaps()	0	static
../Example/User/CM7/engine/sdk/dlls/cbase.h:156:15:virtual void CBaseEntity::Activate()	0	static
../Example/User/CM7/engine/sdk/dlls/cbase.h:164:15:virtual void CBaseEntity::DeathNotice(entvars_t*)	0	static
../Example/User/CM7/engine/sdk/dlls/cbase.h:174:15:virtual BOOL CBaseEntity::IsTriggered(CBaseEntity*)	0	static
../Example/User/CM7/engine/sdk/dlls/cbase.h:176:25:virtual CSquadMonster* CBaseEntity::MySquadMonsterPointer()	0	static
../Example/User/CM7/engine/sdk/dlls/cbase.h:178:15:virtual void CBaseEntity::AddPoints(int, BOOL)	0	static
../Example/User/CM7/engine/sdk/dlls/cbase.h:179:15:virtual void CBaseEntity::AddPointsToTeam(int, BOOL)	0	static
../Example/User/CM7/engine/sdk/dlls/cbase.h:180:15:virtual BOOL CBaseEntity::AddPlayerItem(CBasePlayerItem*)	0	static
../Example/User/CM7/engine/sdk/dlls/cbase.h:181:15:virtual BOOL CBaseEntity::RemovePlayerItem(CBasePlayerItem*)	0	static
../Example/User/CM7/engine/sdk/dlls/cbase.h:182:14:virtual int CBaseEntity::GiveAmmo(int, const char*, int)	0	static
../Example/User/CM7/engine/sdk/dlls/cbase.h:185:15:virtual void CBaseEntity::OverrideReset()	0	static
../Example/User/CM7/engine/sdk/dlls/cbase.h:188:15:virtual void CBaseEntity::SetToggleState(int)	0	static
../Example/User/CM7/engine/sdk/dlls/cbase.h:189:15:virtual void CBaseEntity::StartSneaking()	0	static
../Example/User/CM7/engine/sdk/dlls/cbase.h:190:15:virtual void CBaseEntity::StopSneaking()	0	static
../Example/User/CM7/engine/sdk/dlls/cbase.h:191:15:virtual BOOL CBaseEntity::OnControls(entvars_t*)	0	static
../Example/User/CM7/engine/sdk/dlls/cbase.h:192:15:virtual BOOL CBaseEntity::IsSneaking()	0	static
../Example/User/CM7/engine/sdk/dlls/cbase.h:194:15:virtual BOOL CBaseEntity::IsBSPModel()	0	static
../Example/User/CM7/engine/sdk/dlls/cbase.h:195:15:virtual BOOL CBaseEntity::ReflectGauss()	8	static
../Example/User/CM7/engine/sdk/dlls/cbase.h:198:15:virtual BOOL CBaseEntity::IsPlayer()	0	static
../Example/User/CM7/engine/sdk/dlls/cbase.h:199:15:virtual BOOL CBaseEntity::IsNetClient()	0	static
../Example/User/CM7/engine/sdk/dlls/cbase.h:200:22:virtual const char* CBaseEntity::TeamID()	0	static
../Example/User/CM7/engine/sdk/dlls/cbase.h:211:15:virtual void CBaseEntity::Think()	4	static
../Example/User/CM7/engine/sdk/dlls/cbase.h:212:15:virtual void CBaseEntity::Touch(CBaseEntity*)	8	static
../Example/User/CM7/engine/sdk/dlls/cbase.h:213:15:virtual void CBaseEntity::Use(CBaseEntity*, CBaseEntity*, USE_TYPE, float)	16	static
../Example/User/CM7/engine/sdk/dlls/cbase.h:218:15:virtual void CBaseEntity::Blocked(CBaseEntity*)	8	static
../Example/User/CM7/engine/sdk/dlls/cbase.h:246:23:virtual CBaseEntity* CBaseEntity::Respawn()	0	static
../Example/User/CM7/engine/sdk/dlls/cbase.h:317:15:virtual void CBaseEntity::UpdateOwner()	0	static
../Example/User/CM7/engine/sdk/dlls/cbase.h:327:17:virtual Vector CBaseEntity::EyePosition()	0	static
../Example/User/CM7/engine/sdk/dlls/cbase.h:526:15:virtual int CBaseToggle::GetToggleState()	0	static
../Example/User/CM7/engine/sdk/dlls/cbase.h:527:16:virtual float CBaseToggle::GetDelay()	0	static
../Example/User/CM7/engine/sdk/dlls/basemonster.h:120:14:virtual int CBaseMonster::BloodColor()	0	static
../Example/User/CM7/engine/sdk/dlls/basemonster.h:122:24:virtual CBaseMonster* CBaseMonster::MyMonsterPointer()	0	static
../Example/User/CM7/engine/sdk/dlls/basemonster.h:127:15:virtual BOOL CBaseMonster::IsAlive()	0	static
../Example/User/CM7/engine/sdk/dlls/basemonster.h:158:19:virtual Activity CBaseMonster::GetStoppedActivity()	0	static
../Example/User/CM7/engine/sdk/dlls/basemonster.h:159:15:virtual void CBaseMonster::Stop()	8	static
../Example/User/CM7/engine/sdk/dlls/basemonster.h:186:15:virtual void CBaseMonster::ScheduleChange()	0	static
../Example/User/CM7/engine/sdk/dlls/basemonster.h:189:14:virtual int CBaseMonster::CanPlaySentence(BOOL)	0	static
../Example/User/CM7/engine/sdk/dlls/basemonster.h:224:15:virtual void CBaseMonster::SetYawSpeed()	0	static
../Example/User/CM7/engine/sdk/dlls/basemonster.h:232:15:virtual BOOL CBaseMonster::FValidateCover(const Vector&)	0	static
../Example/User/CM7/engine/sdk/dlls/basemonster.h:233:16:virtual float CBaseMonster::CoverRadius()	0	static
../Example/User/CM7/engine/sdk/dlls/basemonster.h:236:15:virtual void CBaseMonster::CheckAmmo()	0	static
../Example/User/CM7/engine/sdk/dlls/basemonster.h:261:16:virtual float CBaseMonster::HearingSensitivity()	0	static
../Example/User/CM7/engine/sdk/dlls/basemonster.h:281:15:virtual void CBaseMonster::PrescheduleThink()	0	static
../Example/User/CM7/engine/sdk/dlls/basemonster.h:310:14:virtual int CBaseMonster::IsMoving()	0	static
../Example/User/CM7/engine/sdk/dlls/basemonster.h:315:15:virtual void CBaseMonster::DeathSound()	0	static
../Example/User/CM7/engine/sdk/dlls/basemonster.h:316:15:virtual void CBaseMonster::AlertSound()	0	static
../Example/User/CM7/engine/sdk/dlls/basemonster.h:317:15:virtual void CBaseMonster::IdleSound()	0	static
../Example/User/CM7/engine/sdk/dlls/basemonster.h:318:15:virtual void CBaseMonster::PainSound()	0	static
../Example/User/CM7/engine/sdk/dlls/basemonster.h:320:15:virtual void CBaseMonster::StopFollowing(BOOL)	0	static
../Example/User/CM7/engine/sdk/dlls/talkmonster.h:151:15:virtual int CTalkMonster::FriendNumber(int)	0	static
../Example/User/CM7/engine/sdk/dlls/barney.cpp:57:14:virtual int CBarney::ObjectCaps()	0	static
../Example/User/CM7/engine/sdk/dlls/barney.cpp:240:5:virtual int CBarney::ISoundMask()	0	static
../Example/User/CM7/engine/sdk/dlls/barney.cpp:255:5:virtual int CBarney::Classify()	0	static
../Example/User/CM7/engine/sdk/dlls/barney.cpp:278:6:virtual void CBarney::SetYawSpeed()	0	static
../Example/User/CM7/engine/sdk/dlls/barney.cpp:762:6:virtual void CBarney::DeclineFollowing()	0	static
../Example/User/CM7/engine/sdk/dlls/barney.cpp:781:6:virtual int CDeadBarney::Classify()	0	static
../Example/User/CM7/engine/sdk/dlls/barney.cpp:212:1:virtual Schedule_t* CBarney::ScheduleFromName(const char*)	16	static
../Example/User/CM7/engine/sdk/dlls/barney.cpp:214:6:virtual void CBarney::StartTask(Task_t*)	0	static
../Example/User/CM7/engine/sdk/dlls/cbase.h:331:14:virtual int CBaseEntity::Illumination()	8	static
../Example/User/CM7/engine/sdk/dlls/barney.cpp:394:6:virtual void CBarney::Spawn()	40	static
../Example/User/CM7/engine/sdk/dlls/barney.cpp:537:6:virtual void CBarney::PainSound()	32	static
../Example/User/CM7/engine/sdk/dlls/barney.cpp:561:6:virtual void CBarney::DeathSound()	24	static
../Example/User/CM7/engine/sdk/dlls/barney.cpp:577:6:virtual void CBarney::TraceAttack(entvars_t*, float, Vector, TraceResult*, int)	56	static
../Example/User/CM7/engine/sdk/dlls/barney.cpp:607:6:virtual void CBarney::Killed(entvars_t*, int)	40	static
../Example/User/CM7/engine/sdk/dlls/barney.cpp:629:13:virtual Schedule_t* CBarney::GetScheduleOfType(int)	16	static
../Example/User/CM7/engine/sdk/dlls/barney.cpp:677:13:virtual Schedule_t* CBarney::GetSchedule()	24	static
../Example/User/CM7/engine/sdk/dlls/barney.cpp:757:14:virtual MONSTERSTATE CBarney::GetIdealState()	0	static
../Example/User/CM7/engine/sdk/dlls/barney.cpp:807:6:virtual void CDeadBarney::Spawn()	24	static
../Example/User/CM7/engine/sdk/dlls/barney.cpp:102:1:virtual int CBarney::Save(CSave&)	24	static
../Example/User/CM7/engine/sdk/dlls/barney.cpp:102:1:virtual int CBarney::Restore(CRestore&)	24	static
../Example/User/CM7/engine/sdk/dlls/barney.cpp:219:6:virtual void CBarney::RunTask(Task_t*)	16	static
../Example/User/CM7/engine/sdk/dlls/barney.cpp:263:6:virtual void CBarney::AlertSound()	16	static
../Example/User/CM7/engine/sdk/dlls/barney.cpp:791:6:virtual void CDeadBarney::KeyValue(KeyValueData*)	16	static
../Example/User/CM7/engine/sdk/dlls/cbase.h:196:15:virtual BOOL CBaseEntity::HasTarget(string_t)	8	static
../Example/User/CM7/engine/sdk/dlls/barney.cpp:494:5:virtual int CBarney::TakeDamage(entvars_t*, entvars_t*, float, int)	64	static
../Example/User/CM7/engine/sdk/dlls/barney.cpp:306:6:virtual BOOL CBarney::CheckRangeAttack1(float, float)	120	static
../Example/User/CM7/engine/sdk/dlls/cbase.h:326:17:virtual Vector CBaseEntity::Center()	0	static
../Example/User/CM7/engine/sdk/dlls/basemonster.h:300:17:virtual Vector CBaseMonster::BodyTarget(const Vector&)	56	static
../Example/User/CM7/engine/sdk/dlls/cbase.h:328:17:virtual Vector CBaseEntity::EarPosition()	0	static
../Example/User/CM7/engine/sdk/dlls/cbase.h:221:8:static void* CBaseEntity::operator new(size_t, entvars_t*)	16	static
../Example/User/CM7/engine/sdk/dlls/barney.cpp:334:6:void CBarney::BarneyFirePistol()	112	static
../Example/User/CM7/engine/sdk/dlls/barney.cpp:369:6:virtual void CBarney::HandleAnimEvent(MonsterEvent_t*)	0	static
../Example/User/CM7/engine/sdk/dlls/barney.cpp:443:6:void CBarney::TalkInit()	8	static
../Example/User/CM7/engine/sdk/dlls/barney.cpp:421:6:virtual void CBarney::Precache()	16	static
../Example/User/CM7/engine/sdk/dlls/basemonster.h:22:7:CBaseMonster::CBaseMonster()	0	static
../Example/User/CM7/engine/sdk/dlls/cbase.h:720:24:T* GetClassPtr(T*) [with T = CBarney]	16	static
../Example/User/CM7/engine/sdk/dlls/cbase.h:720:24:T* GetClassPtr(T*) [with T = CDeadBarney]	16	static
../Example/User/CM7/engine/sdk/dlls/barney.cpp:826:1:cpp)	8	static
