../Example/User/CM7/engine/sdk/dlls/cbase.h:151:15:virtual void CBaseEntity::Precache()	0	static
../Example/User/CM7/engine/sdk/dlls/cbase.h:152:15:virtual void CBaseEntity::KeyValue(KeyValueData*)	0	static
../Example/User/CM7/engine/sdk/dlls/cbase.h:155:14:virtual int CBaseEntity::ObjectCaps()	0	static
../Example/User/CM7/engine/sdk/dlls/cbase.h:156:15:virtual void CBaseEntity::Activate()	0	static
../Example/User/CM7/engine/sdk/dlls/cbase.h:163:14:virtual int CBaseEntity::Classify()	0	static
../Example/User/CM7/engine/sdk/dlls/cbase.h:164:15:virtual void CBaseEntity::DeathNotice(entvars_t*)	0	static
../Example/User/CM7/engine/sdk/dlls/cbase.h:172:14:virtual int CBaseEntity::BloodColor()	0	static
../Example/User/CM7/engine/sdk/dlls/cbase.h:174:15:virtual BOOL CBaseEntity::IsTriggered(CBaseEntity*)	0	static
../Example/User/CM7/engine/sdk/dlls/cbase.h:175:24:virtual CBaseMonster* CBaseEntity::MyMonsterPointer()	0	static
../Example/User/CM7/engine/sdk/dlls/cbase.h:176:25:virtual CSquadMonster* CBaseEntity::MySquadMonsterPointer()	0	static
../Example/User/CM7/engine/sdk/dlls/cbase.h:177:14:virtual int CBaseEntity::GetToggleState()	0	static
../Example/User/CM7/engine/sdk/dlls/cbase.h:178:15:virtual void CBaseEntity::AddPoints(int, BOOL)	0	static
../Example/User/CM7/engine/sdk/dlls/cbase.h:179:15:virtual void CBaseEntity::AddPointsToTeam(int, BOOL)	0	static
../Example/User/CM7/engine/sdk/dlls/cbase.h:180:15:virtual BOOL CBaseEntity::AddPlayerItem(CBasePlayerItem*)	0	static
../Example/User/CM7/engine/sdk/dlls/cbase.h:181:15:virtual BOOL CBaseEntity::RemovePlayerItem(CBasePlayerItem*)	0	static
../Example/User/CM7/engine/sdk/dlls/cbase.h:182:14:virtual int CBaseEntity::GiveAmmo(int, const char*, int)	0	static
../Example/User/CM7/engine/sdk/dlls/cbase.h:183:16:virtual float CBaseEntity::GetDelay()	0	static
../Example/User/CM7/engine/sdk/dlls/cbase.h:185:15:virtual void CBaseEntity::OverrideReset()	0	static
../Example/User/CM7/engine/sdk/dlls/cbase.h:188:15:virtual void CBaseEntity::SetToggleState(int)	0	static
../Example/User/CM7/engine/sdk/dlls/cbase.h:189:15:virtual void CBaseEntity::StartSneaking()	0	static
../Example/User/CM7/engine/sdk/dlls/cbase.h:190:15:virtual void CBaseEntity::StopSneaking()	0	static
../Example/User/CM7/engine/sdk/dlls/cbase.h:191:15:virtual BOOL CBaseEntity::OnControls(entvars_t*)	0	static
../Example/User/CM7/engine/sdk/dlls/cbase.h:192:15:virtual BOOL CBaseEntity::IsSneaking()	0	static
../Example/User/CM7/engine/sdk/dlls/cbase.h:193:15:virtual BOOL CBaseEntity::IsAlive()	0	static
../Example/User/CM7/engine/sdk/dlls/cbase.h:194:15:virtual BOOL CBaseEntity::IsBSPModel()	0	static
../Example/User/CM7/engine/sdk/dlls/cbase.h:195:15:virtual BOOL CBaseEntity::ReflectGauss()	8	static
../Example/User/CM7/engine/sdk/dlls/cbase.h:198:15:virtual BOOL CBaseEntity::IsPlayer()	0	static
../Example/User/CM7/engine/sdk/dlls/cbase.h:199:15:virtual BOOL CBaseEntity::IsNetClient()	0	static
../Example/User/CM7/engine/sdk/dlls/cbase.h:200:22:virtual const char* CBaseEntity::TeamID()	0	static
../Example/User/CM7/engine/sdk/dlls/cbase.h:211:15:virtual void CBaseEntity::Think()	4	static
../Example/User/CM7/engine/sdk/dlls/cbase.h:212:15:virtual void CBaseEntity::Touch(CBaseEntity*)	8	static
../Example/User/CM7/engine/sdk/dlls/cbase.h:213:15:virtual void CBaseEntity::Use(CBaseEntity*, CBaseEntity*, USE_TYPE, float)	16	static
../Example/User/CM7/engine/sdk/dlls/cbase.h:218:15:virtual void CBaseEntity::Blocked(CBaseEntity*)	8	static
../Example/User/CM7/engine/sdk/dlls/cbase.h:246:23:virtual CBaseEntity* CBaseEntity::Respawn()	0	static
../Example/User/CM7/engine/sdk/dlls/cbase.h:317:15:virtual void CBaseEntity::UpdateOwner()	0	static
../Example/User/CM7/engine/sdk/dlls/cbase.h:321:15:virtual BOOL CBaseEntity::FBecomeProne()	0	static
../Example/User/CM7/engine/sdk/dlls/cbase.h:327:17:virtual Vector CBaseEntity::EyePosition()	0	static
../Example/User/CM7/engine/sdk/dlls/cbase.h:329:17:virtual Vector CBaseEntity::BodyTarget(const Vector&)	8	static
../Example/User/CM7/engine/sdk/dlls/cbase.h:384:14:virtual int CPointEntity::ObjectCaps()	0	static
../Example/User/CM7/engine/sdk/dlls/cbase.h:526:15:virtual int CBaseToggle::GetToggleState()	0	static
../Example/User/CM7/engine/sdk/dlls/cbase.h:527:16:virtual float CBaseToggle::GetDelay()	0	static
../Example/User/CM7/engine/sdk/dlls/basemonster.h:120:14:virtual int CBaseMonster::BloodColor()	0	static
../Example/User/CM7/engine/sdk/dlls/basemonster.h:122:24:virtual CBaseMonster* CBaseMonster::MyMonsterPointer()	0	static
../Example/User/CM7/engine/sdk/dlls/basemonster.h:127:15:virtual BOOL CBaseMonster::IsAlive()	0	static
../Example/User/CM7/engine/sdk/dlls/basemonster.h:158:19:virtual Activity CBaseMonster::GetStoppedActivity()	0	static
../Example/User/CM7/engine/sdk/dlls/basemonster.h:159:15:virtual void CBaseMonster::Stop()	8	static
../Example/User/CM7/engine/sdk/dlls/basemonster.h:186:15:virtual void CBaseMonster::ScheduleChange()	0	static
../Example/User/CM7/engine/sdk/dlls/basemonster.h:189:14:virtual int CBaseMonster::CanPlaySentence(BOOL)	0	static
../Example/User/CM7/engine/sdk/dlls/basemonster.h:232:15:virtual BOOL CBaseMonster::FValidateCover(const Vector&)	0	static
../Example/User/CM7/engine/sdk/dlls/basemonster.h:233:16:virtual float CBaseMonster::CoverRadius()	0	static
../Example/User/CM7/engine/sdk/dlls/basemonster.h:236:15:virtual void CBaseMonster::CheckAmmo()	0	static
../Example/User/CM7/engine/sdk/dlls/basemonster.h:261:16:virtual float CBaseMonster::HearingSensitivity()	0	static
../Example/User/CM7/engine/sdk/dlls/basemonster.h:281:15:virtual void CBaseMonster::PrescheduleThink()	0	static
../Example/User/CM7/engine/sdk/dlls/basemonster.h:310:14:virtual int CBaseMonster::IsMoving()	0	static
../Example/User/CM7/engine/sdk/dlls/basemonster.h:315:15:virtual void CBaseMonster::DeathSound()	0	static
../Example/User/CM7/engine/sdk/dlls/basemonster.h:316:15:virtual void CBaseMonster::AlertSound()	0	static
../Example/User/CM7/engine/sdk/dlls/basemonster.h:317:15:virtual void CBaseMonster::IdleSound()	0	static
../Example/User/CM7/engine/sdk/dlls/basemonster.h:318:15:virtual void CBaseMonster::PainSound()	0	static
../Example/User/CM7/engine/sdk/dlls/basemonster.h:320:15:virtual void CBaseMonster::StopFollowing(BOOL)	0	static
../Example/User/CM7/engine/sdk/dlls/bigmomma.cpp:64:6:virtual void CInfoBM::Spawn()	0	static
../Example/User/CM7/engine/sdk/dlls/bigmomma.cpp:246:7:virtual void CBigMomma::OverrideReset()	0	static
../Example/User/CM7/engine/sdk/dlls/bigmomma.cpp:401:5:virtual int CBigMomma::Classify()	0	static
../Example/User/CM7/engine/sdk/dlls/bigmomma.cpp:410:6:virtual void CBigMomma::SetYawSpeed()	0	static
../Example/User/CM7/engine/sdk/dlls/bigmomma.cpp:734:6:virtual BOOL CBigMomma::CheckMeleeAttack1(float, float)	0	static
../Example/User/CM7/engine/sdk/dlls/bigmomma.cpp:384:6:virtual void CBigMomma::KeyValue(KeyValueData*)	0	static
../Example/User/CM7/engine/sdk/dlls/bigmomma.cpp:560:5:virtual int CBigMomma::TakeDamage(entvars_t*, entvars_t*, float, int)	32	static
../Example/User/CM7/engine/sdk/dlls/cbase.h:331:14:virtual int CBaseEntity::Illumination()	8	static
../Example/User/CM7/engine/sdk/dlls/bigmomma.cpp:538:6:virtual void CBigMomma::TraceAttack(entvars_t*, float, Vector, TraceResult*, int)	72	static
../Example/User/CM7/engine/sdk/dlls/bigmomma.cpp:632:6:virtual void CBigMomma::Spawn()	40	static
../Example/User/CM7/engine/sdk/dlls/bigmomma.cpp:1097:6:virtual void CBMortar::Spawn()	48	static
../Example/User/CM7/engine/sdk/dlls/bigmomma.cpp:653:6:virtual void CBigMomma::Precache()	16	static
../Example/User/CM7/engine/sdk/dlls/bigmomma.cpp:679:6:virtual void CBigMomma::Activate()	8	static
../Example/User/CM7/engine/sdk/dlls/bigmomma.cpp:840:1:virtual Schedule_t* CBigMomma::ScheduleFromName(const char*)	16	static
../Example/User/CM7/engine/sdk/dlls/bigmomma.cpp:842:13:virtual Schedule_t* CBigMomma::GetScheduleOfType(int)	0	static
../Example/User/CM7/engine/sdk/dlls/bigmomma.cpp:62:1:virtual int CInfoBM::Save(CSave&)	24	static
../Example/User/CM7/engine/sdk/dlls/bigmomma.cpp:125:1:virtual int CBMortar::Save(CSave&)	24	static
../Example/User/CM7/engine/sdk/dlls/bigmomma.cpp:62:1:virtual int CInfoBM::Restore(CRestore&)	24	static
../Example/User/CM7/engine/sdk/dlls/bigmomma.cpp:125:1:virtual int CBMortar::Restore(CRestore&)	24	static
../Example/User/CM7/engine/sdk/dlls/bigmomma.cpp:321:1:virtual int CBigMomma::Save(CSave&)	24	static
../Example/User/CM7/engine/sdk/dlls/bigmomma.cpp:321:1:virtual int CBigMomma::Restore(CRestore&)	24	static
../Example/User/CM7/engine/sdk/dlls/bigmomma.cpp:605:6:virtual void CBigMomma::DeathNotice(entvars_t*)	32	static
../Example/User/CM7/engine/sdk/dlls/bigmomma.cpp:276:7:virtual void CBigMomma::SetObjectCollisionBox()	0	static
../Example/User/CM7/engine/sdk/dlls/cbase.h:196:15:virtual BOOL CBaseEntity::HasTarget(string_t)	8	static
../Example/User/CM7/engine/sdk/dlls/bigmomma.cpp:68:6:virtual void CInfoBM::KeyValue(KeyValueData*)	16	static
../Example/User/CM7/engine/sdk/dlls/cbase.h:326:17:virtual Vector CBaseEntity::Center()	0	static
../Example/User/CM7/engine/sdk/dlls/basemonster.h:300:17:virtual Vector CBaseMonster::BodyTarget(const Vector&)	56	static
../Example/User/CM7/engine/sdk/dlls/cbase.h:328:17:virtual Vector CBaseEntity::EarPosition()	0	static
../Example/User/CM7/engine/sdk/dlls/cbase.h:184:14:virtual int CBaseEntity::IsMoving()	0	static
../Example/User/CM7/engine/sdk/dlls/vector.h:82:15:float Vector::Length() const	0	static
../Example/User/CM7/engine/sdk/dlls/cbase.h:221:8:static void* CBaseEntity::operator new(size_t, entvars_t*)	16	static
../Example/User/CM7/engine/sdk/dlls/cbase.h:720:24:T* GetClassPtr(T*) [with T = CInfoBM]	8	static
../Example/User/CM7/engine/sdk/dlls/cbase.h:720:24:T* GetClassPtr(T*) [with T = CBMortar]	8	static
../Example/User/CM7/engine/sdk/dlls/cbase.h:720:24:T* GetClassPtr(T*) [with T = CBigMomma]	8	static
../Example/User/CM7/engine/sdk/dlls/cbase.h:322:11:edict_t* CBaseEntity::edict()	0	static
../Example/User/CM7/engine/sdk/dlls/basemonster.h:209:14:void CBaseMonster::TaskComplete()	0	static
../Example/User/CM7/engine/sdk/dlls/bigmomma.cpp:981:6:virtual void CBigMomma::RunTask(Task_t*)	24	static
../Example/User/CM7/engine/sdk/dlls/bigmomma.cpp:253:7:BOOL CBigMomma::CanLayCrab()	48	static
../Example/User/CM7/engine/sdk/dlls/bigmomma.cpp:745:6:virtual BOOL CBigMomma::CheckMeleeAttack2(float, float)	8	static
../Example/User/CM7/engine/sdk/dlls/bigmomma.cpp:579:6:void CBigMomma::LayHeadcrab()	120	static
../Example/User/CM7/engine/sdk/dlls/bigmomma.cpp:685:6:void CBigMomma::NodeStart(int)	16	static
../Example/User/CM7/engine/sdk/dlls/bigmomma.cpp:709:6:void CBigMomma::NodeReach()	16	static
../Example/User/CM7/engine/sdk/dlls/bigmomma.cpp:877:6:virtual void CBigMomma::StartTask(Task_t*)	64	static
../Example/User/CM7/engine/sdk/dlls/bigmomma.cpp:857:6:BOOL CBigMomma::ShouldGoToNode()	0	static
../Example/User/CM7/engine/sdk/dlls/bigmomma.cpp:867:13:virtual Schedule_t* CBigMomma::GetSchedule()	8	static
../Example/User/CM7/engine/sdk/dlls/bigmomma.cpp:1029:8:Vector VecCheckSplatToss(entvars_t*, const Vector&, Vector, float)	144	static
../Example/User/CM7/engine/sdk/dlls/bigmomma.cpp:751:6:virtual BOOL CBigMomma::CheckRangeAttack1(float, float)	56	static
../Example/User/CM7/engine/sdk/dlls/bigmomma.cpp:1079:6:void MortarSpray(const Vector&, const Vector&, int, int)	32	static
../Example/User/CM7/engine/sdk/dlls/bigmomma.cpp:1116:6:void CBMortar::Animate()	40	static
../Example/User/CM7/engine/sdk/dlls/bigmomma.cpp:1149:6:virtual void CBMortar::Touch(CBaseEntity*)	104	static
../Example/User/CM7/engine/sdk/dlls/bigmomma.cpp:1134:11:static CBMortar* CBMortar::Shoot(edict_t*, Vector, Vector)	32	static
../Example/User/CM7/engine/sdk/dlls/bigmomma.cpp:616:6:void CBigMomma::LaunchMortar()	80	static
../Example/User/CM7/engine/sdk/dlls/bigmomma.cpp:432:6:virtual void CBigMomma::HandleAnimEvent(MonsterEvent_t*)	136	static
../Example/User/CM7/engine/sdk/dlls/bigmomma.cpp:1191:1:cpp)	8	static
