../Example/User/CM7/engine/sdk/dlls/cbase.h:150:15:virtual void CBaseEntity::Spawn()	0	static
../Example/User/CM7/engine/sdk/dlls/cbase.h:151:15:virtual void CBaseEntity::Precache()	0	static
../Example/User/CM7/engine/sdk/dlls/cbase.h:152:15:virtual void CBaseEntity::KeyValue(KeyValueData*)	0	static
../Example/User/CM7/engine/sdk/dlls/cbase.h:155:14:virtual int CBaseEntity::ObjectCaps()	0	static
../Example/User/CM7/engine/sdk/dlls/cbase.h:156:15:virtual void CBaseEntity::Activate()	0	static
../Example/User/CM7/engine/sdk/dlls/cbase.h:163:14:virtual int CBaseEntity::Classify()	0	static
../Example/User/CM7/engine/sdk/dlls/cbase.h:164:15:virtual void CBaseEntity::DeathNotice(entvars_t*)	0	static
../Example/User/CM7/engine/sdk/dlls/cbase.h:172:14:virtual int CBaseEntity::BloodColor()	0	static
../Example/User/CM7/engine/sdk/dlls/cbase.h:174:15:virtual BOOL CBaseEntity::IsTriggered(CBaseEntity*)	0	static
../Example/User/CM7/engine/sdk/dlls/cbase.h:175:24:virtual CBaseMonster* CBaseEntity::MyMonsterPointer()	0	static
../Example/User/CM7/engine/sdk/dlls/cbase.h:176:25:virtual CSquadMonster* CBaseEntity::MySquadMonsterPointer()	0	static
../Example/User/CM7/engine/sdk/dlls/cbase.h:177:14:virtual int CBaseEntity::GetToggleState()	0	static
../Example/User/CM7/engine/sdk/dlls/cbase.h:178:15:virtual void CBaseEntity::AddPoints(int, BOOL)	0	static
../Example/User/CM7/engine/sdk/dlls/cbase.h:179:15:virtual void CBaseEntity::AddPointsToTeam(int, BOOL)	0	static
../Example/User/CM7/engine/sdk/dlls/cbase.h:180:15:virtual BOOL CBaseEntity::AddPlayerItem(CBasePlayerItem*)	0	static
../Example/User/CM7/engine/sdk/dlls/cbase.h:181:15:virtual BOOL CBaseEntity::RemovePlayerItem(CBasePlayerItem*)	0	static
../Example/User/CM7/engine/sdk/dlls/cbase.h:182:14:virtual int CBaseEntity::GiveAmmo(int, const char*, int)	0	static
../Example/User/CM7/engine/sdk/dlls/cbase.h:183:16:virtual float CBaseEntity::GetDelay()	0	static
../Example/User/CM7/engine/sdk/dlls/cbase.h:184:14:virtual int CBaseEntity::IsMoving()	0	static
../Example/User/CM7/engine/sdk/dlls/cbase.h:185:15:virtual void CBaseEntity::OverrideReset()	0	static
../Example/User/CM7/engine/sdk/dlls/cbase.h:188:15:virtual void CBaseEntity::SetToggleState(int)	0	static
../Example/User/CM7/engine/sdk/dlls/cbase.h:189:15:virtual void CBaseEntity::StartSneaking()	0	static
../Example/User/CM7/engine/sdk/dlls/cbase.h:190:15:virtual void CBaseEntity::StopSneaking()	0	static
../Example/User/CM7/engine/sdk/dlls/cbase.h:191:15:virtual BOOL CBaseEntity::OnControls(entvars_t*)	0	static
../Example/User/CM7/engine/sdk/dlls/cbase.h:192:15:virtual BOOL CBaseEntity::IsSneaking()	0	static
../Example/User/CM7/engine/sdk/dlls/cbase.h:193:15:virtual BOOL CBaseEntity::IsAlive()	0	static
../Example/User/CM7/engine/sdk/dlls/cbase.h:194:15:virtual BOOL CBaseEntity::IsBSPModel()	0	static
../Example/User/CM7/engine/sdk/dlls/cbase.h:195:15:virtual BOOL CBaseEntity::ReflectGauss()	8	static
../Example/User/CM7/engine/sdk/dlls/cbase.h:198:15:virtual BOOL CBaseEntity::IsPlayer()	0	static
../Example/User/CM7/engine/sdk/dlls/cbase.h:199:15:virtual BOOL CBaseEntity::IsNetClient()	0	static
../Example/User/CM7/engine/sdk/dlls/cbase.h:200:22:virtual const char* CBaseEntity::TeamID()	0	static
../Example/User/CM7/engine/sdk/dlls/cbase.h:211:15:virtual void CBaseEntity::Think()	4	static
../Example/User/CM7/engine/sdk/dlls/cbase.h:212:15:virtual void CBaseEntity::Touch(CBaseEntity*)	8	static
../Example/User/CM7/engine/sdk/dlls/cbase.h:213:15:virtual void CBaseEntity::Use(CBaseEntity*, CBaseEntity*, USE_TYPE, float)	16	static
../Example/User/CM7/engine/sdk/dlls/cbase.h:218:15:virtual void CBaseEntity::Blocked(CBaseEntity*)	8	static
../Example/User/CM7/engine/sdk/dlls/cbase.h:246:23:virtual CBaseEntity* CBaseEntity::Respawn()	0	static
../Example/User/CM7/engine/sdk/dlls/cbase.h:317:15:virtual void CBaseEntity::UpdateOwner()	0	static
../Example/User/CM7/engine/sdk/dlls/cbase.h:321:15:virtual BOOL CBaseEntity::FBecomeProne()	0	static
../Example/User/CM7/engine/sdk/dlls/cbase.h:328:17:virtual Vector CBaseEntity::EarPosition()	0	static
../Example/User/CM7/engine/sdk/dlls/cbase.h:329:17:virtual Vector CBaseEntity::BodyTarget(const Vector&)	8	static
../Example/User/CM7/engine/sdk/dlls/cbase.cpp:220:6:void DispatchUse(edict_t*, edict_t*)	4	static
../Example/User/CM7/engine/sdk/dlls/cbase.cpp:229:6:void DispatchThink(edict_t*)	8	static
../Example/User/CM7/engine/sdk/dlls/cbase.cpp:241:6:void DispatchBlocked(edict_t*, edict_t*)	0	static
../Example/User/CM7/engine/sdk/dlls/cbase.cpp:494:5:virtual int CBaseEntity::TakeHealth(float, int)	0	static
../Example/User/CM7/engine/sdk/dlls/cbase.cpp:699:6:virtual BOOL CBaseEntity::IsInWorld()	0	static
../Example/User/CM7/engine/sdk/dlls/cbase.cpp:741:5:virtual int CBaseEntity::DamageDecal(int)	0	static
../Example/User/CM7/engine/sdk/dlls/cbase.h:196:15:virtual BOOL CBaseEntity::HasTarget(string_t)	8	static
../Example/User/CM7/engine/sdk/dlls/saverestore.h:51:7:CSave::~CSave()	8	static
../Example/User/CM7/engine/sdk/dlls/saverestore.h:51:7:virtual CSave::~CSave()	8	static
../Example/User/CM7/engine/sdk/dlls/cbase.cpp:250:6:void DispatchSave(edict_t*, SAVERESTOREDATA*)	32	static
../Example/User/CM7/engine/sdk/dlls/saverestore.h:86:7:CRestore::~CRestore()	8	static
../Example/User/CM7/engine/sdk/dlls/saverestore.h:86:7:virtual CRestore::~CRestore()	8	static
../Example/User/CM7/engine/sdk/dlls/cbase.h:331:14:virtual int CBaseEntity::Illumination()	8	static
../Example/User/CM7/engine/sdk/dlls/cbase.cpp:429:6:void SaveReadFields(SAVERESTOREDATA*, const char*, void*, TYPEDESCRIPTION*, int)	40	static
../Example/User/CM7/engine/sdk/dlls/cbase.cpp:562:6:virtual void CBaseEntity::Killed(entvars_t*, int)	0	static
../Example/User/CM7/engine/sdk/dlls/cbase.cpp:599:5:virtual int CBaseEntity::Restore(CRestore&)	64	static
../Example/User/CM7/engine/sdk/dlls/cbase.cpp:591:5:virtual int CBaseEntity::Save(CSave&)	24	static
../Example/User/CM7/engine/sdk/dlls/cbase.cpp:208:6:void DispatchTouch(edict_t*, edict_t*)	0	static
../Example/User/CM7/engine/sdk/dlls/cbase.cpp:183:6:void DispatchKeyValue(edict_t*, KeyValueData*)	16	static
../Example/User/CM7/engine/sdk/dlls/cbase.cpp:423:6:void SaveWriteFields(SAVERESTOREDATA*, const char*, void*, TYPEDESCRIPTION*, int)	32	static
../Example/User/CM7/engine/sdk/dlls/cbase.cpp:622:6:void SetObjectCollisionBox(entvars_t*)	0	static
../Example/User/CM7/engine/sdk/dlls/cbase.cpp:661:6:virtual void CBaseEntity::SetObjectCollisionBox()	0	static
../Example/User/CM7/engine/sdk/dlls/cbase.cpp:412:6:void DispatchObjectCollsionBox(edict_t*)	0	static
../Example/User/CM7/engine/sdk/dlls/cbase.h:326:17:virtual Vector CBaseEntity::Center()	0	static
../Example/User/CM7/engine/sdk/dlls/cbase.h:327:17:virtual Vector CBaseEntity::EyePosition()	0	static
../Example/User/CM7/engine/sdk/dlls/vector.h:85:16:Vector Vector::Normalize() const	16	static
../Example/User/CM7/engine/sdk/dlls/util.h:142:16:EOFFSET OFFSET(const edict_t*)	0	static
../Example/User/CM7/engine/sdk/dlls/cbase.cpp:513:5:virtual int CBaseEntity::TakeDamage(entvars_t*, entvars_t*, float, int)	72	static
../Example/User/CM7/engine/sdk/dlls/cbase.h:255:22:static CBaseEntity* CBaseEntity::Instance(edict_t*)	8	static
../Example/User/CM7/engine/sdk/dlls/cbase.cpp:569:14:virtual CBaseEntity* CBaseEntity::GetNextTarget()	8	static
../Example/User/CM7/engine/sdk/dlls/cbase.cpp:104:5:int GetEntityAPI(DLL_FUNCTIONS*, int)	8	static
../Example/User/CM7/engine/sdk/dlls/cbase.cpp:115:5:int GetEntityAPI2(DLL_FUNCTIONS*, int*)	8	static
../Example/User/CM7/engine/sdk/dlls/cbase.cpp:286:14:CBaseEntity* FindGlobalEntity(string_t, string_t)	32	static
../Example/User/CM7/engine/sdk/dlls/cbase.cpp:435:10:edict_t* EHANDLE::Get()	0	static
../Example/User/CM7/engine/sdk/dlls/cbase.cpp:447:10:edict_t* EHANDLE::Set(edict_t*)	0	static
../Example/User/CM7/engine/sdk/dlls/cbase.cpp:462:1:EHANDLE::operator CBaseEntity*()	8	static
../Example/User/CM7/engine/sdk/dlls/cbase.cpp:467:14:CBaseEntity* EHANDLE::operator=(CBaseEntity*)	16	static
../Example/User/CM7/engine/sdk/dlls/cbase.cpp:483:1:EHANDLE::operator int()	8	static
../Example/User/CM7/engine/sdk/dlls/cbase.cpp:488:15:CBaseEntity* EHANDLE::operator->()	0	static
../Example/User/CM7/engine/sdk/dlls/cbase.cpp:666:5:int CBaseEntity::Intersects(CBaseEntity*)	0	static
../Example/User/CM7/engine/sdk/dlls/cbase.cpp:678:6:void CBaseEntity::MakeDormant()	0	static
../Example/User/CM7/engine/sdk/dlls/cbase.cpp:132:5:int DispatchSpawn(edict_t*)	16	static
../Example/User/CM7/engine/sdk/dlls/cbase.cpp:302:5:int DispatchRestore(edict_t*, SAVERESTOREDATA*, int)	768	static
../Example/User/CM7/engine/sdk/dlls/cbase.cpp:694:5:int CBaseEntity::IsDormant()	0	static
../Example/User/CM7/engine/sdk/dlls/cbase.cpp:731:5:int CBaseEntity::ShouldToggle(USE_TYPE, BOOL)	0	static
../Example/User/CM7/engine/sdk/dlls/cbase.cpp:754:14:static CBaseEntity* CBaseEntity::Create(const char*, const Vector&, const Vector&, edict_t*)	24	static
