../Example/User/CM7/engine/sdk/dlls/cbase.h:150:15:virtual void CBaseEntity::Spawn()	0	static
../Example/User/CM7/engine/sdk/dlls/cbase.h:151:15:virtual void CBaseEntity::Precache()	0	static
../Example/User/CM7/engine/sdk/dlls/cbase.h:152:15:virtual void CBaseEntity::KeyValue(KeyValueData*)	0	static
../Example/User/CM7/engine/sdk/dlls/cbase.h:156:15:virtual void CBaseEntity::Activate()	0	static
../Example/User/CM7/engine/sdk/dlls/cbase.h:163:14:virtual int CBaseEntity::Classify()	0	static
../Example/User/CM7/engine/sdk/dlls/cbase.h:164:15:virtual void CBaseEntity::DeathNotice(entvars_t*)	0	static
../Example/User/CM7/engine/sdk/dlls/cbase.h:172:14:virtual int CBaseEntity::BloodColor()	0	static
../Example/User/CM7/engine/sdk/dlls/cbase.h:174:15:virtual BOOL CBaseEntity::IsTriggered(CBaseEntity*)	0	static
../Example/User/CM7/engine/sdk/dlls/cbase.h:175:24:virtual CBaseMonster* CBaseEntity::MyMonsterPointer()	0	static
../Example/User/CM7/engine/sdk/dlls/cbase.h:176:25:virtual CSquadMonster* CBaseEntity::MySquadMonsterPointer()	0	static
../Example/User/CM7/engine/sdk/dlls/cbase.h:177:14:virtual int CBaseEntity::GetToggleState()	0	static
../Example/User/CM7/engine/sdk/dlls/cbase.h:178:15:virtual void CBaseEntity::AddPoints(int, BOOL)	0	static
../Example/User/CM7/engine/sdk/dlls/cbase.h:179:15:virtual void CBaseEntity::AddPointsToTeam(int, BOOL)	0	static
../Example/User/CM7/engine/sdk/dlls/cbase.h:180:15:virtual BOOL CBaseEntity::AddPlayerItem(CBasePlayerItem*)	0	static
../Example/User/CM7/engine/sdk/dlls/cbase.h:181:15:virtual BOOL CBaseEntity::RemovePlayerItem(CBasePlayerItem*)	0	static
../Example/User/CM7/engine/sdk/dlls/cbase.h:182:14:virtual int CBaseEntity::GiveAmmo(int, const char*, int)	0	static
../Example/User/CM7/engine/sdk/dlls/cbase.h:183:16:virtual float CBaseEntity::GetDelay()	0	static
../Example/User/CM7/engine/sdk/dlls/cbase.h:185:15:virtual void CBaseEntity::OverrideReset()	0	static
../Example/User/CM7/engine/sdk/dlls/cbase.h:188:15:virtual void CBaseEntity::SetToggleState(int)	0	static
../Example/User/CM7/engine/sdk/dlls/cbase.h:189:15:virtual void CBaseEntity::StartSneaking()	0	static
../Example/User/CM7/engine/sdk/dlls/cbase.h:190:15:virtual void CBaseEntity::StopSneaking()	0	static
../Example/User/CM7/engine/sdk/dlls/cbase.h:191:15:virtual BOOL CBaseEntity::OnControls(entvars_t*)	0	static
../Example/User/CM7/engine/sdk/dlls/cbase.h:192:15:virtual BOOL CBaseEntity::IsSneaking()	0	static
../Example/User/CM7/engine/sdk/dlls/cbase.h:193:15:virtual BOOL CBaseEntity::IsAlive()	0	static
../Example/User/CM7/engine/sdk/dlls/cbase.h:194:15:virtual BOOL CBaseEntity::IsBSPModel()	0	static
../Example/User/CM7/engine/sdk/dlls/cbase.h:195:15:virtual BOOL CBaseEntity::ReflectGauss()	8	static
../Example/User/CM7/engine/sdk/dlls/cbase.h:198:15:virtual BOOL CBaseEntity::IsPlayer()	0	static
../Example/User/CM7/engine/sdk/dlls/cbase.h:199:15:virtual BOOL CBaseEntity::IsNetClient()	0	static
../Example/User/CM7/engine/sdk/dlls/cbase.h:200:22:virtual const char* CBaseEntity::TeamID()	0	static
../Example/User/CM7/engine/sdk/dlls/cbase.h:211:15:virtual void CBaseEntity::Think()	4	static
../Example/User/CM7/engine/sdk/dlls/cbase.h:212:15:virtual void CBaseEntity::Touch(CBaseEntity*)	8	static
../Example/User/CM7/engine/sdk/dlls/cbase.h:213:15:virtual void CBaseEntity::Use(CBaseEntity*, CBaseEntity*, USE_TYPE, float)	16	static
../Example/User/CM7/engine/sdk/dlls/cbase.h:218:15:virtual void CBaseEntity::Blocked(CBaseEntity*)	8	static
../Example/User/CM7/engine/sdk/dlls/cbase.h:246:23:virtual CBaseEntity* CBaseEntity::Respawn()	0	static
../Example/User/CM7/engine/sdk/dlls/cbase.h:317:15:virtual void CBaseEntity::UpdateOwner()	0	static
../Example/User/CM7/engine/sdk/dlls/cbase.h:321:15:virtual BOOL CBaseEntity::FBecomeProne()	0	static
../Example/User/CM7/engine/sdk/dlls/cbase.h:329:17:virtual Vector CBaseEntity::BodyTarget(const Vector&)	8	static
../Example/User/CM7/engine/sdk/dlls/monsters.h:149:14:virtual int CGib::ObjectCaps()	0	static
../Example/User/CM7/engine/sdk/dlls/combat.cpp:638:6:void CBaseEntity::SUB_StartFadeOut()	16	static
../Example/User/CM7/engine/sdk/dlls/combat.cpp:653:6:void CBaseEntity::SUB_FadeOut()	0	static
../Example/User/CM7/engine/sdk/dlls/cbase.h:331:14:virtual int CBaseEntity::Illumination()	8	static
../Example/User/CM7/engine/sdk/dlls/cbase.h:196:15:virtual BOOL CBaseEntity::HasTarget(string_t)	8	static
../Example/User/CM7/engine/sdk/dlls/combat.cpp:674:6:void CGib::WaitTillLand()	8	static
../Example/User/CM7/engine/sdk/dlls/combat.cpp:1267:6:virtual void CBaseEntity::TraceAttack(entvars_t*, float, Vector, TraceResult*, int)	72	static
../Example/User/CM7/engine/sdk/dlls/cbase.h:184:14:virtual int CBaseEntity::IsMoving()	0	static
../Example/User/CM7/engine/sdk/dlls/vector.h:35:18:Vector2D Vector2D::Normalize() const	16	static
../Example/User/CM7/engine/sdk/dlls/vector.h:75:16:Vector Vector::operator+(const Vector&) const	0	static
../Example/User/CM7/engine/sdk/dlls/cbase.h:328:17:virtual Vector CBaseEntity::EarPosition()	8	static
../Example/User/CM7/engine/sdk/dlls/cbase.h:327:17:virtual Vector CBaseEntity::EyePosition()	8	static
../Example/User/CM7/engine/sdk/dlls/cbase.h:326:17:virtual Vector CBaseEntity::Center()	24	static
../Example/User/CM7/engine/sdk/dlls/vector.h:82:15:float Vector::Length() const	0	static
../Example/User/CM7/engine/sdk/dlls/vector.h:85:16:Vector Vector::Normalize() const	16	static
../Example/User/CM7/engine/sdk/dlls/util.h:142:16:EOFFSET OFFSET(const edict_t*)	0	static
../Example/User/CM7/engine/sdk/dlls/util.h:182:13:BOOL FNullEnt(entvars_t*)	8	static
../Example/User/CM7/engine/sdk/dlls/cbase.h:255:22:static CBaseEntity* CBaseEntity::Instance(edict_t*)	8	static
../Example/User/CM7/engine/sdk/dlls/cbase.h:263:22:static CBaseEntity* CBaseEntity::Instance(entvars_t*)	8	static
../Example/User/CM7/engine/sdk/dlls/combat.cpp:46:6:void CGib::LimitVelocity()	40	static
../Example/User/CM7/engine/sdk/dlls/combat.cpp:254:6:virtual BOOL CBaseMonster::HasHumanGibs()	8	static
../Example/User/CM7/engine/sdk/dlls/combat.cpp:268:6:virtual BOOL CBaseMonster::HasAlienGibs()	8	static
../Example/User/CM7/engine/sdk/dlls/combat.cpp:284:6:virtual void CBaseMonster::FadeMonster()	12	static
../Example/User/CM7/engine/sdk/dlls/../engine/eiface.h:77:3:TraceResult::TraceResult()	0	static
../Example/User/CM7/engine/sdk/dlls/combat.cpp:704:6:void CGib::BounceGibTouch(CBaseEntity*)	112	static
../Example/User/CM7/engine/sdk/dlls/combat.cpp:747:6:void CGib::StickyGibTouch(CBaseEntity*)	112	static
../Example/User/CM7/engine/sdk/dlls/combat.cpp:1205:6:virtual BOOL CBaseEntity::FVisible(CBaseEntity*)	128	static
../Example/User/CM7/engine/sdk/dlls/combat.cpp:1243:6:virtual BOOL CBaseEntity::FVisible(const Vector&)	112	static
../Example/User/CM7/engine/sdk/dlls/combat.cpp:1566:6:virtual void CBaseEntity::TraceBleed(float, Vector, TraceResult*, int)	152	static
../Example/User/CM7/engine/sdk/dlls/combat.cpp:344:10:virtual Activity CBaseMonster::GetDeathActivity()	144	static
../Example/User/CM7/engine/sdk/dlls/combat.cpp:460:10:Activity CBaseMonster::GetSmallFlinchActivity()	16	static
../Example/User/CM7/engine/sdk/dlls/combat.cpp:508:6:virtual void CBaseMonster::BecomeDead()	16	static
../Example/User/CM7/engine/sdk/dlls/combat.cpp:530:6:BOOL CBaseMonster::ShouldGibMonster(int)	0	static
../Example/User/CM7/engine/sdk/dlls/combat.cpp:538:6:void CBaseMonster::CallGibMonster()	16	static
../Example/User/CM7/engine/sdk/dlls/combat.cpp:584:6:virtual void CBaseMonster::Killed(entvars_t*, int)	32	static
../Example/User/CM7/engine/sdk/dlls/combat.cpp:775:6:void CGib::Spawn(const char*)	56	static
../Example/User/CM7/engine/sdk/dlls/combat.cpp:801:5:virtual int CBaseMonster::TakeHealth(float, int)	4	static
../Example/User/CM7/engine/sdk/dlls/combat.cpp:964:5:int CBaseMonster::DeadTakeDamage(entvars_t*, entvars_t*, float, int)	112	static
../Example/User/CM7/engine/sdk/dlls/combat.cpp:1007:7:float CBaseMonster::DamageForce(float)	0	static
../Example/User/CM7/engine/sdk/dlls/combat.cpp:829:5:virtual int CBaseMonster::TakeDamage(entvars_t*, entvars_t*, float, int)	112	static
../Example/User/CM7/engine/sdk/dlls/combat.cpp:1023:6:void RadiusDamage(Vector, entvars_t*, entvars_t*, float, float, int, int)	184	static
../Example/User/CM7/engine/sdk/dlls/combat.cpp:1099:6:void CBaseMonster::RadiusDamage(entvars_t*, entvars_t*, float, int, int)	32	static
../Example/User/CM7/engine/sdk/dlls/combat.cpp:1104:6:void CBaseMonster::RadiusDamage(Vector, entvars_t*, entvars_t*, float, int, int)	32	static
../Example/User/CM7/engine/sdk/dlls/combat.cpp:1117:14:CBaseEntity* CBaseMonster::CheckTraceHullAttack(float, int, int)	136	static
../Example/User/CM7/engine/sdk/dlls/combat.cpp:1152:6:virtual BOOL CBaseMonster::FInViewCone(CBaseEntity*)	24	static
../Example/User/CM7/engine/sdk/dlls/combat.cpp:1179:6:virtual BOOL CBaseMonster::FInViewCone(Vector*)	24	static
../Example/User/CM7/engine/sdk/dlls/combat.cpp:1312:6:virtual void CBaseMonster::TraceAttack(entvars_t*, float, Vector, TraceResult*, int)	56	static
../Example/User/CM7/engine/sdk/dlls/combat.cpp:1358:6:void CBaseEntity::FireBullets(ULONG, Vector, Vector, Vector, float, int, int, int, entvars_t*)	256	static
../Example/User/CM7/engine/sdk/dlls/combat.cpp:1487:8:Vector CBaseEntity::FireBulletsPlayer(ULONG, Vector, Vector, Vector, float, int, int, int, entvars_t*, int)	216	static
../Example/User/CM7/engine/sdk/dlls/combat.cpp:1634:6:void CBaseMonster::MakeDamageBloodDecal(int, float, TraceResult*, const Vector&)	160	static
../Example/User/CM7/engine/sdk/dlls/cbase.h:720:24:T* GetClassPtr(T*) [with T = CGib]	16	static
../Example/User/CM7/engine/sdk/dlls/combat.cpp:57:6:static void CGib::SpawnStickyGibs(entvars_t*, Vector, int)	80	static
../Example/User/CM7/engine/sdk/dlls/combat.cpp:125:6:static void CGib::SpawnHeadGib(entvars_t*)	72	static
../Example/User/CM7/engine/sdk/dlls/combat.cpp:182:6:static void CGib::SpawnRandomGibs(entvars_t*, int, int)	80	static
../Example/User/CM7/engine/sdk/dlls/combat.cpp:299:6:virtual void CBaseMonster::GibMonster()	80	static
