../Example/User/CM7/engine/sdk/dlls/cbase.h:156:15:virtual void CBaseEntity::Activate()	0	static
../Example/User/CM7/engine/sdk/dlls/cbase.h:163:14:virtual int CBaseEntity::Classify()	0	static
../Example/User/CM7/engine/sdk/dlls/cbase.h:164:15:virtual void CBaseEntity::DeathNotice(entvars_t*)	0	static
../Example/User/CM7/engine/sdk/dlls/cbase.h:172:14:virtual int CBaseEntity::BloodColor()	0	static
../Example/User/CM7/engine/sdk/dlls/cbase.h:174:15:virtual BOOL CBaseEntity::IsTriggered(CBaseEntity*)	0	static
../Example/User/CM7/engine/sdk/dlls/cbase.h:175:24:virtual CBaseMonster* CBaseEntity::MyMonsterPointer()	0	static
../Example/User/CM7/engine/sdk/dlls/cbase.h:176:25:virtual CSquadMonster* CBaseEntity::MySquadMonsterPointer()	0	static
../Example/User/CM7/engine/sdk/dlls/cbase.h:178:15:virtual void CBaseEntity::AddPoints(int, BOOL)	0	static
../Example/User/CM7/engine/sdk/dlls/cbase.h:179:15:virtual void CBaseEntity::AddPointsToTeam(int, BOOL)	0	static
../Example/User/CM7/engine/sdk/dlls/cbase.h:180:15:virtual BOOL CBaseEntity::AddPlayerItem(CBasePlayerItem*)	0	static
../Example/User/CM7/engine/sdk/dlls/cbase.h:181:15:virtual BOOL CBaseEntity::RemovePlayerItem(CBasePlayerItem*)	0	static
../Example/User/CM7/engine/sdk/dlls/cbase.h:182:14:virtual int CBaseEntity::GiveAmmo(int, const char*, int)	0	static
../Example/User/CM7/engine/sdk/dlls/cbase.h:185:15:virtual void CBaseEntity::OverrideReset()	0	static
../Example/User/CM7/engine/sdk/dlls/cbase.h:188:15:virtual void CBaseEntity::SetToggleState(int)	0	static
../Example/User/CM7/engine/sdk/dlls/cbase.h:189:15:virtual void CBaseEntity::StartSneaking()	0	static
../Example/User/CM7/engine/sdk/dlls/cbase.h:190:15:virtual void CBaseEntity::StopSneaking()	0	static
../Example/User/CM7/engine/sdk/dlls/cbase.h:191:15:virtual BOOL CBaseEntity::OnControls(entvars_t*)	0	static
../Example/User/CM7/engine/sdk/dlls/cbase.h:192:15:virtual BOOL CBaseEntity::IsSneaking()	0	static
../Example/User/CM7/engine/sdk/dlls/cbase.h:193:15:virtual BOOL CBaseEntity::IsAlive()	0	static
../Example/User/CM7/engine/sdk/dlls/cbase.h:194:15:virtual BOOL CBaseEntity::IsBSPModel()	0	static
../Example/User/CM7/engine/sdk/dlls/cbase.h:195:15:virtual BOOL CBaseEntity::ReflectGauss()	8	static
../Example/User/CM7/engine/sdk/dlls/cbase.h:198:15:virtual BOOL CBaseEntity::IsPlayer()	0	static
../Example/User/CM7/engine/sdk/dlls/cbase.h:199:15:virtual BOOL CBaseEntity::IsNetClient()	0	static
../Example/User/CM7/engine/sdk/dlls/cbase.h:200:22:virtual const char* CBaseEntity::TeamID()	0	static
../Example/User/CM7/engine/sdk/dlls/cbase.h:211:15:virtual void CBaseEntity::Think()	4	static
../Example/User/CM7/engine/sdk/dlls/cbase.h:212:15:virtual void CBaseEntity::Touch(CBaseEntity*)	8	static
../Example/User/CM7/engine/sdk/dlls/cbase.h:218:15:virtual void CBaseEntity::Blocked(CBaseEntity*)	8	static
../Example/User/CM7/engine/sdk/dlls/cbase.h:246:23:virtual CBaseEntity* CBaseEntity::Respawn()	0	static
../Example/User/CM7/engine/sdk/dlls/cbase.h:317:15:virtual void CBaseEntity::UpdateOwner()	0	static
../Example/User/CM7/engine/sdk/dlls/cbase.h:321:15:virtual BOOL CBaseEntity::FBecomeProne()	0	static
../Example/User/CM7/engine/sdk/dlls/cbase.h:328:17:virtual Vector CBaseEntity::EarPosition()	0	static
../Example/User/CM7/engine/sdk/dlls/cbase.h:329:17:virtual Vector CBaseEntity::BodyTarget(const Vector&)	8	static
../Example/User/CM7/engine/sdk/dlls/cbase.h:468:15:virtual void CBaseAnimating::HandleAnimEvent(MonsterEvent_t*)	0	static
../Example/User/CM7/engine/sdk/dlls/cbase.h:526:15:virtual int CBaseToggle::GetToggleState()	0	static
../Example/User/CM7/engine/sdk/dlls/cbase.h:527:16:virtual float CBaseToggle::GetDelay()	0	static
../Example/User/CM7/engine/sdk/dlls/doors.cpp:42:14:virtual int CBaseDoor::ObjectCaps()	0	static
../Example/User/CM7/engine/sdk/dlls/doors.cpp:931:14:virtual int CMomentaryDoor::ObjectCaps()	0	static
../Example/User/CM7/engine/sdk/dlls/doors.cpp:982:6:virtual void CMomentaryDoor::Precache()	16	static
../Example/User/CM7/engine/sdk/dlls/doors.cpp:1118:6:void CMomentaryDoor::MomentaryMoveDone()	0	static
../Example/User/CM7/engine/sdk/dlls/cbase.h:331:14:virtual int CBaseEntity::Illumination()	8	static
../Example/User/CM7/engine/sdk/dlls/doors.cpp:911:6:virtual void CRotDoor::SetToggleState(int)	4	static
../Example/User/CM7/engine/sdk/dlls/doors.cpp:331:6:virtual void CBaseDoor::Precache()	16	static
../Example/User/CM7/engine/sdk/dlls/doors.cpp:90:1:virtual int CBaseDoor::Save(CSave&)	24	static
../Example/User/CM7/engine/sdk/dlls/doors.cpp:949:1:virtual int CMomentaryDoor::Save(CSave&)	24	static
../Example/User/CM7/engine/sdk/dlls/doors.cpp:90:1:virtual int CBaseDoor::Restore(CRestore&)	24	static
../Example/User/CM7/engine/sdk/dlls/doors.cpp:949:1:virtual int CMomentaryDoor::Restore(CRestore&)	24	static
../Example/User/CM7/engine/sdk/dlls/doors.cpp:323:6:virtual void CBaseDoor::SetToggleState(int)	0	static
../Example/User/CM7/engine/sdk/dlls/cbase.h:326:17:virtual Vector CBaseEntity::Center()	0	static
../Example/User/CM7/engine/sdk/dlls/cbase.h:327:17:virtual Vector CBaseEntity::EyePosition()	0	static
../Example/User/CM7/engine/sdk/dlls/vector.h:73:13:int Vector::operator==(const Vector&) const	0	static
../Example/User/CM7/engine/sdk/dlls/cbase.h:184:14:virtual int CBaseEntity::IsMoving()	8	static
../Example/User/CM7/engine/sdk/dlls/doors.cpp:951:6:virtual void CMomentaryDoor::Spawn()	24	static
../Example/User/CM7/engine/sdk/dlls/doors.cpp:861:6:virtual void CRotDoor::Spawn()	32	static
../Example/User/CM7/engine/sdk/dlls/doors.cpp:272:6:virtual void CBaseDoor::Spawn()	24	static
../Example/User/CM7/engine/sdk/dlls/util.h:227:13:BOOL FStrEq(const char*, const char*)	8	static
../Example/User/CM7/engine/sdk/dlls/doors.cpp:190:6:virtual void CBaseDoor::KeyValue(KeyValueData*)	16	static
../Example/User/CM7/engine/sdk/dlls/cbase.h:196:15:virtual BOOL CBaseEntity::HasTarget(string_t)	8	static
../Example/User/CM7/engine/sdk/dlls/doors.cpp:1065:6:virtual void CMomentaryDoor::KeyValue(KeyValueData*)	16	static
../Example/User/CM7/engine/sdk/dlls/util.h:232:13:BOOL FClassnameIs(edict_t*, const char*)	8	static
../Example/User/CM7/engine/sdk/dlls/util.h:550:13:void EMIT_SOUND(edict_t*, int, const char*, float, float)	16	static
../Example/User/CM7/engine/sdk/dlls/doors.cpp:683:6:void CBaseDoor::DoorGoDown()	32	static
../Example/User/CM7/engine/sdk/dlls/doors.cpp:1087:6:virtual void CMomentaryDoor::Use(CBaseEntity*, CBaseEntity*, USE_TYPE, float)	48	static
../Example/User/CM7/engine/sdk/dlls/util.h:555:13:void STOP_SOUND(edict_t*, int, const char*)	16	static
../Example/User/CM7/engine/sdk/dlls/doors.cpp:643:6:void CBaseDoor::DoorHitTop()	24	static
../Example/User/CM7/engine/sdk/dlls/doors.cpp:703:6:void CBaseDoor::DoorHitBottom()	24	static
../Example/User/CM7/engine/sdk/dlls/doors.cpp:1124:6:void CMomentaryDoor::StopMoveSound()	16	static
../Example/User/CM7/engine/sdk/dlls/cbase.h:221:8:static void* CBaseEntity::operator new(size_t, entvars_t*)	16	static
../Example/User/CM7/engine/sdk/dlls/doors.cpp:102:6:void PlayLockSounds(entvars_t*, locksound_t*, int, int)	40	static
../Example/User/CM7/engine/sdk/dlls/doors.cpp:596:6:void CBaseDoor::DoorGoUp()	48	static
../Example/User/CM7/engine/sdk/dlls/doors.cpp:561:5:int CBaseDoor::DoorActivate()	16	static
../Example/User/CM7/engine/sdk/dlls/doors.cpp:521:6:void CBaseDoor::DoorTouch(CBaseEntity*)	16	static
../Example/User/CM7/engine/sdk/dlls/doors.cpp:550:6:virtual void CBaseDoor::Use(CBaseEntity*, CBaseEntity*, USE_TYPE, float)	8	static
../Example/User/CM7/engine/sdk/dlls/cbase.h:494:7:CBaseToggle::CBaseToggle()	0	static
../Example/User/CM7/engine/sdk/dlls/cbase.h:720:24:T* GetClassPtr(T*) [with T = CBaseDoor]	16	static
../Example/User/CM7/engine/sdk/dlls/doors.cpp:730:6:virtual void CBaseDoor::Blocked(CBaseEntity*)	48	static
../Example/User/CM7/engine/sdk/dlls/cbase.h:720:24:T* GetClassPtr(T*) [with T = CMomentaryDoor]	16	static
../Example/User/CM7/engine/sdk/dlls/cbase.h:720:24:T* GetClassPtr(T*) [with T = CRotDoor]	16	static
../Example/User/CM7/engine/sdk/dlls/doors.cpp:1130:1:cpp)	8	static
