../Example/User/CM7/engine/sdk/dlls/cbase.h:150:15:virtual void CBaseEntity::Spawn()	0	static
../Example/User/CM7/engine/sdk/dlls/cbase.h:151:15:virtual void CBaseEntity::Precache()	0	static
../Example/User/CM7/engine/sdk/dlls/cbase.h:152:15:virtual void CBaseEntity::KeyValue(KeyValueData*)	0	static
../Example/User/CM7/engine/sdk/dlls/cbase.h:155:14:virtual int CBaseEntity::ObjectCaps()	0	static
../Example/User/CM7/engine/sdk/dlls/cbase.h:156:15:virtual void CBaseEntity::Activate()	0	static
../Example/User/CM7/engine/sdk/dlls/cbase.h:163:14:virtual int CBaseEntity::Classify()	0	static
../Example/User/CM7/engine/sdk/dlls/cbase.h:164:15:virtual void CBaseEntity::DeathNotice(entvars_t*)	0	static
../Example/User/CM7/engine/sdk/dlls/cbase.h:172:14:virtual int CBaseEntity::BloodColor()	0	static
../Example/User/CM7/engine/sdk/dlls/cbase.h:174:15:virtual BOOL CBaseEntity::IsTriggered(CBaseEntity*)	0	static
../Example/User/CM7/engine/sdk/dlls/cbase.h:175:24:virtual CBaseMonster* CBaseEntity::MyMonsterPointer()	0	static
../Example/User/CM7/engine/sdk/dlls/cbase.h:176:25:virtual CSquadMonster* CBaseEntity::MySquadMonsterPointer()	0	static
../Example/User/CM7/engine/sdk/dlls/cbase.h:177:14:virtual int CBaseEntity::GetToggleState()	0	static
../Example/User/CM7/engine/sdk/dlls/cbase.h:178:15:virtual void CBaseEntity::AddPoints(int, BOOL)	0	static
../Example/User/CM7/engine/sdk/dlls/cbase.h:179:15:virtual void CBaseEntity::AddPointsToTeam(int, BOOL)	0	static
../Example/User/CM7/engine/sdk/dlls/cbase.h:180:15:virtual BOOL CBaseEntity::AddPlayerItem(CBasePlayerItem*)	0	static
../Example/User/CM7/engine/sdk/dlls/cbase.h:181:15:virtual BOOL CBaseEntity::RemovePlayerItem(CBasePlayerItem*)	0	static
../Example/User/CM7/engine/sdk/dlls/cbase.h:182:14:virtual int CBaseEntity::GiveAmmo(int, const char*, int)	0	static
../Example/User/CM7/engine/sdk/dlls/cbase.h:183:16:virtual float CBaseEntity::GetDelay()	0	static
../Example/User/CM7/engine/sdk/dlls/cbase.h:184:14:virtual int CBaseEntity::IsMoving()	0	static
../Example/User/CM7/engine/sdk/dlls/cbase.h:185:15:virtual void CBaseEntity::OverrideReset()	0	static
../Example/User/CM7/engine/sdk/dlls/cbase.h:188:15:virtual void CBaseEntity::SetToggleState(int)	0	static
../Example/User/CM7/engine/sdk/dlls/cbase.h:189:15:virtual void CBaseEntity::StartSneaking()	0	static
../Example/User/CM7/engine/sdk/dlls/cbase.h:190:15:virtual void CBaseEntity::StopSneaking()	0	static
../Example/User/CM7/engine/sdk/dlls/cbase.h:191:15:virtual BOOL CBaseEntity::OnControls(entvars_t*)	0	static
../Example/User/CM7/engine/sdk/dlls/cbase.h:192:15:virtual BOOL CBaseEntity::IsSneaking()	0	static
../Example/User/CM7/engine/sdk/dlls/cbase.h:193:15:virtual BOOL CBaseEntity::IsAlive()	0	static
../Example/User/CM7/engine/sdk/dlls/cbase.h:194:15:virtual BOOL CBaseEntity::IsBSPModel()	0	static
../Example/User/CM7/engine/sdk/dlls/cbase.h:195:15:virtual BOOL CBaseEntity::ReflectGauss()	8	static
../Example/User/CM7/engine/sdk/dlls/cbase.h:198:15:virtual BOOL CBaseEntity::IsPlayer()	0	static
../Example/User/CM7/engine/sdk/dlls/cbase.h:199:15:virtual BOOL CBaseEntity::IsNetClient()	0	static
../Example/User/CM7/engine/sdk/dlls/cbase.h:200:22:virtual const char* CBaseEntity::TeamID()	0	static
../Example/User/CM7/engine/sdk/dlls/cbase.h:211:15:virtual void CBaseEntity::Think()	4	static
../Example/User/CM7/engine/sdk/dlls/cbase.h:212:15:virtual void CBaseEntity::Touch(CBaseEntity*)	8	static
../Example/User/CM7/engine/sdk/dlls/cbase.h:213:15:virtual void CBaseEntity::Use(CBaseEntity*, CBaseEntity*, USE_TYPE, float)	16	static
../Example/User/CM7/engine/sdk/dlls/cbase.h:218:15:virtual void CBaseEntity::Blocked(CBaseEntity*)	8	static
../Example/User/CM7/engine/sdk/dlls/cbase.h:246:23:virtual CBaseEntity* CBaseEntity::Respawn()	0	static
../Example/User/CM7/engine/sdk/dlls/cbase.h:317:15:virtual void CBaseEntity::UpdateOwner()	0	static
../Example/User/CM7/engine/sdk/dlls/cbase.h:321:15:virtual BOOL CBaseEntity::FBecomeProne()	0	static
../Example/User/CM7/engine/sdk/dlls/cbase.h:329:17:virtual Vector CBaseEntity::BodyTarget(const Vector&)	8	static
../Example/User/CM7/engine/sdk/dlls/cbase.h:384:14:virtual int CPointEntity::ObjectCaps()	0	static
../Example/User/CM7/engine/sdk/dlls/monsters.h:149:14:virtual int CGib::ObjectCaps()	0	static
../Example/User/CM7/engine/sdk/dlls/effects.h:40:6:virtual int CSprite::ObjectCaps()	0	static
../Example/User/CM7/engine/sdk/dlls/effects.h:128:6:virtual int CBeam::ObjectCaps()	0	static
../Example/User/CM7/engine/sdk/dlls/effects.cpp:46:14:virtual int CBubbling::ObjectCaps()	0	static
../Example/User/CM7/engine/sdk/dlls/effects.cpp:95:6:virtual void CBubbling::Precache()	8	static
../Example/User/CM7/engine/sdk/dlls/effects.cpp:161:6:virtual void CBeam::Spawn()	0	static
../Example/User/CM7/engine/sdk/dlls/effects.cpp:955:6:virtual void CLaser::Precache()	24	static
../Example/User/CM7/engine/sdk/dlls/effects.cpp:1371:6:virtual void CGibShooter::Use(CBaseEntity*, CBaseEntity*, USE_TYPE, float)	0	static
../Example/User/CM7/engine/sdk/dlls/effects.cpp:1565:6:virtual void CTestEffect::Spawn()	0	static
../Example/User/CM7/engine/sdk/dlls/effects.cpp:1570:6:virtual void CTestEffect::Precache()	0	static
../Example/User/CM7/engine/sdk/dlls/effects.cpp:1640:6:virtual void CTestEffect::Use(CBaseEntity*, CBaseEntity*, USE_TYPE, float)	0	static
../Example/User/CM7/engine/sdk/dlls/effects.cpp:1832:6:virtual void CShake::Spawn()	0	static
../Example/User/CM7/engine/sdk/dlls/effects.cpp:1912:6:virtual void CFade::Spawn()	0	static
../Example/User/CM7/engine/sdk/dlls/effects.cpp:1972:6:virtual void CMessage::Spawn()	8	static
../Example/User/CM7/engine/sdk/dlls/effects.cpp:2005:6:virtual void CMessage::Precache()	0	static
../Example/User/CM7/engine/sdk/dlls/effects.cpp:2071:6:virtual void CEnvFunnel::Precache()	8	static
../Example/User/CM7/engine/sdk/dlls/effects.cpp:2102:6:virtual void CEnvFunnel::Spawn()	8	static
../Example/User/CM7/engine/sdk/dlls/effects.cpp:2122:6:virtual void CEnvBeverage::Precache()	8	static
../Example/User/CM7/engine/sdk/dlls/effects.cpp:2157:6:virtual void CEnvBeverage::Spawn()	8	static
../Example/User/CM7/engine/sdk/dlls/effects.cpp:70:6:virtual void CBubbling::Spawn()	16	static
../Example/User/CM7/engine/sdk/dlls/cbase.h:331:14:virtual int CBaseEntity::Illumination()	8	static
../Example/User/CM7/engine/sdk/dlls/effects.cpp:1096:6:virtual void CGlow::Spawn()	24	static
../Example/User/CM7/engine/sdk/dlls/effects.cpp:2190:6:virtual void CItemSoda::Spawn()	40	static
../Example/User/CM7/engine/sdk/dlls/effects.cpp:1225:6:void CSprite::ExpandThink()	0	static
../Example/User/CM7/engine/sdk/dlls/effects.cpp:1377:6:virtual void CGibShooter::Spawn()	16	static
../Example/User/CM7/engine/sdk/dlls/effects.cpp:1687:6:virtual void CBlood::Spawn()	0	static
../Example/User/CM7/engine/sdk/dlls/effects.cpp:1516:6:virtual void CEnvShooter::Precache()	8	static
../Example/User/CM7/engine/sdk/dlls/effects.cpp:1869:6:virtual void CShake::Use(CBaseEntity*, CBaseEntity*, USE_TYPE, float)	0	static
../Example/User/CM7/engine/sdk/dlls/effects.cpp:1936:6:virtual void CFade::Use(CBaseEntity*, CBaseEntity*, USE_TYPE, float)	16	static
../Example/User/CM7/engine/sdk/dlls/effects.cpp:2203:6:void CItemSoda::CanThink()	40	static
../Example/User/CM7/engine/sdk/dlls/effects.cpp:1331:6:virtual void CGibShooter::Precache()	8	static
../Example/User/CM7/engine/sdk/dlls/effects.cpp:66:1:virtual int CBubbling::Save(CSave&)	24	static
../Example/User/CM7/engine/sdk/dlls/effects.cpp:436:1:virtual int CLightning::Save(CSave&)	24	static
../Example/User/CM7/engine/sdk/dlls/effects.cpp:924:1:virtual int CLaser::Save(CSave&)	24	static
../Example/User/CM7/engine/sdk/dlls/effects.cpp:1094:1:virtual int CGlow::Save(CSave&)	24	static
../Example/User/CM7/engine/sdk/dlls/effects.cpp:1135:1:virtual int CSprite::Save(CSave&)	24	static
../Example/User/CM7/engine/sdk/dlls/effects.cpp:66:1:virtual int CBubbling::Restore(CRestore&)	24	static
../Example/User/CM7/engine/sdk/dlls/effects.cpp:436:1:virtual int CLightning::Restore(CRestore&)	24	static
../Example/User/CM7/engine/sdk/dlls/effects.cpp:924:1:virtual int CLaser::Restore(CRestore&)	24	static
../Example/User/CM7/engine/sdk/dlls/effects.cpp:1094:1:virtual int CGlow::Restore(CRestore&)	24	static
../Example/User/CM7/engine/sdk/dlls/effects.cpp:1135:1:virtual int CSprite::Restore(CRestore&)	24	static
../Example/User/CM7/engine/sdk/dlls/effects.cpp:100:6:virtual void CBubbling::Use(CBaseEntity*, CBaseEntity*, USE_TYPE, float)	8	static
../Example/User/CM7/engine/sdk/dlls/effects.cpp:583:6:void CLightning::StrikeUse(CBaseEntity*, CBaseEntity*, USE_TYPE, float)	8	static
../Example/User/CM7/engine/sdk/dlls/effects.cpp:1328:1:virtual int CGibShooter::Save(CSave&)	24	static
../Example/User/CM7/engine/sdk/dlls/effects.cpp:1328:1:virtual int CGibShooter::Restore(CRestore&)	24	static
../Example/User/CM7/engine/sdk/dlls/effects.cpp:2213:6:void CItemSoda::CanTouch(CBaseEntity*)	16	static
../Example/User/CM7/engine/sdk/dlls/effects.cpp:438:6:virtual void CLightning::Spawn()	8	static
../Example/User/CM7/engine/sdk/dlls/effects.h:155:14:void CBeam::SetEndPos(const Vector&)	0	static
../Example/User/CM7/engine/sdk/dlls/effects.h:150:14:void CBeam::SetStartPos(const Vector&)	0	static
../Example/User/CM7/engine/sdk/dlls/effects.h:140:14:void CBeam::SetType(int)	0	static
../Example/User/CM7/engine/sdk/dlls/effects.cpp:2130:6:virtual void CEnvBeverage::Use(CBaseEntity*, CBaseEntity*, USE_TYPE, float)	16	static
../Example/User/CM7/engine/sdk/dlls/vector.h:75:16:Vector Vector::operator+(const Vector&) const	0	static
../Example/User/CM7/engine/sdk/dlls/cbase.h:328:17:virtual Vector CBaseEntity::EarPosition()	8	static
../Example/User/CM7/engine/sdk/dlls/cbase.h:327:17:virtual Vector CBaseEntity::EyePosition()	8	static
../Example/User/CM7/engine/sdk/dlls/cbase.h:326:17:virtual Vector CBaseEntity::Center()	24	static
../Example/User/CM7/engine/sdk/dlls/vector.h:82:15:float Vector::Length() const	0	static
../Example/User/CM7/engine/sdk/dlls/vector.h:85:16:Vector Vector::Normalize() const	16	static
../Example/User/CM7/engine/sdk/dlls/effects.cpp:1417:6:void CGibShooter::ShootThink()	80	static
../Example/User/CM7/engine/sdk/dlls/enginecallback.h:75:13:void MESSAGE_BEGIN(int, int, const float*, edict_t*)	4	static
../Example/User/CM7/engine/sdk/dlls/effects.cpp:2078:6:virtual void CEnvFunnel::Use(CBaseEntity*, CBaseEntity*, USE_TYPE, float)	16	static
../Example/User/CM7/engine/sdk/dlls/util.h:172:14:int ENTINDEX(edict_t*)	0	static
../Example/User/CM7/engine/sdk/dlls/effects.cpp:138:6:void CBubbling::FizzThink()	32	static
../Example/User/CM7/engine/sdk/dlls/effects.cpp:1161:6:virtual void CSprite::Precache()	24	static
../Example/User/CM7/engine/sdk/dlls/util.h:227:13:BOOL FStrEq(const char*, const char*)	8	static
../Example/User/CM7/engine/sdk/dlls/effects.cpp:117:6:virtual void CBubbling::KeyValue(KeyValueData*)	16	static
../Example/User/CM7/engine/sdk/dlls/cbase.h:196:15:virtual BOOL CBaseEntity::HasTarget(string_t)	8	static
../Example/User/CM7/engine/sdk/dlls/effects.cpp:499:6:virtual void CLightning::KeyValue(KeyValueData*)	16	static
../Example/User/CM7/engine/sdk/dlls/effects.cpp:1343:6:virtual void CGibShooter::KeyValue(KeyValueData*)	16	static
../Example/User/CM7/engine/sdk/dlls/effects.cpp:1476:6:virtual void CEnvShooter::KeyValue(KeyValueData*)	16	static
../Example/User/CM7/engine/sdk/dlls/effects.cpp:2011:6:virtual void CMessage::KeyValue(KeyValueData*)	16	static
../Example/User/CM7/engine/sdk/dlls/effects.cpp:962:6:virtual void CLaser::KeyValue(KeyValueData*)	16	static
../Example/User/CM7/engine/sdk/dlls/effects.cpp:1696:6:virtual void CBlood::KeyValue(KeyValueData*)	16	static
../Example/User/CM7/engine/sdk/dlls/effects.cpp:1843:6:virtual void CShake::KeyValue(KeyValueData*)	16	static
../Example/User/CM7/engine/sdk/dlls/effects.cpp:1920:6:virtual void CFade::KeyValue(KeyValueData*)	16	static
../Example/User/CM7/engine/sdk/dlls/util.h:237:13:BOOL FClassnameIs(entvars_t*, const char*)	8	static
../Example/User/CM7/engine/sdk/dlls/cbase.h:221:8:static void* CBaseEntity::operator new(size_t, entvars_t*)	16	static
../Example/User/CM7/engine/sdk/dlls/cbase.h:720:24:T* GetClassPtr(T*) [with T = CPointEntity]	8	static
../Example/User/CM7/engine/sdk/dlls/cbase.h:720:24:T* GetClassPtr(T*) [with T = CBubbling]	8	static
../Example/User/CM7/engine/sdk/dlls/cbase.h:720:24:T* GetClassPtr(T*) [with T = CBeam]	8	static
../Example/User/CM7/engine/sdk/dlls/cbase.h:720:24:T* GetClassPtr(T*) [with T = CLightning]	8	static
../Example/User/CM7/engine/sdk/dlls/cbase.h:720:24:T* GetClassPtr(T*) [with T = CLaser]	8	static
../Example/User/CM7/engine/sdk/dlls/cbase.h:720:24:T* GetClassPtr(T*) [with T = CGlow]	8	static
../Example/User/CM7/engine/sdk/dlls/cbase.h:720:24:T* GetClassPtr(T*) [with T = CSprite]	8	static
../Example/User/CM7/engine/sdk/dlls/cbase.h:720:24:T* GetClassPtr(T*) [with T = CGibShooter]	8	static
../Example/User/CM7/engine/sdk/dlls/cbase.h:720:24:T* GetClassPtr(T*) [with T = CEnvShooter]	8	static
../Example/User/CM7/engine/sdk/dlls/cbase.h:720:24:T* GetClassPtr(T*) [with T = CTestEffect]	8	static
../Example/User/CM7/engine/sdk/dlls/cbase.h:720:24:T* GetClassPtr(T*) [with T = CBlood]	8	static
../Example/User/CM7/engine/sdk/dlls/cbase.h:720:24:T* GetClassPtr(T*) [with T = CShake]	8	static
../Example/User/CM7/engine/sdk/dlls/cbase.h:720:24:T* GetClassPtr(T*) [with T = CFade]	8	static
../Example/User/CM7/engine/sdk/dlls/cbase.h:720:24:T* GetClassPtr(T*) [with T = CMessage]	8	static
../Example/User/CM7/engine/sdk/dlls/cbase.h:720:24:T* GetClassPtr(T*) [with T = CEnvFunnel]	8	static
../Example/User/CM7/engine/sdk/dlls/cbase.h:720:24:T* GetClassPtr(T*) [with T = CEnvBeverage]	8	static
../Example/User/CM7/engine/sdk/dlls/cbase.h:720:24:T* GetClassPtr(T*) [with T = CItemSoda]	8	static
../Example/User/CM7/engine/sdk/dlls/cbase.h:255:22:static CBaseEntity* CBaseEntity::Instance(edict_t*)	8	static
../Example/User/CM7/engine/sdk/dlls/effects.cpp:2032:6:virtual void CMessage::Use(CBaseEntity*, CBaseEntity*, USE_TYPE, float)	24	static
../Example/User/CM7/engine/sdk/dlls/cbase.h:324:6:int CBaseEntity::entindex()	8	static
../Example/User/CM7/engine/sdk/dlls/effects.cpp:175:6:void CBeam::SetStartEntity(int)	8	static
../Example/User/CM7/engine/sdk/dlls/effects.cpp:181:6:void CBeam::SetEndEntity(int)	8	static
../Example/User/CM7/engine/sdk/dlls/effects.cpp:167:6:virtual void CBeam::Precache()	8	static
../Example/User/CM7/engine/sdk/dlls/effects.cpp:487:6:virtual void CLightning::Precache()	8	static
../Example/User/CM7/engine/sdk/dlls/effects.cpp:188:15:const Vector& CBeam::GetStartPos()	8	static
../Example/User/CM7/engine/sdk/dlls/effects.cpp:198:15:const Vector& CBeam::GetEndPos()	8	static
../Example/User/CM7/engine/sdk/dlls/effects.h:233:9:virtual Vector CBeam::Center()	40	static
../Example/User/CM7/engine/sdk/dlls/effects.cpp:223:6:void CBeam::BeamInit(const char*, int)	24	static
../Example/User/CM7/engine/sdk/dlls/effects.cpp:212:8:static CBeam* CBeam::BeamCreate(const char*, int)	24	static
../Example/User/CM7/engine/sdk/dlls/effects.cpp:279:6:void CBeam::RelinkBeam()	16	static
../Example/User/CM7/engine/sdk/dlls/effects.cpp:239:6:void CBeam::PointsInit(const Vector&, const Vector&)	16	static
../Example/User/CM7/engine/sdk/dlls/effects.cpp:249:6:void CBeam::HoseInit(const Vector&, const Vector&)	16	static
../Example/User/CM7/engine/sdk/dlls/effects.cpp:259:6:void CBeam::PointEntInit(const Vector&, int)	16	static
../Example/User/CM7/engine/sdk/dlls/effects.cpp:269:6:void CBeam::EntsInit(int, int)	16	static
../Example/User/CM7/engine/sdk/dlls/effects.cpp:310:6:void CBeam::TriggerTouch(CBaseEntity*)	16	static
../Example/User/CM7/engine/sdk/dlls/effects.cpp:323:14:CBaseEntity* CBeam::RandomTargetname(const char*)	32	static
../Example/User/CM7/engine/sdk/dlls/effects.cpp:338:6:void CBeam::DoSparks(const Vector&, const Vector&)	16	static
../Example/User/CM7/engine/sdk/dlls/effects.cpp:560:6:void CLightning::ToggleUse(CBaseEntity*, CBaseEntity*, USE_TYPE, float)	16	static
../Example/User/CM7/engine/sdk/dlls/effects.cpp:603:5:int IsPointEntity(CBaseEntity*)	8	static
../Example/User/CM7/engine/sdk/dlls/../engine/eiface.h:77:3:TraceResult::TraceResult()	0	static
../Example/User/CM7/engine/sdk/dlls/effects.cpp:1575:6:void CTestEffect::TestThink()	160	static
../Example/User/CM7/engine/sdk/dlls/effects.cpp:717:6:void CBeam::BeamDamage(TraceResult*)	72	static
../Example/User/CM7/engine/sdk/dlls/effects.cpp:738:6:void CLightning::DamageThink()	80	static
../Example/User/CM7/engine/sdk/dlls/effects.cpp:746:6:void CLightning::Zap(const Vector&, const Vector&)	24	static
../Example/User/CM7/engine/sdk/dlls/effects.cpp:787:6:void CLightning::RandomArea()	224	static
../Example/User/CM7/engine/sdk/dlls/effects.cpp:829:6:void CLightning::RandomPoint(Vector&)	152	static
../Example/User/CM7/engine/sdk/dlls/effects.cpp:613:6:void CLightning::StrikeThink()	104	static
../Example/User/CM7/engine/sdk/dlls/effects.cpp:851:6:void CLightning::BeamUpdateVars()	24	static
../Example/User/CM7/engine/sdk/dlls/effects.cpp:493:6:virtual void CLightning::Activate()	0	static
../Example/User/CM7/engine/sdk/dlls/effects.cpp:1008:5:int CLaser::IsOn()	0	static
../Example/User/CM7/engine/sdk/dlls/effects.cpp:1048:6:void CLaser::FireAtPoint(TraceResult&)	16	static
../Example/User/CM7/engine/sdk/dlls/effects.cpp:1058:6:void CLaser::StrikeThink()	88	static
../Example/User/CM7/engine/sdk/dlls/effects.cpp:1121:6:void CGlow::Animate(float)	8	static
../Example/User/CM7/engine/sdk/dlls/effects.cpp:1113:6:virtual void CGlow::Think()	16	static
../Example/User/CM7/engine/sdk/dlls/effects.cpp:1176:6:void CSprite::SpriteInit(const char*, const Vector&)	4	static
../Example/User/CM7/engine/sdk/dlls/effects.cpp:1215:6:void CSprite::Expand(float, float)	0	static
../Example/User/CM7/engine/sdk/dlls/effects.cpp:1259:6:void CSprite::TurnOff()	0	static
../Example/User/CM7/engine/sdk/dlls/effects.cpp:1015:6:void CLaser::TurnOff()	0	static
../Example/User/CM7/engine/sdk/dlls/effects.cpp:1242:6:void CSprite::Animate(float)	8	static
../Example/User/CM7/engine/sdk/dlls/effects.cpp:1196:6:void CSprite::AnimateThink()	16	static
../Example/User/CM7/engine/sdk/dlls/effects.cpp:1204:6:void CSprite::AnimateUntilDead()	16	static
../Example/User/CM7/engine/sdk/dlls/effects.cpp:1265:6:void CSprite::TurnOn()	0	static
../Example/User/CM7/engine/sdk/dlls/effects.cpp:1023:6:void CLaser::TurnOn()	8	static
../Example/User/CM7/engine/sdk/dlls/effects.cpp:1032:6:virtual void CLaser::Use(CBaseEntity*, CBaseEntity*, USE_TYPE, float)	16	static
../Example/User/CM7/engine/sdk/dlls/effects.cpp:1137:6:virtual void CSprite::Spawn()	24	static
../Example/User/CM7/engine/sdk/dlls/effects.cpp:1277:6:virtual void CSprite::Use(CBaseEntity*, CBaseEntity*, USE_TYPE, float)	16	static
../Example/User/CM7/engine/sdk/dlls/effects.cpp:1183:10:static CSprite* CSprite::SpriteCreate(const char*, const Vector&, BOOL)	24	static
../Example/User/CM7/engine/sdk/dlls/effects.cpp:926:6:virtual void CLaser::Spawn()	16	static
../Example/User/CM7/engine/sdk/dlls/effects.cpp:1722:8:Vector CBlood::Direction()	8	static
../Example/User/CM7/engine/sdk/dlls/effects.cpp:1730:8:Vector CBlood::BloodPosition(CBaseEntity*)	48	static
../Example/User/CM7/engine/sdk/dlls/effects.cpp:1749:6:virtual void CBlood::Use(CBaseEntity*, CBaseEntity*, USE_TYPE, float)	128	static
../Example/User/CM7/engine/sdk/dlls/cbase.h:720:24:T* GetClassPtr(T*) [with T = CGib]	8	static
../Example/User/CM7/engine/sdk/dlls/effects.cpp:1398:7:virtual CGib* CGibShooter::CreateGib()	24	static
../Example/User/CM7/engine/sdk/dlls/effects.cpp:1522:7:virtual CGib* CEnvShooter::CreateGib()	16	static
../Example/User/CM7/engine/sdk/dlls/effects.cpp:2235:1:cpp)	8	static
