../Example/User/CM7/engine/sdk/dlls/cbase.h:155:14:virtual int CBaseEntity::ObjectCaps()	0	static
../Example/User/CM7/engine/sdk/dlls/cbase.h:164:15:virtual void CBaseEntity::DeathNotice(entvars_t*)	0	static
../Example/User/CM7/engine/sdk/dlls/cbase.h:174:15:virtual BOOL CBaseEntity::IsTriggered(CBaseEntity*)	0	static
../Example/User/CM7/engine/sdk/dlls/cbase.h:176:25:virtual CSquadMonster* CBaseEntity::MySquadMonsterPointer()	0	static
../Example/User/CM7/engine/sdk/dlls/cbase.h:178:15:virtual void CBaseEntity::AddPoints(int, BOOL)	0	static
../Example/User/CM7/engine/sdk/dlls/cbase.h:179:15:virtual void CBaseEntity::AddPointsToTeam(int, BOOL)	0	static
../Example/User/CM7/engine/sdk/dlls/cbase.h:180:15:virtual BOOL CBaseEntity::AddPlayerItem(CBasePlayerItem*)	0	static
../Example/User/CM7/engine/sdk/dlls/cbase.h:181:15:virtual BOOL CBaseEntity::RemovePlayerItem(CBasePlayerItem*)	0	static
../Example/User/CM7/engine/sdk/dlls/cbase.h:182:14:virtual int CBaseEntity::GiveAmmo(int, const char*, int)	0	static
../Example/User/CM7/engine/sdk/dlls/cbase.h:185:15:virtual void CBaseEntity::OverrideReset()	0	static
../Example/User/CM7/engine/sdk/dlls/cbase.h:188:15:virtual void CBaseEntity::SetToggleState(int)	0	static
../Example/User/CM7/engine/sdk/dlls/cbase.h:189:15:virtual void CBaseEntity::StartSneaking()	0	static
../Example/User/CM7/engine/sdk/dlls/cbase.h:190:15:virtual void CBaseEntity::StopSneaking()	0	static
../Example/User/CM7/engine/sdk/dlls/cbase.h:191:15:virtual BOOL CBaseEntity::OnControls(entvars_t*)	0	static
../Example/User/CM7/engine/sdk/dlls/cbase.h:192:15:virtual BOOL CBaseEntity::IsSneaking()	0	static
../Example/User/CM7/engine/sdk/dlls/cbase.h:194:15:virtual BOOL CBaseEntity::IsBSPModel()	0	static
../Example/User/CM7/engine/sdk/dlls/cbase.h:195:15:virtual BOOL CBaseEntity::ReflectGauss()	8	static
../Example/User/CM7/engine/sdk/dlls/cbase.h:198:15:virtual BOOL CBaseEntity::IsPlayer()	0	static
../Example/User/CM7/engine/sdk/dlls/cbase.h:199:15:virtual BOOL CBaseEntity::IsNetClient()	0	static
../Example/User/CM7/engine/sdk/dlls/cbase.h:200:22:virtual const char* CBaseEntity::TeamID()	0	static
../Example/User/CM7/engine/sdk/dlls/cbase.h:211:15:virtual void CBaseEntity::Think()	4	static
../Example/User/CM7/engine/sdk/dlls/cbase.h:213:15:virtual void CBaseEntity::Use(CBaseEntity*, CBaseEntity*, USE_TYPE, float)	16	static
../Example/User/CM7/engine/sdk/dlls/cbase.h:218:15:virtual void CBaseEntity::Blocked(CBaseEntity*)	8	static
../Example/User/CM7/engine/sdk/dlls/cbase.h:246:23:virtual CBaseEntity* CBaseEntity::Respawn()	0	static
../Example/User/CM7/engine/sdk/dlls/cbase.h:317:15:virtual void CBaseEntity::UpdateOwner()	0	static
../Example/User/CM7/engine/sdk/dlls/cbase.h:526:15:virtual int CBaseToggle::GetToggleState()	0	static
../Example/User/CM7/engine/sdk/dlls/cbase.h:527:16:virtual float CBaseToggle::GetDelay()	0	static
../Example/User/CM7/engine/sdk/dlls/basemonster.h:122:24:virtual CBaseMonster* CBaseMonster::MyMonsterPointer()	0	static
../Example/User/CM7/engine/sdk/dlls/basemonster.h:127:15:virtual BOOL CBaseMonster::IsAlive()	0	static
../Example/User/CM7/engine/sdk/dlls/basemonster.h:158:19:virtual Activity CBaseMonster::GetStoppedActivity()	0	static
../Example/User/CM7/engine/sdk/dlls/basemonster.h:159:15:virtual void CBaseMonster::Stop()	8	static
../Example/User/CM7/engine/sdk/dlls/basemonster.h:186:15:virtual void CBaseMonster::ScheduleChange()	0	static
../Example/User/CM7/engine/sdk/dlls/basemonster.h:189:14:virtual int CBaseMonster::CanPlaySentence(BOOL)	0	static
../Example/User/CM7/engine/sdk/dlls/basemonster.h:224:15:virtual void CBaseMonster::SetYawSpeed()	0	static
../Example/User/CM7/engine/sdk/dlls/basemonster.h:232:15:virtual BOOL CBaseMonster::FValidateCover(const Vector&)	0	static
../Example/User/CM7/engine/sdk/dlls/basemonster.h:233:16:virtual float CBaseMonster::CoverRadius()	0	static
../Example/User/CM7/engine/sdk/dlls/basemonster.h:236:15:virtual void CBaseMonster::CheckAmmo()	0	static
../Example/User/CM7/engine/sdk/dlls/basemonster.h:261:16:virtual float CBaseMonster::HearingSensitivity()	0	static
../Example/User/CM7/engine/sdk/dlls/basemonster.h:281:15:virtual void CBaseMonster::PrescheduleThink()	0	static
../Example/User/CM7/engine/sdk/dlls/basemonster.h:310:14:virtual int CBaseMonster::IsMoving()	0	static
../Example/User/CM7/engine/sdk/dlls/basemonster.h:315:15:virtual void CBaseMonster::DeathSound()	0	static
../Example/User/CM7/engine/sdk/dlls/basemonster.h:317:15:virtual void CBaseMonster::IdleSound()	0	static
../Example/User/CM7/engine/sdk/dlls/basemonster.h:318:15:virtual void CBaseMonster::PainSound()	0	static
../Example/User/CM7/engine/sdk/dlls/basemonster.h:320:15:virtual void CBaseMonster::StopFollowing(BOOL)	0	static
../Example/User/CM7/engine/sdk/dlls/leech.cpp:101:6:virtual int CLeech::BloodColor()	0	static
../Example/User/CM7/engine/sdk/dlls/leech.cpp:105:6:virtual int CLeech::Classify()	0	static
../Example/User/CM7/engine/sdk/dlls/leech.cpp:272:6:virtual void CLeech::Precache()	16	static
../Example/User/CM7/engine/sdk/dlls/leech.cpp:169:6:virtual void CLeech::Spawn()	56	static
../Example/User/CM7/engine/sdk/dlls/cbase.h:331:14:virtual int CBaseEntity::Illumination()	8	static
../Example/User/CM7/engine/sdk/dlls/cbase.h:720:24:T* GetClassPtr(T*) [with T = CLeech]	16	static
../Example/User/CM7/engine/sdk/dlls/leech.cpp:251:5:virtual int CLeech::IRelationship(CBaseEntity*)	16	static
../Example/User/CM7/engine/sdk/dlls/leech.cpp:267:6:virtual void CLeech::AlertSound()	16	static
../Example/User/CM7/engine/sdk/dlls/cbase.h:196:15:virtual BOOL CBaseEntity::HasTarget(string_t)	8	static
../Example/User/CM7/engine/sdk/dlls/leech.cpp:154:1:virtual int CLeech::Save(CSave&)	24	static
../Example/User/CM7/engine/sdk/dlls/leech.cpp:154:1:virtual int CLeech::Restore(CRestore&)	24	static
../Example/User/CM7/engine/sdk/dlls/leech.cpp:85:7:virtual void CLeech::SetObjectCollisionBox()	0	static
../Example/User/CM7/engine/sdk/dlls/leech.cpp:650:6:virtual void CLeech::Killed(entvars_t*, int)	16	static
../Example/User/CM7/engine/sdk/dlls/vector.h:75:16:Vector Vector::operator+(const Vector&) const	0	static
../Example/User/CM7/engine/sdk/dlls/cbase.h:328:17:virtual Vector CBaseEntity::EarPosition()	8	static
../Example/User/CM7/engine/sdk/dlls/cbase.h:327:17:virtual Vector CBaseEntity::EyePosition()	8	static
../Example/User/CM7/engine/sdk/dlls/basemonster.h:300:17:virtual Vector CBaseMonster::BodyTarget(const Vector&)	64	static
../Example/User/CM7/engine/sdk/dlls/cbase.h:326:17:virtual Vector CBaseEntity::Center()	24	static
../Example/User/CM7/engine/sdk/dlls/vector.h:82:15:float Vector::Length() const	0	static
../Example/User/CM7/engine/sdk/dlls/vector.h:85:16:Vector Vector::Normalize() const	16	static
../Example/User/CM7/engine/sdk/dlls/leech.cpp:281:5:virtual int CLeech::TakeDamage(entvars_t*, entvars_t*, float, int)	56	static
../Example/User/CM7/engine/sdk/dlls/cbase.h:322:11:edict_t* CBaseEntity::edict()	0	static
../Example/User/CM7/engine/sdk/dlls/leech.cpp:72:7:virtual void CLeech::Touch(CBaseEntity*)	16	static
../Example/User/CM7/engine/sdk/dlls/leech.cpp:390:6:void CLeech::DeadThink()	104	static
../Example/User/CM7/engine/sdk/dlls/leech.cpp:204:6:void CLeech::RecalculateWaterlevel()	104	static
../Example/User/CM7/engine/sdk/dlls/leech.cpp:199:6:virtual void CLeech::Activate()	0	static
../Example/User/CM7/engine/sdk/dlls/leech.cpp:227:6:void CLeech::SwitchLeechState()	24	static
../Example/User/CM7/engine/sdk/dlls/leech.cpp:258:6:void CLeech::AttackSound()	24	static
../Example/User/CM7/engine/sdk/dlls/leech.cpp:294:6:virtual void CLeech::HandleAnimEvent(MonsterEvent_t*)	64	static
../Example/User/CM7/engine/sdk/dlls/leech.cpp:328:6:void CLeech::MakeVectors()	24	static
../Example/User/CM7/engine/sdk/dlls/leech.cpp:338:7:float CLeech::ObstacleDistance(CBaseEntity*)	176	static
../Example/User/CM7/engine/sdk/dlls/leech.cpp:424:6:void CLeech::UpdateMotion()	16	static
../Example/User/CM7/engine/sdk/dlls/leech.cpp:520:6:void CLeech::SwimThink()	176	static
../Example/User/CM7/engine/sdk/dlls/leech.cpp:681:1:cpp)	0	static
