../Example/User/CM7/engine/sdk/dlls/cbase.h:155:14:virtual int CBaseEntity::ObjectCaps()	0	static
../Example/User/CM7/engine/sdk/dlls/cbase.h:156:15:virtual void CBaseEntity::Activate()	0	static
../Example/User/CM7/engine/sdk/dlls/cbase.h:163:14:virtual int CBaseEntity::Classify()	0	static
../Example/User/CM7/engine/sdk/dlls/cbase.h:164:15:virtual void CBaseEntity::DeathNotice(entvars_t*)	0	static
../Example/User/CM7/engine/sdk/dlls/cbase.h:174:15:virtual BOOL CBaseEntity::IsTriggered(CBaseEntity*)	0	static
../Example/User/CM7/engine/sdk/dlls/cbase.h:176:25:virtual CSquadMonster* CBaseEntity::MySquadMonsterPointer()	0	static
../Example/User/CM7/engine/sdk/dlls/cbase.h:178:15:virtual void CBaseEntity::AddPoints(int, BOOL)	0	static
../Example/User/CM7/engine/sdk/dlls/cbase.h:179:15:virtual void CBaseEntity::AddPointsToTeam(int, BOOL)	0	static
../Example/User/CM7/engine/sdk/dlls/cbase.h:180:15:virtual BOOL CBaseEntity::AddPlayerItem(CBasePlayerItem*)	0	static
../Example/User/CM7/engine/sdk/dlls/cbase.h:181:15:virtual BOOL CBaseEntity::RemovePlayerItem(CBasePlayerItem*)	0	static
../Example/User/CM7/engine/sdk/dlls/cbase.h:182:14:virtual int CBaseEntity::GiveAmmo(int, const char*, int)	0	static
../Example/User/CM7/engine/sdk/dlls/cbase.h:185:15:virtual void CBaseEntity::OverrideReset()	0	static
../Example/User/CM7/engine/sdk/dlls/cbase.h:188:15:virtual void CBaseEntity::SetToggleState(int)	0	static
../Example/User/CM7/engine/sdk/dlls/cbase.h:189:15:virtual void CBaseEntity::StartSneaking()	0	static
../Example/User/CM7/engine/sdk/dlls/cbase.h:190:15:virtual void CBaseEntity::StopSneaking()	0	static
../Example/User/CM7/engine/sdk/dlls/cbase.h:191:15:virtual BOOL CBaseEntity::OnControls(entvars_t*)	0	static
../Example/User/CM7/engine/sdk/dlls/cbase.h:192:15:virtual BOOL CBaseEntity::IsSneaking()	0	static
../Example/User/CM7/engine/sdk/dlls/cbase.h:194:15:virtual BOOL CBaseEntity::IsBSPModel()	0	static
../Example/User/CM7/engine/sdk/dlls/cbase.h:195:15:virtual BOOL CBaseEntity::ReflectGauss()	8	static
../Example/User/CM7/engine/sdk/dlls/cbase.h:198:15:virtual BOOL CBaseEntity::IsPlayer()	0	static
../Example/User/CM7/engine/sdk/dlls/cbase.h:199:15:virtual BOOL CBaseEntity::IsNetClient()	0	static
../Example/User/CM7/engine/sdk/dlls/cbase.h:200:22:virtual const char* CBaseEntity::TeamID()	0	static
../Example/User/CM7/engine/sdk/dlls/cbase.h:211:15:virtual void CBaseEntity::Think()	4	static
../Example/User/CM7/engine/sdk/dlls/cbase.h:212:15:virtual void CBaseEntity::Touch(CBaseEntity*)	8	static
../Example/User/CM7/engine/sdk/dlls/cbase.h:213:15:virtual void CBaseEntity::Use(CBaseEntity*, CBaseEntity*, USE_TYPE, float)	16	static
../Example/User/CM7/engine/sdk/dlls/cbase.h:218:15:virtual void CBaseEntity::Blocked(CBaseEntity*)	8	static
../Example/User/CM7/engine/sdk/dlls/cbase.h:246:23:virtual CBaseEntity* CBaseEntity::Respawn()	0	static
../Example/User/CM7/engine/sdk/dlls/cbase.h:317:15:virtual void CBaseEntity::UpdateOwner()	0	static
../Example/User/CM7/engine/sdk/dlls/cbase.h:526:15:virtual int CBaseToggle::GetToggleState()	0	static
../Example/User/CM7/engine/sdk/dlls/cbase.h:527:16:virtual float CBaseToggle::GetDelay()	0	static
../Example/User/CM7/engine/sdk/dlls/basemonster.h:120:14:virtual int CBaseMonster::BloodColor()	0	static
../Example/User/CM7/engine/sdk/dlls/basemonster.h:122:24:virtual CBaseMonster* CBaseMonster::MyMonsterPointer()	0	static
../Example/User/CM7/engine/sdk/dlls/basemonster.h:127:15:virtual BOOL CBaseMonster::IsAlive()	0	static
../Example/User/CM7/engine/sdk/dlls/basemonster.h:158:19:virtual Activity CBaseMonster::GetStoppedActivity()	0	static
../Example/User/CM7/engine/sdk/dlls/basemonster.h:159:15:virtual void CBaseMonster::Stop()	8	static
../Example/User/CM7/engine/sdk/dlls/basemonster.h:186:15:virtual void CBaseMonster::ScheduleChange()	0	static
../Example/User/CM7/engine/sdk/dlls/basemonster.h:189:14:virtual int CBaseMonster::CanPlaySentence(BOOL)	0	static
../Example/User/CM7/engine/sdk/dlls/basemonster.h:224:15:virtual void CBaseMonster::SetYawSpeed()	0	static
../Example/User/CM7/engine/sdk/dlls/basemonster.h:232:15:virtual BOOL CBaseMonster::FValidateCover(const Vector&)	0	static
../Example/User/CM7/engine/sdk/dlls/basemonster.h:233:16:virtual float CBaseMonster::CoverRadius()	0	static
../Example/User/CM7/engine/sdk/dlls/basemonster.h:236:15:virtual void CBaseMonster::CheckAmmo()	0	static
../Example/User/CM7/engine/sdk/dlls/basemonster.h:261:16:virtual float CBaseMonster::HearingSensitivity()	0	static
../Example/User/CM7/engine/sdk/dlls/basemonster.h:281:15:virtual void CBaseMonster::PrescheduleThink()	0	static
../Example/User/CM7/engine/sdk/dlls/basemonster.h:310:14:virtual int CBaseMonster::IsMoving()	0	static
../Example/User/CM7/engine/sdk/dlls/basemonster.h:315:15:virtual void CBaseMonster::DeathSound()	0	static
../Example/User/CM7/engine/sdk/dlls/basemonster.h:316:15:virtual void CBaseMonster::AlertSound()	0	static
../Example/User/CM7/engine/sdk/dlls/basemonster.h:317:15:virtual void CBaseMonster::IdleSound()	0	static
../Example/User/CM7/engine/sdk/dlls/basemonster.h:318:15:virtual void CBaseMonster::PainSound()	0	static
../Example/User/CM7/engine/sdk/dlls/basemonster.h:320:15:virtual void CBaseMonster::StopFollowing(BOOL)	0	static
../Example/User/CM7/engine/sdk/dlls/nihilanth.cpp:38:6:virtual int CNihilanth::Classify()	0	static
../Example/User/CM7/engine/sdk/dlls/nihilanth.cpp:39:6:virtual int CNihilanth::BloodColor()	0	static
../Example/User/CM7/engine/sdk/dlls/nihilanth.cpp:570:6:virtual void CNihilanth::GibMonster()	0	static
../Example/User/CM7/engine/sdk/dlls/nihilanth.cpp:1296:6:virtual void CNihilanthHVR::Spawn()	8	static
../Example/User/CM7/engine/sdk/dlls/nihilanth.cpp:1305:6:virtual void CNihilanthHVR::Precache()	8	static
../Example/User/CM7/engine/sdk/dlls/cbase.h:331:14:virtual int CBaseEntity::Illumination()	8	static
../Example/User/CM7/engine/sdk/dlls/nihilanth.cpp:331:6:virtual void CNihilanth::Precache()	16	static
../Example/User/CM7/engine/sdk/dlls/nihilanth.cpp:349:6:virtual void CNihilanth::UpdateOnRemove()	16	static
../Example/User/CM7/engine/sdk/dlls/nihilanth.cpp:435:6:virtual void CNihilanth::Killed(entvars_t*, int)	0	static
../Example/User/CM7/engine/sdk/dlls/cbase.h:196:15:virtual BOOL CBaseEntity::HasTarget(string_t)	8	static
../Example/User/CM7/engine/sdk/dlls/nihilanth.cpp:171:1:virtual int CNihilanth::Save(CSave&)	24	static
../Example/User/CM7/engine/sdk/dlls/nihilanth.cpp:229:1:virtual int CNihilanthHVR::Save(CSave&)	24	static
../Example/User/CM7/engine/sdk/dlls/nihilanth.cpp:171:1:virtual int CNihilanth::Restore(CRestore&)	24	static
../Example/User/CM7/engine/sdk/dlls/nihilanth.cpp:229:1:virtual int CNihilanthHVR::Restore(CRestore&)	24	static
../Example/User/CM7/engine/sdk/dlls/nihilanth.cpp:1202:6:void CNihilanth::CommandUse(CBaseEntity*, CBaseEntity*, USE_TYPE, float)	16	static
../Example/User/CM7/engine/sdk/dlls/nihilanth.cpp:43:7:virtual void CNihilanth::SetObjectCollisionBox()	0	static
../Example/User/CM7/engine/sdk/dlls/vector.h:75:16:Vector Vector::operator+(const Vector&) const	0	static
../Example/User/CM7/engine/sdk/dlls/cbase.h:328:17:virtual Vector CBaseEntity::EarPosition()	8	static
../Example/User/CM7/engine/sdk/dlls/cbase.h:327:17:virtual Vector CBaseEntity::EyePosition()	8	static
../Example/User/CM7/engine/sdk/dlls/cbase.h:326:17:virtual Vector CBaseEntity::Center()	24	static
../Example/User/CM7/engine/sdk/dlls/basemonster.h:300:17:virtual Vector CBaseMonster::BodyTarget(const Vector&)	64	static
../Example/User/CM7/engine/sdk/dlls/vector.h:76:16:Vector Vector::operator-(const Vector&) const	0	static
../Example/User/CM7/engine/sdk/dlls/vector.h:82:15:float Vector::Length() const	0	static
../Example/User/CM7/engine/sdk/dlls/vector.h:85:16:Vector Vector::Normalize() const	16	static
../Example/User/CM7/engine/sdk/dlls/nihilanth.cpp:1258:6:virtual void CNihilanth::TraceAttack(entvars_t*, float, Vector, TraceResult*, int)	56	static
../Example/User/CM7/engine/sdk/dlls/vector.h:108:14:float DotProduct(const Vector&, const Vector&)	0	static
../Example/User/CM7/engine/sdk/dlls/nihilanth.cpp:1806:6:void CNihilanthHVR::BounceTouch(CBaseEntity*)	120	static
../Example/User/CM7/engine/sdk/dlls/enginecallback.h:75:13:void MESSAGE_BEGIN(int, int, const float*, edict_t*)	4	static
../Example/User/CM7/engine/sdk/dlls/util.h:550:13:void EMIT_SOUND(edict_t*, int, const char*, float, float)	16	static
../Example/User/CM7/engine/sdk/dlls/util.h:555:13:void STOP_SOUND(edict_t*, int, const char*)	16	static
../Example/User/CM7/engine/sdk/dlls/cbase.h:221:8:static void* CBaseEntity::operator new(size_t, entvars_t*)	16	static
../Example/User/CM7/engine/sdk/dlls/cbase.h:322:11:edict_t* CBaseEntity::edict()	0	static
../Example/User/CM7/engine/sdk/dlls/nihilanth.cpp:276:6:virtual void CNihilanth::Spawn()	40	static
../Example/User/CM7/engine/sdk/dlls/nihilanth.cpp:369:6:virtual void CNihilanth::PainSound()	24	static
../Example/User/CM7/engine/sdk/dlls/nihilanth.cpp:386:6:virtual void CNihilanth::DeathSound()	8	static
../Example/User/CM7/engine/sdk/dlls/nihilanth.cpp:1240:5:virtual int CNihilanth::TakeDamage(entvars_t*, entvars_t*, float, int)	24	static
../Example/User/CM7/engine/sdk/dlls/nihilanth.cpp:1522:6:void CNihilanthHVR::ZapTouch(CBaseEntity*)	24	static
../Example/User/CM7/engine/sdk/dlls/nihilanth.cpp:1800:6:void CNihilanthHVR::RemoveTouch(CBaseEntity*)	8	static
../Example/User/CM7/engine/sdk/dlls/cbase.h:324:6:int CBaseEntity::entindex()	8	static
../Example/User/CM7/engine/sdk/dlls/nihilanth.cpp:1775:6:virtual void CNihilanthHVR::Crawl()	88	static
../Example/User/CM7/engine/sdk/dlls/nihilanth.cpp:1443:6:void CNihilanthHVR::ZapThink()	112	static
../Example/User/CM7/engine/sdk/dlls/nihilanth.cpp:391:6:void CNihilanth::NullThink()	8	static
../Example/User/CM7/engine/sdk/dlls/nihilanth.cpp:397:6:void CNihilanth::StartupUse(CBaseEntity*, CBaseEntity*, USE_TYPE, float)	0	static
../Example/User/CM7/engine/sdk/dlls/nihilanth.cpp:560:6:void CNihilanth::CrashTouch(CBaseEntity*)	0	static
../Example/User/CM7/engine/sdk/dlls/nihilanth.cpp:575:6:void CNihilanth::FloatSequence()	8	static
../Example/User/CM7/engine/sdk/dlls/nihilanth.cpp:639:6:void CNihilanth::MakeFriend(Vector)	120	static
../Example/User/CM7/engine/sdk/dlls/nihilanth.cpp:1648:6:void CNihilanthHVR::TeleportTouch(CBaseEntity*)	32	static
../Example/User/CM7/engine/sdk/dlls/nihilanth.cpp:688:6:void CNihilanth::NextActivity()	192	static
../Example/User/CM7/engine/sdk/dlls/nihilanth.cpp:913:6:void CNihilanth::Flight()	72	static
../Example/User/CM7/engine/sdk/dlls/nihilanth.cpp:1024:6:void CNihilanth::TargetSphere(USE_TYPE, float)	96	static
../Example/User/CM7/engine/sdk/dlls/nihilanth.cpp:1277:14:CBaseEntity* CNihilanth::RandomTargetname(const char*)	32	static
../Example/User/CM7/engine/sdk/dlls/nihilanth.cpp:1319:6:void CNihilanthHVR::CircleInit(CBaseEntity*)	48	static
../Example/User/CM7/engine/sdk/dlls/nihilanth.cpp:995:6:BOOL CNihilanth::EmitSphere()	56	static
../Example/User/CM7/engine/sdk/dlls/nihilanth.cpp:404:6:void CNihilanth::StartupThink()	16	static
../Example/User/CM7/engine/sdk/dlls/nihilanth.cpp:1345:14:CBaseEntity* CNihilanthHVR::RandomClassname(const char*)	32	static
../Example/User/CM7/engine/sdk/dlls/nihilanth.cpp:1421:6:void CNihilanthHVR::ZapInit(CBaseEntity*)	48	static
../Example/User/CM7/engine/sdk/dlls/nihilanth.cpp:603:6:void CNihilanth::ShootBalls()	136	static
../Example/User/CM7/engine/sdk/dlls/nihilanth.cpp:1541:6:void CNihilanthHVR::TeleportInit(CNihilanth*, CBaseEntity*, CBaseEntity*, CBaseEntity*)	40	static
../Example/User/CM7/engine/sdk/dlls/nihilanth.cpp:1051:6:virtual void CNihilanth::HandleAnimEvent(MonsterEvent_t*)	216	static
../Example/User/CM7/engine/sdk/dlls/nihilanth.cpp:1565:6:void CNihilanthHVR::GreenBallInit()	16	static
../Example/User/CM7/engine/sdk/dlls/nihilanth.cpp:440:6:void CNihilanth::DyingThink()	184	static
../Example/User/CM7/engine/sdk/dlls/nihilanth.cpp:1625:6:void CNihilanthHVR::AbsorbInit()	24	static
../Example/User/CM7/engine/sdk/dlls/nihilanth.cpp:979:6:BOOL CNihilanth::AbsorbSphere()	16	static
../Example/User/CM7/engine/sdk/dlls/nihilanth.cpp:849:6:void CNihilanth::HuntThink()	48	static
../Example/User/CM7/engine/sdk/dlls/nihilanth.cpp:1704:6:BOOL CNihilanthHVR::CircleTarget(Vector)	136	static
../Example/User/CM7/engine/sdk/dlls/nihilanth.cpp:1360:6:void CNihilanthHVR::HoverThink()	32	static
../Example/User/CM7/engine/sdk/dlls/nihilanth.cpp:1670:6:void CNihilanthHVR::DissipateThink()	40	static
../Example/User/CM7/engine/sdk/dlls/nihilanth.cpp:1758:6:void CNihilanthHVR::MovetoTarget(Vector)	80	static
../Example/User/CM7/engine/sdk/dlls/nihilanth.cpp:1580:6:void CNihilanthHVR::TeleportThink()	56	static
../Example/User/CM7/engine/sdk/dlls/basemonster.h:22:7:CBaseMonster::CBaseMonster()	0	static
../Example/User/CM7/engine/sdk/dlls/cbase.h:720:24:T* GetClassPtr(T*) [with T = CNihilanth]	16	static
../Example/User/CM7/engine/sdk/dlls/cbase.h:720:24:T* GetClassPtr(T*) [with T = CNihilanthHVR]	16	static
../Example/User/CM7/engine/sdk/dlls/nihilanth.cpp:1817:1:cpp)	8	static
