../Example/User/CM7/engine/sdk/dlls/cbase.h:151:15:virtual void CBaseEntity::Precache()	0	static
../Example/User/CM7/engine/sdk/dlls/cbase.h:156:15:virtual void CBaseEntity::Activate()	0	static
../Example/User/CM7/engine/sdk/dlls/cbase.h:163:14:virtual int CBaseEntity::Classify()	0	static
../Example/User/CM7/engine/sdk/dlls/cbase.h:164:15:virtual void CBaseEntity::DeathNotice(entvars_t*)	0	static
../Example/User/CM7/engine/sdk/dlls/cbase.h:172:14:virtual int CBaseEntity::BloodColor()	0	static
../Example/User/CM7/engine/sdk/dlls/cbase.h:174:15:virtual BOOL CBaseEntity::IsTriggered(CBaseEntity*)	0	static
../Example/User/CM7/engine/sdk/dlls/cbase.h:175:24:virtual CBaseMonster* CBaseEntity::MyMonsterPointer()	0	static
../Example/User/CM7/engine/sdk/dlls/cbase.h:176:25:virtual CSquadMonster* CBaseEntity::MySquadMonsterPointer()	0	static
../Example/User/CM7/engine/sdk/dlls/cbase.h:177:14:virtual int CBaseEntity::GetToggleState()	0	static
../Example/User/CM7/engine/sdk/dlls/cbase.h:178:15:virtual void CBaseEntity::AddPoints(int, BOOL)	0	static
../Example/User/CM7/engine/sdk/dlls/cbase.h:179:15:virtual void CBaseEntity::AddPointsToTeam(int, BOOL)	0	static
../Example/User/CM7/engine/sdk/dlls/cbase.h:180:15:virtual BOOL CBaseEntity::AddPlayerItem(CBasePlayerItem*)	0	static
../Example/User/CM7/engine/sdk/dlls/cbase.h:181:15:virtual BOOL CBaseEntity::RemovePlayerItem(CBasePlayerItem*)	0	static
../Example/User/CM7/engine/sdk/dlls/cbase.h:182:14:virtual int CBaseEntity::GiveAmmo(int, const char*, int)	0	static
../Example/User/CM7/engine/sdk/dlls/cbase.h:183:16:virtual float CBaseEntity::GetDelay()	0	static
../Example/User/CM7/engine/sdk/dlls/cbase.h:184:14:virtual int CBaseEntity::IsMoving()	0	static
../Example/User/CM7/engine/sdk/dlls/cbase.h:185:15:virtual void CBaseEntity::OverrideReset()	0	static
../Example/User/CM7/engine/sdk/dlls/cbase.h:188:15:virtual void CBaseEntity::SetToggleState(int)	0	static
../Example/User/CM7/engine/sdk/dlls/cbase.h:189:15:virtual void CBaseEntity::StartSneaking()	0	static
../Example/User/CM7/engine/sdk/dlls/cbase.h:190:15:virtual void CBaseEntity::StopSneaking()	0	static
../Example/User/CM7/engine/sdk/dlls/cbase.h:191:15:virtual BOOL CBaseEntity::OnControls(entvars_t*)	0	static
../Example/User/CM7/engine/sdk/dlls/cbase.h:192:15:virtual BOOL CBaseEntity::IsSneaking()	0	static
../Example/User/CM7/engine/sdk/dlls/cbase.h:193:15:virtual BOOL CBaseEntity::IsAlive()	0	static
../Example/User/CM7/engine/sdk/dlls/cbase.h:194:15:virtual BOOL CBaseEntity::IsBSPModel()	0	static
../Example/User/CM7/engine/sdk/dlls/cbase.h:195:15:virtual BOOL CBaseEntity::ReflectGauss()	8	static
../Example/User/CM7/engine/sdk/dlls/cbase.h:198:15:virtual BOOL CBaseEntity::IsPlayer()	0	static
../Example/User/CM7/engine/sdk/dlls/cbase.h:199:15:virtual BOOL CBaseEntity::IsNetClient()	0	static
../Example/User/CM7/engine/sdk/dlls/cbase.h:200:22:virtual const char* CBaseEntity::TeamID()	0	static
../Example/User/CM7/engine/sdk/dlls/cbase.h:211:15:virtual void CBaseEntity::Think()	4	static
../Example/User/CM7/engine/sdk/dlls/cbase.h:212:15:virtual void CBaseEntity::Touch(CBaseEntity*)	8	static
../Example/User/CM7/engine/sdk/dlls/cbase.h:213:15:virtual void CBaseEntity::Use(CBaseEntity*, CBaseEntity*, USE_TYPE, float)	16	static
../Example/User/CM7/engine/sdk/dlls/cbase.h:218:15:virtual void CBaseEntity::Blocked(CBaseEntity*)	8	static
../Example/User/CM7/engine/sdk/dlls/cbase.h:246:23:virtual CBaseEntity* CBaseEntity::Respawn()	0	static
../Example/User/CM7/engine/sdk/dlls/cbase.h:317:15:virtual void CBaseEntity::UpdateOwner()	0	static
../Example/User/CM7/engine/sdk/dlls/cbase.h:321:15:virtual BOOL CBaseEntity::FBecomeProne()	0	static
../Example/User/CM7/engine/sdk/dlls/cbase.h:328:17:virtual Vector CBaseEntity::EarPosition()	0	static
../Example/User/CM7/engine/sdk/dlls/cbase.h:329:17:virtual Vector CBaseEntity::BodyTarget(const Vector&)	8	static
../Example/User/CM7/engine/sdk/dlls/cbase.h:384:14:virtual int CPointEntity::ObjectCaps()	0	static
../Example/User/CM7/engine/sdk/dlls/pathcorner.cpp:30:8:virtual float CPathCorner::GetDelay()	0	static
../Example/User/CM7/engine/sdk/dlls/cbase.h:196:15:virtual BOOL CBaseEntity::HasTarget(string_t)	8	static
../Example/User/CM7/engine/sdk/dlls/pathcorner.cpp:65:6:virtual void CPathCorner::Spawn()	16	static
../Example/User/CM7/engine/sdk/dlls/pathcorner.cpp:145:6:virtual void CPathTrack::Use(CBaseEntity*, CBaseEntity*, USE_TYPE, float)	16	static
../Example/User/CM7/engine/sdk/dlls/pathcorner.cpp:211:6:virtual void CPathTrack::Spawn()	32	static
../Example/User/CM7/engine/sdk/dlls/cbase.h:331:14:virtual int CBaseEntity::Illumination()	8	static
../Example/User/CM7/engine/sdk/dlls/pathcorner.cpp:49:1:virtual int CPathCorner::Save(CSave&)	24	static
../Example/User/CM7/engine/sdk/dlls/pathcorner.cpp:128:1:virtual int CPathTrack::Save(CSave&)	24	static
../Example/User/CM7/engine/sdk/dlls/pathcorner.cpp:49:1:virtual int CPathCorner::Restore(CRestore&)	24	static
../Example/User/CM7/engine/sdk/dlls/pathcorner.cpp:128:1:virtual int CPathTrack::Restore(CRestore&)	24	static
../Example/User/CM7/engine/sdk/dlls/pathcorner.cpp:134:6:virtual void CPathTrack::KeyValue(KeyValueData*)	16	static
../Example/User/CM7/engine/sdk/dlls/pathcorner.cpp:54:6:virtual void CPathCorner::KeyValue(KeyValueData*)	16	static
../Example/User/CM7/engine/sdk/dlls/cbase.h:326:17:virtual Vector CBaseEntity::Center()	0	static
../Example/User/CM7/engine/sdk/dlls/cbase.h:327:17:virtual Vector CBaseEntity::EyePosition()	0	static
../Example/User/CM7/engine/sdk/dlls/vector.h:82:15:float Vector::Length() const	0	static
../Example/User/CM7/engine/sdk/dlls/util.h:181:13:BOOL FNullEnt(const edict_t*)	8	static
../Example/User/CM7/engine/sdk/dlls/cbase.h:221:8:static void* CBaseEntity::operator new(size_t, entvars_t*)	16	static
../Example/User/CM7/engine/sdk/dlls/cbase.h:720:24:T* GetClassPtr(T*) [with T = CPathCorner]	8	static
../Example/User/CM7/engine/sdk/dlls/cbase.h:720:24:T* GetClassPtr(T*) [with T = CPathTrack]	8	static
../Example/User/CM7/engine/sdk/dlls/pathcorner.cpp:231:13:CPathTrack* CPathTrack::ValidPath(CPathTrack*, int)	0	static
../Example/User/CM7/engine/sdk/dlls/pathcorner.cpp:242:6:void CPathTrack::Project(CPathTrack*, CPathTrack*, Vector*, float)	56	static
../Example/User/CM7/engine/sdk/dlls/pathcorner.cpp:252:13:CPathTrack* CPathTrack::GetNext()	0	static
../Example/User/CM7/engine/sdk/dlls/pathcorner.cpp:260:13:CPathTrack* CPathTrack::GetPrevious()	0	static
../Example/User/CM7/engine/sdk/dlls/pathcorner.cpp:268:6:void CPathTrack::SetPrevious(CPathTrack*)	16	static
../Example/User/CM7/engine/sdk/dlls/pathcorner.cpp:276:13:CPathTrack* CPathTrack::LookAhead(Vector*, float, int)	80	static
../Example/User/CM7/engine/sdk/dlls/pathcorner.cpp:358:13:CPathTrack* CPathTrack::Nearest(Vector)	64	static
../Example/User/CM7/engine/sdk/dlls/pathcorner.cpp:394:13:static CPathTrack* CPathTrack::Instance(edict_t*)	8	static
../Example/User/CM7/engine/sdk/dlls/pathcorner.cpp:175:6:void CPathTrack::Link()	24	static
../Example/User/CM7/engine/sdk/dlls/pathcorner.cpp:225:6:virtual void CPathTrack::Activate()	0	static
../Example/User/CM7/engine/sdk/dlls/pathcorner.cpp:399:1:cpp)	8	static
