../Example/User/CM7/engine/sdk/dlls/cbase.h:151:15:virtual void CBaseEntity::Precache()	0	static
../Example/User/CM7/engine/sdk/dlls/cbase.h:156:15:virtual void CBaseEntity::Activate()	0	static
../Example/User/CM7/engine/sdk/dlls/cbase.h:163:14:virtual int CBaseEntity::Classify()	0	static
../Example/User/CM7/engine/sdk/dlls/cbase.h:164:15:virtual void CBaseEntity::DeathNotice(entvars_t*)	0	static
../Example/User/CM7/engine/sdk/dlls/cbase.h:172:14:virtual int CBaseEntity::BloodColor()	0	static
../Example/User/CM7/engine/sdk/dlls/cbase.h:174:15:virtual BOOL CBaseEntity::IsTriggered(CBaseEntity*)	0	static
../Example/User/CM7/engine/sdk/dlls/cbase.h:175:24:virtual CBaseMonster* CBaseEntity::MyMonsterPointer()	0	static
../Example/User/CM7/engine/sdk/dlls/cbase.h:176:25:virtual CSquadMonster* CBaseEntity::MySquadMonsterPointer()	0	static
../Example/User/CM7/engine/sdk/dlls/cbase.h:178:15:virtual void CBaseEntity::AddPoints(int, BOOL)	0	static
../Example/User/CM7/engine/sdk/dlls/cbase.h:179:15:virtual void CBaseEntity::AddPointsToTeam(int, BOOL)	0	static
../Example/User/CM7/engine/sdk/dlls/cbase.h:180:15:virtual BOOL CBaseEntity::AddPlayerItem(CBasePlayerItem*)	0	static
../Example/User/CM7/engine/sdk/dlls/cbase.h:181:15:virtual BOOL CBaseEntity::RemovePlayerItem(CBasePlayerItem*)	0	static
../Example/User/CM7/engine/sdk/dlls/cbase.h:182:14:virtual int CBaseEntity::GiveAmmo(int, const char*, int)	0	static
../Example/User/CM7/engine/sdk/dlls/cbase.h:184:14:virtual int CBaseEntity::IsMoving()	0	static
../Example/User/CM7/engine/sdk/dlls/cbase.h:185:15:virtual void CBaseEntity::OverrideReset()	0	static
../Example/User/CM7/engine/sdk/dlls/cbase.h:188:15:virtual void CBaseEntity::SetToggleState(int)	0	static
../Example/User/CM7/engine/sdk/dlls/cbase.h:189:15:virtual void CBaseEntity::StartSneaking()	0	static
../Example/User/CM7/engine/sdk/dlls/cbase.h:190:15:virtual void CBaseEntity::StopSneaking()	0	static
../Example/User/CM7/engine/sdk/dlls/cbase.h:191:15:virtual BOOL CBaseEntity::OnControls(entvars_t*)	0	static
../Example/User/CM7/engine/sdk/dlls/cbase.h:192:15:virtual BOOL CBaseEntity::IsSneaking()	0	static
../Example/User/CM7/engine/sdk/dlls/cbase.h:193:15:virtual BOOL CBaseEntity::IsAlive()	0	static
../Example/User/CM7/engine/sdk/dlls/cbase.h:194:15:virtual BOOL CBaseEntity::IsBSPModel()	0	static
../Example/User/CM7/engine/sdk/dlls/cbase.h:195:15:virtual BOOL CBaseEntity::ReflectGauss()	8	static
../Example/User/CM7/engine/sdk/dlls/cbase.h:198:15:virtual BOOL CBaseEntity::IsPlayer()	0	static
../Example/User/CM7/engine/sdk/dlls/cbase.h:199:15:virtual BOOL CBaseEntity::IsNetClient()	0	static
../Example/User/CM7/engine/sdk/dlls/cbase.h:200:22:virtual const char* CBaseEntity::TeamID()	0	static
../Example/User/CM7/engine/sdk/dlls/cbase.h:211:15:virtual void CBaseEntity::Think()	4	static
../Example/User/CM7/engine/sdk/dlls/cbase.h:212:15:virtual void CBaseEntity::Touch(CBaseEntity*)	8	static
../Example/User/CM7/engine/sdk/dlls/cbase.h:213:15:virtual void CBaseEntity::Use(CBaseEntity*, CBaseEntity*, USE_TYPE, float)	16	static
../Example/User/CM7/engine/sdk/dlls/cbase.h:218:15:virtual void CBaseEntity::Blocked(CBaseEntity*)	8	static
../Example/User/CM7/engine/sdk/dlls/cbase.h:246:23:virtual CBaseEntity* CBaseEntity::Respawn()	0	static
../Example/User/CM7/engine/sdk/dlls/cbase.h:317:15:virtual void CBaseEntity::UpdateOwner()	0	static
../Example/User/CM7/engine/sdk/dlls/cbase.h:321:15:virtual BOOL CBaseEntity::FBecomeProne()	0	static
../Example/User/CM7/engine/sdk/dlls/cbase.h:328:17:virtual Vector CBaseEntity::EarPosition()	0	static
../Example/User/CM7/engine/sdk/dlls/cbase.h:329:17:virtual Vector CBaseEntity::BodyTarget(const Vector&)	8	static
../Example/User/CM7/engine/sdk/dlls/cbase.h:468:15:virtual void CBaseAnimating::HandleAnimEvent(MonsterEvent_t*)	0	static
../Example/User/CM7/engine/sdk/dlls/cbase.h:526:15:virtual int CBaseToggle::GetToggleState()	0	static
../Example/User/CM7/engine/sdk/dlls/cbase.h:527:16:virtual float CBaseToggle::GetDelay()	0	static
../Example/User/CM7/engine/sdk/dlls/basemonster.h:120:14:virtual int CBaseMonster::BloodColor()	0	static
../Example/User/CM7/engine/sdk/dlls/basemonster.h:122:24:virtual CBaseMonster* CBaseMonster::MyMonsterPointer()	0	static
../Example/User/CM7/engine/sdk/dlls/basemonster.h:127:15:virtual BOOL CBaseMonster::IsAlive()	0	static
../Example/User/CM7/engine/sdk/dlls/basemonster.h:158:19:virtual Activity CBaseMonster::GetStoppedActivity()	0	static
../Example/User/CM7/engine/sdk/dlls/basemonster.h:159:15:virtual void CBaseMonster::Stop()	8	static
../Example/User/CM7/engine/sdk/dlls/basemonster.h:186:15:virtual void CBaseMonster::ScheduleChange()	0	static
../Example/User/CM7/engine/sdk/dlls/basemonster.h:189:14:virtual int CBaseMonster::CanPlaySentence(BOOL)	0	static
../Example/User/CM7/engine/sdk/dlls/basemonster.h:224:15:virtual void CBaseMonster::SetYawSpeed()	0	static
../Example/User/CM7/engine/sdk/dlls/basemonster.h:232:15:virtual BOOL CBaseMonster::FValidateCover(const Vector&)	0	static
../Example/User/CM7/engine/sdk/dlls/basemonster.h:233:16:virtual float CBaseMonster::CoverRadius()	0	static
../Example/User/CM7/engine/sdk/dlls/basemonster.h:236:15:virtual void CBaseMonster::CheckAmmo()	0	static
../Example/User/CM7/engine/sdk/dlls/basemonster.h:261:16:virtual float CBaseMonster::HearingSensitivity()	0	static
../Example/User/CM7/engine/sdk/dlls/basemonster.h:281:15:virtual void CBaseMonster::PrescheduleThink()	0	static
../Example/User/CM7/engine/sdk/dlls/basemonster.h:310:14:virtual int CBaseMonster::IsMoving()	0	static
../Example/User/CM7/engine/sdk/dlls/basemonster.h:315:15:virtual void CBaseMonster::DeathSound()	0	static
../Example/User/CM7/engine/sdk/dlls/basemonster.h:316:15:virtual void CBaseMonster::AlertSound()	0	static
../Example/User/CM7/engine/sdk/dlls/basemonster.h:317:15:virtual void CBaseMonster::IdleSound()	0	static
../Example/User/CM7/engine/sdk/dlls/basemonster.h:318:15:virtual void CBaseMonster::PainSound()	0	static
../Example/User/CM7/engine/sdk/dlls/basemonster.h:320:15:virtual void CBaseMonster::StopFollowing(BOOL)	0	static
../Example/User/CM7/engine/sdk/dlls/scripted.h:55:15:virtual int CCineMonster::ObjectCaps()	0	static
../Example/User/CM7/engine/sdk/dlls/scripted.cpp:124:6:virtual void CCineMonster::Spawn()	0	static
../Example/User/CM7/engine/sdk/dlls/scripted.cpp:154:6:virtual BOOL CCineMonster::FCanOverrideState()	0	static
../Example/User/CM7/engine/sdk/dlls/scripted.cpp:165:6:virtual BOOL CCineAI::FCanOverrideState()	0	static
../Example/User/CM7/engine/sdk/dlls/scripted.cpp:199:6:virtual void CCineMonster::Blocked(CBaseEntity*)	0	static
../Example/User/CM7/engine/sdk/dlls/scripted.cpp:898:6:virtual int CScriptedSentence::ObjectCaps()	0	static
../Example/User/CM7/engine/sdk/dlls/scripted.cpp:998:6:virtual void CScriptedSentence::Spawn()	0	static
../Example/User/CM7/engine/sdk/dlls/scripted.cpp:1057:6:void CScriptedSentence::DelayThink()	0	static
../Example/User/CM7/engine/sdk/dlls/scripted.cpp:1163:14:virtual int CFurniture::ObjectCaps()	0	static
../Example/User/CM7/engine/sdk/dlls/scripted.cpp:1206:5:virtual int CFurniture::Classify()	0	static
../Example/User/CM7/engine/sdk/dlls/scripted.cpp:173:6:virtual void CCineMonster::Use(CBaseEntity*, CBaseEntity*, USE_TYPE, float)	8	static
../Example/User/CM7/engine/sdk/dlls/scripted.cpp:380:6:virtual void CCineAI::PossessEntity()	24	static
../Example/User/CM7/engine/sdk/dlls/scripted.cpp:569:6:virtual void CCineMonster::FixScriptMonsterSchedule(CBaseMonster*)	0	static
../Example/User/CM7/engine/sdk/dlls/cbase.h:331:14:virtual int CBaseEntity::Illumination()	8	static
../Example/User/CM7/engine/sdk/dlls/scripted.cpp:1181:6:virtual void CFurniture::Spawn()	16	static
../Example/User/CM7/engine/sdk/dlls/scripted.cpp:989:6:virtual void CScriptedSentence::Use(CBaseEntity*, CBaseEntity*, USE_TYPE, float)	0	static
../Example/User/CM7/engine/sdk/dlls/scripted.cpp:116:1:virtual int CCineMonster::Save(CSave&)	24	static
../Example/User/CM7/engine/sdk/dlls/scripted.cpp:116:1:virtual int CCineMonster::Restore(CRestore&)	24	static
../Example/User/CM7/engine/sdk/dlls/scripted.cpp:589:6:virtual void CCineAI::FixScriptMonsterSchedule(CBaseMonster*)	8	static
../Example/User/CM7/engine/sdk/dlls/scripted.cpp:939:1:virtual int CScriptedSentence::Save(CSave&)	24	static
../Example/User/CM7/engine/sdk/dlls/scripted.cpp:939:1:virtual int CScriptedSentence::Restore(CRestore&)	24	static
../Example/User/CM7/engine/sdk/dlls/cbase.h:326:17:virtual Vector CBaseEntity::Center()	0	static
../Example/User/CM7/engine/sdk/dlls/basemonster.h:300:17:virtual Vector CBaseMonster::BodyTarget(const Vector&)	56	static
../Example/User/CM7/engine/sdk/dlls/cbase.h:327:17:virtual Vector CBaseEntity::EyePosition()	0	static
../Example/User/CM7/engine/sdk/dlls/util.h:56:17:edict_t* FIND_ENTITY_BY_TARGETNAME(edict_t*, const char*)	0	static
../Example/User/CM7/engine/sdk/dlls/util.h:181:13:BOOL FNullEnt(const edict_t*)	8	static
../Example/User/CM7/engine/sdk/dlls/util.h:227:13:BOOL FStrEq(const char*, const char*)	8	static
../Example/User/CM7/engine/sdk/dlls/scripted.cpp:54:6:virtual void CCineMonster::KeyValue(KeyValueData*)	16	static
../Example/User/CM7/engine/sdk/dlls/cbase.h:196:15:virtual BOOL CBaseEntity::HasTarget(string_t)	8	static
../Example/User/CM7/engine/sdk/dlls/scripted.cpp:943:6:virtual void CScriptedSentence::KeyValue(KeyValueData*)	16	static
../Example/User/CM7/engine/sdk/dlls/util.h:232:13:BOOL FClassnameIs(edict_t*, const char*)	8	static
../Example/User/CM7/engine/sdk/dlls/cbase.h:221:8:static void* CBaseEntity::operator new(size_t, entvars_t*)	16	static
../Example/User/CM7/engine/sdk/dlls/cbase.h:720:24:T* GetClassPtr(T*) [with T = CScriptedSentence]	8	static
../Example/User/CM7/engine/sdk/dlls/cbase.h:273:16:CBaseMonster* CBaseEntity::GetMonsterPointer(edict_t*)	8	static
../Example/User/CM7/engine/sdk/dlls/scripted.cpp:724:6:virtual void CCineMonster::Activate()	24	static
../Example/User/CM7/engine/sdk/dlls/scripted.cpp:245:6:void CCineMonster::Die()	0	static
../Example/User/CM7/engine/sdk/dlls/scripted.cpp:253:6:void CCineMonster::Pain()	0	static
../Example/User/CM7/engine/sdk/dlls/scripted.cpp:263:5:int CCineMonster::FindEntity()	40	static
../Example/User/CM7/engine/sdk/dlls/scripted.cpp:624:6:void CCineMonster::AllowInterrupt(BOOL)	0	static
../Example/User/CM7/engine/sdk/dlls/scripted.cpp:631:6:BOOL CCineMonster::CanInterrupt()	8	static
../Example/User/CM7/engine/sdk/dlls/scripted.cpp:644:5:virtual int CCineMonster::IgnoreConditions()	8	static
../Example/User/CM7/engine/sdk/dlls/scripted.cpp:768:6:BOOL CBaseMonster::CineCleanup()	56	static
../Example/User/CM7/engine/sdk/dlls/scripted.cpp:540:6:void CCineMonster::SequenceDone(CBaseMonster*)	16	static
../Example/User/CM7/engine/sdk/dlls/scripted.cpp:474:6:virtual BOOL CCineMonster::StartSequence(CBaseMonster*, int, BOOL)	24	static
../Example/User/CM7/engine/sdk/dlls/scripted.cpp:506:6:virtual BOOL CCineAI::StartSequence(CBaseMonster*, int, BOOL)	24	static
../Example/User/CM7/engine/sdk/dlls/scripted.cpp:1065:6:BOOL CScriptedSentence::AcceptableSpeaker(CBaseMonster*)	16	static
../Example/User/CM7/engine/sdk/dlls/scripted.cpp:1088:15:CBaseMonster* CScriptedSentence::FindEntity()	24	static
../Example/User/CM7/engine/sdk/dlls/scripted.cpp:1125:6:BOOL CScriptedSentence::StartSentence(CBaseMonster*)	48	static
../Example/User/CM7/engine/sdk/dlls/scripted.cpp:1037:6:void CScriptedSentence::FindThink()	16	static
../Example/User/CM7/engine/sdk/dlls/scripted.cpp:1171:6:void CFurniture::Die()	0	static
../Example/User/CM7/engine/sdk/dlls/basemonster.h:22:7:CBaseMonster::CBaseMonster()	0	static
../Example/User/CM7/engine/sdk/dlls/cbase.h:720:24:T* GetClassPtr(T*) [with T = CCineMonster]	16	static
../Example/User/CM7/engine/sdk/dlls/scripted.cpp:651:6:void ScriptEntityCancel(edict_t*)	8	static
../Example/User/CM7/engine/sdk/dlls/scripted.cpp:679:6:void CCineMonster::CancelScript()	16	static
../Example/User/CM7/engine/sdk/dlls/scripted.cpp:458:6:void CCineMonster::CineThink()	16	static
../Example/User/CM7/engine/sdk/dlls/scripted.cpp:606:6:BOOL CBaseMonster::ExitScriptedSequence()	8	static
../Example/User/CM7/engine/sdk/dlls/scripted.cpp:699:6:void CCineMonster::DelayStart(int)	32	static
../Example/User/CM7/engine/sdk/dlls/scripted.cpp:312:6:virtual void CCineMonster::PossessEntity()	16	static
../Example/User/CM7/engine/sdk/dlls/cbase.h:720:24:T* GetClassPtr(T*) [with T = CFurniture]	16	static
../Example/User/CM7/engine/sdk/dlls/cbase.h:720:24:T* GetClassPtr(T*) [with T = CCineAI]	16	static
../Example/User/CM7/engine/sdk/dlls/scripted.cpp:1209:1:cpp)	8	static
