../Example/User/CM7/engine/sdk/dlls/cbase.h:151:15:virtual void CBaseEntity::Precache()	0	static
../Example/User/CM7/engine/sdk/dlls/cbase.h:156:15:virtual void CBaseEntity::Activate()	0	static
../Example/User/CM7/engine/sdk/dlls/cbase.h:163:14:virtual int CBaseEntity::Classify()	0	static
../Example/User/CM7/engine/sdk/dlls/cbase.h:164:15:virtual void CBaseEntity::DeathNotice(entvars_t*)	0	static
../Example/User/CM7/engine/sdk/dlls/cbase.h:172:14:virtual int CBaseEntity::BloodColor()	0	static
../Example/User/CM7/engine/sdk/dlls/cbase.h:174:15:virtual BOOL CBaseEntity::IsTriggered(CBaseEntity*)	0	static
../Example/User/CM7/engine/sdk/dlls/cbase.h:175:24:virtual CBaseMonster* CBaseEntity::MyMonsterPointer()	0	static
../Example/User/CM7/engine/sdk/dlls/cbase.h:176:25:virtual CSquadMonster* CBaseEntity::MySquadMonsterPointer()	0	static
../Example/User/CM7/engine/sdk/dlls/cbase.h:177:14:virtual int CBaseEntity::GetToggleState()	0	static
../Example/User/CM7/engine/sdk/dlls/cbase.h:178:15:virtual void CBaseEntity::AddPoints(int, BOOL)	0	static
../Example/User/CM7/engine/sdk/dlls/cbase.h:179:15:virtual void CBaseEntity::AddPointsToTeam(int, BOOL)	0	static
../Example/User/CM7/engine/sdk/dlls/cbase.h:180:15:virtual BOOL CBaseEntity::AddPlayerItem(CBasePlayerItem*)	0	static
../Example/User/CM7/engine/sdk/dlls/cbase.h:181:15:virtual BOOL CBaseEntity::RemovePlayerItem(CBasePlayerItem*)	0	static
../Example/User/CM7/engine/sdk/dlls/cbase.h:182:14:virtual int CBaseEntity::GiveAmmo(int, const char*, int)	0	static
../Example/User/CM7/engine/sdk/dlls/cbase.h:183:16:virtual float CBaseEntity::GetDelay()	0	static
../Example/User/CM7/engine/sdk/dlls/cbase.h:184:14:virtual int CBaseEntity::IsMoving()	0	static
../Example/User/CM7/engine/sdk/dlls/cbase.h:185:15:virtual void CBaseEntity::OverrideReset()	0	static
../Example/User/CM7/engine/sdk/dlls/cbase.h:188:15:virtual void CBaseEntity::SetToggleState(int)	0	static
../Example/User/CM7/engine/sdk/dlls/cbase.h:189:15:virtual void CBaseEntity::StartSneaking()	0	static
../Example/User/CM7/engine/sdk/dlls/cbase.h:190:15:virtual void CBaseEntity::StopSneaking()	0	static
../Example/User/CM7/engine/sdk/dlls/cbase.h:191:15:virtual BOOL CBaseEntity::OnControls(entvars_t*)	0	static
../Example/User/CM7/engine/sdk/dlls/cbase.h:192:15:virtual BOOL CBaseEntity::IsSneaking()	0	static
../Example/User/CM7/engine/sdk/dlls/cbase.h:193:15:virtual BOOL CBaseEntity::IsAlive()	0	static
../Example/User/CM7/engine/sdk/dlls/cbase.h:194:15:virtual BOOL CBaseEntity::IsBSPModel()	0	static
../Example/User/CM7/engine/sdk/dlls/cbase.h:195:15:virtual BOOL CBaseEntity::ReflectGauss()	8	static
../Example/User/CM7/engine/sdk/dlls/cbase.h:198:15:virtual BOOL CBaseEntity::IsPlayer()	0	static
../Example/User/CM7/engine/sdk/dlls/cbase.h:199:15:virtual BOOL CBaseEntity::IsNetClient()	0	static
../Example/User/CM7/engine/sdk/dlls/cbase.h:200:22:virtual const char* CBaseEntity::TeamID()	0	static
../Example/User/CM7/engine/sdk/dlls/cbase.h:211:15:virtual void CBaseEntity::Think()	4	static
../Example/User/CM7/engine/sdk/dlls/cbase.h:212:15:virtual void CBaseEntity::Touch(CBaseEntity*)	8	static
../Example/User/CM7/engine/sdk/dlls/cbase.h:213:15:virtual void CBaseEntity::Use(CBaseEntity*, CBaseEntity*, USE_TYPE, float)	16	static
../Example/User/CM7/engine/sdk/dlls/cbase.h:218:15:virtual void CBaseEntity::Blocked(CBaseEntity*)	8	static
../Example/User/CM7/engine/sdk/dlls/cbase.h:246:23:virtual CBaseEntity* CBaseEntity::Respawn()	0	static
../Example/User/CM7/engine/sdk/dlls/cbase.h:317:15:virtual void CBaseEntity::UpdateOwner()	0	static
../Example/User/CM7/engine/sdk/dlls/cbase.h:321:15:virtual BOOL CBaseEntity::FBecomeProne()	0	static
../Example/User/CM7/engine/sdk/dlls/cbase.h:328:17:virtual Vector CBaseEntity::EarPosition()	0	static
../Example/User/CM7/engine/sdk/dlls/cbase.h:329:17:virtual Vector CBaseEntity::BodyTarget(const Vector&)	8	static
../Example/User/CM7/engine/sdk/dlls/cbase.h:384:14:virtual int CPointEntity::ObjectCaps()	0	static
../Example/User/CM7/engine/sdk/dlls/sound.cpp:124:14:virtual int CAmbientGeneric::ObjectCaps()	0	static
../Example/User/CM7/engine/sdk/dlls/sound.cpp:154:6:virtual void CAmbientGeneric::Spawn()	32	static
../Example/User/CM7/engine/sdk/dlls/sound.cpp:977:6:virtual void CEnvSound::Spawn()	16	static
../Example/User/CM7/engine/sdk/dlls/sound.cpp:1714:14:virtual int CSpeaker::ObjectCaps()	0	static
../Example/User/CM7/engine/sdk/dlls/sound.cpp:1731:6:virtual void CSpeaker::Spawn()	32	static
../Example/User/CM7/engine/sdk/dlls/sound.cpp:1851:6:void CSpeaker::ToggleUse(CBaseEntity*, CBaseEntity*, USE_TYPE, float)	0	static
../Example/User/CM7/engine/sdk/dlls/sound.cpp:249:6:void CAmbientGeneric::RampThink()	48	static
../Example/User/CM7/engine/sdk/dlls/cbase.h:331:14:virtual int CBaseEntity::Illumination()	8	static
../Example/User/CM7/engine/sdk/dlls/sound.cpp:1757:6:virtual void CSpeaker::Precache()	16	static
../Example/User/CM7/engine/sdk/dlls/sound.cpp:149:1:virtual int CAmbientGeneric::Save(CSave&)	24	static
../Example/User/CM7/engine/sdk/dlls/sound.cpp:828:1:virtual int CEnvSound::Save(CSave&)	24	static
../Example/User/CM7/engine/sdk/dlls/sound.cpp:1726:1:virtual int CSpeaker::Save(CSave&)	24	static
../Example/User/CM7/engine/sdk/dlls/sound.cpp:149:1:virtual int CAmbientGeneric::Restore(CRestore&)	24	static
../Example/User/CM7/engine/sdk/dlls/sound.cpp:828:1:virtual int CEnvSound::Restore(CRestore&)	24	static
../Example/User/CM7/engine/sdk/dlls/sound.cpp:1726:1:virtual int CSpeaker::Restore(CRestore&)	24	static
../Example/User/CM7/engine/sdk/dlls/cbase.h:326:17:virtual Vector CBaseEntity::Center()	0	static
../Example/User/CM7/engine/sdk/dlls/cbase.h:327:17:virtual Vector CBaseEntity::EyePosition()	0	static
../Example/User/CM7/engine/sdk/dlls/util.h:140:17:edict_t* ENT(EOFFSET)	0	static
../Example/User/CM7/engine/sdk/dlls/util.h:181:13:BOOL FNullEnt(const edict_t*)	8	static
../Example/User/CM7/engine/sdk/dlls/util.h:227:13:BOOL FStrEq(const char*, const char*)	8	static
../Example/User/CM7/engine/sdk/dlls/sound.cpp:830:6:virtual void CEnvSound::KeyValue(KeyValueData*)	16	static
../Example/User/CM7/engine/sdk/dlls/cbase.h:196:15:virtual BOOL CBaseEntity::HasTarget(string_t)	8	static
../Example/User/CM7/engine/sdk/dlls/sound.cpp:636:6:virtual void CAmbientGeneric::KeyValue(KeyValueData*)	24	static
../Example/User/CM7/engine/sdk/dlls/sound.cpp:1895:6:virtual void CSpeaker::KeyValue(KeyValueData*)	16	static
../Example/User/CM7/engine/sdk/dlls/cbase.h:221:8:static void* CBaseEntity::operator new(size_t, entvars_t*)	16	static
../Example/User/CM7/engine/sdk/dlls/cbase.h:720:24:T* GetClassPtr(T*) [with T = CAmbientGeneric]	8	static
../Example/User/CM7/engine/sdk/dlls/cbase.h:720:24:T* GetClassPtr(T*) [with T = CEnvSound]	8	static
../Example/User/CM7/engine/sdk/dlls/cbase.h:720:24:T* GetClassPtr(T*) [with T = CSpeaker]	8	static
../Example/User/CM7/engine/sdk/dlls/sound.cpp:447:6:void CAmbientGeneric::InitModulationParms()	16	static
../Example/User/CM7/engine/sdk/dlls/sound.cpp:217:6:virtual void CAmbientGeneric::Precache()	24	static
../Example/User/CM7/engine/sdk/dlls/sound.cpp:534:6:void CAmbientGeneric::ToggleUse(CBaseEntity*, CBaseEntity*, USE_TYPE, float)	32	static
../Example/User/CM7/engine/sdk/dlls/sound.cpp:847:6:BOOL FEnvSoundInRange(entvars_t*, entvars_t*, float*)	112	static
../Example/User/CM7/engine/sdk/dlls/sound.cpp:1007:6:void USENTENCEG_InitLRU(unsigned char*, int)	32	static
../Example/User/CM7/engine/sdk/dlls/sound.cpp:1038:5:int USENTENCEG_PickSequential(int, char*, int, int)	24	static
../Example/User/CM7/engine/sdk/dlls/sound.cpp:1080:5:int USENTENCEG_Pick(int, char*)	32	static
../Example/User/CM7/engine/sdk/dlls/sound.cpp:1127:5:int SENTENCEG_GetIndex(const char*)	16	static
../Example/User/CM7/engine/sdk/dlls/sound.cpp:1239:6:void SENTENCEG_Init()	632	static
../Example/User/CM7/engine/sdk/dlls/sound.cpp:1359:5:int SENTENCEG_Lookup(const char*, char*)	24	static
../Example/User/CM7/engine/sdk/dlls/sound.cpp:1378:6:void EMIT_SOUND_DYN(edict_t*, int, const char*, float, float, int, int)	80	static
../Example/User/CM7/engine/sdk/dlls/sound.cpp:1151:5:int SENTENCEG_PlayRndI(edict_t*, int, float, float, int, int)	104	static
../Example/User/CM7/engine/sdk/dlls/sound.cpp:1169:5:int SENTENCEG_PlayRndSz(edict_t*, const char*, float, float, int, int)	104	static
../Example/User/CM7/engine/sdk/dlls/sound.cpp:1763:6:void CSpeaker::SpeakerThink()	48	static
../Example/User/CM7/engine/sdk/dlls/sound.cpp:1196:5:int SENTENCEG_PlaySequentialSz(edict_t*, const char*, float, float, int, int, int, int)	104	static
../Example/User/CM7/engine/sdk/dlls/sound.cpp:1220:6:void SENTENCEG_Stop(edict_t*, int, int)	80	static
../Example/User/CM7/engine/sdk/dlls/sound.cpp:1394:6:void EMIT_SOUND_SUIT(edict_t*, const char*)	32	static
../Example/User/CM7/engine/sdk/dlls/sound.cpp:1409:6:void EMIT_GROUPID_SUIT(edict_t*, int)	24	static
../Example/User/CM7/engine/sdk/dlls/sound.cpp:1424:6:void EMIT_GROUPNAME_SUIT(edict_t*, const char*)	24	static
../Example/User/CM7/engine/sdk/dlls/sound.cpp:1502:6:char TEXTURETYPE_Find(char*)	0	static
../Example/User/CM7/engine/sdk/dlls/sound.cpp:1511:7:float TEXTURETYPE_PlaySound(TraceResult*, Vector, Vector, int)	160	static
../Example/User/CM7/engine/sdk/dlls/cbase.h:720:24:T* GetClassPtr(T*) [with T = CBasePlayer]	8	static
../Example/User/CM7/engine/sdk/dlls/sound.cpp:886:6:virtual void CEnvSound::Think()	48	static
../Example/User/CM7/engine/sdk/dlls/sound.cpp:1905:1:cpp)	8	static
