../Example/User/CM7/engine/sdk/dlls/cbase.h:155:14:virtual int CBaseEntity::ObjectCaps()	0	static
../Example/User/CM7/engine/sdk/dlls/cbase.h:156:15:virtual void CBaseEntity::Activate()	0	static
../Example/User/CM7/engine/sdk/dlls/cbase.h:163:14:virtual int CBaseEntity::Classify()	0	static
../Example/User/CM7/engine/sdk/dlls/cbase.h:164:15:virtual void CBaseEntity::DeathNotice(entvars_t*)	0	static
../Example/User/CM7/engine/sdk/dlls/cbase.h:174:15:virtual BOOL CBaseEntity::IsTriggered(CBaseEntity*)	0	static
../Example/User/CM7/engine/sdk/dlls/cbase.h:176:25:virtual CSquadMonster* CBaseEntity::MySquadMonsterPointer()	0	static
../Example/User/CM7/engine/sdk/dlls/cbase.h:178:15:virtual void CBaseEntity::AddPoints(int, BOOL)	0	static
../Example/User/CM7/engine/sdk/dlls/cbase.h:179:15:virtual void CBaseEntity::AddPointsToTeam(int, BOOL)	0	static
../Example/User/CM7/engine/sdk/dlls/cbase.h:180:15:virtual BOOL CBaseEntity::AddPlayerItem(CBasePlayerItem*)	0	static
../Example/User/CM7/engine/sdk/dlls/cbase.h:181:15:virtual BOOL CBaseEntity::RemovePlayerItem(CBasePlayerItem*)	0	static
../Example/User/CM7/engine/sdk/dlls/cbase.h:182:14:virtual int CBaseEntity::GiveAmmo(int, const char*, int)	0	static
../Example/User/CM7/engine/sdk/dlls/cbase.h:185:15:virtual void CBaseEntity::OverrideReset()	0	static
../Example/User/CM7/engine/sdk/dlls/cbase.h:188:15:virtual void CBaseEntity::SetToggleState(int)	0	static
../Example/User/CM7/engine/sdk/dlls/cbase.h:189:15:virtual void CBaseEntity::StartSneaking()	0	static
../Example/User/CM7/engine/sdk/dlls/cbase.h:190:15:virtual void CBaseEntity::StopSneaking()	0	static
../Example/User/CM7/engine/sdk/dlls/cbase.h:191:15:virtual BOOL CBaseEntity::OnControls(entvars_t*)	0	static
../Example/User/CM7/engine/sdk/dlls/cbase.h:192:15:virtual BOOL CBaseEntity::IsSneaking()	0	static
../Example/User/CM7/engine/sdk/dlls/cbase.h:194:15:virtual BOOL CBaseEntity::IsBSPModel()	0	static
../Example/User/CM7/engine/sdk/dlls/cbase.h:195:15:virtual BOOL CBaseEntity::ReflectGauss()	8	static
../Example/User/CM7/engine/sdk/dlls/cbase.h:198:15:virtual BOOL CBaseEntity::IsPlayer()	0	static
../Example/User/CM7/engine/sdk/dlls/cbase.h:199:15:virtual BOOL CBaseEntity::IsNetClient()	0	static
../Example/User/CM7/engine/sdk/dlls/cbase.h:200:22:virtual const char* CBaseEntity::TeamID()	0	static
../Example/User/CM7/engine/sdk/dlls/cbase.h:211:15:virtual void CBaseEntity::Think()	4	static
../Example/User/CM7/engine/sdk/dlls/cbase.h:212:15:virtual void CBaseEntity::Touch(CBaseEntity*)	8	static
../Example/User/CM7/engine/sdk/dlls/cbase.h:213:15:virtual void CBaseEntity::Use(CBaseEntity*, CBaseEntity*, USE_TYPE, float)	16	static
../Example/User/CM7/engine/sdk/dlls/cbase.h:218:15:virtual void CBaseEntity::Blocked(CBaseEntity*)	8	static
../Example/User/CM7/engine/sdk/dlls/cbase.h:246:23:virtual CBaseEntity* CBaseEntity::Respawn()	0	static
../Example/User/CM7/engine/sdk/dlls/cbase.h:317:15:virtual void CBaseEntity::UpdateOwner()	0	static
../Example/User/CM7/engine/sdk/dlls/cbase.h:328:17:virtual Vector CBaseEntity::EarPosition()	0	static
../Example/User/CM7/engine/sdk/dlls/cbase.h:526:15:virtual int CBaseToggle::GetToggleState()	0	static
../Example/User/CM7/engine/sdk/dlls/cbase.h:527:16:virtual float CBaseToggle::GetDelay()	0	static
../Example/User/CM7/engine/sdk/dlls/basemonster.h:120:14:virtual int CBaseMonster::BloodColor()	0	static
../Example/User/CM7/engine/sdk/dlls/basemonster.h:122:24:virtual CBaseMonster* CBaseMonster::MyMonsterPointer()	0	static
../Example/User/CM7/engine/sdk/dlls/basemonster.h:127:15:virtual BOOL CBaseMonster::IsAlive()	0	static
../Example/User/CM7/engine/sdk/dlls/basemonster.h:158:19:virtual Activity CBaseMonster::GetStoppedActivity()	0	static
../Example/User/CM7/engine/sdk/dlls/basemonster.h:159:15:virtual void CBaseMonster::Stop()	8	static
../Example/User/CM7/engine/sdk/dlls/basemonster.h:186:15:virtual void CBaseMonster::ScheduleChange()	0	static
../Example/User/CM7/engine/sdk/dlls/basemonster.h:189:14:virtual int CBaseMonster::CanPlaySentence(BOOL)	0	static
../Example/User/CM7/engine/sdk/dlls/basemonster.h:224:15:virtual void CBaseMonster::SetYawSpeed()	0	static
../Example/User/CM7/engine/sdk/dlls/basemonster.h:232:15:virtual BOOL CBaseMonster::FValidateCover(const Vector&)	0	static
../Example/User/CM7/engine/sdk/dlls/basemonster.h:233:16:virtual float CBaseMonster::CoverRadius()	0	static
../Example/User/CM7/engine/sdk/dlls/basemonster.h:236:15:virtual void CBaseMonster::CheckAmmo()	0	static
../Example/User/CM7/engine/sdk/dlls/basemonster.h:261:16:virtual float CBaseMonster::HearingSensitivity()	0	static
../Example/User/CM7/engine/sdk/dlls/basemonster.h:281:15:virtual void CBaseMonster::PrescheduleThink()	0	static
../Example/User/CM7/engine/sdk/dlls/basemonster.h:310:14:virtual int CBaseMonster::IsMoving()	0	static
../Example/User/CM7/engine/sdk/dlls/basemonster.h:315:15:virtual void CBaseMonster::DeathSound()	0	static
../Example/User/CM7/engine/sdk/dlls/basemonster.h:316:15:virtual void CBaseMonster::AlertSound()	0	static
../Example/User/CM7/engine/sdk/dlls/basemonster.h:317:15:virtual void CBaseMonster::IdleSound()	0	static
../Example/User/CM7/engine/sdk/dlls/basemonster.h:318:15:virtual void CBaseMonster::PainSound()	0	static
../Example/User/CM7/engine/sdk/dlls/basemonster.h:320:15:virtual void CBaseMonster::StopFollowing(BOOL)	0	static
../Example/User/CM7/engine/sdk/dlls/tentacle.cpp:49:14:virtual int CTentacle::ObjectCaps()	0	static
../Example/User/CM7/engine/sdk/dlls/tentacle.cpp:66:8:virtual float CTentacle::HearingSensitivity()	0	static
../Example/User/CM7/engine/sdk/dlls/tentacle.cpp:72:15:virtual MONSTERSTATE CTentacle::GetIdealState()	0	static
../Example/User/CM7/engine/sdk/dlls/tentacle.cpp:234:5:virtual int CTentacle::Classify()	0	static
../Example/User/CM7/engine/sdk/dlls/tentacle.cpp:287:6:virtual void CTentacle::Precache()	16	static
../Example/User/CM7/engine/sdk/dlls/tentacle.cpp:971:5:virtual int CTentacle::TakeDamage(entvars_t*, entvars_t*, float, int)	0	static
../Example/User/CM7/engine/sdk/dlls/tentacle.cpp:984:6:virtual void CTentacle::Killed(entvars_t*, int)	0	static
../Example/User/CM7/engine/sdk/dlls/tentacle.cpp:1019:6:virtual void CTentacleMaw::Precache()	0	static
../Example/User/CM7/engine/sdk/dlls/tentacle.cpp:242:6:virtual void CTentacle::Spawn()	40	static
../Example/User/CM7/engine/sdk/dlls/cbase.h:331:14:virtual int CBaseEntity::Illumination()	8	static
../Example/User/CM7/engine/sdk/dlls/tentacle.cpp:1002:6:virtual void CTentacleMaw::Spawn()	40	static
../Example/User/CM7/engine/sdk/dlls/cbase.h:196:15:virtual BOOL CBaseEntity::HasTarget(string_t)	8	static
../Example/User/CM7/engine/sdk/dlls/tentacle.cpp:720:6:void CTentacle::DieThink()	16	static
../Example/User/CM7/engine/sdk/dlls/tentacle.cpp:935:6:void CTentacle::HitTouch(CBaseEntity*)	80	static
../Example/User/CM7/engine/sdk/dlls/tentacle.cpp:164:1:virtual int CTentacle::Save(CSave&)	24	static
../Example/User/CM7/engine/sdk/dlls/tentacle.cpp:164:1:virtual int CTentacle::Restore(CRestore&)	24	static
../Example/User/CM7/engine/sdk/dlls/tentacle.cpp:693:6:void CTentacle::CommandUse(CBaseEntity*, CBaseEntity*, USE_TYPE, float)	0	static
../Example/User/CM7/engine/sdk/dlls/tentacle.cpp:51:7:virtual void CTentacle::SetObjectCollisionBox()	0	static
../Example/User/CM7/engine/sdk/dlls/tentacle.cpp:916:6:void CTentacle::Start()	24	static
../Example/User/CM7/engine/sdk/dlls/tentacle.cpp:322:6:virtual void CTentacle::KeyValue(KeyValueData*)	16	static
../Example/User/CM7/engine/sdk/dlls/cbase.h:326:17:virtual Vector CBaseEntity::Center()	0	static
../Example/User/CM7/engine/sdk/dlls/basemonster.h:300:17:virtual Vector CBaseMonster::BodyTarget(const Vector&)	56	static
../Example/User/CM7/engine/sdk/dlls/cbase.h:327:17:virtual Vector CBaseEntity::EyePosition()	0	static
../Example/User/CM7/engine/sdk/dlls/cbase.h:221:8:static void* CBaseEntity::operator new(size_t, entvars_t*)	16	static
../Example/User/CM7/engine/sdk/dlls/basemonster.h:22:7:CBaseMonster::CBaseMonster()	0	static
../Example/User/CM7/engine/sdk/dlls/cbase.h:720:24:T* GetClassPtr(T*) [with T = CTentacleMaw]	16	static
../Example/User/CM7/engine/sdk/dlls/tentacle.cpp:316:1:CTentacle::CTentacle()	8	static
../Example/User/CM7/engine/sdk/dlls/cbase.h:720:24:T* GetClassPtr(T*) [with T = CTentacle]	16	static
../Example/User/CM7/engine/sdk/dlls/tentacle.cpp:338:5:int CTentacle::Level(float)	0	static
../Example/User/CM7/engine/sdk/dlls/tentacle.cpp:363:5:int CTentacle::MyLevel()	0	static
../Example/User/CM7/engine/sdk/dlls/tentacle.cpp:349:7:float CTentacle::MyHeight()	8	static
../Example/User/CM7/engine/sdk/dlls/tentacle.cpp:793:6:virtual void CTentacle::HandleAnimEvent(MonsterEvent_t*)	72	static
../Example/User/CM7/engine/sdk/dlls/tentacle.cpp:435:6:void CTentacle::Cycle()	176	static
../Example/User/CM7/engine/sdk/dlls/tentacle.cpp:424:6:void CTentacle::Test()	8	static
../Example/User/CM7/engine/sdk/dlls/tentacle.cpp:1022:1:cpp)	8	static
