../Example/User/CM7/engine/sdk/dlls/cbase.h:150:15:virtual void CBaseEntity::Spawn()	0	static
../Example/User/CM7/engine/sdk/dlls/cbase.h:151:15:virtual void CBaseEntity::Precache()	0	static
../Example/User/CM7/engine/sdk/dlls/cbase.h:152:15:virtual void CBaseEntity::KeyValue(KeyValueData*)	0	static
../Example/User/CM7/engine/sdk/dlls/cbase.h:155:14:virtual int CBaseEntity::ObjectCaps()	0	static
../Example/User/CM7/engine/sdk/dlls/cbase.h:156:15:virtual void CBaseEntity::Activate()	0	static
../Example/User/CM7/engine/sdk/dlls/cbase.h:163:14:virtual int CBaseEntity::Classify()	0	static
../Example/User/CM7/engine/sdk/dlls/cbase.h:164:15:virtual void CBaseEntity::DeathNotice(entvars_t*)	0	static
../Example/User/CM7/engine/sdk/dlls/cbase.h:172:14:virtual int CBaseEntity::BloodColor()	0	static
../Example/User/CM7/engine/sdk/dlls/cbase.h:174:15:virtual BOOL CBaseEntity::IsTriggered(CBaseEntity*)	0	static
../Example/User/CM7/engine/sdk/dlls/cbase.h:175:24:virtual CBaseMonster* CBaseEntity::MyMonsterPointer()	0	static
../Example/User/CM7/engine/sdk/dlls/cbase.h:176:25:virtual CSquadMonster* CBaseEntity::MySquadMonsterPointer()	0	static
../Example/User/CM7/engine/sdk/dlls/cbase.h:177:14:virtual int CBaseEntity::GetToggleState()	0	static
../Example/User/CM7/engine/sdk/dlls/cbase.h:178:15:virtual void CBaseEntity::AddPoints(int, BOOL)	0	static
../Example/User/CM7/engine/sdk/dlls/cbase.h:179:15:virtual void CBaseEntity::AddPointsToTeam(int, BOOL)	0	static
../Example/User/CM7/engine/sdk/dlls/cbase.h:180:15:virtual BOOL CBaseEntity::AddPlayerItem(CBasePlayerItem*)	0	static
../Example/User/CM7/engine/sdk/dlls/cbase.h:181:15:virtual BOOL CBaseEntity::RemovePlayerItem(CBasePlayerItem*)	0	static
../Example/User/CM7/engine/sdk/dlls/cbase.h:182:14:virtual int CBaseEntity::GiveAmmo(int, const char*, int)	0	static
../Example/User/CM7/engine/sdk/dlls/cbase.h:183:16:virtual float CBaseEntity::GetDelay()	0	static
../Example/User/CM7/engine/sdk/dlls/cbase.h:185:15:virtual void CBaseEntity::OverrideReset()	0	static
../Example/User/CM7/engine/sdk/dlls/cbase.h:188:15:virtual void CBaseEntity::SetToggleState(int)	0	static
../Example/User/CM7/engine/sdk/dlls/cbase.h:189:15:virtual void CBaseEntity::StartSneaking()	0	static
../Example/User/CM7/engine/sdk/dlls/cbase.h:190:15:virtual void CBaseEntity::StopSneaking()	0	static
../Example/User/CM7/engine/sdk/dlls/cbase.h:191:15:virtual BOOL CBaseEntity::OnControls(entvars_t*)	0	static
../Example/User/CM7/engine/sdk/dlls/cbase.h:192:15:virtual BOOL CBaseEntity::IsSneaking()	0	static
../Example/User/CM7/engine/sdk/dlls/cbase.h:193:15:virtual BOOL CBaseEntity::IsAlive()	0	static
../Example/User/CM7/engine/sdk/dlls/cbase.h:194:15:virtual BOOL CBaseEntity::IsBSPModel()	0	static
../Example/User/CM7/engine/sdk/dlls/cbase.h:195:15:virtual BOOL CBaseEntity::ReflectGauss()	8	static
../Example/User/CM7/engine/sdk/dlls/cbase.h:198:15:virtual BOOL CBaseEntity::IsPlayer()	0	static
../Example/User/CM7/engine/sdk/dlls/cbase.h:199:15:virtual BOOL CBaseEntity::IsNetClient()	0	static
../Example/User/CM7/engine/sdk/dlls/cbase.h:200:22:virtual const char* CBaseEntity::TeamID()	0	static
../Example/User/CM7/engine/sdk/dlls/cbase.h:211:15:virtual void CBaseEntity::Think()	4	static
../Example/User/CM7/engine/sdk/dlls/cbase.h:212:15:virtual void CBaseEntity::Touch(CBaseEntity*)	8	static
../Example/User/CM7/engine/sdk/dlls/cbase.h:213:15:virtual void CBaseEntity::Use(CBaseEntity*, CBaseEntity*, USE_TYPE, float)	16	static
../Example/User/CM7/engine/sdk/dlls/cbase.h:218:15:virtual void CBaseEntity::Blocked(CBaseEntity*)	8	static
../Example/User/CM7/engine/sdk/dlls/cbase.h:246:23:virtual CBaseEntity* CBaseEntity::Respawn()	0	static
../Example/User/CM7/engine/sdk/dlls/cbase.h:317:15:virtual void CBaseEntity::UpdateOwner()	0	static
../Example/User/CM7/engine/sdk/dlls/cbase.h:321:15:virtual BOOL CBaseEntity::FBecomeProne()	0	static
../Example/User/CM7/engine/sdk/dlls/cbase.h:328:17:virtual Vector CBaseEntity::EarPosition()	0	static
../Example/User/CM7/engine/sdk/dlls/cbase.h:329:17:virtual Vector CBaseEntity::BodyTarget(const Vector&)	8	static
../Example/User/CM7/engine/sdk/dlls/cbase.h:384:14:virtual int CPointEntity::ObjectCaps()	0	static
../Example/User/CM7/engine/sdk/dlls/cbase.h:468:15:virtual void CBaseAnimating::HandleAnimEvent(MonsterEvent_t*)	0	static
../Example/User/CM7/engine/sdk/dlls/cbase.h:526:15:virtual int CBaseToggle::GetToggleState()	0	static
../Example/User/CM7/engine/sdk/dlls/cbase.h:527:16:virtual float CBaseToggle::GetDelay()	0	static
../Example/User/CM7/engine/sdk/dlls/triggers.cpp:52:14:virtual int CFrictionModifier::ObjectCaps()	0	static
../Example/User/CM7/engine/sdk/dlls/triggers.cpp:79:6:void CFrictionModifier::ChangeFriction(CBaseEntity*)	0	static
../Example/User/CM7/engine/sdk/dlls/triggers.cpp:110:6:virtual int CAutoTrigger::ObjectCaps()	0	static
../Example/User/CM7/engine/sdk/dlls/triggers.cpp:159:6:virtual void CAutoTrigger::Spawn()	0	static
../Example/User/CM7/engine/sdk/dlls/triggers.cpp:164:6:virtual void CAutoTrigger::Precache()	0	static
../Example/User/CM7/engine/sdk/dlls/triggers.cpp:188:6:virtual int CTriggerRelay::ObjectCaps()	0	static
../Example/User/CM7/engine/sdk/dlls/triggers.cpp:230:6:virtual void CTriggerRelay::Spawn()	0	static
../Example/User/CM7/engine/sdk/dlls/triggers.cpp:263:6:virtual int CMultiManager::ObjectCaps()	0	static
../Example/User/CM7/engine/sdk/dlls/triggers.cpp:330:6:virtual void CMultiManager::Spawn()	12	static
../Example/User/CM7/engine/sdk/dlls/triggers.cpp:469:6:virtual void CRenderFxManager::Spawn()	0	static
../Example/User/CM7/engine/sdk/dlls/triggers.cpp:512:14:virtual int CBaseTrigger::ObjectCaps()	0	static
../Example/User/CM7/engine/sdk/dlls/triggers.cpp:607:6:virtual void CTriggerMonsterJump::Touch(CBaseEntity*)	0	static
../Example/User/CM7/engine/sdk/dlls/triggers.cpp:736:6:virtual void CTargetCDAudio::Spawn()	0	static
../Example/User/CM7/engine/sdk/dlls/triggers.cpp:1168:6:void CBaseTrigger::MultiWaitOver()	0	static
../Example/User/CM7/engine/sdk/dlls/triggers.cpp:1241:6:virtual void CTriggerCounter::Spawn()	0	static
../Example/User/CM7/engine/sdk/dlls/triggers.cpp:1279:6:virtual int CFireAndDie::ObjectCaps()	0	static
../Example/User/CM7/engine/sdk/dlls/triggers.cpp:1284:6:virtual void CFireAndDie::Spawn()	0	static
../Example/User/CM7/engine/sdk/dlls/triggers.cpp:1290:6:virtual void CFireAndDie::Precache()	0	static
../Example/User/CM7/engine/sdk/dlls/triggers.cpp:1729:6:virtual void CLadder::Precache()	8	static
../Example/User/CM7/engine/sdk/dlls/triggers.cpp:2033:6:void CTriggerGravity::GravityTouch(CBaseEntity*)	16	static
../Example/User/CM7/engine/sdk/dlls/triggers.cpp:2050:6:virtual int CTriggerChangeTarget::ObjectCaps()	0	static
../Example/User/CM7/engine/sdk/dlls/triggers.cpp:2114:14:virtual int CTriggerCamera::ObjectCaps()	0	static
../Example/User/CM7/engine/sdk/dlls/triggers.cpp:2154:6:virtual void CTriggerCamera::Spawn()	0	static
../Example/User/CM7/engine/sdk/dlls/triggers.cpp:70:6:virtual void CFrictionModifier::Spawn()	16	static
../Example/User/CM7/engine/sdk/dlls/cbase.h:331:14:virtual int CBaseEntity::Illumination()	8	static
../Example/User/CM7/engine/sdk/dlls/triggers.cpp:1263:6:virtual void CTriggerVolume::Spawn()	16	static
../Example/User/CM7/engine/sdk/dlls/triggers.cpp:1742:6:virtual void CLadder::Spawn()	16	static
../Example/User/CM7/engine/sdk/dlls/triggers.cpp:234:6:virtual void CTriggerRelay::Use(CBaseEntity*, CBaseEntity*, USE_TYPE, float)	8	static
../Example/User/CM7/engine/sdk/dlls/triggers.cpp:1296:6:virtual void CFireAndDie::Think()	8	static
../Example/User/CM7/engine/sdk/dlls/triggers.cpp:1958:6:void CTriggerEndSection::EndSectionUse(CBaseEntity*, CBaseEntity*, USE_TYPE, float)	8	static
../Example/User/CM7/engine/sdk/dlls/triggers.cpp:371:6:void CMultiManager::ManagerThink()	32	static
../Example/User/CM7/engine/sdk/dlls/triggers.cpp:600:6:virtual void CTriggerMonsterJump::Think()	16	static
../Example/User/CM7/engine/sdk/dlls/triggers.cpp:864:6:void CBaseTrigger::ToggleUse(CBaseEntity*, CBaseEntity*, USE_TYPE, float)	0	static
../Example/User/CM7/engine/sdk/dlls/saverestore.h:51:7:CSave::~CSave()	8	static
../Example/User/CM7/engine/sdk/dlls/saverestore.h:51:7:virtual CSave::~CSave()	8	static
../Example/User/CM7/engine/sdk/dlls/triggers.cpp:2084:6:virtual void CTriggerChangeTarget::Use(CBaseEntity*, CBaseEntity*, USE_TYPE, float)	8	static
../Example/User/CM7/engine/sdk/dlls/triggers.cpp:67:1:virtual int CFrictionModifier::Save(CSave&)	24	static
../Example/User/CM7/engine/sdk/dlls/triggers.cpp:67:1:virtual int CFrictionModifier::Restore(CRestore&)	24	static
../Example/User/CM7/engine/sdk/dlls/triggers.cpp:129:1:virtual int CAutoTrigger::Save(CSave&)	24	static
../Example/User/CM7/engine/sdk/dlls/triggers.cpp:205:1:virtual int CTriggerRelay::Save(CSave&)	24	static
../Example/User/CM7/engine/sdk/dlls/triggers.cpp:2067:1:virtual int CTriggerChangeTarget::Save(CSave&)	24	static
../Example/User/CM7/engine/sdk/dlls/triggers.cpp:2152:1:virtual int CTriggerCamera::Save(CSave&)	24	static
../Example/User/CM7/engine/sdk/dlls/triggers.cpp:129:1:virtual int CAutoTrigger::Restore(CRestore&)	24	static
../Example/User/CM7/engine/sdk/dlls/triggers.cpp:205:1:virtual int CTriggerRelay::Restore(CRestore&)	24	static
../Example/User/CM7/engine/sdk/dlls/triggers.cpp:2067:1:virtual int CTriggerChangeTarget::Restore(CRestore&)	24	static
../Example/User/CM7/engine/sdk/dlls/triggers.cpp:2152:1:virtual int CTriggerCamera::Restore(CRestore&)	24	static
../Example/User/CM7/engine/sdk/dlls/triggers.cpp:169:6:virtual void CAutoTrigger::Think()	8	static
../Example/User/CM7/engine/sdk/dlls/triggers.cpp:1990:6:void CTriggerEndSection::EndSectionTouch(CBaseEntity*)	8	static
../Example/User/CM7/engine/sdk/dlls/triggers.cpp:300:1:virtual int CMultiManager::Save(CSave&)	24	static
../Example/User/CM7/engine/sdk/dlls/triggers.cpp:1341:1:virtual int CChangeLevel::Save(CSave&)	24	static
../Example/User/CM7/engine/sdk/dlls/triggers.cpp:300:1:virtual int CMultiManager::Restore(CRestore&)	24	static
../Example/User/CM7/engine/sdk/dlls/triggers.cpp:1341:1:virtual int CChangeLevel::Restore(CRestore&)	24	static
../Example/User/CM7/engine/sdk/dlls/triggers.cpp:1931:6:void CTriggerSave::SaveTouch(CBaseEntity*)	16	static
../Example/User/CM7/engine/sdk/dlls/triggers.cpp:1397:6:void CChangeLevel::ExecuteChangeLevel()	16	static
../Example/User/CM7/engine/sdk/dlls/triggers.cpp:1792:6:virtual void CTriggerPush::Touch(CBaseEntity*)	0	static
../Example/User/CM7/engine/sdk/dlls/cbase.h:326:17:virtual Vector CBaseEntity::Center()	0	static
../Example/User/CM7/engine/sdk/dlls/cbase.h:327:17:virtual Vector CBaseEntity::EyePosition()	0	static
../Example/User/CM7/engine/sdk/dlls/vector.h:73:13:int Vector::operator==(const Vector&) const	0	static
../Example/User/CM7/engine/sdk/dlls/cbase.h:184:14:virtual int CBaseEntity::IsMoving()	8	static
../Example/User/CM7/engine/sdk/dlls/vector.h:82:15:float Vector::Length() const	0	static
../Example/User/CM7/engine/sdk/dlls/util.h:56:17:edict_t* FIND_ENTITY_BY_TARGETNAME(edict_t*, const char*)	0	static
../Example/User/CM7/engine/sdk/dlls/util.h:181:13:BOOL FNullEnt(const edict_t*)	8	static
../Example/User/CM7/engine/sdk/dlls/triggers.cpp:1835:6:void CBaseTrigger::TeleportTouch(CBaseEntity*)	32	static
../Example/User/CM7/engine/sdk/dlls/triggers.cpp:474:6:virtual void CRenderFxManager::Use(CBaseEntity*, CBaseEntity*, USE_TYPE, float)	24	static
../Example/User/CM7/engine/sdk/dlls/util.h:227:13:BOOL FStrEq(const char*, const char*)	8	static
../Example/User/CM7/engine/sdk/dlls/triggers.cpp:86:6:virtual void CFrictionModifier::KeyValue(KeyValueData*)	16	static
../Example/User/CM7/engine/sdk/dlls/triggers.cpp:131:6:virtual void CAutoTrigger::KeyValue(KeyValueData*)	16	static
../Example/User/CM7/engine/sdk/dlls/triggers.cpp:207:6:virtual void CTriggerRelay::KeyValue(KeyValueData*)	16	static
../Example/User/CM7/engine/sdk/dlls/triggers.cpp:302:6:virtual void CMultiManager::KeyValue(KeyValueData*)	144	static
../Example/User/CM7/engine/sdk/dlls/triggers.cpp:360:6:virtual BOOL CMultiManager::HasTarget(string_t)	24	static
../Example/User/CM7/engine/sdk/dlls/cbase.h:196:15:virtual BOOL CBaseEntity::HasTarget(string_t)	8	static
../Example/User/CM7/engine/sdk/dlls/triggers.cpp:538:6:virtual void CBaseTrigger::KeyValue(KeyValueData*)	16	static
../Example/User/CM7/engine/sdk/dlls/triggers.cpp:1721:6:virtual void CLadder::KeyValue(KeyValueData*)	0	static
../Example/User/CM7/engine/sdk/dlls/triggers.cpp:1762:6:virtual void CTriggerPush::KeyValue(KeyValueData*)	0	static
../Example/User/CM7/engine/sdk/dlls/triggers.cpp:725:6:virtual void CTargetCDAudio::KeyValue(KeyValueData*)	16	static
../Example/User/CM7/engine/sdk/dlls/triggers.cpp:1346:6:virtual void CChangeLevel::KeyValue(KeyValueData*)	24	static
../Example/User/CM7/engine/sdk/dlls/triggers.cpp:2005:6:virtual void CTriggerEndSection::KeyValue(KeyValueData*)	16	static
../Example/User/CM7/engine/sdk/dlls/triggers.cpp:2069:6:virtual void CTriggerChangeTarget::KeyValue(KeyValueData*)	16	static
../Example/User/CM7/engine/sdk/dlls/triggers.cpp:2168:6:virtual void CTriggerCamera::KeyValue(KeyValueData*)	16	static
../Example/User/CM7/engine/sdk/dlls/util.h:237:13:BOOL FClassnameIs(entvars_t*, const char*)	8	static
../Example/User/CM7/engine/sdk/dlls/util.h:232:13:BOOL FClassnameIs(edict_t*, const char*)	8	static
../Example/User/CM7/engine/sdk/dlls/cbase.h:221:8:static void* CBaseEntity::operator new(size_t, entvars_t*)	16	static
../Example/User/CM7/engine/sdk/dlls/cbase.h:720:24:T* GetClassPtr(T*) [with T = CFrictionModifier]	8	static
../Example/User/CM7/engine/sdk/dlls/cbase.h:720:24:T* GetClassPtr(T*) [with T = CAutoTrigger]	8	static
../Example/User/CM7/engine/sdk/dlls/cbase.h:720:24:T* GetClassPtr(T*) [with T = CTriggerRelay]	8	static
../Example/User/CM7/engine/sdk/dlls/cbase.h:720:24:T* GetClassPtr(T*) [with T = CRenderFxManager]	8	static
../Example/User/CM7/engine/sdk/dlls/cbase.h:720:24:T* GetClassPtr(T*) [with T = CPointEntity]	8	static
../Example/User/CM7/engine/sdk/dlls/cbase.h:720:24:T* GetClassPtr(T*) [with T = CTargetCDAudio]	8	static
../Example/User/CM7/engine/sdk/dlls/cbase.h:720:24:T* GetClassPtr(T*) [with T = CTriggerVolume]	8	static
../Example/User/CM7/engine/sdk/dlls/cbase.h:720:24:T* GetClassPtr(T*) [with T = CFireAndDie]	8	static
../Example/User/CM7/engine/sdk/dlls/cbase.h:720:24:T* GetClassPtr(T*) [with T = CTriggerChangeTarget]	8	static
../Example/User/CM7/engine/sdk/dlls/cbase.h:720:24:T* GetClassPtr(T*) [with T = CTriggerCamera]	8	static
../Example/User/CM7/engine/sdk/dlls/cbase.h:255:22:static CBaseEntity* CBaseEntity::Instance(edict_t*)	8	static
../Example/User/CM7/engine/sdk/dlls/cbase.h:322:11:edict_t* CBaseEntity::edict()	0	static
../Example/User/CM7/engine/sdk/dlls/cbase.h:324:6:int CBaseEntity::entindex()	8	static
../Example/User/CM7/engine/sdk/dlls/triggers.cpp:883:6:void CBaseTrigger::HurtTouch(CBaseEntity*)	32	static
../Example/User/CM7/engine/sdk/dlls/triggers.cpp:522:6:void CBaseTrigger::InitTrigger()	16	static
../Example/User/CM7/engine/sdk/dlls/triggers.cpp:581:6:virtual void CTriggerMonsterJump::Spawn()	16	static
../Example/User/CM7/engine/sdk/dlls/triggers.cpp:662:6:virtual void CTriggerCDAudio::Spawn()	0	static
../Example/User/CM7/engine/sdk/dlls/triggers.cpp:780:6:virtual void CTriggerHurt::Spawn()	16	static
../Example/User/CM7/engine/sdk/dlls/triggers.cpp:1038:6:virtual void CTriggerMultiple::Spawn()	16	static
../Example/User/CM7/engine/sdk/dlls/triggers.cpp:1085:6:virtual void CTriggerOnce::Spawn()	0	static
../Example/User/CM7/engine/sdk/dlls/triggers.cpp:1379:6:virtual void CChangeLevel::Spawn()	16	static
../Example/User/CM7/engine/sdk/dlls/triggers.cpp:1771:6:virtual void CTriggerPush::Spawn()	16	static
../Example/User/CM7/engine/sdk/dlls/triggers.cpp:1901:6:virtual void CTriggerTeleport::Spawn()	8	static
../Example/User/CM7/engine/sdk/dlls/triggers.cpp:1919:6:virtual void CTriggerSave::Spawn()	16	static
../Example/User/CM7/engine/sdk/dlls/triggers.cpp:1973:6:virtual void CTriggerEndSection::Spawn()	16	static
../Example/User/CM7/engine/sdk/dlls/triggers.cpp:2027:6:virtual void CTriggerGravity::Spawn()	8	static
../Example/User/CM7/engine/sdk/dlls/triggers.cpp:672:6:void PlayCDTrack(int)	80	static
../Example/User/CM7/engine/sdk/dlls/triggers.cpp:703:6:void CTriggerCDAudio::PlayTrack()	8	static
../Example/User/CM7/engine/sdk/dlls/triggers.cpp:651:6:virtual void CTriggerCDAudio::Touch(CBaseEntity*)	8	static
../Example/User/CM7/engine/sdk/dlls/triggers.cpp:667:6:virtual void CTriggerCDAudio::Use(CBaseEntity*, CBaseEntity*, USE_TYPE, float)	0	static
../Example/User/CM7/engine/sdk/dlls/triggers.cpp:768:6:void CTargetCDAudio::Play()	8	static
../Example/User/CM7/engine/sdk/dlls/triggers.cpp:745:6:virtual void CTargetCDAudio::Use(CBaseEntity*, CBaseEntity*, USE_TYPE, float)	0	static
../Example/User/CM7/engine/sdk/dlls/triggers.cpp:751:6:virtual void CTargetCDAudio::Think()	24	static
../Example/User/CM7/engine/sdk/dlls/triggers.cpp:1122:6:void CBaseTrigger::ActivateMultiTrigger(CBaseEntity*)	32	static
../Example/User/CM7/engine/sdk/dlls/triggers.cpp:1092:6:void CBaseTrigger::MultiTouch(CBaseEntity*)	16	static
../Example/User/CM7/engine/sdk/dlls/triggers.cpp:1184:6:void CBaseTrigger::CounterUse(CBaseEntity*, CBaseEntity*, USE_TYPE, float)	16	static
../Example/User/CM7/engine/sdk/dlls/triggers.cpp:1411:10:static edict_t* CChangeLevel::FindLandmark(const char*)	24	static
../Example/User/CM7/engine/sdk/dlls/triggers.cpp:1510:5:static int CChangeLevel::AddTransitionToList(LEVELLIST*, int, const char*, const char*, edict_t*)	32	static
../Example/User/CM7/engine/sdk/dlls/triggers.cpp:1535:5:static int CChangeLevel::InTransitionVolume(CBaseEntity*, char*)	32	static
../Example/User/CM7/engine/sdk/dlls/triggers.cpp:1438:6:void CChangeLevel::ChangeLevelNow(CBaseEntity*)	48	static
../Example/User/CM7/engine/sdk/dlls/triggers.cpp:1433:6:void CChangeLevel::UseChangeLevel(CBaseEntity*, CBaseEntity*, USE_TYPE, float)	0	static
../Example/User/CM7/engine/sdk/dlls/triggers.cpp:1500:6:void CChangeLevel::TouchChangeLevel(CBaseEntity*)	16	static
../Example/User/CM7/engine/sdk/dlls/triggers.cpp:2336:6:void CTriggerCamera::Move()	40	static
../Example/User/CM7/engine/sdk/dlls/triggers.cpp:2194:6:virtual void CTriggerCamera::Use(CBaseEntity*, CBaseEntity*, USE_TYPE, float)	48	static
../Example/User/CM7/engine/sdk/dlls/triggers.cpp:2281:6:void CTriggerCamera::FollowTarget()	56	static
../Example/User/CM7/engine/sdk/dlls/cbase.h:494:7:CBaseToggle::CBaseToggle()	0	static
../Example/User/CM7/engine/sdk/dlls/cbase.h:720:24:T* GetClassPtr(T*) [with T = CMultiManager]	16	static
../Example/User/CM7/engine/sdk/dlls/triggers.cpp:396:16:CMultiManager* CMultiManager::Clone()	16	static
../Example/User/CM7/engine/sdk/dlls/triggers.cpp:413:6:void CMultiManager::ManagerUse(CBaseEntity*, CBaseEntity*, USE_TYPE, float)	16	static
../Example/User/CM7/engine/sdk/dlls/triggers.cpp:498:7:CBaseTrigger::CBaseTrigger()	8	static
../Example/User/CM7/engine/sdk/dlls/cbase.h:720:24:T* GetClassPtr(T*) [with T = CBaseTrigger]	16	static
../Example/User/CM7/engine/sdk/dlls/cbase.h:720:24:T* GetClassPtr(T*) [with T = CTriggerHurt]	16	static
../Example/User/CM7/engine/sdk/dlls/cbase.h:720:24:T* GetClassPtr(T*) [with T = CTriggerMonsterJump]	16	static
../Example/User/CM7/engine/sdk/dlls/cbase.h:720:24:T* GetClassPtr(T*) [with T = CTriggerCDAudio]	16	static
../Example/User/CM7/engine/sdk/dlls/cbase.h:720:24:T* GetClassPtr(T*) [with T = CTriggerMultiple]	16	static
../Example/User/CM7/engine/sdk/dlls/cbase.h:720:24:T* GetClassPtr(T*) [with T = CTriggerCounter]	16	static
../Example/User/CM7/engine/sdk/dlls/cbase.h:720:24:T* GetClassPtr(T*) [with T = CChangeLevel]	16	static
../Example/User/CM7/engine/sdk/dlls/triggers.cpp:1576:5:static int CChangeLevel::ChangeList(LEVELLIST*, int)	4160	static
../Example/User/CM7/engine/sdk/dlls/triggers.cpp:1530:5:int BuildChangeList(LEVELLIST*, int)	0	static
../Example/User/CM7/engine/sdk/dlls/triggers.cpp:1681:6:void NextLevel()	16	static
../Example/User/CM7/engine/sdk/dlls/cbase.h:720:24:T* GetClassPtr(T*) [with T = CLadder]	16	static
../Example/User/CM7/engine/sdk/dlls/cbase.h:720:24:T* GetClassPtr(T*) [with T = CTriggerPush]	16	static
../Example/User/CM7/engine/sdk/dlls/cbase.h:720:24:T* GetClassPtr(T*) [with T = CTriggerTeleport]	16	static
../Example/User/CM7/engine/sdk/dlls/cbase.h:720:24:T* GetClassPtr(T*) [with T = CTriggerSave]	16	static
../Example/User/CM7/engine/sdk/dlls/cbase.h:720:24:T* GetClassPtr(T*) [with T = CTriggerEndSection]	16	static
../Example/User/CM7/engine/sdk/dlls/cbase.h:720:24:T* GetClassPtr(T*) [with T = CTriggerGravity]	16	static
../Example/User/CM7/engine/sdk/dlls/cbase.h:720:24:T* GetClassPtr(T*) [with T = CTriggerOnce]	16	static
../Example/User/CM7/engine/sdk/dlls/cbase.h:720:24:T* GetClassPtr(T*) [with T = CBasePlayer]	16	static
../Example/User/CM7/engine/sdk/dlls/triggers.cpp:809:6:void CTriggerHurt::RadiationThink()	56	static
../Example/User/CM7/engine/sdk/dlls/triggers.cpp:2383:1:cpp)	8	static
