../Example/User/CM7/engine/sdk/dlls/cbase.h:150:15:virtual void CBaseEntity::Spawn()	0	static
../Example/User/CM7/engine/sdk/dlls/cbase.h:151:15:virtual void CBaseEntity::Precache()	0	static
../Example/User/CM7/engine/sdk/dlls/cbase.h:152:15:virtual void CBaseEntity::KeyValue(KeyValueData*)	0	static
../Example/User/CM7/engine/sdk/dlls/cbase.h:155:14:virtual int CBaseEntity::ObjectCaps()	0	static
../Example/User/CM7/engine/sdk/dlls/cbase.h:156:15:virtual void CBaseEntity::Activate()	0	static
../Example/User/CM7/engine/sdk/dlls/cbase.h:163:14:virtual int CBaseEntity::Classify()	0	static
../Example/User/CM7/engine/sdk/dlls/cbase.h:164:15:virtual void CBaseEntity::DeathNotice(entvars_t*)	0	static
../Example/User/CM7/engine/sdk/dlls/cbase.h:172:14:virtual int CBaseEntity::BloodColor()	0	static
../Example/User/CM7/engine/sdk/dlls/cbase.h:174:15:virtual BOOL CBaseEntity::IsTriggered(CBaseEntity*)	0	static
../Example/User/CM7/engine/sdk/dlls/cbase.h:175:24:virtual CBaseMonster* CBaseEntity::MyMonsterPointer()	0	static
../Example/User/CM7/engine/sdk/dlls/cbase.h:176:25:virtual CSquadMonster* CBaseEntity::MySquadMonsterPointer()	0	static
../Example/User/CM7/engine/sdk/dlls/cbase.h:177:14:virtual int CBaseEntity::GetToggleState()	0	static
../Example/User/CM7/engine/sdk/dlls/cbase.h:178:15:virtual void CBaseEntity::AddPoints(int, BOOL)	0	static
../Example/User/CM7/engine/sdk/dlls/cbase.h:179:15:virtual void CBaseEntity::AddPointsToTeam(int, BOOL)	0	static
../Example/User/CM7/engine/sdk/dlls/cbase.h:180:15:virtual BOOL CBaseEntity::AddPlayerItem(CBasePlayerItem*)	0	static
../Example/User/CM7/engine/sdk/dlls/cbase.h:181:15:virtual BOOL CBaseEntity::RemovePlayerItem(CBasePlayerItem*)	0	static
../Example/User/CM7/engine/sdk/dlls/cbase.h:182:14:virtual int CBaseEntity::GiveAmmo(int, const char*, int)	0	static
../Example/User/CM7/engine/sdk/dlls/cbase.h:183:16:virtual float CBaseEntity::GetDelay()	0	static
../Example/User/CM7/engine/sdk/dlls/cbase.h:184:14:virtual int CBaseEntity::IsMoving()	0	static
../Example/User/CM7/engine/sdk/dlls/cbase.h:185:15:virtual void CBaseEntity::OverrideReset()	0	static
../Example/User/CM7/engine/sdk/dlls/cbase.h:188:15:virtual void CBaseEntity::SetToggleState(int)	0	static
../Example/User/CM7/engine/sdk/dlls/cbase.h:189:15:virtual void CBaseEntity::StartSneaking()	0	static
../Example/User/CM7/engine/sdk/dlls/cbase.h:190:15:virtual void CBaseEntity::StopSneaking()	0	static
../Example/User/CM7/engine/sdk/dlls/cbase.h:191:15:virtual BOOL CBaseEntity::OnControls(entvars_t*)	0	static
../Example/User/CM7/engine/sdk/dlls/cbase.h:192:15:virtual BOOL CBaseEntity::IsSneaking()	0	static
../Example/User/CM7/engine/sdk/dlls/cbase.h:193:15:virtual BOOL CBaseEntity::IsAlive()	0	static
../Example/User/CM7/engine/sdk/dlls/cbase.h:194:15:virtual BOOL CBaseEntity::IsBSPModel()	0	static
../Example/User/CM7/engine/sdk/dlls/cbase.h:195:15:virtual BOOL CBaseEntity::ReflectGauss()	8	static
../Example/User/CM7/engine/sdk/dlls/cbase.h:198:15:virtual BOOL CBaseEntity::IsPlayer()	0	static
../Example/User/CM7/engine/sdk/dlls/cbase.h:199:15:virtual BOOL CBaseEntity::IsNetClient()	0	static
../Example/User/CM7/engine/sdk/dlls/cbase.h:200:22:virtual const char* CBaseEntity::TeamID()	0	static
../Example/User/CM7/engine/sdk/dlls/cbase.h:211:15:virtual void CBaseEntity::Think()	4	static
../Example/User/CM7/engine/sdk/dlls/cbase.h:212:15:virtual void CBaseEntity::Touch(CBaseEntity*)	8	static
../Example/User/CM7/engine/sdk/dlls/cbase.h:213:15:virtual void CBaseEntity::Use(CBaseEntity*, CBaseEntity*, USE_TYPE, float)	16	static
../Example/User/CM7/engine/sdk/dlls/cbase.h:218:15:virtual void CBaseEntity::Blocked(CBaseEntity*)	8	static
../Example/User/CM7/engine/sdk/dlls/cbase.h:246:23:virtual CBaseEntity* CBaseEntity::Respawn()	0	static
../Example/User/CM7/engine/sdk/dlls/cbase.h:317:15:virtual void CBaseEntity::UpdateOwner()	0	static
../Example/User/CM7/engine/sdk/dlls/cbase.h:321:15:virtual BOOL CBaseEntity::FBecomeProne()	0	static
../Example/User/CM7/engine/sdk/dlls/cbase.h:328:17:virtual Vector CBaseEntity::EarPosition()	0	static
../Example/User/CM7/engine/sdk/dlls/cbase.h:329:17:virtual Vector CBaseEntity::BodyTarget(const Vector&)	8	static
../Example/User/CM7/engine/sdk/dlls/cbase.h:468:15:virtual void CBaseAnimating::HandleAnimEvent(MonsterEvent_t*)	0	static
../Example/User/CM7/engine/sdk/dlls/cbase.h:526:15:virtual int CBaseToggle::GetToggleState()	0	static
../Example/User/CM7/engine/sdk/dlls/cbase.h:527:16:virtual float CBaseToggle::GetDelay()	0	static
../Example/User/CM7/engine/sdk/dlls/basemonster.h:122:24:virtual CBaseMonster* CBaseMonster::MyMonsterPointer()	0	static
../Example/User/CM7/engine/sdk/dlls/basemonster.h:127:15:virtual BOOL CBaseMonster::IsAlive()	0	static
../Example/User/CM7/engine/sdk/dlls/basemonster.h:158:19:virtual Activity CBaseMonster::GetStoppedActivity()	0	static
../Example/User/CM7/engine/sdk/dlls/basemonster.h:159:15:virtual void CBaseMonster::Stop()	8	static
../Example/User/CM7/engine/sdk/dlls/basemonster.h:186:15:virtual void CBaseMonster::ScheduleChange()	0	static
../Example/User/CM7/engine/sdk/dlls/basemonster.h:189:14:virtual int CBaseMonster::CanPlaySentence(BOOL)	0	static
../Example/User/CM7/engine/sdk/dlls/basemonster.h:224:15:virtual void CBaseMonster::SetYawSpeed()	0	static
../Example/User/CM7/engine/sdk/dlls/basemonster.h:232:15:virtual BOOL CBaseMonster::FValidateCover(const Vector&)	0	static
../Example/User/CM7/engine/sdk/dlls/basemonster.h:233:16:virtual float CBaseMonster::CoverRadius()	0	static
../Example/User/CM7/engine/sdk/dlls/basemonster.h:236:15:virtual void CBaseMonster::CheckAmmo()	0	static
../Example/User/CM7/engine/sdk/dlls/basemonster.h:261:16:virtual float CBaseMonster::HearingSensitivity()	0	static
../Example/User/CM7/engine/sdk/dlls/basemonster.h:281:15:virtual void CBaseMonster::PrescheduleThink()	0	static
../Example/User/CM7/engine/sdk/dlls/basemonster.h:310:14:virtual int CBaseMonster::IsMoving()	0	static
../Example/User/CM7/engine/sdk/dlls/basemonster.h:315:15:virtual void CBaseMonster::DeathSound()	0	static
../Example/User/CM7/engine/sdk/dlls/basemonster.h:316:15:virtual void CBaseMonster::AlertSound()	0	static
../Example/User/CM7/engine/sdk/dlls/basemonster.h:317:15:virtual void CBaseMonster::IdleSound()	0	static
../Example/User/CM7/engine/sdk/dlls/basemonster.h:318:15:virtual void CBaseMonster::PainSound()	0	static
../Example/User/CM7/engine/sdk/dlls/basemonster.h:320:15:virtual void CBaseMonster::StopFollowing(BOOL)	0	static
../Example/User/CM7/engine/sdk/dlls/weapons.h:53:14:virtual int CGrenade::BloodColor()	0	static
../Example/User/CM7/engine/sdk/dlls/weapons.h:221:14:virtual int CBasePlayerItem::AddDuplicate(CBasePlayerItem*)	0	static
../Example/User/CM7/engine/sdk/dlls/weapons.h:230:14:virtual int CBasePlayerItem::GetItemInfo(ItemInfo*)	0	static
../Example/User/CM7/engine/sdk/dlls/weapons.h:231:15:virtual BOOL CBasePlayerItem::CanDeploy()	0	static
../Example/User/CM7/engine/sdk/dlls/weapons.h:232:15:virtual BOOL CBasePlayerItem::Deploy()	0	static
../Example/User/CM7/engine/sdk/dlls/weapons.h:235:15:virtual BOOL CBasePlayerItem::CanHolster()	0	static
../Example/User/CM7/engine/sdk/dlls/weapons.h:237:15:virtual void CBasePlayerItem::UpdateItemInfo()	0	static
../Example/User/CM7/engine/sdk/dlls/weapons.h:239:15:virtual void CBasePlayerItem::ItemPreFrame()	0	static
../Example/User/CM7/engine/sdk/dlls/weapons.h:240:15:virtual void CBasePlayerItem::ItemPostFrame()	0	static
../Example/User/CM7/engine/sdk/dlls/weapons.h:246:14:virtual int CBasePlayerItem::PrimaryAmmoIndex()	0	static
../Example/User/CM7/engine/sdk/dlls/weapons.h:247:14:virtual int CBasePlayerItem::SecondaryAmmoIndex()	0	static
../Example/User/CM7/engine/sdk/dlls/weapons.h:249:14:virtual int CBasePlayerItem::UpdateClientData(CBasePlayer*)	0	static
../Example/User/CM7/engine/sdk/dlls/weapons.h:251:27:virtual CBasePlayerItem* CBasePlayerItem::GetWeaponPtr()	0	static
../Example/User/CM7/engine/sdk/dlls/weapons.h:260:14:virtual int CBasePlayerItem::iItemSlot()	0	static
../Example/User/CM7/engine/sdk/dlls/weapons.h:292:14:virtual int CBasePlayerWeapon::AddWeapon()	8	static
../Example/User/CM7/engine/sdk/dlls/weapons.h:298:15:virtual void CBasePlayerWeapon::UpdateItemInfo()	0	static
../Example/User/CM7/engine/sdk/dlls/weapons.h:315:15:virtual void CBasePlayerWeapon::PrimaryAttack()	0	static
../Example/User/CM7/engine/sdk/dlls/weapons.h:316:15:virtual void CBasePlayerWeapon::SecondaryAttack()	0	static
../Example/User/CM7/engine/sdk/dlls/weapons.h:317:15:virtual void CBasePlayerWeapon::Reload()	0	static
../Example/User/CM7/engine/sdk/dlls/weapons.h:318:15:virtual void CBasePlayerWeapon::WeaponIdle()	0	static
../Example/User/CM7/engine/sdk/dlls/weapons.h:321:15:virtual BOOL CBasePlayerWeapon::ShouldWeaponIdle()	0	static
../Example/User/CM7/engine/sdk/dlls/weapons.h:323:15:virtual BOOL CBasePlayerWeapon::UseDecrement()	0	static
../Example/User/CM7/engine/sdk/dlls/weapons.h:330:27:virtual CBasePlayerItem* CBasePlayerWeapon::GetWeaponPtr()	0	static
../Example/User/CM7/engine/sdk/dlls/weapons.h:357:15:virtual BOOL CBasePlayerAmmo::AddAmmo(CBaseEntity*)	0	static
../Example/User/CM7/engine/sdk/dlls/weapons.h:628:6:virtual int CShotgun::iItemSlot()	0	static
../Example/User/CM7/engine/sdk/dlls/weapons.h:642:15:virtual BOOL CShotgun::UseDecrement()	0	static
../Example/User/CM7/engine/sdk/dlls/weapons.h:681:6:virtual int CRpg::iItemSlot()	0	static
../Example/User/CM7/engine/sdk/dlls/weapons.h:694:7:virtual BOOL CRpg::ShouldWeaponIdle()	0	static
../Example/User/CM7/engine/sdk/dlls/weapons.h:700:15:virtual BOOL CRpg::UseDecrement()	0	static
../Example/User/CM7/engine/sdk/dlls/weapons.h:741:6:virtual int CGauss::iItemSlot()	0	static
../Example/User/CM7/engine/sdk/dlls/weapons.h:764:15:virtual BOOL CGauss::UseDecrement()	0	static
../Example/User/CM7/engine/sdk/dlls/weapons.h:788:6:virtual int CEgon::iItemSlot()	0	static
../Example/User/CM7/engine/sdk/dlls/weapons.h:822:15:virtual BOOL CEgon::UseDecrement()	0	static
../Example/User/CM7/engine/sdk/dlls/weapons.h:854:6:virtual int CHgun::iItemSlot()	0	static
../Example/User/CM7/engine/sdk/dlls/weapons.h:871:15:virtual BOOL CHgun::UseDecrement()	0	static
../Example/User/CM7/engine/sdk/dlls/weapons.h:917:6:virtual int CSatchel::iItemSlot()	0	static
../Example/User/CM7/engine/sdk/dlls/weapons.h:931:15:virtual BOOL CSatchel::UseDecrement()	0	static
../Example/User/CM7/engine/sdk/dlls/weapons.cpp:696:5:virtual int CBasePlayerItem::AddToPlayer(CBasePlayer*)	0	static
../Example/User/CM7/engine/sdk/dlls/weapons.cpp:703:6:virtual void CBasePlayerItem::Drop()	0	static
../Example/User/CM7/engine/sdk/dlls/weapons.cpp:717:6:virtual void CBasePlayerItem::Holster(int)	0	static
../Example/User/CM7/engine/sdk/dlls/weapons.cpp:934:6:virtual BOOL CBasePlayerWeapon::CanDeploy()	0	static
../Example/User/CM7/engine/sdk/dlls/weapons.cpp:1014:6:virtual void CBasePlayerWeapon::ResetEmptySound()	0	static
../Example/User/CM7/engine/sdk/dlls/weapons.cpp:1021:5:virtual int CBasePlayerWeapon::PrimaryAmmoIndex()	0	static
../Example/User/CM7/engine/sdk/dlls/weapons.cpp:1028:5:virtual int CBasePlayerWeapon::SecondaryAmmoIndex()	0	static
../Example/User/CM7/engine/sdk/dlls/weapons.cpp:1033:6:virtual void CBasePlayerWeapon::Holster(int)	0	static
../Example/User/CM7/engine/sdk/dlls/weapons.cpp:1137:5:virtual int CBasePlayerWeapon::ExtractClipAmmo(CBasePlayerWeapon*)	12	static
../Example/User/CM7/engine/sdk/dlls/weapons.cpp:1225:6:virtual void CWeaponBox::Precache()	0	static
../Example/User/CM7/engine/sdk/dlls/cbase.h:331:14:virtual int CBaseEntity::Illumination()	8	static
../Example/User/CM7/engine/sdk/dlls/cbase.h:720:24:T* GetClassPtr(T*) [with T = CWeaponBox]	16	static
../Example/User/CM7/engine/sdk/dlls/weapons.cpp:1050:14:virtual CBaseEntity* CBasePlayerAmmo::Respawn()	40	static
../Example/User/CM7/engine/sdk/dlls/weapons.cpp:1040:6:virtual void CBasePlayerAmmo::Spawn()	32	static
../Example/User/CM7/engine/sdk/dlls/weapons.cpp:1250:6:virtual void CWeaponBox::Spawn()	16	static
../Example/User/CM7/engine/sdk/dlls/weapons.cpp:1063:6:void CBasePlayerAmmo::Materialize()	16	static
../Example/User/CM7/engine/sdk/dlls/weapons.cpp:534:14:virtual CBaseEntity* CBasePlayerItem::Respawn()	40	static
../Example/User/CM7/engine/sdk/dlls/weapons.cpp:603:6:virtual void CBasePlayerWeapon::ItemPostFrame()	24	static
../Example/User/CM7/engine/sdk/dlls/weapons.cpp:751:5:virtual int CBasePlayerWeapon::AddToPlayer(CBasePlayer*)	16	static
../Example/User/CM7/engine/sdk/dlls/weapons.cpp:1156:6:virtual void CBasePlayerWeapon::RetireWeapon()	16	static
../Example/User/CM7/engine/sdk/dlls/weapons.cpp:738:5:virtual int CBasePlayerWeapon::AddDuplicate(CBasePlayerItem*)	0	static
../Example/User/CM7/engine/sdk/dlls/weapons.cpp:1077:6:void CBasePlayerAmmo::DefaultTouch(CBaseEntity*)	16	static
../Example/User/CM7/engine/sdk/dlls/weapons.cpp:1220:1:virtual int CWeaponBox::Save(CSave&)	24	static
../Example/User/CM7/engine/sdk/dlls/weapons.cpp:1220:1:virtual int CWeaponBox::Restore(CRestore&)	24	static
../Example/User/CM7/engine/sdk/dlls/weapons.cpp:898:6:virtual BOOL CBasePlayerWeapon::IsUseable()	24	static
../Example/User/CM7/engine/sdk/dlls/weapons.cpp:424:6:virtual void CBasePlayerItem::SetObjectCollisionBox()	0	static
../Example/User/CM7/engine/sdk/dlls/weapons.cpp:1565:6:virtual void CWeaponBox::SetObjectCollisionBox()	0	static
../Example/User/CM7/engine/sdk/dlls/weapons.cpp:723:6:virtual void CBasePlayerItem::AttachToPlayer(CBasePlayer*)	24	static
../Example/User/CM7/engine/sdk/dlls/cbase.h:196:15:virtual BOOL CBaseEntity::HasTarget(string_t)	8	static
../Example/User/CM7/engine/sdk/dlls/basemonster.h:300:17:virtual Vector CBaseMonster::BodyTarget(const Vector&)	56	static
../Example/User/CM7/engine/sdk/dlls/cbase.h:326:17:virtual Vector CBaseEntity::Center()	0	static
../Example/User/CM7/engine/sdk/dlls/cbase.h:327:17:virtual Vector CBaseEntity::EyePosition()	0	static
../Example/User/CM7/engine/sdk/dlls/util.h:174:13:void MESSAGE_BEGIN(int, int, const float*, entvars_t*)	24	static
../Example/User/CM7/engine/sdk/dlls/weapons.cpp:768:5:virtual int CBasePlayerWeapon::UpdateClientData(CBasePlayer*)	24	static
../Example/User/CM7/engine/sdk/dlls/weapons.cpp:820:6:virtual void CBasePlayerWeapon::SendWeaponAnim(int, int, int)	16	static
../Example/User/CM7/engine/sdk/dlls/util.h:181:13:BOOL FNullEnt(const edict_t*)	8	static
../Example/User/CM7/engine/sdk/dlls/util.h:550:13:void EMIT_SOUND(edict_t*, int, const char*, float, float)	16	static
../Example/User/CM7/engine/sdk/dlls/weapons.cpp:560:6:void CBasePlayerItem::DefaultTouch(CBaseEntity*)	16	static
../Example/User/CM7/engine/sdk/dlls/weapons.cpp:1003:6:virtual BOOL CBasePlayerWeapon::PlayEmptySound()	8	static
../Example/User/CM7/engine/sdk/dlls/cbase.h:255:22:static CBaseEntity* CBaseEntity::Instance(edict_t*)	8	static
../Example/User/CM7/engine/sdk/dlls/weapons.cpp:63:5:int MaxAmmoCarry(int)	24	static
../Example/User/CM7/engine/sdk/dlls/weapons.cpp:1304:6:virtual void CWeaponBox::Touch(CBaseEntity*)	56	static
../Example/User/CM7/engine/sdk/dlls/weapons.cpp:90:6:void ClearMultiDamage()	0	static
../Example/User/CM7/engine/sdk/dlls/weapons.cpp:102:6:void ApplyMultiDamage(entvars_t*, entvars_t*)	8	static
../Example/User/CM7/engine/sdk/dlls/weapons.cpp:116:6:void AddMultiDamage(entvars_t*, CBaseEntity*, float, int)	24	static
../Example/User/CM7/engine/sdk/dlls/weapons.cpp:138:6:void SpawnBlood(Vector, int, float)	0	static
../Example/User/CM7/engine/sdk/dlls/weapons.cpp:143:5:int DamageDecal(CBaseEntity*, int)	0	static
../Example/User/CM7/engine/sdk/dlls/weapons.cpp:151:6:void DecalGunshot(TraceResult*, int)	16	static
../Example/User/CM7/engine/sdk/dlls/weapons.cpp:191:6:void EjectBrass(const Vector&, const Vector&, float, int, int)	40	static
../Example/User/CM7/engine/sdk/dlls/weapons.cpp:229:6:void AddAmmoNameToAmmoRegistry(const char*)	32	static
../Example/User/CM7/engine/sdk/dlls/weapons.cpp:251:6:void UTIL_PrecacheOtherWeapon(const char*)	72	static
../Example/User/CM7/engine/sdk/dlls/weapons.cpp:288:6:void W_Precache()	8	static
../Example/User/CM7/engine/sdk/dlls/weapons.cpp:433:6:void CBasePlayerItem::FallInit()	32	static
../Example/User/CM7/engine/sdk/dlls/weapons.cpp:479:6:void CBasePlayerItem::Materialize()	16	static
../Example/User/CM7/engine/sdk/dlls/weapons.cpp:454:6:void CBasePlayerItem::FallThink()	24	static
../Example/User/CM7/engine/sdk/dlls/weapons.cpp:500:6:void CBasePlayerItem::AttemptToMaterialize()	8	static
../Example/User/CM7/engine/sdk/dlls/weapons.cpp:517:6:void CBasePlayerItem::CheckRespawn()	8	static
../Example/User/CM7/engine/sdk/dlls/weapons.cpp:587:6:BOOL CanAttack(float, float, BOOL)	0	static
../Example/User/CM7/engine/sdk/dlls/weapons.cpp:685:6:void CBasePlayerItem::DestroyItem()	8	static
../Example/User/CM7/engine/sdk/dlls/weapons.cpp:839:6:BOOL CBasePlayerWeapon::AddPrimaryAmmo(int, char*, int, int)	24	static
../Example/User/CM7/engine/sdk/dlls/weapons.cpp:876:6:BOOL CBasePlayerWeapon::AddSecondaryAmmo(int, char*, int)	16	static
../Example/User/CM7/engine/sdk/dlls/weapons.cpp:1114:5:virtual int CBasePlayerWeapon::ExtractAmmo(CBasePlayerWeapon*)	32	static
../Example/User/CM7/engine/sdk/dlls/weapons.cpp:964:6:BOOL CBasePlayerWeapon::DefaultDeploy(const char*, const char*, int, const char*, int, int)	24	static
../Example/User/CM7/engine/sdk/dlls/weapons.cpp:982:6:BOOL CBasePlayerWeapon::DefaultReload(int, int, float, int)	32	static
../Example/User/CM7/engine/sdk/dlls/weapons.cpp:1179:7:float CBasePlayerWeapon::GetNextAttackDelay(float)	16	static
../Example/User/CM7/engine/sdk/dlls/weapons.cpp:1266:6:void CWeaponBox::Kill()	16	static
../Example/User/CM7/engine/sdk/dlls/weapons.cpp:1481:5:int CWeaponBox::GiveAmmo(int, const char*, int, int*)	40	static
../Example/User/CM7/engine/sdk/dlls/weapons.cpp:1455:6:BOOL CWeaponBox::PackAmmo(int, int)	24	static
../Example/User/CM7/engine/sdk/dlls/weapons.cpp:1232:6:virtual void CWeaponBox::KeyValue(KeyValueData*)	24	static
../Example/User/CM7/engine/sdk/dlls/weapons.cpp:1520:6:BOOL CWeaponBox::HasWeapon(CBasePlayerItem*)	16	static
../Example/User/CM7/engine/sdk/dlls/weapons.cpp:1404:6:BOOL CWeaponBox::PackWeapon(CBasePlayerItem*)	24	static
../Example/User/CM7/engine/sdk/dlls/weapons.cpp:1539:6:BOOL CWeaponBox::IsEmpty()	0	static
../Example/User/CM7/engine/sdk/dlls/weapons.cpp:1571:6:void CBasePlayerWeapon::PrintState()	16	static
../Example/User/CM7/engine/sdk/dlls/weapons.cpp:1650:1:cpp)	0	static
../Example/User/CM7/engine/sdk/dlls/weapons.cpp:401:1:virtual int CBasePlayerItem::Save(CSave&)	24	static
../Example/User/CM7/engine/sdk/dlls/weapons.cpp:422:1:virtual int CBasePlayerWeapon::Save(CSave&)	24	static
../Example/User/CM7/engine/sdk/dlls/weapons.cpp:1592:1:virtual int CRpg::Save(CSave&)	24	static
../Example/User/CM7/engine/sdk/dlls/weapons.cpp:1610:1:virtual int CShotgun::Save(CSave&)	24	static
../Example/User/CM7/engine/sdk/dlls/weapons.cpp:1621:1:virtual int CGauss::Save(CSave&)	24	static
../Example/User/CM7/engine/sdk/dlls/weapons.cpp:1635:1:virtual int CEgon::Save(CSave&)	24	static
../Example/User/CM7/engine/sdk/dlls/weapons.cpp:1643:1:virtual int CHgun::Save(CSave&)	24	static
../Example/User/CM7/engine/sdk/dlls/weapons.cpp:1650:1:virtual int CSatchel::Save(CSave&)	24	static
../Example/User/CM7/engine/sdk/dlls/weapons.cpp:401:1:virtual int CBasePlayerItem::Restore(CRestore&)	24	static
../Example/User/CM7/engine/sdk/dlls/weapons.cpp:422:1:virtual int CBasePlayerWeapon::Restore(CRestore&)	24	static
../Example/User/CM7/engine/sdk/dlls/weapons.cpp:1592:1:virtual int CRpg::Restore(CRestore&)	24	static
../Example/User/CM7/engine/sdk/dlls/weapons.cpp:1610:1:virtual int CShotgun::Restore(CRestore&)	24	static
../Example/User/CM7/engine/sdk/dlls/weapons.cpp:1621:1:virtual int CGauss::Restore(CRestore&)	24	static
../Example/User/CM7/engine/sdk/dlls/weapons.cpp:1635:1:virtual int CEgon::Restore(CRestore&)	24	static
../Example/User/CM7/engine/sdk/dlls/weapons.cpp:1643:1:virtual int CHgun::Restore(CRestore&)	24	static
../Example/User/CM7/engine/sdk/dlls/weapons.cpp:1650:1:virtual int CSatchel::Restore(CRestore&)	24	static
../Example/User/CM7/engine/sdk/dlls/weapons.cpp:1600:1:virtual int CRpgRocket::Save(CSave&)	24	static
../Example/User/CM7/engine/sdk/dlls/weapons.cpp:1600:1:virtual int CRpgRocket::Restore(CRestore&)	24	static
