../Drivers/BSP/STM32H747I-DISCO/stm32h747i_discovery_camera.c:340:9:BSP_CAMERA_DeInit	56	static
../Drivers/BSP/STM32H747I-DISCO/stm32h747i_discovery_camera.c:402:26:MX_DCMI_Init	8	static
../Drivers/BSP/STM32H747I-DISCO/stm32h747i_discovery_camera.c:207:9:BSP_CAMERA_Init	120	static
../Drivers/BSP/STM32H747I-DISCO/stm32h747i_discovery_camera.c:501:9:BSP_CAMERA_Start	16	static
../Drivers/BSP/STM32H747I-DISCO/stm32h747i_discovery_camera.c:527:9:BSP_CAMERA_Stop	8	static
../Drivers/BSP/STM32H747I-DISCO/stm32h747i_discovery_camera.c:552:9:BSP_CAMERA_Suspend	8	static
../Drivers/BSP/STM32H747I-DISCO/stm32h747i_discovery_camera.c:577:9:BSP_CAMERA_Resume	8	static
../Drivers/BSP/STM32H747I-DISCO/stm32h747i_discovery_camera.c:606:9:BSP_CAMERA_GetCapabilities	8	static
../Drivers/BSP/STM32H747I-DISCO/stm32h747i_discovery_camera.c:633:9:BSP_CAMERA_SetPixelFormat	16	static
../Drivers/BSP/STM32H747I-DISCO/stm32h747i_discovery_camera.c:661:9:BSP_CAMERA_GetPixelFormat	0	static
../Drivers/BSP/STM32H747I-DISCO/stm32h747i_discovery_camera.c:686:9:BSP_CAMERA_SetResolution	16	static
../Drivers/BSP/STM32H747I-DISCO/stm32h747i_discovery_camera.c:718:9:BSP_CAMERA_GetResolution	0	static
../Drivers/BSP/STM32H747I-DISCO/stm32h747i_discovery_camera.c:746:9:BSP_CAMERA_SetLightMode	16	static
../Drivers/BSP/STM32H747I-DISCO/stm32h747i_discovery_camera.c:778:9:BSP_CAMERA_GetLightMode	0	static
../Drivers/BSP/STM32H747I-DISCO/stm32h747i_discovery_camera.c:806:9:BSP_CAMERA_SetColorEffect	16	static
../Drivers/BSP/STM32H747I-DISCO/stm32h747i_discovery_camera.c:838:9:BSP_CAMERA_GetColorEffect	0	static
../Drivers/BSP/STM32H747I-DISCO/stm32h747i_discovery_camera.c:866:9:BSP_CAMERA_SetBrightness	16	static
../Drivers/BSP/STM32H747I-DISCO/stm32h747i_discovery_camera.c:898:9:BSP_CAMERA_GetBrightness	0	static
../Drivers/BSP/STM32H747I-DISCO/stm32h747i_discovery_camera.c:926:9:BSP_CAMERA_SetSaturation	16	static
../Drivers/BSP/STM32H747I-DISCO/stm32h747i_discovery_camera.c:958:9:BSP_CAMERA_GetSaturation	0	static
../Drivers/BSP/STM32H747I-DISCO/stm32h747i_discovery_camera.c:986:9:BSP_CAMERA_SetContrast	16	static
../Drivers/BSP/STM32H747I-DISCO/stm32h747i_discovery_camera.c:1018:9:BSP_CAMERA_GetContrast	0	static
../Drivers/BSP/STM32H747I-DISCO/stm32h747i_discovery_camera.c:1046:9:BSP_CAMERA_SetHueDegree	16	static
../Drivers/BSP/STM32H747I-DISCO/stm32h747i_discovery_camera.c:1078:9:BSP_CAMERA_GetHueDegree	0	static
../Drivers/BSP/STM32H747I-DISCO/stm32h747i_discovery_camera.c:1107:9:BSP_CAMERA_SetMirrorFlip	16	static
../Drivers/BSP/STM32H747I-DISCO/stm32h747i_discovery_camera.c:1139:9:BSP_CAMERA_GetMirrorFlip	0	static
../Drivers/BSP/STM32H747I-DISCO/stm32h747i_discovery_camera.c:1167:9:BSP_CAMERA_SetZoom	16	static
../Drivers/BSP/STM32H747I-DISCO/stm32h747i_discovery_camera.c:1199:9:BSP_CAMERA_GetZoom	0	static
../Drivers/BSP/STM32H747I-DISCO/stm32h747i_discovery_camera.c:1226:9:BSP_CAMERA_EnableNightMode	8	static
../Drivers/BSP/STM32H747I-DISCO/stm32h747i_discovery_camera.c:1256:9:BSP_CAMERA_DisableNightMode	8	static
../Drivers/BSP/STM32H747I-DISCO/stm32h747i_discovery_camera.c:1286:9:BSP_CAMERA_HwReset	40	static
../Drivers/BSP/STM32H747I-DISCO/stm32h747i_discovery_camera.c:1325:9:BSP_CAMERA_PwrDown	40	static
../Drivers/BSP/STM32H747I-DISCO/stm32h747i_discovery_camera.c:1358:9:BSP_CAMERA_PwrUp	40	static
../Drivers/BSP/STM32H747I-DISCO/stm32h747i_discovery_camera.c:1390:6:BSP_CAMERA_IRQHandler	0	static
../Drivers/BSP/STM32H747I-DISCO/stm32h747i_discovery_camera.c:1403:6:BSP_CAMERA_DMA_IRQHandler	0	static
../Drivers/BSP/STM32H747I-DISCO/stm32h747i_discovery_camera.c:1707:13:BSP_CAMERA_LineEventCallback	0	static
../Drivers/BSP/STM32H747I-DISCO/stm32h747i_discovery_camera.c:1602:6:HAL_DCMI_LineEventCallback	8	static
../Drivers/BSP/STM32H747I-DISCO/stm32h747i_discovery_camera.c:1722:13:BSP_CAMERA_FrameEventCallback	0	static
../Drivers/BSP/STM32H747I-DISCO/stm32h747i_discovery_camera.c:1615:6:HAL_DCMI_FrameEventCallback	8	static
../Drivers/BSP/STM32H747I-DISCO/stm32h747i_discovery_camera.c:1737:13:BSP_CAMERA_VsyncEventCallback	0	static
../Drivers/BSP/STM32H747I-DISCO/stm32h747i_discovery_camera.c:1628:6:HAL_DCMI_VsyncEventCallback	8	static
../Drivers/BSP/STM32H747I-DISCO/stm32h747i_discovery_camera.c:1752:13:BSP_CAMERA_ErrorCallback	0	static
../Drivers/BSP/STM32H747I-DISCO/stm32h747i_discovery_camera.c:1641:6:HAL_DCMI_ErrorCallback	8	static
