../Drivers/BSP/STM32H747I-DISCO/stm32h747i_discovery_sd.c:238:9:BSP_SD_DeInit	8	static
../Drivers/BSP/STM32H747I-DISCO/stm32h747i_discovery_sd.c:273:26:MX_SDMMC1_SD_Init	8	static
../Drivers/BSP/STM32H747I-DISCO/stm32h747i_discovery_sd.c:143:9:BSP_SD_Init	88	static
../Drivers/BSP/STM32H747I-DISCO/stm32h747i_discovery_sd.c:380:9:BSP_SD_DetectITConfig	32	static
../Drivers/BSP/STM32H747I-DISCO/stm32h747i_discovery_sd.c:423:13:BSP_SD_DetectCallback	0	static
../Drivers/BSP/STM32H747I-DISCO/stm32h747i_discovery_sd.c:847:13:SD_EXTI_Callback	8	static
../Drivers/BSP/STM32H747I-DISCO/stm32h747i_discovery_sd.c:438:9:BSP_SD_IsDetected	8	static
../Drivers/BSP/STM32H747I-DISCO/stm32h747i_discovery_sd.c:471:9:BSP_SD_ReadBlocks	16	static
../Drivers/BSP/STM32H747I-DISCO/stm32h747i_discovery_sd.c:500:9:BSP_SD_WriteBlocks	16	static
../Drivers/BSP/STM32H747I-DISCO/stm32h747i_discovery_sd.c:529:9:BSP_SD_ReadBlocks_DMA	8	static
../Drivers/BSP/STM32H747I-DISCO/stm32h747i_discovery_sd.c:557:9:BSP_SD_WriteBlocks_DMA	8	static
../Drivers/BSP/STM32H747I-DISCO/stm32h747i_discovery_sd.c:585:9:BSP_SD_ReadBlocks_IT	8	static
../Drivers/BSP/STM32H747I-DISCO/stm32h747i_discovery_sd.c:613:9:BSP_SD_WriteBlocks_IT	8	static
../Drivers/BSP/STM32H747I-DISCO/stm32h747i_discovery_sd.c:641:9:BSP_SD_Erase	8	static
../Drivers/BSP/STM32H747I-DISCO/stm32h747i_discovery_sd.c:669:9:BSP_SD_GetCardState	8	static
../Drivers/BSP/STM32H747I-DISCO/stm32h747i_discovery_sd.c:680:9:BSP_SD_GetCardInfo	8	static
../Drivers/BSP/STM32H747I-DISCO/stm32h747i_discovery_sd.c:755:6:BSP_SD_DETECT_IRQHandler	0	static
../Drivers/BSP/STM32H747I-DISCO/stm32h747i_discovery_sd.c:765:6:BSP_SD_IRQHandler	0	static
../Drivers/BSP/STM32H747I-DISCO/stm32h747i_discovery_sd.c:776:13:BSP_SD_AbortCallback	0	static
../Drivers/BSP/STM32H747I-DISCO/stm32h747i_discovery_sd.c:705:6:HAL_SD_AbortCallback	8	static
../Drivers/BSP/STM32H747I-DISCO/stm32h747i_discovery_sd.c:787:13:BSP_SD_WriteCpltCallback	0	static
../Drivers/BSP/STM32H747I-DISCO/stm32h747i_discovery_sd.c:715:6:HAL_SD_TxCpltCallback	8	static
../Drivers/BSP/STM32H747I-DISCO/stm32h747i_discovery_sd.c:798:13:BSP_SD_ReadCpltCallback	0	static
../Drivers/BSP/STM32H747I-DISCO/stm32h747i_discovery_sd.c:725:6:HAL_SD_RxCpltCallback	8	static
