../Drivers/BSP/STM32H747I-DISCO/stm32h747i_discovery.c:136:9:BSP_GetVersion	0	static
../Drivers/BSP/STM32H747I-DISCO/stm32h747i_discovery.c:145:16:BSP_GetBoardName	0	static
../Drivers/BSP/STM32H747I-DISCO/stm32h747i_discovery.c:154:16:BSP_GetBoardID	0	static
../Drivers/BSP/STM32H747I-DISCO/stm32h747i_discovery.c:169:10:BSP_LED_Init	48	static
../Drivers/BSP/STM32H747I-DISCO/stm32h747i_discovery.c:200:10:BSP_LED_DeInit	16	static
../Drivers/BSP/STM32H747I-DISCO/stm32h747i_discovery.c:223:10:BSP_LED_On	8	static
../Drivers/BSP/STM32H747I-DISCO/stm32h747i_discovery.c:241:10:BSP_LED_Off	8	static
../Drivers/BSP/STM32H747I-DISCO/stm32h747i_discovery.c:258:10:BSP_LED_Toggle	8	static
../Drivers/BSP/STM32H747I-DISCO/stm32h747i_discovery.c:274:9:BSP_LED_GetState	8	static
../Drivers/BSP/STM32H747I-DISCO/stm32h747i_discovery.c:292:10:BSP_PB_Init	48	static
../Drivers/BSP/STM32H747I-DISCO/stm32h747i_discovery.c:335:10:BSP_PB_DeInit	8	static
../Drivers/BSP/STM32H747I-DISCO/stm32h747i_discovery.c:353:10:BSP_PB_GetState	8	static
../Drivers/BSP/STM32H747I-DISCO/stm32h747i_discovery.c:363:6:BSP_PB_IRQHandler	0	static
../Drivers/BSP/STM32H747I-DISCO/stm32h747i_discovery.c:381:13:BSP_PB_Callback	0	static
../Drivers/BSP/STM32H747I-DISCO/stm32h747i_discovery.c:372:13:BUTTON_WAKEUP_EXTI_Callback	8	static
../Drivers/BSP/STM32H747I-DISCO/stm32h747i_discovery.c:441:9:BSP_COM_DeInit	8	static
../Drivers/BSP/STM32H747I-DISCO/stm32h747i_discovery.c:474:26:MX_USART1_Init	8	static
../Drivers/BSP/STM32H747I-DISCO/stm32h747i_discovery.c:401:9:BSP_COM_Init	56	static
../Drivers/BSP/STM32H747I-DISCO/stm32h747i_discovery.c:571:9:BSP_COM_SelectLogPort	0	static
../Drivers/BSP/STM32H747I-DISCO/stm32h747i_discovery.c:581:6:__io_putchar	16	static
../Drivers/BSP/STM32H747I-DISCO/stm32h747i_discovery.c:603:9:BSP_JOY_Init	104	static
../Drivers/BSP/STM32H747I-DISCO/stm32h747i_discovery.c:700:9:BSP_JOY_DeInit	16	static
../Drivers/BSP/STM32H747I-DISCO/stm32h747i_discovery.c:757:9:BSP_JOY_GetState	16	static
../Drivers/BSP/STM32H747I-DISCO/stm32h747i_discovery.c:788:6:BSP_JOY_IRQHandler	0	static,ignoring_inline_asm
../Drivers/BSP/STM32H747I-DISCO/stm32h747i_discovery.c:802:13:BSP_JOY_Callback	0	static
../Drivers/BSP/STM32H747I-DISCO/stm32h747i_discovery.c:822:13:JOY1_UP_EXTI_Callback	8	static
../Drivers/BSP/STM32H747I-DISCO/stm32h747i_discovery.c:858:13:JOY1_RIGHT_EXTI_Callback	8	static
../Drivers/BSP/STM32H747I-DISCO/stm32h747i_discovery.c:849:13:JOY1_LEFT_EXTI_Callback	8	static
../Drivers/BSP/STM32H747I-DISCO/stm32h747i_discovery.c:831:13:JOY1_DOWN_EXTI_Callback	8	static
../Drivers/BSP/STM32H747I-DISCO/stm32h747i_discovery.c:840:13:JOY1_SEL_EXTI_Callback	8	static
