../Example/User/CM7/public/crtlib.h:140:19:Q_stricmp	0	static
../Example/User/CM7/engine/filesystem/filesystem.c:1972:13:FS_Read.part.0	32	static
../Example/User/CM7/engine/filesystem/filesystem.c:319:17:FS_AddArchive_Fullpath.constprop.isra	16	static
../Example/User/CM7/engine/filesystem/filesystem.c:131:6:stringlistinit	0	static
../Example/User/CM7/engine/filesystem/filesystem.c:136:6:stringlistfreecontents	24	static
../Example/User/CM7/engine/filesystem/filesystem.c:155:6:stringlistappend	32	static
../Example/User/CM7/engine/filesystem/filesystem.c:174:6:stringlistsort	48	static
../Example/User/CM7/engine/filesystem/filesystem.c:209:6:listdirectory	64	static
../Example/User/CM7/engine/filesystem/filesystem.c:295:6:FS_CreatePath	24	static
../Example/User/CM7/engine/filesystem/filesystem.c:340:6:FS_AddGameDirectory	1080	static
../Example/User/CM7/engine/filesystem/filesystem.c:402:6:FS_ClearSearchPath	16	static
../Example/User/CM7/engine/filesystem/filesystem.c:437:5:FS_CheckNastyPath	16	static
../Example/User/CM7/engine/filesystem/filesystem.c:591:6:FS_InitGameInfo	16	static
../Example/User/CM7/engine/filesystem/filesystem.c:1071:6:FS_AddGameHierarchy	1064	static
../Example/User/CM7/engine/filesystem/filesystem.c:1132:6:FS_Rescan	16	static
../Example/User/CM7/engine/filesystem/filesystem.c:1174:6:FS_LoadGameInfo	16	static
../Example/User/CM7/engine/filesystem/filesystem.c:1464:6:FS_AllowDirectPaths	0	static
../Example/User/CM7/engine/filesystem/filesystem.c:1474:6:FS_ShutdownStdio	24	static
../Example/User/CM7/engine/filesystem/filesystem.c:1492:6:FS_Path_f	280	static
../Example/User/CM7/engine/filesystem/filesystem.c:1523:5:FS_SysFileTime	96	static
../Example/User/CM7/engine/filesystem/filesystem.c:1544:9:FS_SysOpen	32	static
../Example/User/CM7/engine/filesystem/filesystem.c:1635:9:FS_OpenHandle	32	static
../Example/User/CM7/engine/filesystem/filesystem.c:1681:10:FS_SysFileExists	96	static
../Example/User/CM7/engine/filesystem/filesystem.c:1762:15:FS_FindFile.part.0	2080	static
../Example/User/CM7/engine/filesystem/filesystem.c:1702:10:FS_SysFolderExists	96	static
../Example/User/CM7/engine/filesystem/filesystem.c:622:6:FS_ParseGenericGameInfo	576	static
../Example/User/CM7/engine/filesystem/filesystem.c:1723:10:FS_SysFileOrFolderExists	96	static
../Example/User/CM7/engine/filesystem/filesystem.c:1741:5:FS_SetCurrentDirectory	8	static
../Example/User/CM7/engine/filesystem/filesystem.c:1762:15:FS_FindFile	32	static
../Example/User/CM7/engine/filesystem/filesystem.c:1827:9:FS_OpenReadFile	1056	static
../Example/User/CM7/engine/filesystem/filesystem.c:1856:9:FS_Open	1048	static
../Example/User/CM7/engine/filesystem/filesystem.c:1893:5:FS_Close	8	static
../Example/User/CM7/engine/filesystem/filesystem.c:1914:5:FS_Flush	8	static
../Example/User/CM7/engine/filesystem/filesystem.c:1940:13:FS_Write	24	static
../Example/User/CM7/engine/filesystem/filesystem.c:1972:13:FS_Read	0	static
../Example/User/CM7/engine/filesystem/filesystem.c:2056:5:FS_Print	16	static
../Example/User/CM7/engine/filesystem/filesystem.c:2087:5:FS_VPrintf	48	static
../Example/User/CM7/engine/filesystem/filesystem.c:2068:5:FS_Printf	12	static
../Example/User/CM7/engine/filesystem/filesystem.c:477:13:FS_WriteGameInfo	48	static
../Example/User/CM7/engine/filesystem/filesystem.c:860:6:FS_CreateDefaultGameInfo	1296	static
../Example/User/CM7/engine/filesystem/filesystem.c:2120:5:FS_Getc	16	static
../Example/User/CM7/engine/filesystem/filesystem.c:2137:5:FS_UnGetc	0	static
../Example/User/CM7/engine/filesystem/filesystem.c:2154:5:FS_Gets	24	static
../Example/User/CM7/engine/filesystem/filesystem.c:2189:5:FS_Seek	16	static
../Example/User/CM7/engine/filesystem/filesystem.c:1235:10:FS_FindLibrary	64	static
../Example/User/CM7/engine/filesystem/filesystem.c:2234:13:FS_Tell	0	static
../Example/User/CM7/engine/filesystem/filesystem.c:2247:10:FS_Eof	0	static
../Example/User/CM7/engine/filesystem/filesystem.c:2275:7:FS_LoadFile	48	static
../Example/User/CM7/engine/filesystem/filesystem.c:919:17:FS_ReadGameInfo	16	static
../Example/User/CM7/engine/filesystem/filesystem.c:2307:10:CRC32_File	1040	static
../Example/User/CM7/engine/filesystem/filesystem.c:2332:10:MD5_HashFile	1128	static
../Example/User/CM7/engine/filesystem/filesystem.c:2376:7:FS_LoadDirectFile	32	static
../Example/User/CM7/engine/filesystem/filesystem.c:897:17:FS_ConvertGameInfo.isra	1312	static
../Example/User/CM7/engine/filesystem/filesystem.c:2410:10:FS_WriteFile	24	static
../Example/User/CM7/engine/filesystem/filesystem.c:2442:17:FS_FileExists	16	static
../Example/User/CM7/engine/filesystem/filesystem.c:944:17:FS_CheckForQuakeGameDir	1072	static
../Example/User/CM7/engine/filesystem/filesystem.c:2455:13:FS_GetDiskPath	16	static
../Example/User/CM7/engine/filesystem/filesystem.c:2479:13:FS_FileSize	16	static
../Example/User/CM7/engine/filesystem/filesystem.c:2504:13:FS_FileLength	0	static
../Example/User/CM7/engine/filesystem/filesystem.c:2517:5:FS_FileTime	1048	static
../Example/User/CM7/engine/filesystem/filesystem.c:1364:10:FS_InitStdio	3408	static
../Example/User/CM7/engine/filesystem/filesystem.c:2536:10:FS_Rename	4136	static
../Example/User/CM7/engine/filesystem/filesystem.c:2581:22:FS_Delete	2064	static
../Example/User/CM7/engine/filesystem/filesystem.c:2611:10:FS_FileCopy	32	static
../Example/User/CM7/engine/filesystem/filesystem.c:2646:11:FS_Search	56	static
