../Example/User/CM7/engine/sdk/cl_dll/hud.h:82:15:virtual void CHudBase::Think()	0	static
../Example/User/CM7/engine/sdk/cl_dll/hud.h:84:15:virtual void CHudBase::InitHUDData()	0	static
../Example/User/CM7/engine/sdk/cl_dll/ammo_secondary.cpp:46:6:virtual void CHudAmmoSecondary::Reset()	0	static
../Example/User/CM7/engine/sdk/cl_dll/ammo_secondary.cpp:51:5:virtual int CHudAmmoSecondary::VidInit()	0	static
../Example/User/CM7/engine/sdk/cl_dll/hud.h:146:7:CHudAmmoSecondary::~CHudAmmoSecondary()	0	static
../Example/User/CM7/engine/sdk/cl_dll/ammo_secondary.cpp:30:5:virtual int CHudAmmoSecondary::Init()	16	static
../Example/User/CM7/engine/sdk/cl_dll/hud.h:146:7:virtual CHudAmmoSecondary::~CHudAmmoSecondary()	8	static
../Example/User/CM7/engine/sdk/cl_dll/ammo_secondary.cpp:56:5:virtual int CHudAmmoSecondary::Draw(float)	88	static
../Example/User/CM7/engine/sdk/cl_dll/ammo_secondary.cpp:117:5:int CHudAmmoSecondary::MsgFunc_SecAmmoIcon(const char*, int, void*)	8	static
../Example/User/CM7/engine/sdk/cl_dll/ammo_secondary.cpp:28:1:int __MsgFunc_SecAmmoIcon(const char*, int, void*)	0	static
../Example/User/CM7/engine/sdk/cl_dll/ammo_secondary.cpp:130:5:int CHudAmmoSecondary::MsgFunc_SecAmmoVal(const char*, int, void*)	16	static
../Example/User/CM7/engine/sdk/cl_dll/ammo_secondary.cpp:27:1:int __MsgFunc_SecAmmoVal(const char*, int, void*)	0	static
