../Example/User/CM7/engine/sdk/cl_dll/hud.h:82:15:virtual void CHudBase::Think()	0	static
../Example/User/CM7/engine/sdk/cl_dll/hud.h:83:15:virtual void CHudBase::Reset()	0	static
../Example/User/CM7/engine/sdk/cl_dll/hud.h:84:15:virtual void CHudBase::InitHUDData()	0	static
../Example/User/CM7/engine/sdk/cl_dll/hud.h:379:7:CHudBattery::~CHudBattery()	0	static
../Example/User/CM7/engine/sdk/cl_dll/battery.cpp:30:5:virtual int CHudBattery::Init()	8	static
../Example/User/CM7/engine/sdk/cl_dll/battery.cpp:43:5:virtual int CHudBattery::VidInit()	16	static
../Example/User/CM7/engine/sdk/cl_dll/hud.h:379:7:virtual CHudBattery::~CHudBattery()	8	static
../Example/User/CM7/engine/sdk/cl_dll/battery.cpp:72:5:virtual int CHudBattery::Draw(float)	88	static
../Example/User/CM7/engine/sdk/cl_dll/battery.cpp:56:5:int CHudBattery::MsgFunc_Battery(const char*, int, void*)	16	static
../Example/User/CM7/engine/sdk/cl_dll/battery.cpp:28:1:int __MsgFunc_Battery(const char*, int, void*)	0	static
