../Example/User/CM7/engine/sdk/cl_dll/hud.h:82:15:virtual void CHudBase::Think()	0	static
../Example/User/CM7/engine/sdk/cl_dll/hud.h:83:15:virtual void CHudBase::Reset()	0	static
../Example/User/CM7/engine/sdk/cl_dll/hud.h:322:7:CHudDeathNotice::~CHudDeathNotice()	0	static
../Example/User/CM7/engine/sdk/cl_dll/death.cpp:72:5:virtual int CHudDeathNotice::Init()	8	static
../Example/User/CM7/engine/sdk/cl_dll/death.cpp:83:6:virtual void CHudDeathNotice::InitHUDData()	0	static
../Example/User/CM7/engine/sdk/cl_dll/death.cpp:88:5:virtual int CHudDeathNotice::VidInit()	8	static
../Example/User/CM7/engine/sdk/cl_dll/hud.h:322:7:virtual CHudDeathNotice::~CHudDeathNotice()	8	static
../Example/User/CM7/engine/sdk/cl_dll/cl_util.h:86:13:void DrawSetTextColor(float, float, float)	0	static
../Example/User/CM7/engine/sdk/cl_dll/cl_util.h:108:12:int DrawConsoleString(int, int, const char*)	32	static
../Example/User/CM7/engine/sdk/cl_dll/cl_util.h:126:12:int ConsoleStringLen(const char*)	16	static
../Example/User/CM7/engine/sdk/cl_dll/death.cpp:95:5:virtual int CHudDeathNotice::Draw(float)	64	static
../Example/User/CM7/engine/sdk/cl_dll/cl_util.h:135:13:void ConsolePrint(const char*)	0	static
../Example/User/CM7/engine/sdk/cl_dll/death.cpp:57:8:float* GetClientColor(int)	0	static
../Example/User/CM7/engine/sdk/cl_dll/death.cpp:163:5:int CHudDeathNotice::MsgFunc_DeathMsg(const char*, int, void*)	80	static
../Example/User/CM7/engine/sdk/cl_dll/death.cpp:30:1:int __MsgFunc_DeathMsg(const char*, int, void*)	0	static
