../Example/User/CM7/engine/sdk/cl_dll/hud.h:82:15:virtual void CHudBase::Think()	0	static
../Example/User/CM7/engine/sdk/cl_dll/hud.h:84:15:virtual void CHudBase::InitHUDData()	0	static
../Example/User/CM7/engine/sdk/cl_dll/flashlight.cpp:48:6:virtual void CHudFlashlight::Reset()	0	static
../Example/User/CM7/engine/sdk/cl_dll/hud.h:400:7:CHudFlashlight::~CHudFlashlight()	0	static
../Example/User/CM7/engine/sdk/cl_dll/flashlight.cpp:33:5:virtual int CHudFlashlight::Init()	16	static
../Example/User/CM7/engine/sdk/cl_dll/flashlight.cpp:94:5:virtual int CHudFlashlight::Draw(float)	72	static
../Example/User/CM7/engine/sdk/cl_dll/hud.h:400:7:virtual CHudFlashlight::~CHudFlashlight()	8	static
../Example/User/CM7/engine/sdk/cl_dll/flashlight.cpp:56:5:virtual int CHudFlashlight::VidInit()	24	static
../Example/User/CM7/engine/sdk/cl_dll/flashlight.cpp:73:5:int CHudFlashlight::MsgFunc_FlashBat(const char*, int, void*)	8	static
../Example/User/CM7/engine/sdk/cl_dll/flashlight.cpp:28:1:int __MsgFunc_FlashBat(const char*, int, void*)	0	static
../Example/User/CM7/engine/sdk/cl_dll/flashlight.cpp:83:5:int CHudFlashlight::MsgFunc_Flashlight(const char*, int, void*)	8	static
../Example/User/CM7/engine/sdk/cl_dll/flashlight.cpp:29:1:int __MsgFunc_Flashlight(const char*, int, void*)	0	static
