../Example/User/CM7/engine/sdk/cl_dll/hud.h:82:15:virtual void CHudBase::Think()	0	static
../Example/User/CM7/engine/sdk/cl_dll/hud.h:83:15:virtual void CHudBase::Reset()	0	static
../Example/User/CM7/engine/sdk/cl_dll/hud.h:84:15:virtual void CHudBase::InitHUDData()	0	static
../Example/User/CM7/engine/sdk/cl_dll/geiger.cpp:45:5:virtual int CHudGeiger::VidInit()	0	static
../Example/User/CM7/engine/sdk/cl_dll/hud.h:177:7:CHudGeiger::~CHudGeiger()	0	static
../Example/User/CM7/engine/sdk/cl_dll/geiger.cpp:31:5:virtual int CHudGeiger::Init()	16	static
../Example/User/CM7/engine/sdk/cl_dll/geiger.cpp:64:5:virtual int CHudGeiger::Draw(float)	280	static
../Example/User/CM7/engine/sdk/cl_dll/hud.h:177:7:virtual CHudGeiger::~CHudGeiger()	8	static
../Example/User/CM7/engine/sdk/cl_dll/geiger.cpp:50:5:int CHudGeiger::MsgFunc_Geiger(const char*, int, void*)	8	static
../Example/User/CM7/engine/sdk/cl_dll/geiger.cpp:29:1:int __MsgFunc_Geiger(const char*, int, void*)	0	static
