../Example/User/CM7/engine/sdk/cl_dll/input_mouse.cpp:21:28:void IN_ClientMoveEvent(float, float)	0	static
../Example/User/CM7/engine/sdk/cl_dll/input_mouse.cpp:26:27:void IN_ClientLookEvent(float, float)	0	static
../Example/User/CM7/engine/sdk/cl_dll/input_mouse.cpp:33:27:void IN_ClearStates()	0	static
../Example/User/CM7/engine/sdk/cl_dll/input_mouse.cpp:38:27:void CLDLL_IN_ActivateMouse()	0	static
../Example/User/CM7/engine/sdk/cl_dll/input_mouse.cpp:43:27:void CLDLL_IN_DeactivateMouse()	0	static
../Example/User/CM7/engine/sdk/cl_dll/input_mouse.cpp:48:27:void CLDLL_IN_MouseEvent(int)	0	static
../Example/User/CM7/engine/sdk/cl_dll/input_mouse.cpp:53:27:void CLDLL_IN_Accumulate()	0	static
../Example/User/CM7/engine/sdk/cl_dll/input_mouse.cpp:60:6:void IN_Move(float, usercmd_t*)	0	static
../Example/User/CM7/engine/sdk/cl_dll/input_mouse.cpp:65:6:void IN_Commands()	0	static
../Example/User/CM7/engine/sdk/cl_dll/input_mouse.cpp:70:6:void IN_Shutdown()	0	static
../Example/User/CM7/engine/sdk/cl_dll/input_mouse.cpp:75:6:void IN_Init()	0	static
../Example/User/CM7/engine/sdk/cl_dll/input_mouse.cpp:89:1:cpp)	0	static
