../Example/User/CM7/engine/sdk/cl_dll/StudioModelRenderer.cpp:59:6:virtual void CStudioModelRenderer::Init()	16	static
../Example/User/CM7/engine/sdk/cl_dll/StudioModelRenderer.cpp:111:1:CStudioModelRenderer::~CStudioModelRenderer()	0	static
../Example/User/CM7/engine/sdk/cl_dll/StudioModelRenderer.cpp:121:6:virtual void CStudioModelRenderer::StudioCalcBoneAdj(float, float*, const byte*, const byte*, byte)	24	static
../Example/User/CM7/engine/sdk/cl_dll/StudioModelRenderer.cpp:274:6:virtual void CStudioModelRenderer::StudioCalcBonePosition(int, float, mstudiobone_t*, mstudioanim_t*, float*, float*)	32	static
../Example/User/CM7/engine/sdk/cl_dll/StudioModelRenderer.cpp:374:16:virtual mstudioanim_t* CStudioModelRenderer::StudioGetAnim(model_t*, mstudioseqdesc_t*)	32	static
../Example/User/CM7/engine/sdk/cl_dll/StudioModelRenderer.cpp:408:6:virtual void CStudioModelRenderer::StudioPlayerBlend(mstudioseqdesc_t*, int*, float*)	0	static
../Example/User/CM7/engine/sdk/cl_dll/StudioModelRenderer.cpp:716:7:virtual float CStudioModelRenderer::StudioEstimateFrame(mstudioseqdesc_t*)	0	static
../Example/User/CM7/engine/sdk/cl_dll/StudioModelRenderer.cpp:1582:6:virtual void CStudioModelRenderer::StudioRenderFinal_Software()	24	static
../Example/User/CM7/engine/sdk/cl_dll/StudioModelRenderer.cpp:1627:6:virtual void CStudioModelRenderer::StudioRenderFinal_Hardware()	32	static
../Example/User/CM7/engine/sdk/cl_dll/StudioModelRenderer.cpp:111:1:virtual CStudioModelRenderer::~CStudioModelRenderer()	8	static
../Example/User/CM7/engine/sdk/cl_dll/StudioModelRenderer.cpp:342:6:virtual void CStudioModelRenderer::StudioSlerpBones(vec_t (*)[4], float (*)[3], vec_t (*)[4], float (*)[3], float)	56	static
../Example/User/CM7/engine/sdk/cl_dll/StudioModelRenderer.cpp:188:6:virtual void CStudioModelRenderer::StudioCalcBoneQuaterion(int, float, mstudiobone_t*, mstudioanim_t*, float*, float*)	96	static
../Example/User/CM7/engine/sdk/cl_dll/StudioModelRenderer.cpp:438:6:virtual void CStudioModelRenderer::StudioSetUpTransform(int)	48	static
../Example/User/CM7/engine/sdk/cl_dll/StudioModelRenderer.cpp:964:6:virtual void CStudioModelRenderer::StudioSaveBones()	32	static
../Example/User/CM7/engine/sdk/cl_dll/StudioModelRenderer.cpp:1186:6:virtual void CStudioModelRenderer::StudioEstimateGait(entity_state_t*)	32	static
../Example/User/CM7/engine/sdk/cl_dll/StudioModelRenderer.cpp:569:7:virtual float CStudioModelRenderer::StudioEstimateInterpolant()	0	static
../Example/User/CM7/engine/sdk/cl_dll/StudioModelRenderer.cpp:1682:6:virtual void CStudioModelRenderer::StudioRenderFinal()	8	static
../Example/User/CM7/engine/sdk/cl_dll/StudioModelRenderer.cpp:672:6:virtual void CStudioModelRenderer::StudioFxTransform(cl_entity_t*, float (*)[4])	32	static
../Example/User/CM7/engine/sdk/cl_dll/StudioModelRenderer.cpp:672:6:virtual void CStudioModelRenderer::StudioFxTransform(cl_entity_t*, float (*)[4])	0	static
../Example/User/CM7/engine/sdk/cl_dll/StudioModelRenderer.cpp:1519:6:virtual void CStudioModelRenderer::StudioCalcAttachments()	8	static
../Example/User/CM7/engine/sdk/cl_dll/StudioModelRenderer.cpp:1519:6:virtual void CStudioModelRenderer::StudioCalcAttachments()	24	static
../Example/User/CM7/engine/sdk/cl_dll/StudioModelRenderer.cpp:590:6:virtual void CStudioModelRenderer::StudioCalcRotations(float (*)[3], vec_t (*)[4], mstudioseqdesc_t*, mstudioanim_t*, float)	96	static
../Example/User/CM7/engine/sdk/cl_dll/StudioModelRenderer.cpp:1257:6:virtual void CStudioModelRenderer::StudioProcessGait(entity_state_t*)	48	static
../Example/User/CM7/engine/sdk/cl_dll/StudioModelRenderer.cpp:778:6:virtual void CStudioModelRenderer::StudioSetupBones()	128	static
../Example/User/CM7/engine/sdk/cl_dll/StudioModelRenderer.cpp:987:6:virtual void CStudioModelRenderer::StudioMergeBones(model_t*)	104	static
../Example/User/CM7/engine/sdk/cl_dll/StudioModelRenderer.cpp:1544:6:virtual void CStudioModelRenderer::StudioRenderModel()	24	static
../Example/User/CM7/engine/sdk/cl_dll/util_vector.h:80:9:Vector::Vector()	0	static
../Example/User/CM7/engine/sdk/cl_dll/StudioModelRenderer.cpp:1073:5:virtual int CStudioModelRenderer::StudioDrawModel(int)	400	static
../Example/User/CM7/engine/sdk/cl_dll/util_vector.h:84:9:Vector::Vector(const Vector&)	4	static
../Example/User/CM7/engine/sdk/cl_dll/StudioModelRenderer.cpp:83:1:CStudioModelRenderer::CStudioModelRenderer()	0	static
../Example/User/CM7/common/entity_state.h:26:8:entity_state_s::entity_state_s(const entity_state_s&)	24	static
../Example/User/CM7/engine/sdk/cl_dll/StudioModelRenderer.cpp:1355:5:virtual int CStudioModelRenderer::StudioDrawPlayer(int, entity_state_t*)	3080	static
