../Example/User/CM7/engine/sdk/cl_dll/StudioModelRenderer.cpp:56:6:virtual void CStudioModelRenderer::Init()	16	static
../Example/User/CM7/engine/sdk/cl_dll/StudioModelRenderer.cpp:108:1:CStudioModelRenderer::~CStudioModelRenderer()	0	static
../Example/User/CM7/engine/sdk/cl_dll/StudioModelRenderer.cpp:118:6:virtual void CStudioModelRenderer::StudioCalcBoneAdj(float, float*, const byte*, const byte*, byte)	28	static
../Example/User/CM7/engine/sdk/cl_dll/StudioModelRenderer.cpp:271:6:virtual void CStudioModelRenderer::StudioCalcBonePosition(int, float, mstudiobone_t*, mstudioanim_t*, float*, float*)	28	static
../Example/User/CM7/engine/sdk/cl_dll/StudioModelRenderer.cpp:371:16:virtual mstudioanim_t* CStudioModelRenderer::StudioGetAnim(model_t*, mstudioseqdesc_t*)	32	static
../Example/User/CM7/engine/sdk/cl_dll/StudioModelRenderer.cpp:405:6:virtual void CStudioModelRenderer::StudioPlayerBlend(mstudioseqdesc_t*, int*, float*)	0	static
../Example/User/CM7/engine/sdk/cl_dll/StudioModelRenderer.cpp:587:6:virtual void CStudioModelRenderer::StudioCalcRotations(float (*)[3], vec_t (*)[4], mstudioseqdesc_t*, mstudioanim_t*, float)	112	static
../Example/User/CM7/engine/sdk/cl_dll/StudioModelRenderer.cpp:713:7:virtual float CStudioModelRenderer::StudioEstimateFrame(mstudioseqdesc_t*)	0	static
../Example/User/CM7/engine/sdk/cl_dll/StudioModelRenderer.cpp:1254:6:virtual void CStudioModelRenderer::StudioProcessGait(entity_state_t*)	40	static
../Example/User/CM7/engine/sdk/cl_dll/StudioModelRenderer.cpp:1541:6:virtual void CStudioModelRenderer::StudioRenderModel()	16	static
../Example/User/CM7/engine/sdk/cl_dll/StudioModelRenderer.cpp:1579:6:virtual void CStudioModelRenderer::StudioRenderFinal_Software()	24	static
../Example/User/CM7/engine/sdk/cl_dll/StudioModelRenderer.cpp:1624:6:virtual void CStudioModelRenderer::StudioRenderFinal_Hardware()	32	static
../Example/User/CM7/engine/sdk/cl_dll/StudioModelRenderer.cpp:108:1:virtual CStudioModelRenderer::~CStudioModelRenderer()	8	static
../Example/User/CM7/engine/sdk/cl_dll/StudioModelRenderer.cpp:339:6:virtual void CStudioModelRenderer::StudioSlerpBones(vec_t (*)[4], float (*)[3], vec_t (*)[4], float (*)[3], float)	56	static
../Example/User/CM7/engine/sdk/cl_dll/StudioModelRenderer.cpp:185:6:virtual void CStudioModelRenderer::StudioCalcBoneQuaterion(int, float, mstudiobone_t*, mstudioanim_t*, float*, float*)	104	static
../Example/User/CM7/engine/sdk/cl_dll/StudioModelRenderer.cpp:435:6:virtual void CStudioModelRenderer::StudioSetUpTransform(int)	56	static
../Example/User/CM7/engine/sdk/cl_dll/StudioModelRenderer.cpp:669:6:virtual void CStudioModelRenderer::StudioFxTransform(cl_entity_t*, float (*)[4])	32	static
../Example/User/CM7/engine/sdk/cl_dll/StudioModelRenderer.cpp:1070:5:virtual int CStudioModelRenderer::StudioDrawModel(int)	376	static
../Example/User/CM7/engine/sdk/cl_dll/StudioModelRenderer.cpp:775:6:virtual void CStudioModelRenderer::StudioSetupBones()	128	static
../Example/User/CM7/engine/sdk/cl_dll/StudioModelRenderer.cpp:961:6:virtual void CStudioModelRenderer::StudioSaveBones()	40	static
../Example/User/CM7/engine/sdk/cl_dll/StudioModelRenderer.cpp:984:6:virtual void CStudioModelRenderer::StudioMergeBones(model_t*)	104	static
../Example/User/CM7/engine/sdk/cl_dll/StudioModelRenderer.cpp:1183:6:virtual void CStudioModelRenderer::StudioEstimateGait(entity_state_t*)	32	static
../Example/User/CM7/engine/sdk/cl_dll/StudioModelRenderer.cpp:566:7:virtual float CStudioModelRenderer::StudioEstimateInterpolant()	0	static
../Example/User/CM7/engine/sdk/cl_dll/StudioModelRenderer.cpp:1679:6:virtual void CStudioModelRenderer::StudioRenderFinal()	8	static
../Example/User/CM7/engine/sdk/cl_dll/StudioModelRenderer.cpp:1516:6:virtual void CStudioModelRenderer::StudioCalcAttachments()	32	static
../Example/User/CM7/engine/sdk/cl_dll/StudioModelRenderer.cpp:80:1:CStudioModelRenderer::CStudioModelRenderer()	0	static
../Example/User/CM7/common/entity_state.h:26:8:entity_state_s::entity_state_s(const entity_state_s&)	20	static
../Example/User/CM7/engine/sdk/cl_dll/StudioModelRenderer.cpp:1352:5:virtual int CStudioModelRenderer::StudioDrawPlayer(int, entity_state_t*)	3088	static
