../Example/User/CM7/engine/sdk/cl_dll/hud.h:82:15:virtual void CHudBase::Think()	0	static
../Example/User/CM7/engine/sdk/cl_dll/hud.h:83:15:virtual void CHudBase::Reset()	0	static
../Example/User/CM7/engine/sdk/cl_dll/hud.h:84:15:virtual void CHudBase::InitHUDData()	0	static
../Example/User/CM7/engine/sdk/cl_dll/train.cpp:40:5:virtual int CHudTrain::VidInit()	0	static
../Example/User/CM7/engine/sdk/cl_dll/hud.h:192:7:CHudTrain::~CHudTrain()	0	static
../Example/User/CM7/engine/sdk/cl_dll/train.cpp:29:5:virtual int CHudTrain::Init()	8	static
../Example/User/CM7/engine/sdk/cl_dll/hud.h:192:7:virtual CHudTrain::~CHudTrain()	8	static
../Example/User/CM7/engine/sdk/cl_dll/train.cpp:47:5:virtual int CHudTrain::Draw(float)	32	static
../Example/User/CM7/engine/sdk/cl_dll/train.cpp:69:5:int CHudTrain::MsgFunc_Train(const char*, int, void*)	8	static
../Example/User/CM7/engine/sdk/cl_dll/train.cpp:27:1:int __MsgFunc_Train(const char*, int, void*)	0	static
