../Example/User/CM7/engine/platform/stm32/fs_support.c:44:6:stm32_input_rcv	12	static
../Example/User/CM7/engine/platform/stm32/fs_support.c:53:6:stm32_serial_rcv	8	static
c:\st\stm32cubeide_1.12.0\stm32cubeide\plugins\com.st.stm32cube.ide.mcu.externaltools.gnu-tools-for-stm32.10.3-2021.10.win32_1.0.200.202301161003\tools\arm-none-eabi\include\sys\stat.h:140:5:mkdir	8	static
c:\st\stm32cubeide_1.12.0\stm32cubeide\plugins\com.st.stm32cube.ide.mcu.externaltools.gnu-tools-for-stm32.10.3-2021.10.win32_1.0.200.202301161003\tools\arm-none-eabi\include\sys\unistd.h:95:9:fsync	8	static
c:\st\stm32cubeide_1.12.0\stm32cubeide\plugins\com.st.stm32cube.ide.mcu.externaltools.gnu-tools-for-stm32.10.3-2021.10.win32_1.0.200.202301161003\tools\arm-none-eabi\include\sys\unistd.h:102:9:getcwd	8	static
c:\st\stm32cubeide_1.12.0\stm32cubeide\plugins\com.st.stm32cube.ide.mcu.externaltools.gnu-tools-for-stm32.10.3-2021.10.win32_1.0.200.202301161003\tools\arm-none-eabi\include\sys\unistd.h:22:9:chdir	8	static
../Example/User/CM7/engine/platform/stm32/fs_support.c:116:27:_read	16	static
../Example/User/CM7/engine/platform/stm32/fs_support.c:128:27:_write	24	static
../Example/User/CM7/engine/platform/stm32/fs_support.c:145:5:_close	16	static
../Example/User/CM7/engine/platform/stm32/fs_support.c:159:5:_fstat	288	static
../Example/User/CM7/engine/platform/stm32/fs_support.c:174:5:_isatty	0	static
../Example/User/CM7/engine/platform/stm32/fs_support.c:182:5:_lseek	8	static
../Example/User/CM7/engine/platform/stm32/fs_support.c:197:5:_open	20	static
../Example/User/CM7/engine/platform/stm32/fs_support.c:222:5:_wait	8	static
../Example/User/CM7/engine/platform/stm32/fs_support.c:229:5:_unlink	8	static
../Example/User/CM7/engine/platform/stm32/fs_support.c:234:5:_times	0	static
../Example/User/CM7/engine/platform/stm32/fs_support.c:240:5:_stat	288	static
../Example/User/CM7/engine/platform/stm32/fs_support.c:250:5:_link	8	static
