../Example/User/CM7/engine/platform/stm32/fs_support.c:33:6:stm32_serial_rcv	8	static
c:\st\stm32cubeide_1.12.0\stm32cubeide\plugins\com.st.stm32cube.ide.mcu.externaltools.gnu-tools-for-stm32.10.3-2021.10.win32_1.0.200.202301161003\tools\arm-none-eabi\include\sys\stat.h:140:5:mkdir	8	static
../Example/User/CM7/engine/platform/stm32/fs_support.c:78:5:fsync	8	static
../Example/User/CM7/engine/platform/stm32/fs_support.c:83:7:getcwd	8	static
../Example/User/CM7/engine/platform/stm32/fs_support.c:91:5:chdir	8	static
../Example/User/CM7/engine/platform/stm32/fs_support.c:96:27:_read	16	static
../Example/User/CM7/engine/platform/stm32/fs_support.c:108:27:_write	24	static
../Example/User/CM7/engine/platform/stm32/fs_support.c:125:5:_close	16	static
../Example/User/CM7/engine/platform/stm32/fs_support.c:139:5:_fstat	288	static
../Example/User/CM7/engine/platform/stm32/fs_support.c:154:5:_isatty	0	static
../Example/User/CM7/engine/platform/stm32/fs_support.c:162:5:_lseek	8	static
../Example/User/CM7/engine/platform/stm32/fs_support.c:177:5:_open	20	static
../Example/User/CM7/engine/platform/stm32/fs_support.c:202:5:_wait	8	static
../Example/User/CM7/engine/platform/stm32/fs_support.c:209:5:_unlink	8	static
../Example/User/CM7/engine/platform/stm32/fs_support.c:214:5:_times	0	static
../Example/User/CM7/engine/platform/stm32/fs_support.c:220:5:_stat	288	static
../Example/User/CM7/engine/platform/stm32/fs_support.c:230:5:_link	8	static
