../Example/User/CM7/engine/client/vgui/vgui_draw.c:81:29:VGUI_IsInGame	0	static
../Example/User/CM7/engine/client/vgui/vgui_draw.c:103:25:VGUI_GetColor	0	static
../Example/User/CM7/engine/client/vgui/vgui_draw.c:108:24:VGUI_UtfProcessChar	0	static
../Example/User/CM7/engine/client/vgui/vgui_draw.c:86:25:VGUI_GetMousePos	40	static
../Example/User/CM7/engine/client/vgui/vgui_draw.c:97:25:VGUI_CursorSelect	0	static
../Example/User/CM7/engine/client/vgui/vgui_draw.c:76:26:VGUI_EngineMalloc	24	static
../Example/User/CM7/engine/client/vgui/vgui_draw.c:115:10:VGui_IsActive	0	static
../Example/User/CM7/engine/client/vgui/vgui_draw.c:137:6:VGui_RegisterCvars	0	static
../Example/User/CM7/engine/client/vgui/vgui_draw.c:142:10:VGui_LoadProgs	264	static
../Example/User/CM7/engine/client/vgui/vgui_draw.c:201:6:VGui_Startup	0	static
../Example/User/CM7/engine/client/vgui/vgui_draw.c:229:6:VGui_Shutdown	8	static
../Example/User/CM7/engine/client/vgui/vgui_draw.c:365:6:VGui_MouseEvent	0	static
../Example/User/CM7/engine/client/vgui/vgui_draw.c:391:6:VGui_MWheelEvent	0	static
../Example/User/CM7/engine/client/vgui/vgui_draw.c:399:6:VGui_KeyEvent	32	static
../Example/User/CM7/engine/client/vgui/vgui_draw.c:417:6:VGui_MouseMove	8	static
../Example/User/CM7/engine/client/vgui/vgui_draw.c:427:6:VGui_Paint	0	static
../Example/User/CM7/engine/client/vgui/vgui_draw.c:433:6:VGui_UpdateInternalCursorState	0	static
../Example/User/CM7/engine/client/vgui/vgui_draw.c:438:19:VGui_GetPanel	0	static
../Example/User/CM7/engine/client/vgui/vgui_draw.c:445:6:VGui_ReportTextInput	0	static
