../Example/User/CM7/engine/ref/soft/r_context.c:26:25:R_ClearScreen	0	static
../Example/User/CM7/engine/ref/soft/r_context.c:224:25:R_SetCurrentEntity	0	static
../Example/User/CM7/engine/ref/soft/r_context.c:235:25:R_SetCurrentModel	0	static
../Example/User/CM7/engine/ref/soft/r_context.c:240:26:R_GetFrameTime	0	static
../Example/User/CM7/engine/ref/soft/r_context.c:302:18:R_ProcessEntData	0	static
../Example/User/CM7/engine/ref/soft/r_context.c:309:18:GL_SetTexCoordArrayMode	0	static
../Example/User/CM7/engine/ref/soft/r_context.c:325:18:GL_SetRenderMode	0	static
../Example/User/CM7/engine/ref/soft/r_context.c:337:18:R_SetupSky	0	static
../Example/User/CM7/engine/ref/soft/r_context.c:342:22:VID_CubemapShot	0	static
../Example/User/CM7/engine/ref/soft/r_context.c:348:6:R_InitSkyClouds	0	static
../Example/User/CM7/engine/ref/soft/r_context.c:363:18:GL_SelectTexture	0	static
../Example/User/CM7/engine/ref/soft/r_context.c:383:18:GL_TexGen	0	static
../Example/User/CM7/engine/ref/soft/r_context.c:398:18:Mod_SetOrthoBounds	0	static
../Example/User/CM7/engine/ref/soft/r_context.c:403:22:R_SpeedsMessage	0	static
../Example/User/CM7/engine/ref/soft/r_context.c:408:19:Mod_GetCurrentVis	0	static
../Example/User/CM7/engine/ref/soft/r_context.c:413:13:R_GetConfigName	0	static
../Example/User/CM7/engine/ref/soft/r_context.c:418:26:R_GetProcAddress	0	static
../Example/User/CM7/engine/ref/soft/r_context.c:250:26:GL_TextureData	8	static
../Example/User/CM7/engine/ref/soft/r_context.c:245:33:GL_TextureName	8	static
../Example/User/CM7/engine/ref/soft/r_context.c:213:25:R_GetExtraParmsForTexture	24	static
../Example/User/CM7/engine/ref/soft/r_context.c:205:25:R_GetDetailScaleForTexture	16	static
../Example/User/CM7/engine/ref/soft/r_context.c:123:12:GL_RefGetParm	16	static
../Example/User/CM7/engine/ref/soft/r_context.c:48:33:R_GetTextureOriginalBuffer	8	static
../Example/User/CM7/engine/ref/soft/r_context.c:77:25:CL_FillRGBABlend	32	static
../Example/User/CM7/engine/ref/soft/r_context.c:64:25:CL_FillRGBA	32	static
../Example/User/CM7/engine/ref/soft/r_context.c:378:18:GL_CleanUpTextureUnits	0	static
../Example/User/CM7/engine/ref/soft/r_context.c:358:18:DrawSingleDecal	0	static
../Example/User/CM7/engine/ref/soft/r_context.c:353:18:GL_SubdivideSurface	0	static
../Example/User/CM7/engine/ref/soft/r_context.c:388:18:GL_TextureTarget	0	static
../Example/User/CM7/engine/ref/soft/r_context.c:368:18:GL_LoadTexMatrixExt	0	static
../Example/User/CM7/engine/ref/soft/r_context.c:373:18:GL_LoadIdentityTexMatrix	0	static
../Example/User/CM7/engine/ref/soft/r_context.c:332:18:R_ShowTextures	0	static
../Example/User/CM7/engine/ref/soft/r_context.c:314:18:GL_BackendStartFrame	0	static
../Example/User/CM7/engine/ref/soft/r_context.c:319:18:GL_BackendEndFrame	0	static
../Example/User/CM7/engine/ref/soft/r_context.c:259:6:Mod_BrushUnloadTextures	24	static
../Example/User/CM7/engine/ref/soft/r_context.c:278:6:Mod_UnloadTextures	24	static
../Example/User/CM7/engine/ref/soft/r_context.c:85:22:Mod_ProcessRenderData	24	static
../Example/User/CM7/engine/ref/soft/r_context.c:393:18:GL_BuildLightmaps	0	static
../Example/User/CM7/engine/ref/soft/r_context.c:571:24:GetRefAPI	16	static
