../Example/User/CM7/engine/ref/soft/r_decals.c:1150:12:DecalDepthCompare	0	static
../Example/User/CM7/engine/ref/soft/r_decals.c:57:6:R_ClearDecals	8	static
../Example/User/CM7/engine/ref/soft/r_decals.c:146:6:R_DecalComputeBasis	0	static
../Example/User/CM7/engine/ref/soft/r_decals.c:182:6:R_SetupDecalTextureSpaceBasis	32	static
../Example/User/CM7/engine/ref/soft/r_decals.c:202:6:R_SetupDecalVertsForMSurface	8	static
../Example/User/CM7/engine/ref/soft/r_decals.c:219:6:R_SetupDecalClip	32	static
../Example/User/CM7/engine/ref/soft/r_decals.c:234:5:R_ClipInside	0	static
../Example/User/CM7/engine/ref/soft/r_decals.c:258:6:R_ClipIntersect	0	static
../Example/User/CM7/engine/ref/soft/r_decals.c:310:12:SHClip	32	static
../Example/User/CM7/engine/ref/soft/r_decals.c:359:8:R_DoDecalSHClip	8	static
../Example/User/CM7/engine/ref/soft/r_decals.c:379:8:R_DecalVertsClip	72	static
../Example/User/CM7/engine/ref/soft/r_decals.c:514:11:R_DecalCreatePoly	0	static
../Example/User/CM7/engine/ref/soft/r_decals.c:621:6:R_DecalSurface	136	static
../Example/User/CM7/engine/ref/soft/r_decals.c:718:13:R_DecalNode	40	static
../Example/User/CM7/engine/ref/soft/r_decals.c:761:18:R_DecalShoot	200	static
../Example/User/CM7/engine/ref/soft/r_decals.c:854:21:R_DecalSetupVerts	48	static
../Example/User/CM7/engine/ref/soft/r_decals.c:1170:17:R_CreateDecalList	48	static
../Example/User/CM7/engine/ref/soft/r_decals.c:1228:18:R_DecalRemoveAll	40	static
../Example/User/CM7/engine/ref/soft/r_decals.c:1256:18:R_EntityRemoveDecals	40	static
../Example/User/CM7/engine/ref/soft/r_decals.c:1281:18:R_ClearAllDecals	32	static
