../Example/User/CM7/engine/ref/soft/r_edge.c:25:6:R_SurfacePatch	0	static
../Example/User/CM7/engine/ref/soft/r_edge.c:29:6:R_EdgeCodeStart	0	static
../Example/User/CM7/engine/ref/soft/r_edge.c:33:6:R_EdgeCodeEnd	0	static
../Example/User/CM7/engine/ref/soft/r_edge.c:109:6:R_BeginEdgeFrame	16	static
../Example/User/CM7/engine/ref/soft/r_edge.c:155:6:R_InsertNewEdges	4	static
../Example/User/CM7/engine/ref/soft/r_edge.c:203:6:R_RemoveEdges	0	static
../Example/User/CM7/engine/ref/soft/r_edge.c:225:6:R_StepActiveU	12	static
../Example/User/CM7/engine/ref/soft/r_edge.c:297:6:R_CleanupSpan	12	static
../Example/User/CM7/engine/ref/soft/r_edge.c:331:6:R_LeadingEdgeBackwards	16	static
../Example/User/CM7/engine/ref/soft/r_edge.c:618:6:R_GenerateSpansBackward	32	static
../Example/User/CM7/engine/ref/soft/r_edge.c:411:6:R_TrailingEdge	8	static
../Example/User/CM7/engine/ref/soft/r_edge.c:454:6:R_LeadingEdge	16	static
../Example/User/CM7/engine/ref/soft/r_edge.c:581:6:R_GenerateSpans	32	static
../Example/User/CM7/engine/ref/soft/r_edge.c:777:5:D_MipLevelForScale	0	static
../Example/User/CM7/engine/ref/soft/r_edge.c:804:6:D_FlatFillSurface	24	static
../Example/User/CM7/engine/ref/soft/r_edge.c:828:6:D_CalcGradients	20	static
../Example/User/CM7/engine/ref/soft/r_edge.c:915:6:D_BackgroundSurf	28	static
../Example/User/CM7/engine/ref/soft/r_edge.c:932:6:D_TurbulentSurf	16	static
../Example/User/CM7/engine/ref/soft/r_edge.c:997:6:D_SkySurf	24	static
../Example/User/CM7/engine/ref/soft/r_edge.c:1036:6:D_AlphaSurf	24	static
../Example/User/CM7/engine/ref/soft/r_edge.c:1149:6:D_SolidSurf	32	static
../Example/User/CM7/engine/ref/soft/r_edge.c:1264:6:D_DrawflatSurfaces	40	static
../Example/User/CM7/engine/ref/soft/r_edge.c:1293:6:D_DrawSurfaces	56	static
../Example/User/CM7/engine/ref/soft/r_edge.c:658:6:R_ScanEdges	64	static
