../Example/User/CM7/engine/ref/soft/r_edge.c:605:6:R_GenerateSpans	36	static
../Example/User/CM7/engine/ref/soft/r_edge.c:25:6:R_SurfacePatch	0	static
../Example/User/CM7/engine/ref/soft/r_edge.c:29:6:R_EdgeCodeStart	0	static
../Example/User/CM7/engine/ref/soft/r_edge.c:33:6:R_EdgeCodeEnd	0	static
../Example/User/CM7/engine/ref/soft/r_edge.c:129:6:R_BeginEdgeFrame	24	static
../Example/User/CM7/engine/ref/soft/r_edge.c:176:6:R_InsertNewEdges	4	static
../Example/User/CM7/engine/ref/soft/r_edge.c:224:6:R_RemoveEdges	0	static
../Example/User/CM7/engine/ref/soft/r_edge.c:246:6:R_StepActiveU	8	static
../Example/User/CM7/engine/ref/soft/r_edge.c:319:6:R_CleanupSpan	8	static
../Example/User/CM7/engine/ref/soft/r_edge.c:354:6:R_LeadingEdgeBackwards	16	static
../Example/User/CM7/engine/ref/soft/r_edge.c:643:6:R_GenerateSpansBackward	24	static
../Example/User/CM7/engine/ref/soft/r_edge.c:435:6:R_TrailingEdge	8	static
../Example/User/CM7/engine/ref/soft/r_edge.c:478:6:R_LeadingEdge	16	static
../Example/User/CM7/engine/ref/soft/r_edge.c:802:5:D_MipLevelForScale	0	static
../Example/User/CM7/engine/ref/soft/r_edge.c:829:6:D_FlatFillSurface	24	static
../Example/User/CM7/engine/ref/soft/r_edge.c:853:6:D_CalcGradients	20	static
../Example/User/CM7/engine/ref/soft/r_edge.c:940:6:D_BackgroundSurf	28	static
../Example/User/CM7/engine/ref/soft/r_edge.c:957:6:D_TurbulentSurf	16	static
../Example/User/CM7/engine/ref/soft/r_edge.c:1022:6:D_SkySurf	24	static
../Example/User/CM7/engine/ref/soft/r_edge.c:1061:6:D_AlphaSurf	24	static
../Example/User/CM7/engine/ref/soft/r_edge.c:1174:6:D_SolidSurf	32	static
../Example/User/CM7/engine/ref/soft/r_edge.c:1289:6:D_DrawflatSurfaces	40	static
../Example/User/CM7/engine/ref/soft/r_edge.c:1318:6:D_DrawSurfaces	56	static
../Example/User/CM7/engine/ref/soft/r_edge.c:683:6:R_ScanEdges	48	static
