../Example/User/CM7/engine/ref/soft/r_glblit.c:192:14:R_Lock_GL1	0	static
../Example/User/CM7/engine/ref/soft/r_glblit.c:219:13:R_Unlock_GLES1	40	static
../Example/User/CM7/engine/ref/soft/r_glblit.c:254:17:R_CreateBuffer_GLES1	96	static
../Example/User/CM7/engine/ref/soft/r_glblit.c:334:13:R_Unlock_GLES3	40	static
../Example/User/CM7/engine/ref/soft/r_glblit.c:349:17:R_CreateBuffer_GLES3	72	static
../Example/User/CM7/engine/ref/soft/r_glblit.c:307:14:R_Lock_GLES3	40	static
../Example/User/CM7/engine/ref/soft/r_glblit.c:20:10:R_SetDisplayTransform	24	static
../Example/User/CM7/engine/ref/soft/r_glblit.c:85:18:GL_SetupAttributes	16	static
../Example/User/CM7/engine/ref/soft/r_glblit.c:126:18:GL_InitExtensions	24	static
../Example/User/CM7/engine/ref/soft/r_glblit.c:187:18:GL_ClearExtensions	0	static
../Example/User/CM7/engine/ref/soft/r_glblit.c:439:6:R_BuildScreenMap	80	static
../Example/User/CM7/engine/ref/soft/r_glblit.c:509:6:R_BuildBlendMaps	96	static
../Example/User/CM7/engine/ref/soft/r_glblit.c:664:6:R_AllocScreen	32	static
../Example/User/CM7/engine/ref/soft/r_glblit.c:637:6:R_InitBlit	8	static
../Example/User/CM7/engine/ref/soft/r_glblit.c:709:6:R_BlitScreen	40	static
../Example/User/CM7/engine/ref/soft/r_glblit.c:883:22:VID_ScreenShot	96	static
