../Example/User/CM7/engine/ref/soft/r_studio.c:359:21:pfnGetCurrentEntity	0	static
../Example/User/CM7/engine/ref/soft/r_studio.c:370:16:pfnPlayerInfo	0	static
../Example/User/CM7/engine/ref/soft/r_studio.c:384:17:pfnMod_ForName	0	static
../Example/User/CM7/engine/ref/soft/r_studio.c:409:21:pfnGetViewEntity	0	static
../Example/User/CM7/engine/ref/soft/r_studio.c:420:13:pfnGetEngineTimes	0	static
../Example/User/CM7/engine/ref/soft/r_studio.c:433:13:pfnGetViewInfo	4	static
../Example/User/CM7/engine/ref/soft/r_studio.c:447:17:R_GetChromeSprite	0	static
../Example/User/CM7/engine/ref/soft/r_studio.c:458:13:pfnGetModelCounters	0	static
../Example/User/CM7/engine/ref/soft/r_studio.c:470:13:pfnGetAliasScale	0	static
../Example/User/CM7/engine/ref/soft/r_studio.c:482:18:pfnStudioGetBoneTransform	0	static
../Example/User/CM7/engine/ref/soft/r_studio.c:493:18:pfnStudioGetLightTransform	0	static
../Example/User/CM7/engine/ref/soft/r_studio.c:504:17:pfnStudioGetAliasTransform	0	static
../Example/User/CM7/engine/ref/soft/r_studio.c:515:17:pfnStudioGetRotationMatrix	0	static
../Example/User/CM7/engine/ref/soft/r_studio.c:1319:13:R_StudioSetupModel	12	static
../Example/User/CM7/engine/ref/soft/r_studio.c:1862:6:R_StudioSetCullState	0	static
../Example/User/CM7/engine/ref/soft/r_studio.c:1906:12:R_StudioMeshCompare	0	static
../Example/User/CM7/engine/ref/soft/r_studio.c:2217:13:R_StudioDrawHulls	0	static
../Example/User/CM7/engine/ref/soft/r_studio.c:2415:13:R_StudioSetRemapColors	24	static
../Example/User/CM7/engine/ref/soft/r_studio.c:2599:5:R_StudioGetForceFaceFlags	0	static
../Example/User/CM7/engine/ref/soft/r_studio.c:2610:6:R_StudioSetForceFaceFlags	0	static
../Example/User/CM7/engine/ref/soft/r_studio.c:2621:6:R_StudioSetHeader	0	static
../Example/User/CM7/engine/ref/soft/r_studio.c:2633:6:R_StudioSetRenderModel	0	static
../Example/User/CM7/engine/ref/soft/r_studio.c:2673:13:R_StudioRestoreRenderer	0	static
../Example/User/CM7/engine/ref/soft/r_studio.c:2689:6:R_StudioSetChromeOrigin	0	static
../Example/User/CM7/engine/ref/soft/r_studio.c:2701:12:pfnIsHardware	0	static
../Example/User/CM7/engine/ref/soft/r_studio.c:3644:17:pfnModelHandle	0	static
../Example/User/CM7/engine/ref/soft/r_studio.c:3649:14:pfnMod_CacheCheck	0	static
../Example/User/CM7/engine/ref/soft/r_studio.c:3654:14:pfnMod_StudioExtradata	0	static
../Example/User/CM7/engine/ref/soft/r_studio.c:3659:13:pfnMod_LoadCacheFile	0	static
../Example/User/CM7/engine/ref/soft/r_studio.c:3664:16:pfnGetCvarPointer	0	static
../Example/User/CM7/engine/ref/soft/r_studio.c:3669:14:pfnMod_Calloc	0	static
../Example/User/CM7/engine/ref/soft/r_studio.c:2644:13:R_StudioSetupRenderer	24	static
../Example/User/CM7/engine/ref/soft/r_studio.c:1357:6:R_StudioDynamicLight	208	static
../Example/User/CM7/engine/ref/soft/r_studio.c:1542:6:R_StudioEntityLight	88	static
../Example/User/CM7/engine/ref/soft/r_studio.c:1847:6:R_StudioSetRenderamt	8	static
../Example/User/CM7/engine/ref/soft/r_studio.c:2437:17:R_StudioSetupPlayerModel	32	static
../Example/User/CM7/engine/ref/soft/r_studio.c:2777:6:GL_StudioSetRenderMode	0	static
../Example/User/CM7/engine/ref/soft/r_studio.c:209:17:R_StudioComputeBBox	104	static
../Example/User/CM7/engine/ref/soft/r_studio.c:1292:13:R_StudioCalcAttachments	96	static
../Example/User/CM7/engine/ref/soft/r_studio.c:3510:13:R_StudioLoadTexture	440	static
../Example/User/CM7/engine/ref/soft/r_studio.c:1624:6:R_StudioSetupLighting.part.0	40	static
../Example/User/CM7/engine/ref/soft/r_studio.c:1624:6:R_StudioSetupLighting	0	static
../Example/User/CM7/engine/ref/soft/r_studio.c:1874:6:R_StudioRenderShadow	40	static
../Example/User/CM7/engine/ref/soft/r_studio.c:1801:13:R_StudioSetupSkin	16	static
../Example/User/CM7/engine/ref/soft/r_studio.c:707:6:R_StudioFxTransform.part.0	24	static
../Example/User/CM7/engine/ref/soft/r_studio.c:2817:13:GL_StudioDrawShadow	0	static
../Example/User/CM7/engine/ref/soft/r_studio.c:2312:13:R_StudioDrawBones	0	static
../Example/User/CM7/engine/ref/soft/r_studio.c:1343:12:R_StudioCheckBBox	8	static
../Example/User/CM7/engine/ref/soft/r_studio.c:395:17:R_StudioGetPlayerState	0	static
../Example/User/CM7/engine/ref/soft/r_studio.c:2272:13:R_StudioDrawAbsBBox	152	static
../Example/User/CM7/engine/ref/soft/r_studio.c:146:6:R_StudioInit	16	static
../Example/User/CM7/engine/ref/soft/r_studio.c:260:6:R_StudioComputeSkinMatrix	16	static
../Example/User/CM7/engine/ref/soft/r_studio.c:526:6:R_StudioPlayerBlend	0	static
../Example/User/CM7/engine/ref/soft/r_studio.c:556:18:R_StudioLerpMovement	80	static
../Example/User/CM7/engine/ref/soft/r_studio.c:587:6:R_StudioSetUpTransform	48	static
../Example/User/CM7/engine/ref/soft/r_studio.c:622:19:R_StudioEstimateFrame	0	static
../Example/User/CM7/engine/ref/soft/r_studio.c:2531:13:R_StudioClientEvents	40	static
../Example/User/CM7/engine/ref/soft/r_studio.c:659:7:R_StudioEstimateInterpolant	0	static
../Example/User/CM7/engine/ref/soft/r_studio.c:678:7:CL_GetSequenceDuration	8	static
../Example/User/CM7/engine/ref/soft/r_studio.c:707:6:R_StudioFxTransform	0	static
../Example/User/CM7/engine/ref/soft/r_studio.c:751:6:R_StudioCalcBoneAdj	24	static
../Example/User/CM7/engine/ref/soft/r_studio.c:816:6:R_StudioCalcRotations	192	static
../Example/User/CM7/engine/ref/soft/r_studio.c:863:6:R_StudioMergeBones	104	static
../Example/User/CM7/engine/ref/soft/r_studio.c:923:6:R_StudioSetupBones	128	static
../Example/User/CM7/engine/ref/soft/r_studio.c:1103:6:R_StudioBuildNormalTable	48	static
../Example/User/CM7/engine/ref/soft/r_studio.c:1154:6:R_StudioGenerateNormals	88	static
../Example/User/CM7/engine/ref/soft/r_studio.c:1249:6:R_StudioSetupChrome	64	static
../Example/User/CM7/engine/ref/soft/r_studio.c:1654:6:R_StudioLighting	4	static
../Example/User/CM7/engine/ref/soft/r_studio.c:1712:6:R_LightLambert	12	static
../Example/User/CM7/engine/ref/soft/r_studio.c:1773:6:R_LightStrength	48	static
../Example/User/CM7/engine/ref/soft/r_studio.c:2040:13:R_StudioDrawPoints	160	static
../Example/User/CM7/engine/ref/soft/r_studio.c:1830:32:R_StudioGetTexture	16	static
../Example/User/CM7/engine/ref/soft/r_studio.c:2426:6:R_StudioResetPlayerModels	0	static
../Example/User/CM7/engine/ref/soft/r_studio.c:2482:5:R_GetEntityRenderMode	24	static
../Example/User/CM7/engine/ref/soft/r_studio.c:2849:6:R_StudioRenderFinal	40	static
../Example/User/CM7/engine/ref/soft/r_studio.c:2936:6:R_StudioRenderModel	24	static
../Example/User/CM7/engine/ref/soft/r_studio.c:2965:6:R_StudioEstimateGait	8	static
../Example/User/CM7/engine/ref/soft/r_studio.c:3021:6:R_StudioProcessGait	40	static
../Example/User/CM7/engine/ref/soft/r_studio.c:3096:12:R_StudioDrawPlayer	1408	static
../Example/User/CM7/engine/ref/soft/r_studio.c:3238:12:R_StudioDrawModel	400	static
../Example/User/CM7/engine/ref/soft/r_studio.c:3334:6:R_StudioDrawModelInternal	16	static
../Example/User/CM7/engine/ref/soft/r_studio.c:3356:6:R_DrawStudioModel	24	static
../Example/User/CM7/engine/ref/soft/r_studio.c:3392:6:R_RunViewmodelEvents	40	static
../Example/User/CM7/engine/ref/soft/r_studio.c:3427:6:R_GatherPlayerLight	32	static
../Example/User/CM7/engine/ref/soft/r_studio.c:3443:6:R_DrawViewModel	56	static
../Example/User/CM7/engine/ref/soft/r_studio.c:3602:18:Mod_StudioLoadTextures	24	static
../Example/User/CM7/engine/ref/soft/r_studio.c:3624:6:Mod_StudioUnloadTextures	24	static
../Example/User/CM7/engine/ref/soft/r_studio.c:3738:18:CL_InitStudioAPI	24	static
