../Example/User/CM7/engine/ref/soft/r_surf.c:691:6:R_DrawSurfaceBlock8_Generic	72	static
../Example/User/CM7/engine/ref/soft/r_surf.c:745:6:R_DrawSurfaceBlock8_mip0	48	static
../Example/User/CM7/engine/ref/soft/r_surf.c:801:6:R_DrawSurfaceBlock8_mip1	96	static
../Example/User/CM7/engine/ref/soft/r_surf.c:853:6:R_DrawSurfaceBlock8_mip2	120	static
../Example/User/CM7/engine/ref/soft/r_surf.c:905:6:R_DrawSurfaceBlock8_mip3	88	static
../Example/User/CM7/engine/ref/soft/r_surf.c:79:6:R_AddDynamicLights	136	static
../Example/User/CM7/engine/ref/soft/r_surf.c:360:6:R_InitRandomTable	24	static
../Example/User/CM7/engine/ref/soft/r_surf.c:382:12:R_TextureAnim	16	static
../Example/User/CM7/engine/ref/soft/r_surf.c:432:12:R_TextureAnimation	24	static
../Example/User/CM7/engine/ref/soft/r_surf.c:635:6:R_DrawSurfaceBlock8_World	72	static
../Example/User/CM7/engine/ref/soft/r_surf.c:483:6:R_DrawSurface	64	static
../Example/User/CM7/engine/ref/soft/r_surf.c:963:6:R_InitCaches	32	static
../Example/User/CM7/engine/ref/soft/r_surf.c:1007:6:D_FlushCaches	0	static
../Example/User/CM7/engine/ref/soft/r_surf.c:1032:18:D_SCAlloc	40	static
../Example/User/CM7/engine/ref/soft/r_surf.c:1118:6:D_SCDump	32	static
../Example/User/CM7/engine/ref/soft/r_surf.c:1134:9:MaskForNum	0	static
../Example/User/CM7/engine/ref/soft/r_surf.c:1147:5:D_log2	0	static
../Example/User/CM7/engine/ref/soft/r_surf.c:1160:6:R_DrawSurfaceDecals	160	static
../Example/User/CM7/engine/ref/soft/r_surf.c:1301:14:D_CacheSurface	72	static
