../Example/User/CM7/engine/ref/soft/r_triapi.c:48:18:TriRenderMode	0	static
../Example/User/CM7/engine/ref/soft/r_triapi.c:87:18:TriBegin	4	static
../Example/User/CM7/engine/ref/soft/r_triapi.c:134:18:TriEnd	0	static
../Example/User/CM7/engine/ref/soft/r_triapi.c:146:18:_TriColor4f	16	static
../Example/User/CM7/engine/ref/soft/r_triapi.c:196:6:TriColor4ub	4	static
../Example/User/CM7/engine/ref/soft/r_triapi.c:212:18:_TriColor4ub	16	static
../Example/User/CM7/engine/ref/soft/r_triapi.c:225:6:TriColor4f	24	static
../Example/User/CM7/engine/ref/soft/r_triapi.c:245:18:TriTexCoord2f_impl	16	static
../Example/User/CM7/engine/ref/soft/r_triapi.c:275:18:TriVertex3fv	40	static
../Example/User/CM7/engine/ref/soft/r_triapi.c:289:18:TriVertex3f	40	static
../Example/User/CM7/engine/ref/soft/r_triapi.c:361:17:TriWorldToScreen	0	static
../Example/User/CM7/engine/ref/soft/r_triapi.c:373:5:soft_TriSpriteTexture	8	static
../Example/User/CM7/engine/ref/soft/r_triapi.c:395:18:TriFog	0	static
../Example/User/CM7/engine/ref/soft/r_triapi.c:439:18:TriGetMatrix	0	static
../Example/User/CM7/engine/ref/soft/r_triapi.c:450:18:TriFogParams	0	static
../Example/User/CM7/engine/ref/soft/r_triapi.c:461:6:TriBrightness	4	static
