../Example/User/CM7/engine/ref/soft/r_triapi.c:50:18:TriRenderMode	0	static
../Example/User/CM7/engine/ref/soft/r_triapi.c:89:18:TriBegin	4	static
../Example/User/CM7/engine/ref/soft/r_triapi.c:136:18:TriEnd	0	static
../Example/User/CM7/engine/ref/soft/r_triapi.c:148:18:_TriColor4f	16	static
../Example/User/CM7/engine/ref/soft/r_triapi.c:198:6:TriColor4ub	4	static
../Example/User/CM7/engine/ref/soft/r_triapi.c:214:18:_TriColor4ub	16	static
../Example/User/CM7/engine/ref/soft/r_triapi.c:227:6:TriColor4f	24	static
../Example/User/CM7/engine/ref/soft/r_triapi.c:247:18:TriTexCoord2f_impl	0	static
../Example/User/CM7/engine/ref/soft/r_triapi.c:282:18:TriVertex3fv	40	static
../Example/User/CM7/engine/ref/soft/r_triapi.c:296:18:TriVertex3f	40	static
../Example/User/CM7/engine/ref/soft/r_triapi.c:368:17:TriWorldToScreen	0	static
../Example/User/CM7/engine/ref/soft/r_triapi.c:380:5:soft_TriSpriteTexture	8	static
../Example/User/CM7/engine/ref/soft/r_triapi.c:402:18:TriFog	0	static
../Example/User/CM7/engine/ref/soft/r_triapi.c:446:18:TriGetMatrix	0	static
../Example/User/CM7/engine/ref/soft/r_triapi.c:457:18:TriFogParams	0	static
../Example/User/CM7/engine/ref/soft/r_triapi.c:468:6:TriBrightness	4	static
