../Example/User/CM7/engine/mainui/controls/BaseWindow.h:56:15:virtual bool CMenuBaseWindow::IsRoot() const	0	static
../Example/User/CM7/engine/mainui/controls/BaseWindow.h:61:7:virtual bool CMenuBaseWindow::IsWindow()	0	static
../Example/User/CM7/engine/mainui/controls/BaseWindow.h:101:7:virtual bool CMenuBaseWindow::IsAbsolutePositioned() const	0	static
../Example/User/CM7/engine/mainui/menus/ConnectionProgress.cpp:319:6:virtual bool CMenuConnectionProgress::DrawAnimation()	0	static
../Example/User/CM7/engine/mainui/menus/ConnectionProgress.cpp:337:1:void menu_connectionprogress_Shutdown()	0	static
../Example/User/CM7/engine/mainui/menus/ConnectionProgress.cpp:214:6:virtual void CMenuConnectionProgress::_Init()	56	static
../Example/User/CM7/engine/mainui/menus/ConnectionProgress.cpp:268:6:virtual void CMenuConnectionProgress::_VidInit()	32	static
../Example/User/CM7/engine/mainui/menus/ConnectionProgress.cpp:223:2:static void CMenuConnectionProgress::_Init()::<lambda(CMenuBaseItem*, void*)>::_FUN(CMenuBaseItem*, void*)	8	static
../Example/User/CM7/engine/mainui/Utils.h:178:15:size_t Q_strncpy(char*, const char*, size_t)	0	static
../Example/User/CM7/engine/mainui/enginecallback_menu.h:201:28:static const char* EngFuncs::CmdArgv(int)	0	static
../Example/User/CM7/engine/mainui/controls/BaseItem.h:125:7:void CMenuBaseItem::PlayLocalSound(const char*)	0	static
../Example/User/CM7/engine/mainui/menus/ConnectionProgress.cpp:96:7:void CMenuConnectionProgress::SetCommonText(const char*)	0	static
../Example/User/CM7/engine/mainui/menus/ConnectionProgress.cpp:101:7:void CMenuConnectionProgress::SetServer(const char*)	24	static
../Example/User/CM7/engine/mainui/controls/ItemsHolder.h:21:7:CMenuItemsHolder::~CMenuItemsHolder()	24	static
../Example/User/CM7/engine/mainui/controls/ItemsHolder.h:21:7:virtual CMenuItemsHolder::~CMenuItemsHolder()	8	static
../Example/User/CM7/engine/mainui/controls/BaseWindow.h:23:7:CMenuBaseWindow::~CMenuBaseWindow()	8	static
../Example/User/CM7/engine/mainui/controls/BaseWindow.h:23:7:virtual CMenuBaseWindow::~CMenuBaseWindow()	8	static
../Example/User/CM7/engine/mainui/menus/ConnectionProgress.cpp:137:1:CMenuConnectionProgress::CMenuConnectionProgress()	16	static
../Example/User/CM7/engine/mainui/menus/ConnectionProgress.cpp:337:1:void menu_connectionprogress_Precache()	8	static
../Example/User/CM7/engine/mainui/menus/ConnectionProgress.cpp:345:6:void UI_ConnectionProgress_Download(const char*, const char*, int, int, const char*)	48	static
../Example/User/CM7/engine/mainui/menus/ConnectionProgress.cpp:364:6:void UI_ConnectionProgress_Precache()	16	static
../Example/User/CM7/engine/mainui/menus/ConnectionProgress.cpp:373:6:void UI_ConnectionProgress_Connect(const char*)	16	static
../Example/User/CM7/engine/mainui/menus/ConnectionProgress.cpp:383:6:void UI_ConnectionProgress_ChangeLevel()	16	static
../Example/User/CM7/engine/mainui/menus/ConnectionProgress.cpp:393:6:void UI_ConnectionProgress_ParseServerInfo(const char*)	16	static
../Example/User/CM7/engine/mainui/miniutl/utlmemory.h:231:17:const T& CUtlMemory<T>::operator[](int) const [with T = CUtlLinkedList<CMenuBaseWindow*>::ListElem_t]	16	static
../Example/User/CM7/engine/mainui/WindowSystem.h:33:19:CMenuBaseWindow* CWindowStack::Current() const	16	static
../Example/User/CM7/engine/mainui/menus/ConnectionProgress.cpp:165:6:0()	8	static
../Example/User/CM7/engine/mainui/menus/ConnectionProgress.cpp:165:6:void CMenuConnectionProgress::HandleDisconnect()	0	static
../Example/User/CM7/engine/mainui/menus/ConnectionProgress.cpp:145:6:virtual bool CMenuConnectionProgress::KeyDown(int)	16	static
../Example/User/CM7/engine/mainui/menus/ConnectionProgress.cpp:340:6:void UI_ConnectionProgress_Disconnect()	0	static
../Example/User/CM7/engine/mainui/menus/ConnectionProgress.cpp:354:6:void UI_ConnectionProgress_DownloadEnd()	8	static
../Example/User/CM7/engine/mainui/menus/ConnectionProgress.cpp:404:6:void UI_ConnectionProgress_f()	40	static
../Example/User/CM7/engine/mainui/menus/ConnectionProgress.cpp:202:6:void CMenuConnectionProgress::Disconnect()	16	static
../Example/User/CM7/engine/mainui/menus/ConnectionProgress.cpp:325:6:virtual void CMenuConnectionProgress::Draw()	24	static
../Example/User/CM7/engine/mainui/controls/PicButton.h:31:7:CMenuPicButton::~CMenuPicButton()	8	static
../Example/User/CM7/engine/mainui/controls/PicButton.h:31:7:virtual CMenuPicButton::~CMenuPicButton()	8	static
../Example/User/CM7/engine/mainui/controls/YesNoMessageBox.h:24:7:CMenuYesNoMessageBox::~CMenuYesNoMessageBox()	8	static
../Example/User/CM7/engine/mainui/menus/ConnectionProgress.cpp:46:7:CMenuConnectionProgress::~CMenuConnectionProgress()	16	static
../Example/User/CM7/engine/mainui/menus/ConnectionProgress.cpp:46:7:virtual CMenuConnectionProgress::~CMenuConnectionProgress()	8	static
../Example/User/CM7/engine/mainui/controls/YesNoMessageBox.h:24:7:virtual CMenuYesNoMessageBox::~CMenuYesNoMessageBox()	8	static
../Example/User/CM7/engine/mainui/menus/ConnectionProgress.cpp:442:1:cpp)	16	static
