../Example/User/CM7/engine/mainui/controls/BaseWindow.h:56:15:virtual bool CMenuBaseWindow::IsRoot() const	0	static
../Example/User/CM7/engine/mainui/controls/BaseWindow.h:61:7:virtual bool CMenuBaseWindow::IsWindow()	0	static
../Example/User/CM7/engine/mainui/controls/BaseWindow.h:101:7:virtual bool CMenuBaseWindow::IsAbsolutePositioned() const	0	static
../Example/User/CM7/engine/mainui/menus/ConnectionWarning.cpp:97:6:virtual void CMenuConnectionWarning::_VidInit()	0	static
../Example/User/CM7/engine/mainui/menus/ConnectionWarning.cpp:133:1:void menu_connectionwarning_Shutdown()	0	static
../Example/User/CM7/engine/mainui/menus/ConnectionWarning.cpp:28:6:virtual bool CMenuConnectionWarning::KeyDown(int)	0	static
../Example/User/CM7/engine/mainui/menus/ConnectionWarning.cpp:38:6:virtual void CMenuConnectionWarning::_Init()	48	static
../Example/User/CM7/engine/mainui/menus/ConnectionWarning.cpp:134:6:void UI_ConnectionWarning_f()	8	static
../Example/User/CM7/engine/mainui/menus/ConnectionWarning.cpp:133:1:void menu_connectionwarning_Precache()	8	static
../Example/User/CM7/engine/mainui/menus/ConnectionWarning.cpp:69:2:static void CMenuConnectionWarning::_Init()::<lambda(CMenuBaseItem*, void*)>::_FUN(CMenuBaseItem*, void*)	8	static
../Example/User/CM7/engine/mainui/enginecallback_menu.h:175:21:static void EngFuncs::CvarSetValue(const char*, float)	0	static
../Example/User/CM7/engine/mainui/controls/ItemsHolder.h:21:7:CMenuItemsHolder::~CMenuItemsHolder()	24	static
../Example/User/CM7/engine/mainui/controls/ItemsHolder.h:21:7:virtual CMenuItemsHolder::~CMenuItemsHolder()	8	static
../Example/User/CM7/engine/mainui/controls/BaseWindow.h:23:7:CMenuBaseWindow::~CMenuBaseWindow()	8	static
../Example/User/CM7/engine/mainui/menus/ConnectionWarning.cpp:8:7:CMenuConnectionWarning::~CMenuConnectionWarning()	16	static
../Example/User/CM7/engine/mainui/menus/ConnectionWarning.cpp:8:7:virtual CMenuConnectionWarning::~CMenuConnectionWarning()	8	static
../Example/User/CM7/engine/mainui/controls/BaseWindow.h:23:7:virtual CMenuBaseWindow::~CMenuBaseWindow()	8	static
../Example/User/CM7/engine/mainui/menus/ConnectionWarning.cpp:104:6:void CMenuConnectionWarning::WriteSettings(EPresets)	88	static
../Example/User/CM7/engine/mainui/menus/ConnectionWarning.cpp:47:2:static void CMenuConnectionWarning::_Init()::<lambda(CMenuBaseItem*, void*)>::_FUN(CMenuBaseItem*, void*)	0	static
../Example/User/CM7/engine/mainui/menus/ConnectionWarning.cpp:52:2:static void CMenuConnectionWarning::_Init()::<lambda(CMenuBaseItem*, void*)>::_FUN(CMenuBaseItem*, void*)	0	static
../Example/User/CM7/engine/mainui/menus/ConnectionWarning.cpp:57:2:static void CMenuConnectionWarning::_Init()::<lambda(CMenuBaseItem*, void*)>::_FUN(CMenuBaseItem*, void*)	0	static
../Example/User/CM7/engine/mainui/menus/ConnectionWarning.cpp:139:1:cpp)	16	static
