../Example/User/CM7/engine/mainui/controls/ItemsHolder.h:82:15:virtual void CMenuItemsHolder::_VidInit()	0	static
../Example/User/CM7/engine/mainui/controls/BaseWindow.h:56:15:virtual bool CMenuBaseWindow::IsRoot() const	0	static
../Example/User/CM7/engine/mainui/controls/BaseWindow.h:61:7:virtual bool CMenuBaseWindow::IsWindow()	0	static
../Example/User/CM7/engine/mainui/controls/BaseWindow.h:101:7:virtual bool CMenuBaseWindow::IsAbsolutePositioned() const	0	static
../Example/User/CM7/engine/mainui/controls/Framework.h:40:7:virtual bool CMenuFramework::IsRoot() const	0	static
../Example/User/CM7/engine/mainui/model/BaseModel.h:44:23:virtual unsigned int CMenuBaseModel::GetAlignmentForColumn(int) const	0	static
../Example/User/CM7/engine/mainui/model/BaseModel.h:45:20:virtual ECellType CMenuBaseModel::GetCellType(int, int)	0	static
../Example/User/CM7/engine/mainui/model/BaseModel.h:46:15:virtual bool CMenuBaseModel::GetLineColor(int, unsigned int&, bool&) const	0	static
../Example/User/CM7/engine/mainui/model/BaseModel.h:47:15:virtual bool CMenuBaseModel::GetCellColors(int, int, unsigned int&, bool&) const	0	static
../Example/User/CM7/engine/mainui/model/BaseModel.h:52:15:virtual bool CMenuBaseModel::Sort(int, bool)	0	static
../Example/User/CM7/engine/mainui/menus/Controls.cpp:43:6:virtual int CMenuKeysModel::GetRows() const	0	static
../Example/User/CM7/engine/mainui/menus/Controls.cpp:47:6:virtual int CMenuKeysModel::GetColumns() const	0	static
../Example/User/CM7/engine/mainui/menus/Controls.cpp:51:14:virtual const char* CMenuKeysModel::GetCellText(int, int)	0	static
../Example/User/CM7/engine/mainui/menus/Controls.cpp:63:7:virtual bool CMenuKeysModel::IsCellTextWrapped(int, int)	0	static
../Example/User/CM7/engine/mainui/menus/Controls.cpp:329:6:virtual bool CMenuControls::CGrabKeyMessageBox::KeyDown(int)	0	static
../Example/User/CM7/engine/mainui/menus/Controls.cpp:416:1:void menu_controls_Shutdown()	0	static
../Example/User/CM7/engine/mainui/menus/Controls.cpp:416:1:void UI_Controls_Menu()	0	static
../Example/User/CM7/engine/mainui/menus/Controls.cpp:35:7:CMenuKeysModel::~CMenuKeysModel()	0	static
../Example/User/CM7/engine/mainui/menus/Controls.cpp:35:7:virtual CMenuKeysModel::~CMenuKeysModel()	8	static
../Example/User/CM7/engine/mainui/menus/Controls.cpp:416:1:void menu_controls_Precache()	16	static
../Example/User/CM7/engine/mainui/Utils.h:178:15:0(char*, const char*, size_t)	8	static
../Example/User/CM7/engine/mainui/enginecallback_menu.h:186:21:static void EngFuncs::ClientCmd(int, const char*)	0	static
../Example/User/CM7/engine/mainui/menus/Controls.cpp:100:7:void CMenuControls::Cancel()	8	static
../Example/User/CM7/engine/mainui/enginecallback_menu.h:337:28:static const char* EngFuncs::KeynumToString(int)	0	static
../Example/User/CM7/engine/mainui/enginecallback_menu.h:515:22:static char* EngFuncs::COM_ParseFile(char*, char*, int)	16	static
../Example/User/CM7/engine/mainui/controls/BaseItem.h:125:7:void CMenuBaseItem::PlayLocalSound(const char*)	0	static
../Example/User/CM7/engine/mainui/controls/ItemsHolder.h:21:7:CMenuItemsHolder::~CMenuItemsHolder()	24	static
../Example/User/CM7/engine/mainui/controls/ItemsHolder.h:21:7:virtual CMenuItemsHolder::~CMenuItemsHolder()	8	static
../Example/User/CM7/engine/mainui/controls/BaseWindow.h:23:7:CMenuBaseWindow::~CMenuBaseWindow()	8	static
../Example/User/CM7/engine/mainui/menus/Controls.cpp:107:8:CMenuControls::CGrabKeyMessageBox::~CGrabKeyMessageBox()	8	static
../Example/User/CM7/engine/mainui/menus/Controls.cpp:107:8:virtual CMenuControls::CGrabKeyMessageBox::~CGrabKeyMessageBox()	8	static
../Example/User/CM7/engine/mainui/controls/BaseWindow.h:23:7:virtual CMenuBaseWindow::~CMenuBaseWindow()	8	static
../Example/User/CM7/engine/mainui/menus/Controls.cpp:122:6:static void CMenuControls::GetKeyBindings(const char*, int*)	24	static
../Example/User/CM7/engine/mainui/menus/Controls.cpp:166:6:virtual void CMenuKeysModel::Update()	1080	static
../Example/User/CM7/engine/mainui/menus/Controls.cpp:260:6:void CMenuControls::ResetKeysList()	5192	static
../Example/User/CM7/engine/mainui/menus/Controls.cpp:299:6:virtual bool CMenuControls::CGrabKeyMessageBox::KeyUp(int)	4120	static
../Example/User/CM7/engine/mainui/menus/Controls.cpp:407:6:virtual void CMenuControls::_VidInit()	4	static
../Example/User/CM7/engine/mainui/menus/Controls.cpp:379:6:virtual void CMenuControls::_Init()	128	static
../Example/User/CM7/engine/mainui/menus/Controls.cpp:149:6:void CMenuControls::UnbindCommand(const char*)	24	static
../Example/User/CM7/engine/mainui/menus/Controls.cpp:334:6:void CMenuControls::UnbindEntry()	8	static
../Example/User/CM7/engine/mainui/menus/Controls.cpp:255:6:virtual void CMenuKeysModel::OnDeleteEntry(int)	0	static
../Example/User/CM7/engine/mainui/menus/Controls.cpp:352:6:void CMenuControls::EnterGrabMode()	24	static
../Example/User/CM7/engine/mainui/menus/Controls.cpp:250:6:virtual void CMenuKeysModel::OnActivateEntry(int)	0	static
../Example/User/CM7/engine/mainui/controls/YesNoMessageBox.h:24:7:CMenuYesNoMessageBox::~CMenuYesNoMessageBox()	16	static
../Example/User/CM7/engine/mainui/menus/Controls.cpp:82:7:CMenuControls::~CMenuControls()	8	static
../Example/User/CM7/engine/mainui/menus/Controls.cpp:82:7:virtual CMenuControls::~CMenuControls()	8	static
../Example/User/CM7/engine/mainui/controls/YesNoMessageBox.h:24:7:virtual CMenuYesNoMessageBox::~CMenuYesNoMessageBox()	8	static
../Example/User/CM7/engine/mainui/menus/Controls.cpp:416:59:cpp)	16	static
