../Example/User/CM7/engine/mainui/controls/ItemsHolder.h:82:15:virtual void CMenuItemsHolder::_VidInit()	0	static
../Example/User/CM7/engine/mainui/controls/BaseWindow.h:56:15:virtual bool CMenuBaseWindow::IsRoot() const	0	static
../Example/User/CM7/engine/mainui/controls/BaseWindow.h:61:7:virtual bool CMenuBaseWindow::IsWindow()	0	static
../Example/User/CM7/engine/mainui/controls/BaseWindow.h:101:7:virtual bool CMenuBaseWindow::IsAbsolutePositioned() const	0	static
../Example/User/CM7/engine/mainui/menus/Credits.cpp:52:7:virtual bool CMenuCredits::DrawAnimation()	0	static
../Example/User/CM7/engine/mainui/menus/Credits.cpp:133:6:virtual bool CMenuCredits::KeyUp(int)	0	static
../Example/User/CM7/engine/mainui/menus/Credits.cpp:143:6:virtual bool CMenuCredits::KeyDown(int)	0	static
../Example/User/CM7/engine/mainui/menus/Credits.cpp:218:1:void menu_credits_Shutdown()	0	static
../Example/User/CM7/engine/mainui/menus/Credits.cpp:231:6:void UI_FinalCredits()	8	static
../Example/User/CM7/engine/mainui/menus/Credits.cpp:77:6:virtual void CMenuCredits::Show()	8	static
../Example/User/CM7/engine/mainui/menus/Credits.cpp:88:6:virtual void CMenuCredits::Draw()	80	static
../Example/User/CM7/engine/mainui/menus/Credits.cpp:158:6:virtual void CMenuCredits::_Init()	40	static
../Example/User/CM7/engine/mainui/menus/Credits.cpp:218:1:void menu_credits_Precache()	8	static
../Example/User/CM7/engine/mainui/controls/ItemsHolder.h:21:7:CMenuItemsHolder::~CMenuItemsHolder()	24	static
../Example/User/CM7/engine/mainui/controls/ItemsHolder.h:21:7:virtual CMenuItemsHolder::~CMenuItemsHolder()	8	static
../Example/User/CM7/engine/mainui/controls/BaseWindow.h:23:7:CMenuBaseWindow::~CMenuBaseWindow()	8	static
../Example/User/CM7/engine/mainui/menus/Credits.cpp:73:1:CMenuCredits::~CMenuCredits()	8	static
../Example/User/CM7/engine/mainui/menus/Credits.cpp:73:1:virtual CMenuCredits::~CMenuCredits()	8	static
../Example/User/CM7/engine/mainui/controls/BaseWindow.h:23:7:virtual CMenuBaseWindow::~CMenuBaseWindow()	8	static
../Example/User/CM7/engine/mainui/menus/Credits.cpp:226:5:int UI_CreditsActive()	0	static
../Example/User/CM7/engine/mainui/menus/Credits.cpp:220:6:void UI_DrawFinalCredits()	8	static
../Example/User/CM7/engine/mainui/menus/Credits.cpp:241:1:cpp)	16	static
