../Example/User/CM7/engine/mainui/controls/BaseWindow.h:61:7:virtual bool CMenuBaseWindow::IsWindow()	0	static
../Example/User/CM7/engine/mainui/controls/BaseWindow.h:101:7:virtual bool CMenuBaseWindow::IsAbsolutePositioned() const	0	static
../Example/User/CM7/engine/mainui/controls/Framework.h:40:7:virtual bool CMenuFramework::IsRoot() const	0	static
../Example/User/CM7/engine/mainui/menus/InputDevices.cpp:37:7:virtual bool CMenuInputDevices::DrawAnimation()	0	static
../Example/User/CM7/engine/mainui/menus/InputDevices.cpp:89:2:static void CMenuInputDevices::_Init()::<lambda(CMenuBaseItem*, void*)>::<lambda(CMenuBaseItem*, void*)>::_FUN(CMenuBaseItem*, void*)	0	static
../Example/User/CM7/engine/mainui/menus/InputDevices.cpp:139:1:void menu_inputdevices_Shutdown()	0	static
../Example/User/CM7/engine/mainui/menus/InputDevices.cpp:139:1:void UI_InputDevices_Menu()	0	static
../Example/User/CM7/engine/mainui/menus/InputDevices.cpp:62:6:virtual void CMenuInputDevices::SaveAndPopMenu()	8	static
../Example/User/CM7/engine/mainui/menus/InputDevices.cpp:76:6:virtual void CMenuInputDevices::_Init()	40	static
../Example/User/CM7/engine/mainui/menus/InputDevices.cpp:139:1:void menu_inputdevices_Precache()	8	static
../Example/User/CM7/engine/mainui/menus/InputDevices.cpp:89:2:static void CMenuInputDevices::_Init()::<lambda(CMenuBaseItem*, void*)>::_FUN(CMenuBaseItem*, void*)	24	static
../Example/User/CM7/engine/mainui/menus/InputDevices.cpp:32:7:CMenuInputDevices::~CMenuInputDevices()	16	static
../Example/User/CM7/engine/mainui/menus/InputDevices.cpp:32:7:virtual CMenuInputDevices::~CMenuInputDevices()	8	static
../Example/User/CM7/engine/mainui/menus/InputDevices.cpp:54:6:void CMenuInputDevices::GetConfig()	8	static
../Example/User/CM7/engine/mainui/menus/InputDevices.cpp:134:6:virtual void CMenuInputDevices::_VidInit()	0	static
../Example/User/CM7/engine/mainui/controls/ItemsHolder.h:21:7:CMenuItemsHolder::~CMenuItemsHolder()	24	static
../Example/User/CM7/engine/mainui/controls/ItemsHolder.h:21:7:virtual CMenuItemsHolder::~CMenuItemsHolder()	8	static
../Example/User/CM7/engine/mainui/controls/BaseWindow.h:23:7:CMenuBaseWindow::~CMenuBaseWindow()	8	static
../Example/User/CM7/engine/mainui/controls/BaseWindow.h:23:7:virtual CMenuBaseWindow::~CMenuBaseWindow()	8	static
../Example/User/CM7/engine/mainui/controls/YesNoMessageBox.h:24:7:CMenuYesNoMessageBox::~CMenuYesNoMessageBox()	16	static
../Example/User/CM7/engine/mainui/menus/InputDevices.cpp:89:2:void __tcf_0()	8	static
../Example/User/CM7/engine/mainui/controls/YesNoMessageBox.h:24:7:virtual CMenuYesNoMessageBox::~CMenuYesNoMessageBox()	8	static
../Example/User/CM7/engine/mainui/menus/InputDevices.cpp:139:71:cpp)	16	static
