../Example/User/CM7/engine/mainui/controls/BaseItem.h:59:15:virtual bool CMenuBaseItem::MouseMove(int, int)	0	static
../Example/User/CM7/engine/mainui/controls/BaseItem.h:62:15:virtual void CMenuBaseItem::ToggleInactive()	0	static
../Example/User/CM7/engine/mainui/controls/BaseItem.h:68:15:virtual void CMenuBaseItem::SetInactive(bool)	0	static
../Example/User/CM7/engine/mainui/controls/BaseItem.h:77:15:virtual void CMenuBaseItem::Show()	0	static
../Example/User/CM7/engine/mainui/controls/BaseItem.h:82:15:virtual void CMenuBaseItem::Hide()	0	static
../Example/User/CM7/engine/mainui/controls/BaseItem.h:85:15:virtual bool CMenuBaseItem::IsVisible() const	0	static
../Example/User/CM7/engine/mainui/controls/BaseItem.h:201:15:virtual bool CMenuBaseItem::IsAbsolutePositioned() const	0	static
../Example/User/CM7/engine/mainui/controls/ItemsHolder.h:82:15:virtual void CMenuItemsHolder::_VidInit()	0	static
../Example/User/CM7/engine/mainui/controls/BaseWindow.h:61:7:virtual bool CMenuBaseWindow::IsWindow()	0	static
../Example/User/CM7/engine/mainui/controls/BaseWindow.h:101:7:virtual bool CMenuBaseWindow::IsAbsolutePositioned() const	0	static
../Example/User/CM7/engine/mainui/controls/Framework.h:40:7:virtual bool CMenuFramework::IsRoot() const	0	static
../Example/User/CM7/engine/mainui/model/BaseModel.h:43:15:virtual void CMenuBaseModel::OnActivateEntry(int)	0	static
../Example/User/CM7/engine/mainui/model/BaseModel.h:45:20:virtual ECellType CMenuBaseModel::GetCellType(int, int)	0	static
../Example/User/CM7/engine/mainui/model/BaseModel.h:46:15:virtual bool CMenuBaseModel::GetLineColor(int, unsigned int&, bool&) const	0	static
../Example/User/CM7/engine/mainui/model/BaseModel.h:47:15:virtual bool CMenuBaseModel::GetCellColors(int, int, unsigned int&, bool&) const	0	static
../Example/User/CM7/engine/mainui/model/BaseModel.h:48:15:virtual bool CMenuBaseModel::IsCellTextWrapped(int, int)	0	static
../Example/User/CM7/engine/mainui/model/BaseModel.h:52:15:virtual bool CMenuBaseModel::Sort(int, bool)	0	static
../Example/User/CM7/engine/mainui/menus/LoadGame.cpp:60:6:virtual int CMenuSavesListModel::GetColumns() const	0	static
../Example/User/CM7/engine/mainui/menus/LoadGame.cpp:65:6:virtual int CMenuSavesListModel::GetRows() const	0	static
../Example/User/CM7/engine/mainui/menus/LoadGame.cpp:69:14:virtual const char* CMenuSavesListModel::GetCellText(int, int)	0	static
../Example/User/CM7/engine/mainui/menus/LoadGame.cpp:73:15:virtual unsigned int CMenuSavesListModel::GetAlignmentForColumn(int) const	0	static
../Example/User/CM7/engine/mainui/menus/LoadGame.cpp:432:6:void UI_LoadSaveGame_Shutdown()	0	static
../Example/User/CM7/engine/mainui/menus/LoadGame.cpp:54:7:CMenuSavesListModel::~CMenuSavesListModel()	0	static
../Example/User/CM7/engine/mainui/menus/LoadGame.cpp:126:6:virtual void CMenuSavePreview::Draw()	168	static
../Example/User/CM7/engine/mainui/menus/LoadGame.cpp:258:6:virtual void CMenuSavesListModel::OnDeleteEntry(int)	0	static
../Example/User/CM7/engine/mainui/menus/LoadGame.cpp:54:7:virtual CMenuSavesListModel::~CMenuSavesListModel()	8	static
../Example/User/CM7/engine/mainui/menus/LoadGame.cpp:41:7:CMenuSavePreview::~CMenuSavePreview()	8	static
../Example/User/CM7/engine/mainui/menus/LoadGame.cpp:41:7:virtual CMenuSavePreview::~CMenuSavePreview()	8	static
../Example/User/CM7/engine/mainui/menus/LoadGame.cpp:350:6:void CMenuLoadGame::UpdateGame()	0	static
../Example/User/CM7/engine/mainui/menus/LoadGame.cpp:410:6:void UI_LoadSaveGame_Precache()	16	static
../Example/User/CM7/engine/mainui/enginecallback_menu.h:186:21:static void EngFuncs::ClientCmd(int, const char*)	0	static
../Example/User/CM7/engine/mainui/menus/LoadGame.cpp:317:6:void CMenuLoadGame::LoadGame()	136	static
../Example/User/CM7/engine/mainui/menus/LoadGame.cpp:333:6:void CMenuLoadGame::SaveGame()	144	static
../Example/User/CM7/engine/mainui/Utils.h:178:15:size_t Q_strncpy(char*, const char*, size_t)	8	static
../Example/User/CM7/engine/mainui/menus/LoadGame.cpp:152:6:virtual void CMenuSavesListModel::Update()	448	static
../Example/User/CM7/engine/mainui/menus/LoadGame.cpp:365:6:void CMenuLoadGame::DeleteGame()	144	static
../Example/User/CM7/engine/mainui/menus/LoadGame.cpp:268:6:virtual void CMenuLoadGame::_Init()	120	static
../Example/User/CM7/engine/mainui/menus/LoadGame.cpp:383:6:void CMenuLoadGame::SetSaveMode(bool)	0	static
../Example/User/CM7/engine/mainui/menus/LoadGame.cpp:417:6:void UI_LoadSaveGame_Menu(bool)	16	static
../Example/User/CM7/engine/mainui/menus/LoadGame.cpp:442:6:void UI_LoadGame_Menu()	0	static
../Example/User/CM7/engine/mainui/menus/LoadGame.cpp:447:6:void UI_SaveGame_Menu()	0	static
../Example/User/CM7/engine/mainui/controls/PicButton.h:31:7:CMenuPicButton::~CMenuPicButton()	8	static
../Example/User/CM7/engine/mainui/controls/PicButton.h:31:7:virtual CMenuPicButton::~CMenuPicButton()	8	static
../Example/User/CM7/engine/mainui/controls/ItemsHolder.h:21:7:CMenuItemsHolder::~CMenuItemsHolder()	24	static
../Example/User/CM7/engine/mainui/controls/ItemsHolder.h:21:7:virtual CMenuItemsHolder::~CMenuItemsHolder()	8	static
../Example/User/CM7/engine/mainui/controls/BaseWindow.h:23:7:CMenuBaseWindow::~CMenuBaseWindow()	8	static
../Example/User/CM7/engine/mainui/controls/BaseWindow.h:23:7:virtual CMenuBaseWindow::~CMenuBaseWindow()	8	static
../Example/User/CM7/engine/mainui/controls/YesNoMessageBox.h:24:7:CMenuYesNoMessageBox::~CMenuYesNoMessageBox()	8	static
../Example/User/CM7/engine/mainui/menus/LoadGame.cpp:90:7:CMenuLoadGame::~CMenuLoadGame()	8	static
../Example/User/CM7/engine/mainui/menus/LoadGame.cpp:90:7:virtual CMenuLoadGame::~CMenuLoadGame()	8	static
../Example/User/CM7/engine/mainui/controls/YesNoMessageBox.h:24:7:virtual CMenuYesNoMessageBox::~CMenuYesNoMessageBox()	8	static
../Example/User/CM7/engine/mainui/menus/LoadGame.cpp:452:57:cpp)	16	static
