../Example/User/CM7/engine/mainui/controls/BaseItem.h:59:15:virtual bool CMenuBaseItem::MouseMove(int, int)	0	static
../Example/User/CM7/engine/mainui/controls/BaseItem.h:62:15:virtual void CMenuBaseItem::ToggleInactive()	0	static
../Example/User/CM7/engine/mainui/controls/BaseItem.h:68:15:virtual void CMenuBaseItem::SetInactive(bool)	0	static
../Example/User/CM7/engine/mainui/controls/BaseItem.h:77:15:virtual void CMenuBaseItem::Show()	0	static
../Example/User/CM7/engine/mainui/controls/BaseItem.h:82:15:virtual void CMenuBaseItem::Hide()	0	static
../Example/User/CM7/engine/mainui/controls/BaseItem.h:85:15:virtual bool CMenuBaseItem::IsVisible() const	0	static
../Example/User/CM7/engine/mainui/controls/BaseItem.h:201:15:virtual bool CMenuBaseItem::IsAbsolutePositioned() const	0	static
../Example/User/CM7/engine/mainui/controls/ItemsHolder.h:82:15:virtual void CMenuItemsHolder::_VidInit()	0	static
../Example/User/CM7/engine/mainui/controls/BaseWindow.h:61:7:virtual bool CMenuBaseWindow::IsWindow()	0	static
../Example/User/CM7/engine/mainui/controls/BaseWindow.h:101:7:virtual bool CMenuBaseWindow::IsAbsolutePositioned() const	0	static
../Example/User/CM7/engine/mainui/controls/Framework.h:40:7:virtual bool CMenuFramework::IsRoot() const	0	static
../Example/User/CM7/engine/mainui/model/BaseModel.h:42:15:virtual void CMenuBaseModel::OnDeleteEntry(int)	0	static
../Example/User/CM7/engine/mainui/model/BaseModel.h:43:15:virtual void CMenuBaseModel::OnActivateEntry(int)	0	static
../Example/User/CM7/engine/mainui/model/BaseModel.h:44:23:virtual unsigned int CMenuBaseModel::GetAlignmentForColumn(int) const	0	static
../Example/User/CM7/engine/mainui/model/BaseModel.h:45:20:virtual ECellType CMenuBaseModel::GetCellType(int, int)	0	static
../Example/User/CM7/engine/mainui/model/BaseModel.h:46:15:virtual bool CMenuBaseModel::GetLineColor(int, unsigned int&, bool&) const	0	static
../Example/User/CM7/engine/mainui/model/BaseModel.h:47:15:virtual bool CMenuBaseModel::GetCellColors(int, int, unsigned int&, bool&) const	0	static
../Example/User/CM7/engine/mainui/model/BaseModel.h:48:15:virtual bool CMenuBaseModel::IsCellTextWrapped(int, int)	0	static
../Example/User/CM7/engine/mainui/model/BaseModel.h:52:15:virtual bool CMenuBaseModel::Sort(int, bool)	0	static
../Example/User/CM7/engine/mainui/model/BaseArrayModel.h:14:6:virtual int CMenuBaseArrayModel::GetColumns() const	0	static
../Example/User/CM7/engine/mainui/model/BaseArrayModel.h:19:14:virtual const char* CMenuBaseArrayModel::GetCellText(int, int)	0	static
../Example/User/CM7/engine/mainui/model/StringArrayModel.h:26:7:virtual void CStringArrayModel::Update()	0	static
../Example/User/CM7/engine/mainui/model/StringArrayModel.h:40:6:virtual int CStringArrayModel::GetRows() const	0	static
../Example/User/CM7/engine/mainui/model/StringVectorModel.h:21:7:virtual void CStringVectorModel::Update()	0	static
../Example/User/CM7/engine/mainui/model/StringVectorModel.h:31:6:virtual int CStringVectorModel::GetRows() const	0	static
../Example/User/CM7/engine/mainui/model/StringArrayModel.h:7:7:CStringArrayModel::~CStringArrayModel()	0	static
../Example/User/CM7/engine/mainui/menus/PlayerSetup.cpp:327:6:void CMenuPlayerSetup::ApplyColorToImagePreview()	0	static
../Example/User/CM7/engine/mainui/menus/PlayerSetup.cpp:503:75:void __tcf_0()	0	static
../Example/User/CM7/engine/mainui/menus/PlayerSetup.cpp:551:1:void menu_playersetup_Shutdown()	0	static
../Example/User/CM7/engine/mainui/menus/PlayerSetup.cpp:551:1:void UI_PlayerSetup_Menu()	0	static
../Example/User/CM7/engine/mainui/menus/PlayerSetup.cpp:71:8:CMenuPlayerSetup::CModelListModel::~CModelListModel()	0	static
../Example/User/CM7/engine/mainui/controls/Editable.h:73:2:static void CMenuEditable::WriteCvarCb(CMenuBaseItem*, void*)	0	static
../Example/User/CM7/engine/mainui/model/StringArrayModel.h:7:7:virtual CStringArrayModel::~CStringArrayModel()	8	static
../Example/User/CM7/engine/mainui/menus/PlayerSetup.cpp:71:8:virtual CMenuPlayerSetup::CModelListModel::~CModelListModel()	8	static
../Example/User/CM7/engine/mainui/menus/PlayerSetup.cpp:115:8:CMenuPlayerSetup::CMenuLogoPreview::~CMenuLogoPreview()	8	static
../Example/User/CM7/engine/mainui/menus/PlayerSetup.cpp:115:8:virtual CMenuPlayerSetup::CMenuLogoPreview::~CMenuLogoPreview()	8	static
../Example/User/CM7/engine/mainui/model/StringArrayModel.h:28:14:virtual const char* CStringArrayModel::GetText(int)	8	static
../Example/User/CM7/engine/mainui/menus/PlayerSetup.cpp:162:6:virtual void CMenuPlayerSetup::CModelListModel::Update()	304	static
../Example/User/CM7/engine/mainui/menus/PlayerSetup.cpp:131:6:virtual void CMenuPlayerSetup::CMenuLogoPreview::Draw()	40	static
../Example/User/CM7/engine/mainui/enginecallback_menu.h:170:21:static void EngFuncs::CvarSetString(const char*, const char*)	0	static
../Example/User/CM7/engine/mainui/BMPUtils.h:104:2:CBMP::~CBMP()	8	static
../Example/User/CM7/engine/mainui/controls/SpinControl.h:45:14:const char* CMenuSpinControl::GetCurrentString()	0	static
../Example/User/CM7/engine/mainui/menus/PlayerSetup.cpp:266:6:void CMenuPlayerSetup::UpdateModel()	288	static
../Example/User/CM7/engine/mainui/menus/PlayerSetup.cpp:333:6:void CMenuPlayerSetup::ApplyColorToLogoPreview()	32	static
../Example/User/CM7/engine/mainui/miniutl/utlstring.h:349:13:void CUtlString::SetValue(const char*)	16	static
../Example/User/CM7/engine/mainui/menus/PlayerSetup.cpp:61:2:CMenuPlayerSetup::CMenuPlayerSetup()	24	static
../Example/User/CM7/engine/mainui/menus/PlayerSetup.cpp:551:1:void menu_playersetup_Precache()	8	static
../Example/User/CM7/engine/mainui/menus/PlayerSetup.cpp:96:8:bool CMenuPlayerSetup::CLogosListModel::IsPng(int)	8	static
../Example/User/CM7/engine/mainui/miniutl/utlvector.h:277:11:T& CUtlVector<T, A>::Element(int) [with T = CUtlString; A = CUtlMemory<CUtlString>]	8	static
../Example/User/CM7/engine/mainui/model/StringVectorModel.h:23:14:virtual const char* CStringVectorModel::GetText(int)	8	static
../Example/User/CM7/engine/mainui/menus/PlayerSetup.cpp:86:7:int CMenuPlayerSetup::CLogosListModel::GetFullPath(char*, size_t, int)	40	static
../Example/User/CM7/engine/mainui/menus/PlayerSetup.cpp:354:6:void CMenuPlayerSetup::WriteNewLogo()	1064	static
../Example/User/CM7/engine/mainui/menus/PlayerSetup.cpp:243:6:void CMenuPlayerSetup::SetConfig()	8	static
../Example/User/CM7/engine/mainui/menus/PlayerSetup.cpp:254:6:virtual void CMenuPlayerSetup::SaveAndPopMenu()	8	static
../Example/User/CM7/engine/mainui/menus/PlayerSetup.cpp:482:2:static void CMenuPlayerSetup::_Init()::<lambda(CMenuBaseItem*, void*)>::_FUN(CMenuBaseItem*, void*)	8	static
../Example/User/CM7/engine/mainui/menus/PlayerSetup.cpp:292:6:void CMenuPlayerSetup::UpdateLogo()	1056	static
../Example/User/CM7/engine/mainui/menus/PlayerSetup.cpp:545:6:virtual void CMenuPlayerSetup::Reload()	16	static
../Example/User/CM7/engine/mainui/miniutl/utlvector.h:949:13:void CUtlVector<T, A>::RemoveAll() [with T = CUtlString; A = CUtlMemory<CUtlString>]	16	static
../Example/User/CM7/engine/mainui/model/StringVectorModel.h:9:7:CStringVectorModel::~CStringVectorModel()	16	static
../Example/User/CM7/engine/mainui/model/StringVectorModel.h:9:7:virtual CStringVectorModel::~CStringVectorModel()	8	static
../Example/User/CM7/engine/mainui/menus/PlayerSetup.cpp:81:8:CMenuPlayerSetup::CLogosListModel::~CLogosListModel()	16	static
../Example/User/CM7/engine/mainui/menus/PlayerSetup.cpp:81:8:virtual CMenuPlayerSetup::CLogosListModel::~CLogosListModel()	8	static
../Example/User/CM7/engine/mainui/miniutl/utlvector.h:713:12:int CUtlVector<T, A>::InsertBefore(int, const T&) [with T = CUtlString; A = CUtlMemory<CUtlString>]	24	static
../Example/User/CM7/engine/mainui/miniutl/utlvector.h:277:11:T& CUtlVector<T, A>::Element(int) [with T = bool; A = CUtlMemory<bool>]	8	static
../Example/User/CM7/engine/mainui/miniutl/utlvector.h:713:12:int CUtlVector<T, A>::InsertBefore(int, const T&) [with T = bool; A = CUtlMemory<bool>]	24	static
../Example/User/CM7/engine/mainui/menus/PlayerSetup.cpp:202:6:virtual void CMenuPlayerSetup::CLogosListModel::Update()	296	static
../Example/User/CM7/engine/mainui/menus/PlayerSetup.cpp:407:6:virtual void CMenuPlayerSetup::_Init()	168	static
../Example/User/CM7/engine/mainui/controls/Editable.h:21:7:CMenuEditable::~CMenuEditable()	8	static
../Example/User/CM7/engine/mainui/controls/Editable.h:21:7:virtual CMenuEditable::~CMenuEditable()	8	static
../Example/User/CM7/engine/mainui/controls/ItemsHolder.h:21:7:CMenuItemsHolder::~CMenuItemsHolder()	24	static
../Example/User/CM7/engine/mainui/controls/ItemsHolder.h:21:7:virtual CMenuItemsHolder::~CMenuItemsHolder()	8	static
../Example/User/CM7/engine/mainui/controls/BaseWindow.h:23:7:CMenuBaseWindow::~CMenuBaseWindow()	8	static
../Example/User/CM7/engine/mainui/controls/BaseWindow.h:23:7:virtual CMenuBaseWindow::~CMenuBaseWindow()	8	static
../Example/User/CM7/engine/mainui/controls/YesNoMessageBox.h:24:7:CMenuYesNoMessageBox::~CMenuYesNoMessageBox()	16	static
../Example/User/CM7/engine/mainui/menus/PlayerSetup.cpp:55:7:CMenuPlayerSetup::~CMenuPlayerSetup()	16	static
../Example/User/CM7/engine/mainui/menus/PlayerSetup.cpp:55:7:virtual CMenuPlayerSetup::~CMenuPlayerSetup()	8	static
../Example/User/CM7/engine/mainui/controls/YesNoMessageBox.h:24:7:virtual CMenuYesNoMessageBox::~CMenuYesNoMessageBox()	8	static
../Example/User/CM7/engine/mainui/menus/PlayerSetup.cpp:551:68:cpp)	16	static
