../Example/User/CM7/engine/mainui/controls/ItemsHolder.h:81:15:virtual void CMenuItemsHolder::_Init()	0	static
../Example/User/CM7/engine/mainui/controls/ItemsHolder.h:82:15:virtual void CMenuItemsHolder::_VidInit()	0	static
../Example/User/CM7/engine/mainui/controls/BaseWindow.h:61:7:virtual bool CMenuBaseWindow::IsWindow()	0	static
../Example/User/CM7/engine/mainui/controls/BaseWindow.h:101:7:virtual bool CMenuBaseWindow::IsAbsolutePositioned() const	0	static
../Example/User/CM7/engine/mainui/controls/Framework.h:40:7:virtual bool CMenuFramework::IsRoot() const	0	static
../Example/User/CM7/engine/mainui/menus/TouchEdit.cpp:62:6:virtual bool CMenuTouchEdit::DrawAnimation()	0	static
../Example/User/CM7/engine/mainui/menus/TouchEdit.cpp:97:1:void menu_touchedit_Shutdown()	0	static
../Example/User/CM7/engine/mainui/menus/TouchEdit.cpp:97:1:void UI_TouchEdit_Menu()	0	static
../Example/User/CM7/engine/mainui/menus/TouchEdit.cpp:28:7:CMenuTouchEdit::~CMenuTouchEdit()	8	static
../Example/User/CM7/engine/mainui/menus/TouchEdit.cpp:28:7:virtual CMenuTouchEdit::~CMenuTouchEdit()	8	static
../Example/User/CM7/engine/mainui/menus/TouchEdit.cpp:97:1:void menu_touchedit_Precache()	8	static
../Example/User/CM7/engine/mainui/menus/TouchEdit.cpp:72:6:virtual void CMenuTouchEdit::Draw()	8	static
../Example/User/CM7/engine/mainui/menus/TouchEdit.cpp:86:6:virtual bool CMenuTouchEdit::KeyDown(int)	8	static
../Example/User/CM7/engine/mainui/enginecallback_menu.h:175:21:static void EngFuncs::CvarSetValue(const char*, float)	0	static
../Example/User/CM7/engine/mainui/menus/TouchEdit.cpp:97:62:cpp)	16	static
../Example/User/CM7/engine/mainui/menus/TouchEdit.cpp:42:6:virtual void CMenuTouchEdit::Show()	16	static
../Example/User/CM7/engine/mainui/menus/TouchEdit.cpp:53:6:virtual void CMenuTouchEdit::Hide()	8	static
