../Example/User/CM7/engine/mainui/controls/BaseWindow.h:61:7:virtual bool CMenuBaseWindow::IsWindow()	0	static
../Example/User/CM7/engine/mainui/controls/BaseWindow.h:101:7:virtual bool CMenuBaseWindow::IsAbsolutePositioned() const	0	static
../Example/User/CM7/engine/mainui/controls/Framework.h:40:7:virtual bool CMenuFramework::IsRoot() const	0	static
../Example/User/CM7/engine/mainui/model/BaseModel.h:42:15:virtual void CMenuBaseModel::OnDeleteEntry(int)	0	static
../Example/User/CM7/engine/mainui/model/BaseModel.h:43:15:virtual void CMenuBaseModel::OnActivateEntry(int)	0	static
../Example/User/CM7/engine/mainui/model/BaseModel.h:44:23:virtual unsigned int CMenuBaseModel::GetAlignmentForColumn(int) const	0	static
../Example/User/CM7/engine/mainui/model/BaseModel.h:45:20:virtual ECellType CMenuBaseModel::GetCellType(int, int)	0	static
../Example/User/CM7/engine/mainui/model/BaseModel.h:46:15:virtual bool CMenuBaseModel::GetLineColor(int, unsigned int&, bool&) const	0	static
../Example/User/CM7/engine/mainui/model/BaseModel.h:47:15:virtual bool CMenuBaseModel::GetCellColors(int, int, unsigned int&, bool&) const	0	static
../Example/User/CM7/engine/mainui/model/BaseModel.h:48:15:virtual bool CMenuBaseModel::IsCellTextWrapped(int, int)	0	static
../Example/User/CM7/engine/mainui/model/BaseModel.h:52:15:virtual bool CMenuBaseModel::Sort(int, bool)	0	static
../Example/User/CM7/engine/mainui/model/BaseArrayModel.h:14:6:virtual int CMenuBaseArrayModel::GetColumns() const	0	static
../Example/User/CM7/engine/mainui/model/BaseArrayModel.h:19:14:virtual const char* CMenuBaseArrayModel::GetCellText(int, int)	0	static
../Example/User/CM7/engine/mainui/model/StringArrayModel.h:40:6:virtual int CStringArrayModel::GetRows() const	0	static
../Example/User/CM7/engine/mainui/menus/TouchOptions.cpp:410:6:virtual void CMenuTouchOptions::_VidInit()	20	static
../Example/User/CM7/engine/mainui/menus/TouchOptions.cpp:444:1:void menu_touchoptions_Shutdown()	0	static
../Example/User/CM7/engine/mainui/menus/TouchOptions.cpp:444:1:void UI_TouchOptions_Menu()	0	static
../Example/User/CM7/engine/mainui/menus/TouchOptions.cpp:55:8:CMenuTouchOptions::CProfiliesListModel::~CProfiliesListModel()	0	static
../Example/User/CM7/engine/mainui/menus/TouchOptions.cpp:142:6:virtual void CMenuTouchOptions::SaveAndPopMenu()	8	static
../Example/User/CM7/engine/mainui/menus/TouchOptions.cpp:176:6:void CMenuTouchOptions::ResetMsgBox()	32	static
../Example/User/CM7/engine/mainui/menus/TouchOptions.cpp:183:6:void CMenuTouchOptions::DeleteMsgBox()	32	static
../Example/User/CM7/engine/mainui/menus/TouchOptions.cpp:55:8:virtual CMenuTouchOptions::CProfiliesListModel::~CProfiliesListModel()	8	static
../Example/User/CM7/engine/mainui/model/StringArrayModel.h:28:14:virtual const char* CStringArrayModel::GetText(int)	8	static
../Example/User/CM7/engine/mainui/enginecallback_menu.h:165:28:static const char* EngFuncs::GetCvarString(const char*)	0	static
../Example/User/CM7/engine/mainui/menus/TouchOptions.cpp:254:6:void CMenuTouchOptions::UpdateProfilies()	280	static
../Example/User/CM7/engine/mainui/enginecallback_menu.h:170:21:static void EngFuncs::CvarSetString(const char*, const char*)	0	static
../Example/User/CM7/engine/mainui/enginecallback_menu.h:186:21:static void EngFuncs::ClientCmd(int, const char*)	0	static
../Example/User/CM7/engine/mainui/enginecallback_menu.h:535:21:)	4116	static
../Example/User/CM7/engine/mainui/enginecallback_menu.h:547:21:)	4116	static
../Example/User/CM7/engine/mainui/Utils.h:178:15:size_t Q_strncpy(char*, const char*, size_t)	8	static
../Example/User/CM7/engine/mainui/menus/TouchOptions.cpp:91:6:virtual void CMenuTouchOptions::CProfiliesListModel::Update()	48	static
../Example/User/CM7/engine/mainui/menus/TouchOptions.cpp:275:6:void CMenuTouchOptions::DeleteProfileCb()	264	static
../Example/User/CM7/engine/mainui/menus/TouchOptions.cpp:238:6:void CMenuTouchOptions::Save()	528	static
../Example/User/CM7/engine/mainui/controls/Slider.h:34:7:virtual void CMenuSlider::LinkCvar(const char*)	0	static
../Example/User/CM7/engine/mainui/menus/TouchOptions.cpp:309:6:virtual void CMenuTouchOptions::_Init()	168	static
../Example/User/CM7/engine/mainui/menus/TouchOptions.cpp:41:2:CMenuTouchOptions::CMenuTouchOptions()	16	static
../Example/User/CM7/engine/mainui/menus/TouchOptions.cpp:444:1:void menu_touchoptions_Precache()	8	static
../Example/User/CM7/engine/mainui/menus/TouchOptions.cpp:160:6:void CMenuTouchOptions::GetConfig()	8	static
../Example/User/CM7/engine/mainui/menus/TouchOptions.cpp:190:6:void CMenuTouchOptions::Apply()	792	static
../Example/User/CM7/engine/mainui/menus/TouchOptions.cpp:288:6:void CMenuTouchOptions::ResetButtonsCb()	8	static
../Example/User/CM7/engine/mainui/controls/PicButton.h:31:7:CMenuPicButton::~CMenuPicButton()	8	static
../Example/User/CM7/engine/mainui/controls/PicButton.h:31:7:virtual CMenuPicButton::~CMenuPicButton()	8	static
../Example/User/CM7/engine/mainui/controls/Editable.h:21:7:CMenuEditable::~CMenuEditable()	8	static
../Example/User/CM7/engine/mainui/controls/Editable.h:21:7:virtual CMenuEditable::~CMenuEditable()	8	static
../Example/User/CM7/engine/mainui/controls/Slider.h:23:7:CMenuSlider::~CMenuSlider()	8	static
../Example/User/CM7/engine/mainui/controls/Slider.h:23:7:virtual CMenuSlider::~CMenuSlider()	8	static
../Example/User/CM7/engine/mainui/controls/ItemsHolder.h:21:7:CMenuItemsHolder::~CMenuItemsHolder()	24	static
../Example/User/CM7/engine/mainui/controls/ItemsHolder.h:21:7:virtual CMenuItemsHolder::~CMenuItemsHolder()	8	static
../Example/User/CM7/engine/mainui/controls/BaseWindow.h:23:7:CMenuBaseWindow::~CMenuBaseWindow()	8	static
../Example/User/CM7/engine/mainui/controls/BaseWindow.h:23:7:virtual CMenuBaseWindow::~CMenuBaseWindow()	8	static
../Example/User/CM7/engine/mainui/controls/YesNoMessageBox.h:24:7:CMenuYesNoMessageBox::~CMenuYesNoMessageBox()	8	static
../Example/User/CM7/engine/mainui/menus/TouchOptions.cpp:34:7:CMenuTouchOptions::~CMenuTouchOptions()	16	static
../Example/User/CM7/engine/mainui/menus/TouchOptions.cpp:34:7:virtual CMenuTouchOptions::~CMenuTouchOptions()	8	static
../Example/User/CM7/engine/mainui/controls/YesNoMessageBox.h:24:7:virtual CMenuYesNoMessageBox::~CMenuYesNoMessageBox()	8	static
../Example/User/CM7/engine/mainui/menus/TouchOptions.cpp:444:71:cpp)	16	static
