../Example/User/CM7/engine/common/cmd.c:359:6:Cmd_StuffCmds_f	0	static
../Example/User/CM7/engine/common/cmd.c:373:6:Cmd_Wait_f	0	static
../Example/User/CM7/engine/common/cmd.c:946:6:Cmd_Else_f	0	static
../Example/User/CM7/engine/common/cmd.c:385:6:Cmd_Echo_f	24	static
../Example/User/CM7/engine/common/cmd.c:401:6:Cmd_Alias_f	2096	static
../Example/User/CM7/engine/common/cmd.c:885:6:Cmd_If_f	32	static
../Example/User/CM7/engine/common/cmd.c:1142:6:Cmd_ForwardToServer	8016	static
../Example/User/CM7/engine/common/cmd.c:1182:6:Cmd_List_f	32	static
../Example/User/CM7/engine/common/cmd.c:1262:13:Cmd_Apropos_f	1072	static
../Example/User/CM7/engine/common/cmd.c:476:13:Cmd_UnAlias_f	40	static
../Example/User/CM7/engine/common/cmd.c:799:18:Cmd_RemoveCommand.part.0	24	static
../Example/User/CM7/engine/common/cmd.c:679:12:Cmd_AddCommandEx	40	static
../Example/User/CM7/engine/common/cmd.c:56:6:Cbuf_Init	4	static
../Example/User/CM7/engine/common/cmd.c:70:6:Cbuf_Clear	16	static
../Example/User/CM7/engine/common/cmd.c:82:7:Cbuf_GetSpace	16	static
../Example/User/CM7/engine/common/cmd.c:118:6:Cbuf_AddText	16	static
../Example/User/CM7/engine/common/cmd.c:123:6:Cbuf_AddTextf	1040	static
../Example/User/CM7/engine/common/cmd.c:140:6:Cbuf_AddFilteredText	16	static
../Example/User/CM7/engine/common/cmd.c:169:6:Cbuf_InsertText	24	static
../Example/User/CM7/engine/common/cmd.c:344:10:Cmd_CurrentCommandIsPrivileged	0	static
../Example/User/CM7/engine/common/cmd.c:540:17:Cmd_Argc	0	static
../Example/User/CM7/engine/common/cmd.c:550:13:Cmd_Argv	0	static
../Example/User/CM7/engine/common/cmd.c:562:13:Cmd_Args	0	static
../Example/User/CM7/engine/common/cmd.c:582:25:Cmd_AliasGetList	0	static
../Example/User/CM7/engine/common/cmd.c:592:20:Cmd_GetFirstFunctionHandle	0	static
../Example/User/CM7/engine/common/cmd.c:602:20:Cmd_GetNextFunctionHandle	0	static
../Example/User/CM7/engine/common/cmd.c:612:25:Cmd_GetName	0	static
../Example/User/CM7/engine/common/cmd.c:627:6:Cmd_TokenizeString	8040	static
../Example/User/CM7/engine/common/cmd.c:987:13:Cmd_ExecuteStringWithPrivilegeCheck	4144	static
../Example/User/CM7/engine/common/cmd.c:179:6:Cbuf_ExecuteCommandsFromBuffer	2088	static
../Example/User/CM7/engine/common/cmd.c:268:6:Cbuf_Execute	8	static
../Example/User/CM7/engine/common/cmd.c:284:6:Cbuf_ExecStuffCmds	2096	static
../Example/User/CM7/engine/common/cmd.c:730:6:Cmd_AddCommand	40	static
../Example/User/CM7/engine/common/cmd.c:741:6:Cmd_AddRestrictedCommand	40	static
../Example/User/CM7/engine/common/cmd.c:751:18:Cmd_AddServerCommand	32	static
../Example/User/CM7/engine/common/cmd.c:761:17:Cmd_AddClientCommand	40	static
../Example/User/CM7/engine/common/cmd.c:779:17:Cmd_AddGameUICommand	40	static
../Example/User/CM7/engine/common/cmd.c:789:5:Cmd_AddRefCommand	40	static
../Example/User/CM7/engine/common/cmd.c:799:18:Cmd_RemoveCommand	0	static
../Example/User/CM7/engine/common/cmd.c:838:6:Cmd_LookupCmds	24	static
../Example/User/CM7/engine/common/cmd.c:862:10:Cmd_Exists	8	static
../Example/User/CM7/engine/common/cmd.c:1127:6:Cmd_ExecuteString	0	static
../Example/User/CM7/engine/common/cmd.c:1217:6:Cmd_Unlink	24	static
../Example/User/CM7/engine/common/cmd.c:1346:6:Cmd_Null_f	0	static
../Example/User/CM7/engine/common/cmd.c:1357:6:Cmd_Escape	12	static
../Example/User/CM7/engine/common/cmd.c:1389:6:Cmd_Init	32	static
