../Example/User/CM7/engine/common/common.c:65:12:lran1	28	static
../Example/User/CM7/engine/common/common.c:745:19:COM_LoadFileForMe.part.0	280	static
../Example/User/CM7/engine/common/common.c:107:6:COM_SetRandomSeed	8	static
../Example/User/CM7/engine/common/common.c:118:19:COM_RandomFloat	16	static
../Example/User/CM7/engine/common/common.c:128:17:COM_RandomLong	16	static
../Example/User/CM7/engine/common/common.c:163:7:va	24	static
../Example/User/CM7/engine/common/common.c:219:10:LZSS_IsCompressed	0	static
../Example/User/CM7/engine/common/common.c:228:6:LZSS_GetActualSize	0	static
../Example/User/CM7/engine/common/common.c:273:7:LZSS_CompressNoAlloc	2128	dynamic
../Example/User/CM7/engine/common/common.c:393:7:LZSS_Compress	48	static
../Example/User/CM7/engine/common/common.c:415:6:LZSS_Decompress	24	static
../Example/User/CM7/engine/common/common.c:487:10:COM_ParseVector	296	static
../Example/User/CM7/engine/common/common.c:537:17:COM_FileSize	0	static
../Example/User/CM7/engine/common/common.c:548:18:COM_AddAppDirectoryToSearchPath	0	static
../Example/User/CM7/engine/common/common.c:561:17:COM_ExpandFilename	1040	static
../Example/User/CM7/engine/common/common.c:594:6:COM_TrimSpace	16	static
../Example/User/CM7/engine/common/common.c:626:6:COM_Nibble	0	static
../Example/User/CM7/engine/common/common.c:653:6:COM_HexConvert	4	static
../Example/User/CM7/engine/common/common.c:674:7:COM_MemFgets	24	static
../Example/User/CM7/engine/common/common.c:728:7:Cache_Check	8	static
../Example/User/CM7/engine/common/common.c:745:19:COM_LoadFileForMe	0	static
../Example/User/CM7/engine/common/common.c:785:7:COM_LoadFile	0	static
../Example/User/CM7/engine/common/common.c:796:17:COM_SaveFile	8	static
../Example/User/CM7/engine/common/common.c:815:18:COM_FreeFile	0	static
../Example/User/CM7/engine/common/common.c:826:6:COM_NormalizeAngles	0	static
../Example/User/CM7/engine/common/common.c:845:17:pfnGetModelType	0	static
../Example/User/CM7/engine/common/common.c:857:18:pfnGetModelBounds	0	static
../Example/User/CM7/engine/common/common.c:878:18:pfnCvar_RegisterServerVariable	0	static
../Example/User/CM7/engine/common/common.c:893:18:pfnCvar_RegisterEngineVariable	0	static
../Example/User/CM7/engine/common/common.c:904:9:pfnCvar_RegisterClientVariable	24	static
../Example/User/CM7/engine/common/common.c:919:9:pfnCvar_RegisterGameUIVariable	24	static
../Example/User/CM7/engine/common/common.c:931:9:pfnCVarGetPointer	0	static
../Example/User/CM7/engine/common/common.c:943:18:pfnCVarDirectSet	0	static
../Example/User/CM7/engine/common/common.c:954:17:COM_CompareFileTime	16	static
../Example/User/CM7/engine/common/common.c:982:17:COM_CheckParm	8	static
../Example/User/CM7/engine/common/common.c:1002:19:pfnTime	8	static
../Example/User/CM7/engine/common/common.c:1013:18:pfnGetGameDir	0	static
../Example/User/CM7/engine/common/common.c:1019:10:COM_IsSafeFileToDownload	4104	static
../Example/User/CM7/engine/common/common.c:1063:13:COM_GetResourceTypeName	0	static
../Example/User/CM7/engine/common/common.c:1078:7:_copystring	32	static
../Example/User/CM7/engine/common/common.c:1107:19:pfnSequenceGet	16	static
../Example/User/CM7/engine/common/common.c:1122:19:pfnSequencePickSentence	16	static
../Example/User/CM7/engine/common/common.c:1137:29:pfnIsCareerMatch	0	static
../Example/User/CM7/engine/common/common.c:1149:18:pfnRegisterTutorMessageShown	0	static
../Example/User/CM7/engine/common/common.c:1160:17:pfnGetTimesTutorMessageShown	0	static
../Example/User/CM7/engine/common/common.c:1172:18:pfnProcessTutorMessageDecayBuffer	0	static
../Example/User/CM7/engine/common/common.c:1183:18:pfnConstructTutorMessageDecayBuffer	0	static
../Example/User/CM7/engine/common/common.c:1194:18:pfnResetTutorMessageDecayData	0	static
