../Example/User/CM7/engine/common/host.c:468:6:Host_Minimize_f	0	static
../Example/User/CM7/engine/common/host.c:821:13:Host_Crash_f	0	static
../Example/User/CM7/engine/common/host.c:808:6:Sys_Error_f	8	static
../Example/User/CM7/engine/common/host.c:362:6:Host_Exec_f	1104	static
../Example/User/CM7/engine/common/host.c:831:6:Host_Userconfigd_f	16	static
../Example/User/CM7/engine/common/host.c:448:6:Host_MemStats_f	8	static
../Example/User/CM7/engine/common/host.c:323:6:Host_ChangeGame_f.part.0	1040	static
../Example/User/CM7/engine/common/host.c:323:6:Host_ChangeGame_f	8	static
../Example/User/CM7/engine/common/host.c:68:6:Sys_PrintUsage	0	static
../Example/User/CM7/engine/common/host.c:168:5:Host_CompareFileTime	0	static
../Example/User/CM7/engine/common/host.c:181:6:Host_ShutdownServer	0	static
../Example/User/CM7/engine/common/host.c:191:6:Host_PrintEngineFeatures	8	static
../Example/User/CM7/engine/common/host.c:215:10:Host_IsQuakeCompatible	0	static
../Example/User/CM7/engine/common/host.c:267:6:Host_AbortCurrentFrame	8	static
../Example/User/CM7/engine/common/host.c:235:6:Host_EndGame	20	static
../Example/User/CM7/engine/common/host.c:305:6:Host_NewInstance	16	static
../Example/User/CM7/engine/common/host.c:482:10:Host_IsLocalGame	8	static
../Example/User/CM7/engine/common/host.c:494:10:Host_IsLocalClient	8	static
../Example/User/CM7/engine/common/host.c:507:10:Host_RegisterDecal	56	static
../Example/User/CM7/engine/common/host.c:541:6:Host_InitDecals	64	static
../Example/User/CM7/engine/common/host.c:572:6:Host_GetCommands	8	static
../Example/User/CM7/engine/common/host.c:590:8:Host_CalcFPS	8	static
../Example/User/CM7/engine/common/host.c:629:10:Host_FilterTime	40	static
../Example/User/CM7/engine/common/host.c:699:6:Host_Frame	24	static
../Example/User/CM7/engine/common/host.c:737:18:Host_Error	24	static
../Example/User/CM7/engine/common/host.c:800:6:Host_Error_f	8	static
../Example/User/CM7/engine/common/host.c:875:6:Host_InitCommon	48	static
../Example/User/CM7/engine/common/host.c:1150:6:Host_FreeCommon	8	static
../Example/User/CM7/engine/common/host.c:1164:12:Host_Main	56	static
../Example/User/CM7/engine/common/host.c:1299:13:Host_Shutdown	8	static
