../Example/User/CM7/engine/common/infostring.c:34:6:Info_Print	280	static
../Example/User/CM7/engine/common/infostring.c:92:10:Info_IsValid	264	static
../Example/User/CM7/engine/common/infostring.c:141:6:Info_WriteVars	544	static
../Example/User/CM7/engine/common/infostring.c:192:13:Info_ValueForKey	152	static
../Example/User/CM7/engine/common/infostring.c:236:22:Info_RemoveKey	280	static
../Example/User/CM7/engine/common/infostring.c:288:6:Info_RemovePrefixedKeys	280	static
../Example/User/CM7/engine/common/infostring.c:334:10:Info_IsKeyImportant	8	static
../Example/User/CM7/engine/common/infostring.c:359:7:Info_FindLargestKey	280	static
../Example/User/CM7/engine/common/infostring.c:415:10:Info_SetValueForStarKey.part.0	1056	static
../Example/User/CM7/engine/common/infostring.c:415:10:Info_SetValueForStarKey	24	static
../Example/User/CM7/engine/common/infostring.c:489:10:Info_SetValueForKey	24	static
../Example/User/CM7/engine/common/infostring.c:500:10:Info_SetValueForKeyf	1060	static
