../Example/User/CM7/engine/common/lib_common.c:304:14:COM_GetItaniumName	4136	static
../Example/User/CM7/engine/common/lib_common.c:369:8:COM_ConvertToLocalPlatform.part.0	4664	static
../Example/User/CM7/engine/common/lib_common.c:24:13:COM_GetLibraryError	0	static
../Example/User/CM7/engine/common/lib_common.c:29:6:COM_ResetLibraryError	0	static
../Example/User/CM7/engine/common/lib_common.c:34:6:COM_PushLibraryError	8	static
../Example/User/CM7/engine/common/lib_common.c:41:7:COM_FunctionFromName_SR	56	static
../Example/User/CM7/engine/common/lib_common.c:81:13:COM_OffsetNameForFunction	8	static
../Example/User/CM7/engine/common/lib_common.c:89:13:Lib_FS_FindLibrary	544	static
../Example/User/CM7/engine/common/lib_common.c:215:6:COM_GetCommonLibraryPath	296	static
../Example/User/CM7/engine/common/lib_common.c:281:7:COM_GetMSVCName	16	static
../Example/User/CM7/engine/common/lib_common.c:369:8:COM_ConvertToLocalPlatform	8	static
../Example/User/CM7/engine/common/lib_common.c:438:13:COM_GetPlatformNeutralName	16	static
