../Example/User/CM7/engine/common/mod_bmodel.c:925:19:Mod_GetVertexByNumber	0	static
../Example/User/CM7/engine/common/mod_bmodel.c:951:13:Mod_MakeNormalAxial	8	static
../Example/User/CM7/engine/common/mod_bmodel.c:1195:13:Mod_SetParent	8	static
../Example/User/CM7/engine/common/mod_bmodel.c:625:13:Mod_BoxLeafnums_r	24	static
../Example/User/CM7/engine/common/mod_bmodel.c:227:13:Mod_LoadLump	96	static
../Example/User/CM7/engine/common/mod_bmodel.c:1209:13:CountClipNodes_r	24	static
../Example/User/CM7/engine/common/mod_bmodel.c:1227:13:CountClipNodes32_r	32	static
../Example/User/CM7/engine/common/mod_bmodel.c:1245:12:RemapClipNodes_r	24	static
../Example/User/CM7/engine/common/mod_bmodel.c:2900:12:Mod_LumpLooksLikeEntitiesFile	32	static
../Example/User/CM7/engine/common/mod_bmodel.c:2679:13:Mod_LoadLighting.constprop	192	static
../Example/User/CM7/engine/common/mod_bmodel.c:408:6:Mod_PrintWorldStats_f	72	static
../Example/User/CM7/engine/common/mod_bmodel.c:458:7:Mod_DecompressPVS	24	static
../Example/User/CM7/engine/common/mod_bmodel.c:556:13:Mod_FatPVS_RecursiveBSPNode	32	static
../Example/User/CM7/engine/common/mod_bmodel.c:503:10:Mod_PointInLeaf	0	static
../Example/User/CM7/engine/common/mod_bmodel.c:526:7:Mod_GetPVSForPoint	16	static
../Example/User/CM7/engine/common/mod_bmodel.c:594:5:Mod_FatPVS	40	static
../Example/User/CM7/engine/common/mod_bmodel.c:704:10:Mod_BoxVisible	1088	static
../Example/User/CM7/engine/common/mod_bmodel.c:727:10:Mod_HeadnodeVisible	24	static
../Example/User/CM7/engine/common/mod_bmodel.c:758:6:Mod_AmbientLevels	8	static
../Example/User/CM7/engine/common/mod_bmodel.c:873:5:Mod_SampleSizeForFace	0	static
../Example/User/CM7/engine/common/mod_bmodel.c:1025:13:Mod_CalcSurfaceExtents	72	static
../Example/User/CM7/engine/common/mod_bmodel.c:2769:10:Mod_LoadBmodelLumps	6512	static
../Example/User/CM7/engine/common/mod_bmodel.c:2935:10:Mod_TestBmodelLumps	32	static
../Example/User/CM7/engine/common/mod_bmodel.c:3030:6:Mod_LoadBrushModel	1048	static
../Example/User/CM7/engine/common/mod_bmodel.c:3057:5:Mod_CheckLump	248	static
../Example/User/CM7/engine/common/mod_bmodel.c:3116:5:Mod_ReadLump	264	static
../Example/User/CM7/engine/common/mod_bmodel.c:3198:5:Mod_SaveLump	264	static
