../Example/User/CM7/engine/common/net_buffer.c:92:6:MSG_InitMasks	8	static
../Example/User/CM7/engine/common/net_buffer.c:112:6:MSG_InitExt	4	static
../Example/User/CM7/engine/common/net_buffer.c:119:6:MSG_StartWriting	4	static
../Example/User/CM7/engine/common/net_buffer.c:148:6:MSG_Clear	0	static
../Example/User/CM7/engine/common/net_buffer.c:161:10:MSG_CheckOverflow	0	static
../Example/User/CM7/engine/common/net_buffer.c:166:5:MSG_SeekToBit	0	static
../Example/User/CM7/engine/common/net_buffer.c:191:6:MSG_SeekToByte	0	static
../Example/User/CM7/engine/common/net_buffer.c:196:6:MSG_WriteOneBit	4	static
../Example/User/CM7/engine/common/net_buffer.c:207:6:MSG_WriteUBitLong	20	static
../Example/User/CM7/engine/common/net_buffer.c:255:6:MSG_WriteSBitLong	24	static
../Example/User/CM7/engine/common/net_buffer.c:274:6:MSG_WriteBitLong	24	static
../Example/User/CM7/engine/common/net_buffer.c:281:10:MSG_WriteBits	48	static
../Example/User/CM7/engine/common/net_buffer.c:322:6:MSG_WriteBitAngle	24	static
../Example/User/CM7/engine/common/net_buffer.c:340:6:MSG_WriteCoord	24	static
../Example/User/CM7/engine/common/net_buffer.c:348:6:MSG_WriteVec3Coord	16	static
../Example/User/CM7/engine/common/net_buffer.c:355:6:MSG_WriteVec3Angles	16	static
../Example/User/CM7/engine/common/net_buffer.c:362:6:MSG_WriteBitFloat	24	static
../Example/User/CM7/engine/common/net_buffer.c:373:6:MSG_WriteCmdExt	20	static
../Example/User/CM7/engine/common/net_buffer.c:400:6:MSG_WriteChar	24	static
../Example/User/CM7/engine/common/net_buffer.c:405:6:MSG_WriteByte	20	static
../Example/User/CM7/engine/common/net_buffer.c:410:6:MSG_WriteShort	24	static
../Example/User/CM7/engine/common/net_buffer.c:415:6:MSG_WriteWord	20	static
../Example/User/CM7/engine/common/net_buffer.c:420:6:MSG_WriteLong	24	static
../Example/User/CM7/engine/common/net_buffer.c:425:6:MSG_WriteDword	20	static
../Example/User/CM7/engine/common/net_buffer.c:430:6:MSG_WriteFloat	16	static
../Example/User/CM7/engine/common/net_buffer.c:435:10:MSG_WriteBytes	0	static
../Example/User/CM7/engine/common/net_buffer.c:440:10:MSG_WriteString	32	static
../Example/User/CM7/engine/common/net_buffer.c:455:10:MSG_WriteStringf	1068	static
../Example/User/CM7/engine/common/net_buffer.c:467:5:MSG_ReadOneBit	4	static
../Example/User/CM7/engine/common/net_buffer.c:478:6:MSG_ReadUBitLong	16	static
../Example/User/CM7/engine/common/net_buffer.c:526:7:MSG_ReadBitFloat	12	static
../Example/User/CM7/engine/common/net_buffer.c:552:10:MSG_ReadBits	40	static
../Example/User/CM7/engine/common/net_buffer.c:590:7:MSG_ReadBitAngle	16	static
../Example/User/CM7/engine/common/net_buffer.c:608:5:MSG_ReadSBitLong	20	static
../Example/User/CM7/engine/common/net_buffer.c:622:6:MSG_ReadBitLong	20	static
../Example/User/CM7/engine/common/net_buffer.c:629:5:MSG_ReadCmd	12	static
../Example/User/CM7/engine/common/net_buffer.c:646:5:MSG_ReadChar	20	static
../Example/User/CM7/engine/common/net_buffer.c:651:5:MSG_ReadByte	12	static
../Example/User/CM7/engine/common/net_buffer.c:656:5:MSG_ReadShort	20	static
../Example/User/CM7/engine/common/net_buffer.c:661:5:MSG_ReadWord	8	static
../Example/User/CM7/engine/common/net_buffer.c:666:7:MSG_ReadCoord	20	static
../Example/User/CM7/engine/common/net_buffer.c:674:6:MSG_ReadVec3Coord	24	static
../Example/User/CM7/engine/common/net_buffer.c:681:6:MSG_ReadVec3Angles	20	static
../Example/User/CM7/engine/common/net_buffer.c:688:5:MSG_ReadLong	20	static
../Example/User/CM7/engine/common/net_buffer.c:693:7:MSG_ReadDword	8	static
../Example/User/CM7/engine/common/net_buffer.c:698:7:MSG_ReadFloat	16	static
../Example/User/CM7/engine/common/net_buffer.c:709:10:MSG_ReadBytes	0	static
../Example/User/CM7/engine/common/net_buffer.c:714:7:MSG_ReadStringExt	36	static
../Example/User/CM7/engine/common/net_buffer.c:740:6:MSG_ExciseBits	36	static
