../Example/User/CM7/engine/common/net_encode.c:1264:10:Delta_ReadField.constprop.isra	24	static
../Example/User/CM7/engine/common/net_encode.c:418:10:Delta_AddField.constprop.isra	64	static
../Example/User/CM7/engine/common/net_encode.c:311:15:Delta_FindStruct	16	static
../Example/User/CM7/engine/common/net_encode.c:330:5:Delta_NumTables	0	static
../Example/User/CM7/engine/common/net_encode.c:335:15:Delta_FindStructByIndex	0	static
../Example/User/CM7/engine/common/net_encode.c:343:15:Delta_FindStructByEncoder	16	static
../Example/User/CM7/engine/common/net_encode.c:359:15:Delta_FindStructByDelta	0	static
../Example/User/CM7/engine/common/net_encode.c:374:6:Delta_CustomEncode	4	static
../Example/User/CM7/engine/common/net_encode.c:390:16:Delta_FindFieldInfo	16	static
../Example/User/CM7/engine/common/net_encode.c:403:5:Delta_IndexForFieldInfo	16	static
../Example/User/CM7/engine/common/net_encode.c:418:10:Delta_AddField	64	static
../Example/User/CM7/engine/common/net_encode.c:474:6:Delta_WriteTableField	32	static
../Example/User/CM7/engine/common/net_encode.c:512:6:Delta_ParseTableField	56	static
../Example/User/CM7/engine/common/net_encode.c:558:10:Delta_ParseField	312	static
../Example/User/CM7/engine/common/net_encode.c:698:6:Delta_ParseTable	312	static
../Example/User/CM7/engine/common/net_encode.c:752:6:Delta_InitFields	824	static
../Example/User/CM7/engine/common/net_encode.c:793:6:Delta_Init	32	static
../Example/User/CM7/engine/common/net_encode.c:846:6:Delta_InitClient	0	static
../Example/User/CM7/engine/common/net_encode.c:865:6:Delta_Shutdown	24	static
../Example/User/CM7/engine/common/net_encode.c:897:5:Delta_ClampIntegerField	0	static
../Example/User/CM7/engine/common/net_encode.c:924:10:Delta_CompareField	8	static
../Example/User/CM7/engine/common/net_encode.c:1058:5:Delta_TestBaseline	40	static
../Example/User/CM7/engine/common/net_encode.c:1116:10:Delta_WriteField	32	static
../Example/User/CM7/engine/common/net_encode.c:1264:10:Delta_ReadField	32	static
../Example/User/CM7/engine/common/net_encode.c:1375:6:MSG_WriteDeltaUsercmd	40	static
../Example/User/CM7/engine/common/net_encode.c:1402:6:MSG_ReadDeltaUsercmd	32	static
../Example/User/CM7/engine/common/net_encode.c:1437:6:MSG_WriteDeltaEvent	40	static
../Example/User/CM7/engine/common/net_encode.c:1464:6:MSG_ReadDeltaEvent	32	static
../Example/User/CM7/engine/common/net_encode.c:1492:10:MSG_WriteDeltaMovevars	48	static
../Example/User/CM7/engine/common/net_encode.c:1528:6:MSG_ReadDeltaMovevars	32	static
../Example/User/CM7/engine/common/net_encode.c:1564:6:MSG_WriteClientData	48	static
../Example/User/CM7/engine/common/net_encode.c:1604:6:MSG_ReadClientData	48	static
../Example/User/CM7/engine/common/net_encode.c:1645:6:MSG_WriteWeaponData	48	static
../Example/User/CM7/engine/common/net_encode.c:1684:6:MSG_ReadWeaponData	40	static
../Example/User/CM7/engine/common/net_encode.c:1721:6:MSG_WriteDeltaEntity	56	static
../Example/User/CM7/engine/common/net_encode.c:1823:10:MSG_ReadDeltaEntity	40	static
../Example/User/CM7/engine/common/net_encode.c:1924:18:Delta_AddEncoder	16	static
../Example/User/CM7/engine/common/net_encode.c:1946:17:Delta_FindField	24	static
../Example/User/CM7/engine/common/net_encode.c:1964:18:Delta_SetField	24	static
../Example/User/CM7/engine/common/net_encode.c:1984:18:Delta_UnsetField	24	static
../Example/User/CM7/engine/common/net_encode.c:2004:18:Delta_SetFieldByIndex	0	static
../Example/User/CM7/engine/common/net_encode.c:2015:18:Delta_UnsetFieldByIndex	0	static
