../Example/User/CM7/engine/common/net_chan.c:579:6:Netchan_UpdateFlow.part.0	32	static
../Example/User/CM7/engine/common/net_chan.c:700:13:Netchan_CreateFragments_.part.0	72	static
../Example/User/CM7/engine/common/net_chan.c:121:10:NetSplit_GetLong	48	static
../Example/User/CM7/engine/common/net_chan.c:208:6:NetSplit_SendLong	32816	static
../Example/User/CM7/engine/common/net_chan.c:244:6:Netchan_Init	24	static
../Example/User/CM7/engine/common/net_chan.c:261:6:Netchan_Shutdown	0	static
../Example/User/CM7/engine/common/net_chan.c:266:6:Netchan_ReportFlow	136	static
../Example/User/CM7/engine/common/net_chan.c:289:10:Netchan_IsLocal	16	static
../Example/User/CM7/engine/common/net_chan.c:329:10:Netchan_IncomingReady	0	static
../Example/User/CM7/engine/common/net_chan.c:349:10:Netchan_CanPacket	16	static
../Example/User/CM7/engine/common/net_chan.c:367:6:Netchan_UnlinkFragment	0	static
../Example/User/CM7/engine/common/net_chan.c:405:6:Netchan_ClearFragbufs	24	static
../Example/User/CM7/engine/common/net_chan.c:431:6:Netchan_ClearFragments	40	static
../Example/User/CM7/engine/common/net_chan.c:303:6:Netchan_Setup	32	static
../Example/User/CM7/engine/common/net_chan.c:460:6:Netchan_Clear	16	static
../Example/User/CM7/engine/common/net_chan.c:496:6:Netchan_OutOfBand	8248	static
../Example/User/CM7/engine/common/net_chan.c:521:6:Netchan_OutOfBandPrint	16472	static
../Example/User/CM7/engine/common/net_chan.c:539:12:Netchan_AllocFragbuf	24	static
../Example/User/CM7/engine/common/net_chan.c:556:6:Netchan_AddFragbufToTail	4	static
../Example/User/CM7/engine/common/net_chan.c:579:6:Netchan_UpdateFlow	0	static
../Example/User/CM7/engine/common/net_chan.c:619:6:Netchan_FragSend	8	static
../Example/User/CM7/engine/common/net_chan.c:655:6:Netchan_AddBufferToList	0	static
../Example/User/CM7/engine/common/net_chan.c:773:6:Netchan_CreateFragments	16	static
../Example/User/CM7/engine/common/net_chan.c:791:12:Netchan_FindBufferById	32	static
../Example/User/CM7/engine/common/net_chan.c:821:6:Netchan_CheckForCompletion	32	static
../Example/User/CM7/engine/common/net_chan.c:861:6:Netchan_CreateFileFragmentsFromBuffer	80	static
../Example/User/CM7/engine/common/net_chan.c:950:5:Netchan_CreateFileFragments	344	static
../Example/User/CM7/engine/common/net_chan.c:1069:6:Netchan_FlushIncoming	24	static
../Example/User/CM7/engine/common/net_chan.c:1093:10:Netchan_CopyNormalFragments	32864	static
../Example/User/CM7/engine/common/net_chan.c:1158:10:Netchan_CopyFileFragments	568	static
../Example/User/CM7/engine/common/net_chan.c:1287:10:Netchan_Validate	12	static
../Example/User/CM7/engine/common/net_chan.c:1324:6:Netchan_UpdateProgress	1056	static
../Example/User/CM7/engine/common/net_chan.c:1417:6:Netchan_TransmitBits	32872	static
../Example/User/CM7/engine/common/net_chan.c:1725:6:Netchan_Transmit	0	static
../Example/User/CM7/engine/common/net_chan.c:1738:10:Netchan_Process	32920	static
