../Example/User/CM7/engine/common/pm_trace.c:49:6:Pmove_Init	12	static
../Example/User/CM7/engine/common/pm_trace.c:58:6:PM_ClearPhysEnts	0	static
../Example/User/CM7/engine/common/pm_trace.c:74:6:PM_InitBoxHull	4	static
../Example/User/CM7/engine/common/pm_trace.c:108:9:PM_HullForBox	0	static
../Example/User/CM7/engine/common/pm_trace.c:120:6:PM_ConvertTrace	4	static
../Example/User/CM7/engine/common/pm_trace.c:143:5:PM_HullPointContents	8	static
../Example/User/CM7/engine/common/pm_trace.c:165:9:PM_HullForBsp	0	static
../Example/User/CM7/engine/common/pm_trace.c:204:9:PM_HullForStudio	56	static
../Example/User/CM7/engine/common/pm_trace.c:221:10:PM_RecursiveHullCheck	96	static
../Example/User/CM7/engine/common/pm_trace.c:336:11:PM_PlayerTraceExt	456	static
../Example/User/CM7/engine/common/pm_trace.c:546:5:PM_TestPlayerPosition	256	static
../Example/User/CM7/engine/common/pm_trace.c:676:5:PM_TruePointContents	8	static
../Example/User/CM7/engine/common/pm_trace.c:696:5:PM_PointContents	112	static
../Example/User/CM7/engine/common/pm_trace.c:754:7:PM_TraceModel	152	static
../Example/User/CM7/engine/common/pm_trace.c:802:12:PM_TraceLine	96	static
../Example/User/CM7/engine/common/pm_trace.c:825:12:PM_TraceLineEx	96	static
../Example/User/CM7/engine/common/pm_trace.c:848:20:PM_TraceSurfacePmove	4	static
../Example/User/CM7/engine/common/pm_trace.c:856:13:PM_TraceTexture	8	static
../Example/User/CM7/engine/common/pm_trace.c:871:5:PM_PointContentsPmove	8	static
../Example/User/CM7/engine/common/pm_trace.c:883:6:PM_StuckTouch	20	static
