../Example/User/CM7/engine/common/system.c:59:20:Sys_DoubleTime	0	static
../Example/User/CM7/engine/common/system.c:69:6:Sys_DebugBreak	0	static
../Example/User/CM7/engine/common/system.c:93:7:Sys_GetClipboardData	8	static
../Example/User/CM7/engine/common/system.c:112:6:Sys_Sleep	0	static
../Example/User/CM7/engine/common/system.c:128:13:Sys_GetCurrentUser	0	static
../Example/User/CM7/engine/common/system.c:157:6:Sys_ParseCommandLine	40	static
../Example/User/CM7/engine/common/system.c:188:6:Sys_MergeCommandLine	24	static
../Example/User/CM7/engine/common/system.c:211:5:Sys_CheckParm	24	static
../Example/User/CM7/engine/common/system.c:233:10:_Sys_GetParmFromCmdLine	40	static
../Example/User/CM7/engine/common/system.c:245:10:Sys_GetIntFromCmdLine	32	static
../Example/User/CM7/engine/common/system.c:259:6:Sys_SendKeyEvents	0	static
../Example/User/CM7/engine/common/system.c:330:7:Sys_GetProcAddress	0	static
../Example/User/CM7/engine/common/system.c:338:10:Sys_FreeLibrary	8	static
../Example/User/CM7/engine/common/system.c:365:6:Sys_WaitForQuit	0	static
../Example/User/CM7/engine/common/system.c:391:6:Sys_Warn	8208	static
../Example/User/CM7/engine/common/system.c:485:6:Sys_Quit	8	static
../Example/User/CM7/engine/common/system.c:498:6:Sys_Print	8	static
../Example/User/CM7/engine/common/system.c:416:6:Sys_Error	8208	static
../Example/User/CM7/engine/common/system.c:278:10:Sys_LoadLibrary	280	static
../Example/User/CM7/engine/common/system.c:579:10:Sys_NewInstance	40	static
