../Example/User/CM7/engine/common/zone.c:147:13:Mem_FreeBlock	32	static
../Example/User/CM7/engine/common/zone.c:279:17:Mem_CheckAlloc	0	static
../Example/User/CM7/engine/common/zone.c:93:7:_Mem_Alloc	24	static
../Example/User/CM7/engine/common/zone.c:181:6:_Mem_Free	16	static
../Example/User/CM7/engine/common/zone.c:187:7:_Mem_Realloc	32	static
../Example/User/CM7/engine/common/zone.c:212:14:_Mem_AllocPool	24	static
../Example/User/CM7/engine/common/zone.c:244:6:_Mem_FreePool	40	static
../Example/User/CM7/engine/common/zone.c:267:6:_Mem_EmptyPool	24	static
../Example/User/CM7/engine/common/zone.c:305:10:Mem_IsAllocatedExt	8	static
../Example/User/CM7/engine/common/zone.c:335:6:_Mem_Check	40	static
../Example/User/CM7/engine/common/zone.c:353:6:Mem_PrintStats	24	static
../Example/User/CM7/engine/common/zone.c:370:6:Mem_PrintList	48	static
../Example/User/CM7/engine/common/zone.c:407:6:Memory_Init	0	static
