../Example/User/CM7/public/crtlib.c:228:7:Q_atof.part.0	0	static
../Example/User/CM7/public/crtlib.c:1036:5:matchpattern_with_separator.constprop	24	static
../Example/User/CM7/public/crtlib.c:26:6:Q_strnupr	12	static
../Example/User/CM7/public/crtlib.c:40:6:Q_strnlwr	12	static
../Example/User/CM7/public/crtlib.c:54:10:Q_isdigit	0	static
../Example/User/CM7/public/crtlib.c:64:10:Q_isspace	0	static
../Example/User/CM7/public/crtlib.c:74:8:Q_colorstr	0	static
../Example/User/CM7/public/crtlib.c:97:6:Q_toupper	0	static
../Example/User/CM7/public/crtlib.c:108:6:Q_tolower	0	static
../Example/User/CM7/public/crtlib.c:119:8:Q_strncat	16	static
../Example/User/CM7/public/crtlib.c:150:8:Q_strncpy	4	static
../Example/User/CM7/public/crtlib.c:179:5:Q_atoi	8	static
../Example/User/CM7/public/crtlib.c:228:7:Q_atof	0	static
../Example/User/CM7/public/crtlib.c:296:6:Q_atov	280	static
../Example/User/CM7/public/crtlib.c:341:10:Q_strnicmpext	24	static
../Example/User/CM7/public/crtlib.c:370:10:Q_stricmpext	0	static
../Example/User/CM7/public/crtlib.c:375:13:Q_memmem	32	static
../Example/User/CM7/public/crtlib.c:395:13:Q_timestamp	272	static
../Example/User/CM7/public/crtlib.c:440:7:Q_stristr	24	static
../Example/User/CM7/public/crtlib.c:466:5:Q_vsnprintf	16	static
../Example/User/CM7/public/crtlib.c:495:5:Q_snprintf	24	static
../Example/User/CM7/public/crtlib.c:507:5:Q_sprintf	20	static
../Example/User/CM7/public/crtlib.c:519:6:COM_StripColors	0	static
../Example/User/CM7/public/crtlib.c:530:6:Q_hashkey	12	static
../Example/User/CM7/public/crtlib.c:550:7:Q_pretifymem	104	static
../Example/User/CM7/public/crtlib.c:629:6:COM_FileBase	16	static
../Example/User/CM7/public/crtlib.c:669:13:COM_FileExtension	16	static
../Example/User/CM7/public/crtlib.c:697:13:COM_FileWithoutPath	16	static
../Example/User/CM7/public/crtlib.c:720:6:COM_ExtractFilePath	16	static
../Example/User/CM7/public/crtlib.c:741:6:COM_StripExtension	8	static
../Example/User/CM7/public/crtlib.c:765:6:COM_DefaultExtension	16	static
../Example/User/CM7/public/crtlib.c:790:6:COM_ReplaceExtension	16	static
../Example/User/CM7/public/crtlib.c:801:6:COM_RemoveLineFeed	0	static
../Example/User/CM7/public/crtlib.c:819:6:COM_FixSlashes	0	static
../Example/User/CM7/public/crtlib.c:833:6:COM_PathSlashFix	8	static
../Example/User/CM7/public/crtlib.c:848:6:COM_Hex2Char	0	static
../Example/User/CM7/public/crtlib.c:863:6:COM_Hex2String	0	static
../Example/User/CM7/public/crtlib.c:898:7:COM_ParseFileSafe	20	static
../Example/User/CM7/public/crtlib.c:1029:5:matchpattern	0	static
../Example/User/CM7/public/crtlib.c:1036:5:matchpattern_with_separator	40	static
