../Example/User/CM7/public/xash3d_mathlib.c:50:7:anglemod	0	static
../Example/User/CM7/public/xash3d_mathlib.c:56:6:FloatToHalf	8	static
../Example/User/CM7/public/xash3d_mathlib.c:72:7:HalfToFloat	0	static
../Example/User/CM7/public/xash3d_mathlib.c:110:6:RoundUpHullSize	0	static
../Example/User/CM7/public/xash3d_mathlib.c:161:5:SignbitsForPlane	0	static
../Example/User/CM7/public/xash3d_mathlib.c:175:5:PlaneTypeForNormal	0	static
../Example/User/CM7/public/xash3d_mathlib.c:192:10:PlanesGetIntersectionPoint	12	static
../Example/User/CM7/public/xash3d_mathlib.c:234:5:NearestPOW	0	static
../Example/User/CM7/public/xash3d_mathlib.c:249:7:RemapVal	0	static
../Example/User/CM7/public/xash3d_mathlib.c:254:7:ApproachVal	0	static
../Example/User/CM7/public/xash3d_mathlib.c:272:7:rsqrt	0	static
../Example/User/CM7/public/xash3d_mathlib.c:294:6:SinCos	24	static
../Example/User/CM7/public/xash3d_mathlib.c:320:10:VectorCompareEpsilon	0	static
../Example/User/CM7/public/xash3d_mathlib.c:333:7:VectorNormalizeLength2	0	static
../Example/User/CM7/public/xash3d_mathlib.c:351:6:VectorVectors	0	static
../Example/User/CM7/public/xash3d_mathlib.c:372:18:AngleVectors	56	static
../Example/User/CM7/public/xash3d_mathlib.c:408:18:VectorAngles	32	static
../Example/User/CM7/public/xash3d_mathlib.c:445:6:VectorsAngles	48	static
../Example/User/CM7/public/xash3d_mathlib.c:479:6:ClearBounds	0	static
../Example/User/CM7/public/xash3d_mathlib.c:491:6:AddPointToBounds	0	static
../Example/User/CM7/public/xash3d_mathlib.c:509:6:ExpandBounds	0	static
../Example/User/CM7/public/xash3d_mathlib.c:524:10:BoundsIntersect	0	static
../Example/User/CM7/public/xash3d_mathlib.c:538:10:BoundsAndSphereIntersect	0	static
../Example/User/CM7/public/xash3d_mathlib.c:552:10:SphereIntersect	0	static
../Example/User/CM7/public/xash3d_mathlib.c:578:6:PlaneIntersect	0	static
../Example/User/CM7/public/xash3d_mathlib.c:592:7:RadiusFromBounds	0	static
../Example/User/CM7/public/xash3d_mathlib.c:613:6:AngleQuaternion	56	static
../Example/User/CM7/public/xash3d_mathlib.c:642:6:QuaternionAngle	56	static
../Example/User/CM7/public/xash3d_mathlib.c:657:6:QuaternionAlign	0	static
../Example/User/CM7/public/xash3d_mathlib.c:687:6:QuaternionSlerpNoAlign	40	static
../Example/User/CM7/public/xash3d_mathlib.c:738:6:QuaternionSlerp	32	static
../Example/User/CM7/public/xash3d_mathlib.c:754:7:V_CalcFov	16	static
../Example/User/CM7/public/xash3d_mathlib.c:772:6:V_AdjustFov	48	static
../Example/User/CM7/public/xash3d_mathlib.c:803:5:BoxOnPlaneSide	0	static
../Example/User/CM7/public/xash3d_mathlib.c:863:6:R_StudioSlerpBones	56	static
../Example/User/CM7/public/xash3d_mathlib.c:882:6:R_StudioCalcBoneQuaternion	120	static
../Example/User/CM7/public/xash3d_mathlib.c:970:6:R_StudioCalcBonePosition	72	static
