../USB_DEVICE/App/usbd_cdc_if.c:197:15:CDC_DeInit_HS	0	static
../USB_DEVICE/App/usbd_cdc_if.c:211:15:CDC_Control_HS	0	static
../USB_DEVICE/App/usbd_cdc_if.c:292:15:CDC_Receive_HS	8	static
../USB_DEVICE/App/usbd_cdc_if.c:174:15:CDC_Init_HS	16	static
../USB_DEVICE/App/usbd_cdc_if.c:323:9:CDC_Transmit_HS	8	static
../USB_DEVICE/App/usbd_cdc_if.c:338:5:vcp_connected	0	static
../USB_DEVICE/App/usbd_cdc_if.c:342:6:vcp_init	0	static
../USB_DEVICE/App/usbd_cdc_if.c:347:5:vcp_send	24	static
../USB_DEVICE/App/usbd_cdc_if.c:384:6:vcp_recv_blocking	20	static
../USB_DEVICE/App/usbd_cdc_if.c:397:5:vcp_recv	8	static
../USB_DEVICE/App/usbd_cdc_if.c:428:6:vcp_service	16	static
