C:/Users/Ya2nb/Travail/MI11/stm32h747i-xash3d/BSP/CM7/Src/main.c:315:13:HL_demo	24	static
C:/Users/Ya2nb/Travail/MI11/stm32h747i-xash3d/BSP/CM7/Src/main.c:107:6:HardwareTimer4_Init	24	static
C:/Users/Ya2nb/Travail/MI11/stm32h747i-xash3d/BSP/CM7/Src/main.c:140:6:TIM2_IRQHandler	8	static
C:/Users/Ya2nb/Travail/MI11/stm32h747i-xash3d/BSP/CM7/Src/main.c:225:5:main	56	static
C:/Users/Ya2nb/Travail/MI11/stm32h747i-xash3d/BSP/CM7/Src/main.c:451:9:SetSysClock_PLL_HSI_480	128	static
C:/Users/Ya2nb/Travail/MI11/stm32h747i-xash3d/BSP/CM7/Src/main.c:565:9:CheckForUserInput	0	static
C:/Users/Ya2nb/Travail/MI11/stm32h747i-xash3d/BSP/CM7/Src/main.c:575:6:BSP_PB_Callback	0	static
C:/Users/Ya2nb/Travail/MI11/stm32h747i-xash3d/BSP/CM7/Src/main.c:590:6:Error_Handler	8	static
C:/Users/Ya2nb/Travail/MI11/stm32h747i-xash3d/BSP/CM7/Src/main.c:189:6:early_init	144	static,ignoring_inline_asm
