C:/Users/Ya2nb/Travail/MI11/stm32h747i-xash3d/BSP/CM7/Src/main.c:297:13:HL_demo	24	static
C:/Users/Ya2nb/Travail/MI11/stm32h747i-xash3d/BSP/CM7/Src/main.c:107:6:HardwareTimer4_Init	24	static
C:/Users/Ya2nb/Travail/MI11/stm32h747i-xash3d/BSP/CM7/Src/main.c:140:6:TIM2_IRQHandler	8	static
C:/Users/Ya2nb/Travail/MI11/stm32h747i-xash3d/BSP/CM7/Src/main.c:436:9:SetSysClock_PLL_HSI_480	136	static
C:/Users/Ya2nb/Travail/MI11/stm32h747i-xash3d/BSP/CM7/Src/main.c:550:9:CheckForUserInput	0	static
C:/Users/Ya2nb/Travail/MI11/stm32h747i-xash3d/BSP/CM7/Src/main.c:560:6:BSP_PB_Callback	0	static
C:/Users/Ya2nb/Travail/MI11/stm32h747i-xash3d/BSP/CM7/Src/main.c:575:6:Error_Handler	8	static
C:/Users/Ya2nb/Travail/MI11/stm32h747i-xash3d/BSP/CM7/Src/main.c:187:5:main	168	static,ignoring_inline_asm
