../Drivers/STM32H7xx_HAL_Driver/Src/stm32h7xx_hal_sd.c:3548:17:SD_FindSCR	56	static
../Drivers/STM32H7xx_HAL_Driver/Src/stm32h7xx_hal_sd.c:3717:10:SD_SwitchSpeed	120	static
../Drivers/STM32H7xx_HAL_Driver/Src/stm32h7xx_hal_sd.c:2307:19:HAL_SD_GetCardStatus.part.0	120	static
../Drivers/STM32H7xx_HAL_Driver/Src/stm32h7xx_hal_sd.c:616:13:HAL_SD_MspInit	0	static
../Drivers/STM32H7xx_HAL_Driver/Src/stm32h7xx_hal_sd.c:631:13:HAL_SD_MspDeInit	0	static
../Drivers/STM32H7xx_HAL_Driver/Src/stm32h7xx_hal_sd.c:559:19:HAL_SD_DeInit	8	static
../Drivers/STM32H7xx_HAL_Driver/Src/stm32h7xx_hal_sd.c:672:19:HAL_SD_ReadBlocks	64	static
../Drivers/STM32H7xx_HAL_Driver/Src/stm32h7xx_hal_sd.c:857:19:HAL_SD_WriteBlocks	72	static
../Drivers/STM32H7xx_HAL_Driver/Src/stm32h7xx_hal_sd.c:1044:19:HAL_SD_ReadBlocks_IT	48	static
../Drivers/STM32H7xx_HAL_Driver/Src/stm32h7xx_hal_sd.c:1139:19:HAL_SD_WriteBlocks_IT	48	static
../Drivers/STM32H7xx_HAL_Driver/Src/stm32h7xx_hal_sd.c:1236:19:HAL_SD_ReadBlocks_DMA	56	static
../Drivers/STM32H7xx_HAL_Driver/Src/stm32h7xx_hal_sd.c:1335:19:HAL_SD_WriteBlocks_DMA	56	static
../Drivers/STM32H7xx_HAL_Driver/Src/stm32h7xx_hal_sd.c:1431:19:HAL_SD_Erase	24	static
../Drivers/STM32H7xx_HAL_Driver/Src/stm32h7xx_hal_sd.c:1768:21:HAL_SD_GetState	0	static
../Drivers/STM32H7xx_HAL_Driver/Src/stm32h7xx_hal_sd.c:1779:10:HAL_SD_GetError	0	static
../Drivers/STM32H7xx_HAL_Driver/Src/stm32h7xx_hal_sd.c:1789:13:HAL_SD_TxCpltCallback	0	static
../Drivers/STM32H7xx_HAL_Driver/Src/stm32h7xx_hal_sd.c:1804:13:HAL_SD_RxCpltCallback	0	static
../Drivers/STM32H7xx_HAL_Driver/Src/stm32h7xx_hal_sd.c:1819:13:HAL_SD_ErrorCallback	0	static
../Drivers/STM32H7xx_HAL_Driver/Src/stm32h7xx_hal_sd.c:1834:13:HAL_SD_AbortCallback	0	static
../Drivers/STM32H7xx_HAL_Driver/Src/stm32h7xx_hal_sd.c:2160:19:HAL_SD_GetCardCID	4	static
../Drivers/STM32H7xx_HAL_Driver/Src/stm32h7xx_hal_sd.c:2193:19:HAL_SD_GetCardCSD	4	static
../Drivers/STM32H7xx_HAL_Driver/Src/stm32h7xx_hal_sd.c:469:19:HAL_SD_InitCard	104	static
../Drivers/STM32H7xx_HAL_Driver/Src/stm32h7xx_hal_sd.c:2307:19:HAL_SD_GetCardStatus	0	static
../Drivers/STM32H7xx_HAL_Driver/Src/stm32h7xx_hal_sd.c:2377:19:HAL_SD_GetCardInfo	16	static
../Drivers/STM32H7xx_HAL_Driver/Src/stm32h7xx_hal_sd.c:2402:19:HAL_SD_ConfigWideBusOperation	48	static
../Drivers/STM32H7xx_HAL_Driver/Src/stm32h7xx_hal_sd.c:338:19:HAL_SD_Init	48	static
../Drivers/STM32H7xx_HAL_Driver/Src/stm32h7xx_hal_sd.c:2566:19:HAL_SD_ConfigSpeedBusOperation	16	static
../Drivers/STM32H7xx_HAL_Driver/Src/stm32h7xx_hal_sd.c:2864:25:HAL_SD_GetCardState	8	static
../Drivers/STM32H7xx_HAL_Driver/Src/stm32h7xx_hal_sd.c:2887:19:HAL_SD_Abort	24	static
../Drivers/STM32H7xx_HAL_Driver/Src/stm32h7xx_hal_sd.c:2983:19:HAL_SD_Abort_IT	16	static
../Drivers/STM32H7xx_HAL_Driver/Src/stm32h7xx_hal_sd.c:4090:13:HAL_SDEx_Read_DMADoubleBuf0CpltCallback	0	static
../Drivers/STM32H7xx_HAL_Driver/Src/stm32h7xx_hal_sd.c:4105:13:HAL_SDEx_Read_DMADoubleBuf1CpltCallback	0	static
../Drivers/STM32H7xx_HAL_Driver/Src/stm32h7xx_hal_sd.c:4120:13:HAL_SDEx_Write_DMADoubleBuf0CpltCallback	0	static
../Drivers/STM32H7xx_HAL_Driver/Src/stm32h7xx_hal_sd.c:4135:13:HAL_SDEx_Write_DMADoubleBuf1CpltCallback	0	static
../Drivers/STM32H7xx_HAL_Driver/Src/stm32h7xx_hal_sd.c:1533:6:HAL_SD_IRQHandler	32	static
