../Drivers/STM32H7xx_HAL_Driver/Src/stm32h7xx_hal_dfsdm.c:3700:13:DFSDM_InjConvStart	0	static
../Drivers/STM32H7xx_HAL_Driver/Src/stm32h7xx_hal_dfsdm.c:563:13:HAL_DFSDM_ChannelMspInit	0	static
../Drivers/STM32H7xx_HAL_Driver/Src/stm32h7xx_hal_dfsdm.c:356:19:HAL_DFSDM_ChannelInit	16	static
../Drivers/STM32H7xx_HAL_Driver/Src/stm32h7xx_hal_dfsdm.c:578:13:HAL_DFSDM_ChannelMspDeInit	0	static
../Drivers/STM32H7xx_HAL_Driver/Src/stm32h7xx_hal_dfsdm.c:486:19:HAL_DFSDM_ChannelDeInit	8	static
../Drivers/STM32H7xx_HAL_Driver/Src/stm32h7xx_hal_dfsdm.c:755:19:HAL_DFSDM_ChannelCkabStart	24	static
../Drivers/STM32H7xx_HAL_Driver/Src/stm32h7xx_hal_dfsdm.c:822:19:HAL_DFSDM_ChannelPollForCkab	24	static
../Drivers/STM32H7xx_HAL_Driver/Src/stm32h7xx_hal_dfsdm.c:886:19:HAL_DFSDM_ChannelCkabStop	0	static
../Drivers/STM32H7xx_HAL_Driver/Src/stm32h7xx_hal_dfsdm.c:936:19:HAL_DFSDM_ChannelCkabStart_IT	24	static
../Drivers/STM32H7xx_HAL_Driver/Src/stm32h7xx_hal_dfsdm.c:1005:13:HAL_DFSDM_ChannelCkabCallback	0	static
../Drivers/STM32H7xx_HAL_Driver/Src/stm32h7xx_hal_dfsdm.c:1021:19:HAL_DFSDM_ChannelCkabStop_IT	0	static
../Drivers/STM32H7xx_HAL_Driver/Src/stm32h7xx_hal_dfsdm.c:1075:19:HAL_DFSDM_ChannelScdStart	4	static
../Drivers/STM32H7xx_HAL_Driver/Src/stm32h7xx_hal_dfsdm.c:1112:19:HAL_DFSDM_ChannelPollForScd	24	static
../Drivers/STM32H7xx_HAL_Driver/Src/stm32h7xx_hal_dfsdm.c:1176:19:HAL_DFSDM_ChannelScdStop	0	static
../Drivers/STM32H7xx_HAL_Driver/Src/stm32h7xx_hal_dfsdm.c:1227:19:HAL_DFSDM_ChannelScdStart_IT	4	static
../Drivers/STM32H7xx_HAL_Driver/Src/stm32h7xx_hal_dfsdm.c:1280:13:HAL_DFSDM_ChannelScdCallback	0	static
../Drivers/STM32H7xx_HAL_Driver/Src/stm32h7xx_hal_dfsdm.c:1296:19:HAL_DFSDM_ChannelScdStop_IT	0	static
../Drivers/STM32H7xx_HAL_Driver/Src/stm32h7xx_hal_dfsdm.c:1345:9:HAL_DFSDM_ChannelGetAwdValue	0	static
../Drivers/STM32H7xx_HAL_Driver/Src/stm32h7xx_hal_dfsdm.c:1357:19:HAL_DFSDM_ChannelModifyOffset	0	static
../Drivers/STM32H7xx_HAL_Driver/Src/stm32h7xx_hal_dfsdm.c:1404:32:HAL_DFSDM_ChannelGetState	0	static
../Drivers/STM32H7xx_HAL_Driver/Src/stm32h7xx_hal_dfsdm.c:1612:13:HAL_DFSDM_FilterMspInit	0	static
../Drivers/STM32H7xx_HAL_Driver/Src/stm32h7xx_hal_dfsdm.c:1434:19:HAL_DFSDM_FilterInit	8	static
../Drivers/STM32H7xx_HAL_Driver/Src/stm32h7xx_hal_dfsdm.c:1627:13:HAL_DFSDM_FilterMspDeInit	0	static
../Drivers/STM32H7xx_HAL_Driver/Src/stm32h7xx_hal_dfsdm.c:1576:19:HAL_DFSDM_FilterDeInit	8	static
../Drivers/STM32H7xx_HAL_Driver/Src/stm32h7xx_hal_dfsdm.c:1901:19:HAL_DFSDM_FilterConfigRegChannel	4	static
../Drivers/STM32H7xx_HAL_Driver/Src/stm32h7xx_hal_dfsdm.c:1946:19:HAL_DFSDM_FilterConfigInjChannel	0	static
../Drivers/STM32H7xx_HAL_Driver/Src/stm32h7xx_hal_dfsdm.c:2016:19:HAL_DFSDM_FilterRegularStart	0	static
../Drivers/STM32H7xx_HAL_Driver/Src/stm32h7xx_hal_dfsdm.c:2110:19:HAL_DFSDM_FilterRegularStop	4	static
../Drivers/STM32H7xx_HAL_Driver/Src/stm32h7xx_hal_dfsdm.c:2140:19:HAL_DFSDM_FilterRegularStart_IT	4	static
../Drivers/STM32H7xx_HAL_Driver/Src/stm32h7xx_hal_dfsdm.c:2171:19:HAL_DFSDM_FilterRegularStop_IT	4	static
../Drivers/STM32H7xx_HAL_Driver/Src/stm32h7xx_hal_dfsdm.c:2209:19:HAL_DFSDM_FilterRegularStart_DMA	16	static
../Drivers/STM32H7xx_HAL_Driver/Src/stm32h7xx_hal_dfsdm.c:2286:19:HAL_DFSDM_FilterRegularMsbStart_DMA	16	static
../Drivers/STM32H7xx_HAL_Driver/Src/stm32h7xx_hal_dfsdm.c:2357:19:HAL_DFSDM_FilterRegularStop_DMA	8	static
../Drivers/STM32H7xx_HAL_Driver/Src/stm32h7xx_hal_dfsdm.c:2396:9:HAL_DFSDM_FilterGetRegularValue	0	static
../Drivers/STM32H7xx_HAL_Driver/Src/stm32h7xx_hal_dfsdm.c:2427:19:HAL_DFSDM_FilterInjectedStart	4	static
../Drivers/STM32H7xx_HAL_Driver/Src/stm32h7xx_hal_dfsdm.c:2531:19:HAL_DFSDM_FilterInjectedStop	4	static
../Drivers/STM32H7xx_HAL_Driver/Src/stm32h7xx_hal_dfsdm.c:2561:19:HAL_DFSDM_FilterInjectedStart_IT	4	static
../Drivers/STM32H7xx_HAL_Driver/Src/stm32h7xx_hal_dfsdm.c:2592:19:HAL_DFSDM_FilterInjectedStop_IT	4	static
../Drivers/STM32H7xx_HAL_Driver/Src/stm32h7xx_hal_dfsdm.c:2630:19:HAL_DFSDM_FilterInjectedStart_DMA	16	static
../Drivers/STM32H7xx_HAL_Driver/Src/stm32h7xx_hal_dfsdm.c:2705:19:HAL_DFSDM_FilterInjectedMsbStart_DMA	16	static
../Drivers/STM32H7xx_HAL_Driver/Src/stm32h7xx_hal_dfsdm.c:2774:19:HAL_DFSDM_FilterInjectedStop_DMA	8	static
../Drivers/STM32H7xx_HAL_Driver/Src/stm32h7xx_hal_dfsdm.c:2813:9:HAL_DFSDM_FilterGetInjectedValue	0	static
../Drivers/STM32H7xx_HAL_Driver/Src/stm32h7xx_hal_dfsdm.c:2843:19:HAL_DFSDM_FilterAwdStart_IT	12	static
../Drivers/STM32H7xx_HAL_Driver/Src/stm32h7xx_hal_dfsdm.c:2892:19:HAL_DFSDM_FilterAwdStop_IT	4	static
../Drivers/STM32H7xx_HAL_Driver/Src/stm32h7xx_hal_dfsdm.c:2932:19:HAL_DFSDM_FilterExdStart	4	static
../Drivers/STM32H7xx_HAL_Driver/Src/stm32h7xx_hal_dfsdm.c:2963:19:HAL_DFSDM_FilterExdStop	8	static
../Drivers/STM32H7xx_HAL_Driver/Src/stm32h7xx_hal_dfsdm.c:3001:9:HAL_DFSDM_FilterGetExdMaxValue	0	static
../Drivers/STM32H7xx_HAL_Driver/Src/stm32h7xx_hal_dfsdm.c:3032:9:HAL_DFSDM_FilterGetExdMinValue	0	static
../Drivers/STM32H7xx_HAL_Driver/Src/stm32h7xx_hal_dfsdm.c:3062:10:HAL_DFSDM_FilterGetConvTimeValue	0	static
../Drivers/STM32H7xx_HAL_Driver/Src/stm32h7xx_hal_dfsdm.c:3301:13:HAL_DFSDM_FilterRegConvCpltCallback	0	static
../Drivers/STM32H7xx_HAL_Driver/Src/stm32h7xx_hal_dfsdm.c:3469:13:DFSDM_DMARegularConvCplt	8	static
../Drivers/STM32H7xx_HAL_Driver/Src/stm32h7xx_hal_dfsdm.c:3316:13:HAL_DFSDM_FilterRegConvHalfCpltCallback	0	static
../Drivers/STM32H7xx_HAL_Driver/Src/stm32h7xx_hal_dfsdm.c:3451:13:DFSDM_DMARegularHalfConvCplt	8	static
../Drivers/STM32H7xx_HAL_Driver/Src/stm32h7xx_hal_dfsdm.c:3333:13:HAL_DFSDM_FilterInjConvCpltCallback	0	static
../Drivers/STM32H7xx_HAL_Driver/Src/stm32h7xx_hal_dfsdm.c:3505:13:DFSDM_DMAInjectedConvCplt	8	static
../Drivers/STM32H7xx_HAL_Driver/Src/stm32h7xx_hal_dfsdm.c:3348:13:HAL_DFSDM_FilterInjConvHalfCpltCallback	0	static
../Drivers/STM32H7xx_HAL_Driver/Src/stm32h7xx_hal_dfsdm.c:3487:13:DFSDM_DMAInjectedHalfConvCplt	8	static
../Drivers/STM32H7xx_HAL_Driver/Src/stm32h7xx_hal_dfsdm.c:3365:13:HAL_DFSDM_FilterAwdCallback	0	static
../Drivers/STM32H7xx_HAL_Driver/Src/stm32h7xx_hal_dfsdm.c:3383:13:HAL_DFSDM_FilterErrorCallback	0	static
../Drivers/STM32H7xx_HAL_Driver/Src/stm32h7xx_hal_dfsdm.c:2045:19:HAL_DFSDM_FilterPollForRegConversion	16	static
../Drivers/STM32H7xx_HAL_Driver/Src/stm32h7xx_hal_dfsdm.c:3523:13:DFSDM_DMAError	8	static
../Drivers/STM32H7xx_HAL_Driver/Src/stm32h7xx_hal_dfsdm.c:2456:19:HAL_DFSDM_FilterPollForInjConversion	16	static
../Drivers/STM32H7xx_HAL_Driver/Src/stm32h7xx_hal_dfsdm.c:3085:6:HAL_DFSDM_IRQHandler	16	static
../Drivers/STM32H7xx_HAL_Driver/Src/stm32h7xx_hal_dfsdm.c:3416:31:HAL_DFSDM_FilterGetState	0	static
../Drivers/STM32H7xx_HAL_Driver/Src/stm32h7xx_hal_dfsdm.c:3427:10:HAL_DFSDM_FilterGetError	0	static
