../Example/User/CM7/engine/common/soundlib/libmpg/frame.c:421:18:frame_fuzzy_find	16	static
../Example/User/CM7/engine/common/soundlib/libmpg/frame.c:105:5:frame_index_setup	4	static
../Example/User/CM7/engine/common/soundlib/libmpg/frame.c:128:6:frame_init_par	40	static
../Example/User/CM7/engine/common/soundlib/libmpg/frame.c:179:5:frame_buffers	16	static
../Example/User/CM7/engine/common/soundlib/libmpg/frame.c:262:5:frame_buffers_reset	8	static
../Example/User/CM7/engine/common/soundlib/libmpg/frame.c:280:6:frame_init	48	static
../Example/User/CM7/engine/common/soundlib/libmpg/frame.c:285:5:frame_outbuffer	16	static
../Example/User/CM7/engine/common/soundlib/libmpg/frame.c:334:5:frame_fill_toc	16	static
../Example/User/CM7/engine/common/soundlib/libmpg/frame.c:350:5:frame_reset	32	static
../Example/User/CM7/engine/common/soundlib/libmpg/frame.c:376:6:frame_exit	16	static
../Example/User/CM7/engine/common/soundlib/libmpg/frame.c:396:5:mpg123_framedata	4	static
../Example/User/CM7/engine/common/soundlib/libmpg/frame.c:467:11:frame_index_find	24	static
../Example/User/CM7/engine/common/soundlib/libmpg/frame.c:515:11:frame_ins2outs	0	static
../Example/User/CM7/engine/common/soundlib/libmpg/frame.c:530:11:frame_outs	0	static
../Example/User/CM7/engine/common/soundlib/libmpg/frame.c:547:11:frame_expect_outsamples	0	static
../Example/User/CM7/engine/common/soundlib/libmpg/frame.c:562:11:frame_offset	0	static
../Example/User/CM7/engine/common/soundlib/libmpg/frame.c:578:6:frame_gapless_init	4	static
../Example/User/CM7/engine/common/soundlib/libmpg/frame.c:595:6:frame_gapless_realinit	4	static
../Example/User/CM7/engine/common/soundlib/libmpg/frame.c:606:6:frame_gapless_update	4	static
../Example/User/CM7/engine/common/soundlib/libmpg/frame.c:643:6:frame_set_frameseek	12	static
../Example/User/CM7/engine/common/soundlib/libmpg/frame.c:683:6:frame_skip	0	static
../Example/User/CM7/engine/common/soundlib/libmpg/frame.c:691:6:frame_set_seek	8	static
../Example/User/CM7/engine/common/soundlib/libmpg/frame.c:727:6:do_rva	24	static
