../Example/User/CM7/engine/common/soundlib/libmpg/reader.c:359:18:feed_skip_bytes	0	static
../Example/User/CM7/engine/common/soundlib/libmpg/reader.c:375:12:feed_seek_frame	0	static
../Example/User/CM7/engine/common/soundlib/libmpg/reader.c:452:20:plain_fullread	24	static
../Example/User/CM7/engine/common/soundlib/libmpg/reader.c:502:20:plain_read	0	static
../Example/User/CM7/engine/common/soundlib/libmpg/reader.c:588:12:generic_head_read	16	static
../Example/User/CM7/engine/common/soundlib/libmpg/reader.c:604:12:generic_head_shift	16	static
../Example/User/CM7/engine/common/soundlib/libmpg/reader.c:681:12:generic_read_frame_body	8	static
../Example/User/CM7/engine/common/soundlib/libmpg/reader.c:691:18:generic_tell	0	static
../Example/User/CM7/engine/common/soundlib/libmpg/reader.c:744:12:bad_init	0	static
../Example/User/CM7/engine/common/soundlib/libmpg/reader.c:745:20:bad_fullread	0	static
../Example/User/CM7/engine/common/soundlib/libmpg/reader.c:746:12:bad_head_read	0	static
../Example/User/CM7/engine/common/soundlib/libmpg/reader.c:748:18:bad_skip_bytes	0	static
../Example/User/CM7/engine/common/soundlib/libmpg/reader.c:753:13:bad_rewind	0	static
../Example/User/CM7/engine/common/soundlib/libmpg/reader.c:247:20:bc_give	32	static
../Example/User/CM7/engine/common/soundlib/libmpg/reader.c:348:20:feed_read	8	static
../Example/User/CM7/engine/common/soundlib/libmpg/reader.c:33:17:buffy_new	16	static
../Example/User/CM7/engine/common/soundlib/libmpg/reader.c:209:12:bc_add	24	static
../Example/User/CM7/engine/common/soundlib/libmpg/reader.c:411:20:buffered_fullread	4128	static
../Example/User/CM7/engine/common/soundlib/libmpg/reader.c:544:12:stream_seek_frame	32	static
../Example/User/CM7/engine/common/soundlib/libmpg/reader.c:368:12:feed_back_bytes	8	static
../Example/User/CM7/engine/common/soundlib/libmpg/reader.c:477:18:io_seek	0	static
../Example/User/CM7/engine/common/soundlib/libmpg/reader.c:622:18:stream_skip_bytes.part.0	1040	static
../Example/User/CM7/engine/common/soundlib/libmpg/reader.c:622:18:stream_skip_bytes	16	static
../Example/User/CM7/engine/common/soundlib/libmpg/reader.c:667:12:stream_back_bytes	16	static
../Example/User/CM7/engine/common/soundlib/libmpg/reader.c:55:13:buffy_del	8	static
../Example/User/CM7/engine/common/soundlib/libmpg/reader.c:381:13:buffered_forget	16	static
../Example/User/CM7/engine/common/soundlib/libmpg/reader.c:110:12:bc_fill_pool.isra	8	static
../Example/User/CM7/engine/common/soundlib/libmpg/reader.c:749:12:bad_read_frame_body	0	static
../Example/User/CM7/engine/common/soundlib/libmpg/reader.c:750:12:bad_back_bytes	0	static
../Example/User/CM7/engine/common/soundlib/libmpg/reader.c:751:12:bad_seek_frame	0	static
../Example/User/CM7/engine/common/soundlib/libmpg/reader.c:747:12:bad_head_shift	0	static
../Example/User/CM7/engine/common/soundlib/libmpg/reader.c:754:13:bad_close	0	static
../Example/User/CM7/engine/common/soundlib/libmpg/reader.c:752:18:bad_tell	0	static
../Example/User/CM7/engine/common/soundlib/libmpg/reader.c:700:13:stream_rewind	8	static
../Example/User/CM7/engine/common/soundlib/libmpg/reader.c:858:12:default_init	24	static
../Example/User/CM7/engine/common/soundlib/libmpg/reader.c:328:12:feed_init	16	static
../Example/User/CM7/engine/common/soundlib/libmpg/reader.c:147:13:bc_reset	16	static
../Example/User/CM7/engine/common/soundlib/libmpg/reader.c:526:13:stream_close	16	static
../Example/User/CM7/engine/common/soundlib/libmpg/reader.c:182:6:bc_prepare	0	static
../Example/User/CM7/engine/common/soundlib/libmpg/reader.c:190:8:bc_fill	0	static
../Example/User/CM7/engine/common/soundlib/libmpg/reader.c:195:6:bc_poolsize	0	static
../Example/User/CM7/engine/common/soundlib/libmpg/reader.c:201:6:bc_cleanup	16	static
../Example/User/CM7/engine/common/soundlib/libmpg/reader.c:340:5:feed_more	8	static
../Example/User/CM7/engine/common/soundlib/libmpg/reader.c:387:11:feed_set_pos	16	static
../Example/User/CM7/engine/common/soundlib/libmpg/reader.c:772:6:open_bad	0	static
../Example/User/CM7/engine/common/soundlib/libmpg/reader.c:836:5:open_stream_handle	8	static
../Example/User/CM7/engine/common/soundlib/libmpg/reader.c:847:5:open_feed	8	static
