../Example/User/CM7/engine/mainui/BaseMenu.cpp:1119:2:static void UI_UpdateDialog(int)::<lambda(CMenuBaseItem*, void*)>::_FUN(CMenuBaseItem*, void*)	0	static
../Example/User/CM7/engine/mainui/Utils.h:178:15:size_t Q_strncpy(char*, const char*, size_t)	0	static
../Example/User/CM7/engine/mainui/enginecallback_menu.h:155:24:static cvar_t* EngFuncs::CvarRegister(const char*, const char*, int)	0	static
../Example/User/CM7/engine/mainui/enginecallback_menu.h:160:22:static float EngFuncs::GetCvarFloat(const char*)	0	static
../Example/User/CM7/engine/mainui/enginecallback_menu.h:283:20:static int EngFuncs::FileExists(const char*, int)	0	static
../Example/User/CM7/engine/mainui/enginecallback_menu.h:299:20:static int EngFuncs::ClientInGame()	0	static
../Example/User/CM7/engine/mainui/enginecallback_menu.h:515:22:static char* EngFuncs::COM_ParseFile(char*, char*, int)	16	static
../Example/User/CM7/engine/mainui/BaseMenu.cpp:965:13:void UI_LoadBackgroundMapList()	1048	static
../Example/User/CM7/engine/mainui/WindowSystem.h:27:2:CWindowStack::CWindowStack()	8	static
../Example/User/CM7/engine/mainui/BaseMenu.cpp:91:1:CMenuEntry::CMenuEntry(const char*, void (*)(), void (*)(), void (*)())	8	static
../Example/User/CM7/engine/mainui/BaseMenu.cpp:108:6:void UI_ScaleCoords(int*, int*, int*, int*)	8	static
../Example/User/CM7/engine/mainui/BaseMenu.cpp:116:6:void UI_ScaleCoords(int&, int&)	0	static
../Example/User/CM7/engine/mainui/BaseMenu.cpp:122:6:void UI_ScaleCoords(int&, int&, int&, int&)	16	static
../Example/User/CM7/engine/mainui/BaseMenu.cpp:128:7:Point Point::Scale()	8	static
../Example/User/CM7/engine/mainui/BaseMenu.cpp:133:6:Size Size::Scale()	8	static
../Example/User/CM7/engine/mainui/BaseMenu.cpp:143:6:bool UI_CursorInRect(int, int, int, int)	12	static
../Example/User/CM7/engine/mainui/BaseMenu.cpp:157:6:void UI_EnableAlphaFactor(float)	0	static
../Example/User/CM7/engine/mainui/BaseMenu.cpp:168:6:void UI_DisableAlphaFactor()	0	static
../Example/User/CM7/engine/mainui/BaseMenu.cpp:178:6:void UI_DrawPic(int, int, int, int, unsigned int, CImage&, ERenderMode)	32	static
../Example/User/CM7/engine/mainui/BaseMenu.cpp:215:6:void UI_FillRect(int, int, int, int, unsigned int)	32	static
../Example/User/CM7/engine/mainui/BaseMenu.cpp:228:6:void UI_DrawRectangleExt(int, int, int, int, unsigned int, int, int)	40	static
../Example/User/CM7/engine/mainui/BaseMenu.cpp:284:5:int UI_DrawString(HFont, int, int, int, int, const char*, unsigned int, int, uint, uint)	1136	static
../Example/User/CM7/engine/mainui/BaseMenu.cpp:506:6:void UI_DrawMouseCursor()	0	static
../Example/User/CM7/engine/mainui/BaseMenu.cpp:559:6:bool UI_StartBackGroundMap()	160	static
../Example/User/CM7/engine/mainui/BaseMenu.cpp:607:6:void UI_Redraw(float)	24	static
../Example/User/CM7/engine/mainui/BaseMenu.cpp:695:6:void UI_KeyEvent(int, int)	4	static
../Example/User/CM7/engine/mainui/BaseMenu.cpp:724:6:void UI_CharEvent(int)	0	static
../Example/User/CM7/engine/mainui/BaseMenu.cpp:747:6:void UI_MouseMove(int, int)	32	static
../Example/User/CM7/engine/mainui/BaseMenu.cpp:833:5:int UI_IsVisible()	0	static
../Example/User/CM7/engine/mainui/BaseMenu.cpp:840:6:void UI_GetCursorPos(int*, int*)	0	static
../Example/User/CM7/engine/mainui/BaseMenu.cpp:847:6:void UI_SetCursorPos(int, int)	0	static
../Example/User/CM7/engine/mainui/BaseMenu.cpp:854:6:void UI_ShowCursor(int)	0	static
../Example/User/CM7/engine/mainui/BaseMenu.cpp:859:5:int UI_MouseInRect()	0	static
../Example/User/CM7/engine/mainui/BaseMenu.cpp:869:6:void UI_Precache()	8	static
../Example/User/CM7/engine/mainui/BaseMenu.cpp:893:6:void UI_ParseColor(char*&, unsigned int*)	1064	static
../Example/User/CM7/engine/mainui/BaseMenu.cpp:908:6:void UI_ApplyCustomColors()	1056	static
../Example/User/CM7/engine/mainui/BaseMenu.cpp:1024:5:int UI_VidInit()	72	static
../Example/User/CM7/engine/mainui/BaseMenu.cpp:1081:6:void UI_OpenUpdatePage(bool, bool)	0	static
../Example/User/CM7/engine/mainui/BaseMenu.cpp:1116:2:static void UI_UpdateDialog(int)::<lambda(CMenuBaseItem*, void*)>::_FUN(CMenuBaseItem*, void*)	0	static
../Example/User/CM7/engine/mainui/BaseMenu.cpp:1101:6:void UI_UpdateDialog(int)	24	static
../Example/User/CM7/engine/mainui/BaseMenu.cpp:1126:13:void UI_UpdateDialog_f()	8	static
../Example/User/CM7/engine/mainui/BaseMenu.cpp:1141:6:void UI_Init()	16	static
../Example/User/CM7/engine/mainui/BaseMenu.cpp:1184:6:void UI_Shutdown()	16	static
../Example/User/CM7/engine/mainui/miniutl/utlmemory.h:231:17:const T& CUtlMemory<T>::operator[](int) const [with T = CUtlLinkedList<CMenuBaseWindow*>::ListElem_t]	16	static
../Example/User/CM7/engine/mainui/miniutl/utlmemory.h:223:11:T& CUtlMemory<T>::operator[](int) [with T = CUtlLinkedList<CMenuBaseWindow*>::ListElem_t]	16	static
../Example/User/CM7/engine/mainui/miniutl/utllinkedlist.h:601:14:void CUtlLinkedList<T, I>::RemoveAll() [with T = CMenuBaseWindow*; I = int]	16	static
../Example/User/CM7/engine/mainui/BaseMenu.cpp:590:6:void UI_CloseMenu()	8	static
../Example/User/CM7/engine/mainui/BaseMenu.cpp:805:6:void UI_SetActiveMenu(int)	16	static
../Example/User/CM7/engine/mainui/controls/ItemsHolder.h:21:7:CMenuItemsHolder::~CMenuItemsHolder()	24	static
../Example/User/CM7/engine/mainui/controls/ItemsHolder.h:21:7:virtual CMenuItemsHolder::~CMenuItemsHolder()	8	static
../Example/User/CM7/engine/mainui/controls/BaseWindow.h:23:7:CMenuBaseWindow::~CMenuBaseWindow()	8	static
../Example/User/CM7/engine/mainui/controls/BaseWindow.h:23:7:virtual CMenuBaseWindow::~CMenuBaseWindow()	8	static
../Example/User/CM7/engine/mainui/controls/YesNoMessageBox.h:24:7:CMenuYesNoMessageBox::~CMenuYesNoMessageBox()	16	static
../Example/User/CM7/engine/mainui/BaseMenu.cpp:1103:30:void __tcf_0()	8	static
../Example/User/CM7/engine/mainui/controls/YesNoMessageBox.h:24:7:virtual CMenuYesNoMessageBox::~CMenuYesNoMessageBox()	8	static
../Example/User/CM7/engine/mainui/BaseMenu.cpp:1207:1:cpp)	8	static
../Example/User/CM7/engine/mainui/BaseMenu.cpp:1207:1:cpp)	8	static
