../Example/User/CM7/engine/mainui/model/BaseModel.h:42:15:virtual void CMenuBaseModel::OnDeleteEntry(int)	0	static
../Example/User/CM7/engine/mainui/model/BaseModel.h:43:15:virtual void CMenuBaseModel::OnActivateEntry(int)	0	static
../Example/User/CM7/engine/mainui/model/BaseModel.h:44:23:virtual unsigned int CMenuBaseModel::GetAlignmentForColumn(int) const	0	static
../Example/User/CM7/engine/mainui/model/BaseModel.h:45:20:virtual ECellType CMenuBaseModel::GetCellType(int, int)	0	static
../Example/User/CM7/engine/mainui/model/BaseModel.h:46:15:virtual bool CMenuBaseModel::GetLineColor(int, unsigned int&, bool&) const	0	static
../Example/User/CM7/engine/mainui/model/BaseModel.h:47:15:virtual bool CMenuBaseModel::GetCellColors(int, int, unsigned int&, bool&) const	0	static
../Example/User/CM7/engine/mainui/model/BaseModel.h:48:15:virtual bool CMenuBaseModel::IsCellTextWrapped(int, int)	0	static
../Example/User/CM7/engine/mainui/model/BaseModel.h:52:15:virtual bool CMenuBaseModel::Sort(int, bool)	0	static
../Example/User/CM7/engine/mainui/model/BaseArrayModel.h:14:6:virtual int CMenuBaseArrayModel::GetColumns() const	0	static
../Example/User/CM7/engine/mainui/model/BaseArrayModel.h:19:14:virtual const char* CMenuBaseArrayModel::GetCellText(int, int)	0	static
../Example/User/CM7/engine/mainui/model/StringArrayModel.h:26:7:virtual void CStringArrayModel::Update()	0	static
../Example/User/CM7/engine/mainui/model/StringArrayModel.h:40:6:virtual int CStringArrayModel::GetRows() const	0	static
../Example/User/CM7/engine/mainui/model/StringArrayModel.h:7:7:CStringArrayModel::~CStringArrayModel()	0	static
../Example/User/CM7/engine/mainui/model/StringArrayModel.h:7:7:virtual CStringArrayModel::~CStringArrayModel()	8	static
../Example/User/CM7/engine/mainui/model/StringArrayModel.h:28:14:virtual const char* CStringArrayModel::GetText(int)	8	static
../Example/User/CM7/engine/mainui/enginecallback_menu.h:515:22:static char* EngFuncs::COM_ParseFile(char*, char*, int)	16	static
../Example/User/CM7/engine/mainui/CFGScript.cpp:42:6:bool CSCR_ExpectString(parserstate_t*, const char*, bool, bool)	32	static
../Example/User/CM7/engine/mainui/CFGScript.cpp:68:12:cvartype_t CSCR_ParseType(parserstate_t*)	24	static
../Example/User/CM7/engine/mainui/CFGScript.cpp:89:6:bool CSCR_ParseSingleCvar(parserstate_t*, scrvardef_t*)	96	static
../Example/User/CM7/engine/mainui/CFGScript.cpp:227:6:bool CSCR_ParseHeader(parserstate_t*)	16	static
../Example/User/CM7/engine/mainui/CFGScript.cpp:266:14:scrvardef_t* CSCR_LoadDefaultCVars(const char*, int*)	1128	static
../Example/User/CM7/engine/mainui/CFGScript.cpp:345:6:void CSCR_FreeList(scrvardef_t*)	16	static
