../Example/User/CM7/engine/mainui/Utils.cpp:55:5:int colorstrcmp(const char*, const char*)	0	static
../Example/User/CM7/engine/mainui/Utils.cpp:91:5:int colorstricmp(const char*, const char*)	12	static
../Example/User/CM7/engine/mainui/Utils.cpp:131:5:int ColorStrlen(const char*)	16	static
../Example/User/CM7/engine/mainui/Utils.cpp:159:5:int ColorPrexfixCount(const char*)	0	static
../Example/User/CM7/engine/mainui/Utils.cpp:189:7:char* StringCopy(const char*)	16	static
../Example/User/CM7/engine/mainui/Utils.cpp:204:5:int COM_CompareSaves(const void**, const void**)	16	static
../Example/User/CM7/engine/mainui/Utils.cpp:224:6:void COM_FileBase(const char*, char*)	16	static
../Example/User/CM7/engine/mainui/Utils.cpp:268:13:const char* Info_ValueForKey(const char*, const char*)	280	static
../Example/User/CM7/engine/mainui/Utils.cpp:312:5:int KEY_GetKey(const char*)	16	static
../Example/User/CM7/engine/mainui/Utils.cpp:335:5:int UI_FadeAlpha(int, int)	0	static
../Example/User/CM7/engine/mainui/Utils.cpp:365:6:void UI_EnableTextInput(bool)	0	static
../Example/User/CM7/engine/mainui/Utils.cpp:395:7:static CBMP* CBMP::LoadFile(const char*)	24	static
../Example/User/CM7/engine/mainui/Utils.cpp:453:5:int Con_UtfProcessChar(int)	20	static
../Example/User/CM7/engine/mainui/Utils.cpp:529:5:int Con_UtfMoveLeft(const char*, int)	24	static
../Example/User/CM7/engine/mainui/Utils.cpp:549:5:int Con_UtfMoveRight(const char*, int, int)	24	static
../Example/User/CM7/engine/mainui/Utils.cpp:564:6:bool UI::Names::CheckIsNameValid(const char*)	24	static
../Example/User/CM7/engine/mainui/Utils.cpp:607:6:void Com_EscapeCommand(char*, const char*, int)	24	static
