../Example/User/CM7/engine/opus/celt/bands.c:583:13:deinterleave_hadamard	40	dynamic
../Example/User/CM7/engine/opus/celt/bands.c:609:13:interleave_hadamard	40	dynamic
../Example/User/CM7/engine/opus/celt/bands.c:700:13:compute_theta	72	static
../Example/User/CM7/engine/opus/celt/bands.c:943:17:quant_partition	128	static
../Example/User/CM7/engine/opus/celt/bands.c:1109:17:quant_band	88	static
../Example/User/CM7/engine/opus/celt/bands.c:1235:17:quant_band_stereo	128	static
../Example/User/CM7/engine/opus/celt/bands.c:46:5:hysteresis_decision	4	static
../Example/User/CM7/engine/opus/celt/bands.c:61:13:celt_lcg_rand	0	static
../Example/User/CM7/engine/opus/celt/bands.c:68:12:bitexact_cos	0	static
../Example/User/CM7/engine/opus/celt/bands.c:80:5:bitexact_log2tan	4	static
../Example/User/CM7/engine/opus/celt/bands.c:159:6:compute_band_energies	36	static
../Example/User/CM7/engine/opus/celt/bands.c:177:6:normalise_bands	48	static
../Example/User/CM7/engine/opus/celt/bands.c:196:6:denormalise_bands	48	static
../Example/User/CM7/engine/opus/celt/bands.c:268:6:anti_collapse	104	static
../Example/User/CM7/engine/opus/celt/bands.c:479:5:spreading_decision	72	static
../Example/User/CM7/engine/opus/celt/bands.c:632:6:haar1	16	static
../Example/User/CM7/engine/opus/celt/bands.c:1398:6:quant_all_bands	1856	dynamic
