../Example/User/CM7/engine/opus/src/opus_encoder.c:478:13:gain_fade	24	static
../Example/User/CM7/engine/opus/src/opus_encoder.c:752:12:compute_silk_rate_for_hybrid	20	static
../Example/User/CM7/engine/opus/src/opus_encoder.c:565:6:downmix_float	28	static
../Example/User/CM7/engine/opus/src/opus_encoder.c:589:6:downmix_int	32	static
../Example/User/CM7/engine/opus/src/opus_encoder.c:169:5:opus_encoder_get_size	16	static
../Example/User/CM7/engine/opus/src/opus_encoder.c:183:5:opus_encoder_init	40	static
../Example/User/CM7/engine/opus/src/opus_encoder.c:517:14:opus_encoder_create	32	static
../Example/User/CM7/engine/opus/src/opus_encoder.c:612:12:frame_size_select	8	static
../Example/User/CM7/engine/opus/src/opus_encoder.c:637:12:compute_stereo_width	0	static
../Example/User/CM7/engine/opus/src/opus_encoder.c:841:5:is_digital_silence	0	static
../Example/User/CM7/engine/opus/src/opus_encoder.c:1052:12:opus_encode_native	376	dynamic
../Example/User/CM7/engine/opus/src/opus_encoder.c:925:19:encode_multiframe_packet	424	dynamic
../Example/User/CM7/engine/opus/src/opus_encoder.c:2232:12:opus_encode	80	dynamic
../Example/User/CM7/engine/opus/src/opus_encoder.c:2255:12:opus_encode_float	64	static
../Example/User/CM7/engine/opus/src/opus_encoder.c:2266:5:opus_encoder_ctl	124	static
../Example/User/CM7/engine/opus/src/opus_encoder.c:2777:6:opus_encoder_destroy	0	static
