../Example/User/CM7/engine/opus/src/repacketizer.c:37:5:opus_repacketizer_get_size	0	static
../Example/User/CM7/engine/opus/src/repacketizer.c:42:19:opus_repacketizer_init	0	static
../Example/User/CM7/engine/opus/src/repacketizer.c:48:19:opus_repacketizer_create	8	static
../Example/User/CM7/engine/opus/src/repacketizer.c:56:6:opus_repacketizer_destroy	0	static
../Example/User/CM7/engine/opus/src/repacketizer.c:92:5:opus_repacketizer_cat	48	static
../Example/User/CM7/engine/opus/src/repacketizer.c:97:5:opus_repacketizer_get_nb_frames	0	static
../Example/User/CM7/engine/opus/src/repacketizer.c:102:12:opus_repacketizer_out_range_impl	48	static
../Example/User/CM7/engine/opus/src/repacketizer.c:230:12:opus_repacketizer_out_range	24	static
../Example/User/CM7/engine/opus/src/repacketizer.c:235:12:opus_repacketizer_out	32	static
../Example/User/CM7/engine/opus/src/repacketizer.c:240:5:opus_packet_pad	352	static
../Example/User/CM7/engine/opus/src/repacketizer.c:263:12:opus_packet_unpad	344	static
../Example/User/CM7/engine/opus/src/repacketizer.c:278:5:opus_multistream_packet_pad	464	static
../Example/User/CM7/engine/opus/src/repacketizer.c:309:12:opus_multistream_packet_unpad	480	static
