../Middlewares/ST/STM32_USB_Device_Library/Class/CDC/Src/usbd_cdc.c:605:16:USBD_CDC_EP0_RxReady	8	static
../Middlewares/ST/STM32_USB_Device_Library/Class/CDC/Src/usbd_cdc.c:724:10:USBD_CDC_GetDeviceQualifierDescriptor	0	static
../Middlewares/ST/STM32_USB_Device_Library/Class/CDC/Src/usbd_cdc.c:631:17:USBD_CDC_GetFSCfgDesc	16	static
../Middlewares/ST/STM32_USB_Device_Library/Class/CDC/Src/usbd_cdc.c:662:17:USBD_CDC_GetHSCfgDesc	16	static
../Middlewares/ST/STM32_USB_Device_Library/Class/CDC/Src/usbd_cdc.c:579:16:USBD_CDC_DataOut	16	static
../Middlewares/ST/STM32_USB_Device_Library/Class/CDC/Src/usbd_cdc.c:538:16:USBD_CDC_DataIn	16	static
../Middlewares/ST/STM32_USB_Device_Library/Class/CDC/Src/usbd_cdc.c:434:16:USBD_CDC_Setup	32	static
../Middlewares/ST/STM32_USB_Device_Library/Class/CDC/Src/usbd_cdc.c:390:16:USBD_CDC_DeInit	16	static
../Middlewares/ST/STM32_USB_Device_Library/Class/CDC/Src/usbd_cdc.c:289:16:USBD_CDC_Init	24	static
../Middlewares/ST/STM32_USB_Device_Library/Class/CDC/Src/usbd_cdc.c:693:17:USBD_CDC_GetOtherSpeedCfgDesc	16	static
../Middlewares/ST/STM32_USB_Device_Library/Class/CDC/Src/usbd_cdc.c:737:9:USBD_CDC_RegisterInterface	0	static
../Middlewares/ST/STM32_USB_Device_Library/Class/CDC/Src/usbd_cdc.c:765:9:USBD_CDC_SetTxBuffer	0	static
../Middlewares/ST/STM32_USB_Device_Library/Class/CDC/Src/usbd_cdc.c:788:9:USBD_CDC_SetRxBuffer	0	static
../Middlewares/ST/STM32_USB_Device_Library/Class/CDC/Src/usbd_cdc.c:815:9:USBD_CDC_TransmitPacket	8	static
../Middlewares/ST/STM32_USB_Device_Library/Class/CDC/Src/usbd_cdc.c:855:9:USBD_CDC_ReceivePacket	8	static
